Current CUDA device index: 0
Current CUDA device name: NVIDIA RTX A5000
Master address: 163.180.160.62, port: 29509
2025-11-18 23:13:23,043 DDP_Script [Rank 1] [INFO] Node rank: 1, world size: 2
[Gloo] Rank 1 is connected to 1 peer ranks. Expected number of connected peer ranks is : 1
2025-11-18 23:13:23,059 DDP_Script [Rank 1] [INFO] Process group initialized: 163.180.160.62:29509
2025-11-18 23:13:23,059 DDP_Script [Rank 1] [INFO] Rank 1/2 initialized
Val sample labels: tensor([  1,  10,  28,  46,  50,  54,  55,  71,  77,  79,  98, 102, 106, 124,
        127, 135, 136, 143, 144, 150, 153, 164, 169, 179, 180, 181, 184, 186,
        188, 190, 195])
Train samples: 100000
Val   samples: 10000
/data/breath12/anaconda3/envs/Dist2/lib/python3.9/site-packages/torchvision/models/_utils.py:208: UserWarning: The parameter 'pretrained' is deprecated since 0.13 and may be removed in the future, please use 'weights' instead.
  warnings.warn(
/data/breath12/anaconda3/envs/Dist2/lib/python3.9/site-packages/torchvision/models/_utils.py:223: UserWarning: Arguments other than a weight enum or `None` for 'weights' are deprecated since 0.13 and may be removed in the future. The current behavior is equivalent to passing `weights=None`.
  warnings.warn(msg)
2025-11-18 23:13:24,062 DDP_Script [Rank 1] [INFO] Model, DDP, criterion, optimizer initialized
2025-11-18 23:13:24,124 DDP_Script [Rank 1] [INFO] Modules initialized
2025-11-18 23:13:24,124 DDP_Script [Rank 1] [INFO] Starting training from scratch (epoch 1).
2025-11-18 23:13:24,126 DDP_Script [Rank 1] [INFO] epoch 1 시작
2025-11-18 23:13:24,136 DDP_Script [Rank 1] [INFO] DataLoader created with batch_size=64, num_workers=4
2025-11-18 23:13:24,140 DDP_Script [Rank 1] [INFO] local_steps=782, global_steps=782
2025-11-18 23:16:04,115 DDP_Script [Rank 1] [INFO] epoch 1 train step time: 159.97 seconds
2025-11-18 23:16:04,116 DDP_Script [Rank 1] [INFO] epoch 1 끝 (local_steps=782, global_steps=782)
2025-11-18 23:16:09,456 DDP_Script [Rank 1] [INFO] val acc 11.09%
2025-11-18 23:16:10,044 DDP_Script [Rank 1] [INFO] epoch 2 시작
2025-11-18 23:16:10,059 DDP_Script [Rank 1] [INFO] DataLoader created with batch_size=64, num_workers=4
2025-11-18 23:16:10,063 DDP_Script [Rank 1] [INFO] local_steps=782, global_steps=782
2025-11-18 23:18:49,814 DDP_Script [Rank 1] [INFO] epoch 2 train step time: 159.75 seconds
2025-11-18 23:18:49,816 DDP_Script [Rank 1] [INFO] epoch 2 끝 (local_steps=782, global_steps=782)
2025-11-18 23:18:54,821 DDP_Script [Rank 1] [INFO] val acc 17.22%
2025-11-18 23:18:55,173 DDP_Script [Rank 1] [INFO] epoch 3 시작
2025-11-18 23:18:55,187 DDP_Script [Rank 1] [INFO] DataLoader created with batch_size=64, num_workers=4
2025-11-18 23:18:55,191 DDP_Script [Rank 1] [INFO] local_steps=782, global_steps=782
2025-11-18 23:21:34,778 DDP_Script [Rank 1] [INFO] epoch 3 train step time: 159.59 seconds
2025-11-18 23:21:34,780 DDP_Script [Rank 1] [INFO] epoch 3 끝 (local_steps=782, global_steps=782)
2025-11-18 23:21:39,806 DDP_Script [Rank 1] [INFO] val acc 24.66%
2025-11-18 23:21:40,235 DDP_Script [Rank 1] [INFO] epoch 4 시작
2025-11-18 23:21:40,250 DDP_Script [Rank 1] [INFO] DataLoader created with batch_size=64, num_workers=4
2025-11-18 23:21:40,254 DDP_Script [Rank 1] [INFO] local_steps=782, global_steps=782
2025-11-18 23:24:18,980 DDP_Script [Rank 1] [INFO] epoch 4 train step time: 158.72 seconds
2025-11-18 23:24:18,991 DDP_Script [Rank 1] [INFO] epoch 4 끝 (local_steps=782, global_steps=782)
2025-11-18 23:24:24,004 DDP_Script [Rank 1] [INFO] val acc 29.59%
2025-11-18 23:24:24,364 DDP_Script [Rank 1] [INFO] epoch 5 시작
2025-11-18 23:24:24,379 DDP_Script [Rank 1] [INFO] DataLoader created with batch_size=64, num_workers=4
2025-11-18 23:24:24,384 DDP_Script [Rank 1] [INFO] local_steps=782, global_steps=782
2025-11-18 23:27:04,338 DDP_Script [Rank 1] [INFO] epoch 5 train step time: 159.95 seconds
2025-11-18 23:27:04,341 DDP_Script [Rank 1] [INFO] epoch 5 끝 (local_steps=782, global_steps=782)
2025-11-18 23:27:09,368 DDP_Script [Rank 1] [INFO] val acc 33.43%
2025-11-18 23:27:09,717 DDP_Script [Rank 1] [INFO] epoch 6 시작
2025-11-18 23:27:09,733 DDP_Script [Rank 1] [INFO] DataLoader created with batch_size=64, num_workers=4
2025-11-18 23:27:09,736 DDP_Script [Rank 1] [INFO] local_steps=782, global_steps=782
2025-11-18 23:29:49,768 DDP_Script [Rank 1] [INFO] epoch 6 train step time: 160.03 seconds
2025-11-18 23:29:49,776 DDP_Script [Rank 1] [INFO] epoch 6 끝 (local_steps=782, global_steps=782)
2025-11-18 23:29:54,900 DDP_Script [Rank 1] [INFO] val acc 38.25%
2025-11-18 23:29:55,313 DDP_Script [Rank 1] [INFO] epoch 7 시작
2025-11-18 23:29:55,328 DDP_Script [Rank 1] [INFO] DataLoader created with batch_size=64, num_workers=4
2025-11-18 23:29:55,332 DDP_Script [Rank 1] [INFO] local_steps=782, global_steps=782
2025-11-18 23:32:35,143 DDP_Script [Rank 1] [INFO] epoch 7 train step time: 159.81 seconds
2025-11-18 23:32:35,145 DDP_Script [Rank 1] [INFO] epoch 7 끝 (local_steps=782, global_steps=782)
2025-11-18 23:32:40,104 DDP_Script [Rank 1] [INFO] val acc 39.34%
2025-11-18 23:32:40,576 DDP_Script [Rank 1] [INFO] epoch 8 시작
2025-11-18 23:32:40,591 DDP_Script [Rank 1] [INFO] DataLoader created with batch_size=64, num_workers=4
2025-11-18 23:32:40,596 DDP_Script [Rank 1] [INFO] local_steps=782, global_steps=782
2025-11-18 23:35:18,294 DDP_Script [Rank 1] [INFO] epoch 8 train step time: 157.70 seconds
2025-11-18 23:35:18,304 DDP_Script [Rank 1] [INFO] epoch 8 끝 (local_steps=782, global_steps=782)
2025-11-18 23:35:23,246 DDP_Script [Rank 1] [INFO] val acc 42.32%
2025-11-18 23:35:23,588 DDP_Script [Rank 1] [INFO] epoch 9 시작
2025-11-18 23:35:23,602 DDP_Script [Rank 1] [INFO] DataLoader created with batch_size=64, num_workers=4
2025-11-18 23:35:23,606 DDP_Script [Rank 1] [INFO] local_steps=782, global_steps=782
2025-11-18 23:37:59,798 DDP_Script [Rank 1] [INFO] epoch 9 train step time: 156.19 seconds
2025-11-18 23:37:59,808 DDP_Script [Rank 1] [INFO] epoch 9 끝 (local_steps=782, global_steps=782)
2025-11-18 23:38:04,790 DDP_Script [Rank 1] [INFO] val acc 44.91%
2025-11-18 23:38:05,125 DDP_Script [Rank 1] [INFO] epoch 10 시작
2025-11-18 23:38:05,139 DDP_Script [Rank 1] [INFO] DataLoader created with batch_size=64, num_workers=4
2025-11-18 23:38:05,144 DDP_Script [Rank 1] [INFO] local_steps=782, global_steps=782
2025-11-18 23:40:42,093 DDP_Script [Rank 1] [INFO] epoch 10 train step time: 156.95 seconds
2025-11-18 23:40:42,096 DDP_Script [Rank 1] [INFO] epoch 10 끝 (local_steps=782, global_steps=782)
2025-11-18 23:40:47,052 DDP_Script [Rank 1] [INFO] val acc 45.35%
2025-11-18 23:40:47,396 DDP_Script [Rank 1] [INFO] epoch 11 시작
2025-11-18 23:40:47,411 DDP_Script [Rank 1] [INFO] DataLoader created with batch_size=64, num_workers=4
2025-11-18 23:40:47,415 DDP_Script [Rank 1] [INFO] local_steps=782, global_steps=782
2025-11-18 23:43:26,012 DDP_Script [Rank 1] [INFO] epoch 11 train step time: 158.60 seconds
2025-11-18 23:43:26,029 DDP_Script [Rank 1] [INFO] epoch 11 끝 (local_steps=782, global_steps=782)
2025-11-18 23:43:31,661 DDP_Script [Rank 1] [INFO] val acc 47.20%
2025-11-18 23:43:32,044 DDP_Script [Rank 1] [INFO] epoch 12 시작
2025-11-18 23:43:32,060 DDP_Script [Rank 1] [INFO] DataLoader created with batch_size=64, num_workers=4
2025-11-18 23:43:32,064 DDP_Script [Rank 1] [INFO] local_steps=782, global_steps=782
2025-11-18 23:46:11,449 DDP_Script [Rank 1] [INFO] epoch 12 train step time: 159.39 seconds
2025-11-18 23:46:11,464 DDP_Script [Rank 1] [INFO] epoch 12 끝 (local_steps=782, global_steps=782)
2025-11-18 23:46:16,440 DDP_Script [Rank 1] [INFO] val acc 48.87%
2025-11-18 23:46:16,834 DDP_Script [Rank 1] [INFO] epoch 13 시작
2025-11-18 23:46:16,849 DDP_Script [Rank 1] [INFO] DataLoader created with batch_size=64, num_workers=4
2025-11-18 23:46:16,854 DDP_Script [Rank 1] [INFO] local_steps=782, global_steps=782
2025-11-18 23:48:55,127 DDP_Script [Rank 1] [INFO] epoch 13 train step time: 158.27 seconds
2025-11-18 23:48:55,134 DDP_Script [Rank 1] [INFO] epoch 13 끝 (local_steps=782, global_steps=782)
2025-11-18 23:49:00,099 DDP_Script [Rank 1] [INFO] val acc 49.54%
2025-11-18 23:49:00,465 DDP_Script [Rank 1] [INFO] epoch 14 시작
2025-11-18 23:49:00,480 DDP_Script [Rank 1] [INFO] DataLoader created with batch_size=64, num_workers=4
2025-11-18 23:49:00,484 DDP_Script [Rank 1] [INFO] local_steps=782, global_steps=782
2025-11-18 23:51:36,673 DDP_Script [Rank 1] [INFO] epoch 14 train step time: 156.19 seconds
2025-11-18 23:51:36,684 DDP_Script [Rank 1] [INFO] epoch 14 끝 (local_steps=782, global_steps=782)
2025-11-18 23:51:41,673 DDP_Script [Rank 1] [INFO] val acc 51.28%
2025-11-18 23:51:42,019 DDP_Script [Rank 1] [INFO] epoch 15 시작
2025-11-18 23:51:42,034 DDP_Script [Rank 1] [INFO] DataLoader created with batch_size=64, num_workers=4
2025-11-18 23:51:42,037 DDP_Script [Rank 1] [INFO] local_steps=782, global_steps=782
2025-11-18 23:54:19,888 DDP_Script [Rank 1] [INFO] epoch 15 train step time: 157.85 seconds
2025-11-18 23:54:19,890 DDP_Script [Rank 1] [INFO] epoch 15 끝 (local_steps=782, global_steps=782)
2025-11-18 23:54:24,858 DDP_Script [Rank 1] [INFO] val acc 51.36%
2025-11-18 23:54:25,251 DDP_Script [Rank 1] [INFO] epoch 16 시작
2025-11-18 23:54:25,266 DDP_Script [Rank 1] [INFO] DataLoader created with batch_size=64, num_workers=4
2025-11-18 23:54:25,270 DDP_Script [Rank 1] [INFO] local_steps=782, global_steps=782
2025-11-18 23:57:04,967 DDP_Script [Rank 1] [INFO] epoch 16 train step time: 159.70 seconds
2025-11-18 23:57:04,986 DDP_Script [Rank 1] [INFO] epoch 16 끝 (local_steps=782, global_steps=782)
2025-11-18 23:57:09,937 DDP_Script [Rank 1] [INFO] val acc 51.82%
2025-11-18 23:57:10,345 DDP_Script [Rank 1] [INFO] epoch 17 시작
2025-11-18 23:57:10,360 DDP_Script [Rank 1] [INFO] DataLoader created with batch_size=64, num_workers=4
2025-11-18 23:57:10,365 DDP_Script [Rank 1] [INFO] local_steps=782, global_steps=782
2025-11-18 23:59:49,002 DDP_Script [Rank 1] [INFO] epoch 17 train step time: 158.64 seconds
2025-11-18 23:59:49,008 DDP_Script [Rank 1] [INFO] epoch 17 끝 (local_steps=782, global_steps=782)
2025-11-18 23:59:53,950 DDP_Script [Rank 1] [INFO] val acc 53.93%
2025-11-18 23:59:54,317 DDP_Script [Rank 1] [INFO] epoch 18 시작
2025-11-18 23:59:54,331 DDP_Script [Rank 1] [INFO] DataLoader created with batch_size=64, num_workers=4
2025-11-18 23:59:54,335 DDP_Script [Rank 1] [INFO] local_steps=782, global_steps=782
2025-11-19 00:02:33,714 DDP_Script [Rank 1] [INFO] epoch 18 train step time: 159.38 seconds
2025-11-19 00:02:33,718 DDP_Script [Rank 1] [INFO] epoch 18 끝 (local_steps=782, global_steps=782)
2025-11-19 00:02:38,703 DDP_Script [Rank 1] [INFO] val acc 53.42%
2025-11-19 00:02:39,106 DDP_Script [Rank 1] [INFO] epoch 19 시작
2025-11-19 00:02:39,120 DDP_Script [Rank 1] [INFO] DataLoader created with batch_size=64, num_workers=4
2025-11-19 00:02:39,124 DDP_Script [Rank 1] [INFO] local_steps=782, global_steps=782
2025-11-19 00:05:16,555 DDP_Script [Rank 1] [INFO] epoch 19 train step time: 157.43 seconds
2025-11-19 00:05:16,560 DDP_Script [Rank 1] [INFO] epoch 19 끝 (local_steps=782, global_steps=782)
2025-11-19 00:05:21,520 DDP_Script [Rank 1] [INFO] val acc 54.37%
2025-11-19 00:05:21,901 DDP_Script [Rank 1] [INFO] epoch 20 시작
2025-11-19 00:05:21,916 DDP_Script [Rank 1] [INFO] DataLoader created with batch_size=64, num_workers=4
2025-11-19 00:05:21,920 DDP_Script [Rank 1] [INFO] local_steps=782, global_steps=782
2025-11-19 00:07:58,800 DDP_Script [Rank 1] [INFO] epoch 20 train step time: 156.88 seconds
2025-11-19 00:07:58,803 DDP_Script [Rank 1] [INFO] epoch 20 끝 (local_steps=782, global_steps=782)
2025-11-19 00:08:03,744 DDP_Script [Rank 1] [INFO] val acc 54.72%
2025-11-19 00:08:04,066 DDP_Script [Rank 1] [INFO] Training loop finished.
