/data/breath12/anaconda3/envs/Dist1/lib/python3.9/site-packages/torch/cuda/__init__.py:63: FutureWarning: The pynvml package is deprecated. Please install nvidia-ml-py instead. If you did not install pynvml directly, please report this to the maintainers of the package that installed pynvml for you.
  import pynvml  # type: ignore[import]
Current CUDA device index: 0
Current CUDA device name: NVIDIA RTX A5000
Master address: 163.180.160.61, port: 29535
2025-11-16 07:16:24,102 DDP_Script [Rank 0] [INFO] Node rank: 0, world size: 1
[Gloo] Rank 0 is connected to 0 peer ranks. Expected number of connected peer ranks is : 0
2025-11-16 07:16:24,109 DDP_Script [Rank 0] [INFO] Process group initialized: 163.180.160.61:29535
2025-11-16 07:16:24,109 DDP_Script [Rank 0] [INFO] Rank 0/1 initialized
Val sample labels: tensor([  1,   2,  15,  28,  41,  46,  50,  54,  55,  64,  77,  79,  81, 102,
        117, 124, 129, 132, 135, 136, 144, 151, 163, 168, 169, 179, 180, 186])
Train samples: 100000
Val   samples: 10000
/data/breath12/anaconda3/envs/Dist1/lib/python3.9/site-packages/torchvision/models/_utils.py:208: UserWarning: The parameter 'pretrained' is deprecated since 0.13 and may be removed in the future, please use 'weights' instead.
  warnings.warn(
/data/breath12/anaconda3/envs/Dist1/lib/python3.9/site-packages/torchvision/models/_utils.py:223: UserWarning: Arguments other than a weight enum or `None` for 'weights' are deprecated since 0.13 and may be removed in the future. The current behavior is equivalent to passing `weights=None`.
  warnings.warn(msg)
2025-11-16 07:16:25,042 DDP_Script [Rank 0] [INFO] Model, DDP, criterion, optimizer initialized
2025-11-16 07:16:25,046 DDP_Script [Rank 0] [INFO] Modules initialized
2025-11-16 07:16:25,062 DDP_Script [Rank 0] [INFO] Checkpoint directory created: ./checkpoints/job-53b1cbef3adb
2025-11-16 07:16:25,062 DDP_Script [Rank 0] [INFO] Starting training from scratch (epoch 1).
2025-11-16 07:16:25,063 DDP_Script [Rank 0] [INFO] epoch 1 시작
2025-11-16 07:16:25,070 DDP_Script [Rank 0] [INFO] DataLoader created with batch_size=32, num_workers=4
2025-11-16 07:16:25,073 DDP_Script [Rank 0] [INFO] 모든 노드 중 max_steps = 3125
2025-11-16 07:16:25,073 DDP_Script [Rank 0] [INFO] local_steps=3125, global_steps=3125
2025-11-16 07:22:42,402 DDP_Script [Rank 0] [INFO] epoch 1 train step time: 377.33 seconds
2025-11-16 07:22:42,402 DDP_Script [Rank 0] [INFO] epoch 1 끝 (local_steps=3125, global_steps=3125)
2025-11-16 07:22:52,559 DDP_Script [Rank 0] [INFO] val acc 11.33%
2025-11-16 07:22:52,586 DDP_Script [Rank 0] [INFO] Saving checkpoint to ./checkpoints/job-53b1cbef3adb/latest_checkpoint.pth ...
2025-11-16 07:22:53,044 DDP_Script [Rank 0] [INFO] Successfully reported epoch 1/20 (Acc: 11.33%) to global server.
2025-11-16 07:22:53,046 DDP_Script [Rank 0] [INFO] epoch 2 시작
2025-11-16 07:22:53,057 DDP_Script [Rank 0] [INFO] DataLoader created with batch_size=32, num_workers=4
2025-11-16 07:22:53,061 DDP_Script [Rank 0] [INFO] 모든 노드 중 max_steps = 3125
2025-11-16 07:22:53,061 DDP_Script [Rank 0] [INFO] local_steps=3125, global_steps=3125
2025-11-16 07:29:13,322 DDP_Script [Rank 0] [INFO] epoch 2 train step time: 380.26 seconds
2025-11-16 07:29:13,324 DDP_Script [Rank 0] [INFO] epoch 2 끝 (local_steps=3125, global_steps=3125)
2025-11-16 07:29:23,367 DDP_Script [Rank 0] [INFO] val acc 19.24%
2025-11-16 07:29:23,419 DDP_Script [Rank 0] [INFO] Saving checkpoint to ./checkpoints/job-53b1cbef3adb/latest_checkpoint.pth ...
2025-11-16 07:29:23,821 DDP_Script [Rank 0] [INFO] Successfully reported epoch 2/20 (Acc: 19.24%) to global server.
2025-11-16 07:29:23,822 DDP_Script [Rank 0] [INFO] epoch 3 시작
2025-11-16 07:29:23,836 DDP_Script [Rank 0] [INFO] DataLoader created with batch_size=32, num_workers=4
2025-11-16 07:29:23,839 DDP_Script [Rank 0] [INFO] 모든 노드 중 max_steps = 3125
2025-11-16 07:29:23,839 DDP_Script [Rank 0] [INFO] local_steps=3125, global_steps=3125
2025-11-16 07:35:39,025 DDP_Script [Rank 0] [INFO] epoch 3 train step time: 375.19 seconds
2025-11-16 07:35:39,027 DDP_Script [Rank 0] [INFO] epoch 3 끝 (local_steps=3125, global_steps=3125)
2025-11-16 07:35:48,857 DDP_Script [Rank 0] [INFO] val acc 26.71%
2025-11-16 07:35:48,884 DDP_Script [Rank 0] [INFO] Saving checkpoint to ./checkpoints/job-53b1cbef3adb/latest_checkpoint.pth ...
2025-11-16 07:35:49,287 DDP_Script [Rank 0] [INFO] Successfully reported epoch 3/20 (Acc: 26.71%) to global server.
2025-11-16 07:35:49,288 DDP_Script [Rank 0] [INFO] epoch 4 시작
2025-11-16 07:35:49,304 DDP_Script [Rank 0] [INFO] DataLoader created with batch_size=32, num_workers=4
2025-11-16 07:35:49,308 DDP_Script [Rank 0] [INFO] 모든 노드 중 max_steps = 3125
2025-11-16 07:35:49,308 DDP_Script [Rank 0] [INFO] local_steps=3125, global_steps=3125
2025-11-16 07:41:46,786 DDP_Script [Rank 0] [INFO] epoch 4 train step time: 357.48 seconds
2025-11-16 07:41:46,787 DDP_Script [Rank 0] [INFO] epoch 4 끝 (local_steps=3125, global_steps=3125)
2025-11-16 07:41:56,616 DDP_Script [Rank 0] [INFO] val acc 31.51%
2025-11-16 07:41:56,738 DDP_Script [Rank 0] [INFO] Saving checkpoint to ./checkpoints/job-53b1cbef3adb/latest_checkpoint.pth ...
2025-11-16 07:41:57,130 DDP_Script [Rank 0] [INFO] Successfully reported epoch 4/20 (Acc: 31.51%) to global server.
2025-11-16 07:41:57,131 DDP_Script [Rank 0] [INFO] epoch 5 시작
2025-11-16 07:41:57,145 DDP_Script [Rank 0] [INFO] DataLoader created with batch_size=32, num_workers=4
2025-11-16 07:41:57,148 DDP_Script [Rank 0] [INFO] 모든 노드 중 max_steps = 3125
2025-11-16 07:41:57,148 DDP_Script [Rank 0] [INFO] local_steps=3125, global_steps=3125
2025-11-16 07:48:09,335 DDP_Script [Rank 0] [INFO] epoch 5 train step time: 372.16 seconds
2025-11-16 07:48:09,338 DDP_Script [Rank 0] [INFO] epoch 5 끝 (local_steps=3125, global_steps=3125)
2025-11-16 07:48:19,195 DDP_Script [Rank 0] [INFO] val acc 36.11%
2025-11-16 07:48:19,231 DDP_Script [Rank 0] [INFO] Saving checkpoint to ./checkpoints/job-53b1cbef3adb/latest_checkpoint.pth ...
2025-11-16 07:48:19,601 DDP_Script [Rank 0] [INFO] Successfully reported epoch 5/20 (Acc: 36.11%) to global server.
2025-11-16 07:48:19,602 DDP_Script [Rank 0] [INFO] epoch 6 시작
2025-11-16 07:48:19,611 DDP_Script [Rank 0] [INFO] DataLoader created with batch_size=32, num_workers=4
2025-11-16 07:48:19,614 DDP_Script [Rank 0] [INFO] 모든 노드 중 max_steps = 3125
2025-11-16 07:48:19,614 DDP_Script [Rank 0] [INFO] local_steps=3125, global_steps=3125
2025-11-16 07:54:33,624 DDP_Script [Rank 0] [INFO] epoch 6 train step time: 374.01 seconds
2025-11-16 07:54:33,625 DDP_Script [Rank 0] [INFO] epoch 6 끝 (local_steps=3125, global_steps=3125)
2025-11-16 07:54:43,558 DDP_Script [Rank 0] [INFO] val acc 38.30%
2025-11-16 07:54:43,589 DDP_Script [Rank 0] [INFO] Saving checkpoint to ./checkpoints/job-53b1cbef3adb/latest_checkpoint.pth ...
2025-11-16 07:54:44,088 DDP_Script [Rank 0] [INFO] Successfully reported epoch 6/20 (Acc: 38.30%) to global server.
2025-11-16 07:54:44,089 DDP_Script [Rank 0] [INFO] epoch 7 시작
2025-11-16 07:54:44,100 DDP_Script [Rank 0] [INFO] DataLoader created with batch_size=32, num_workers=4
2025-11-16 07:54:44,103 DDP_Script [Rank 0] [INFO] 모든 노드 중 max_steps = 3125
2025-11-16 07:54:44,103 DDP_Script [Rank 0] [INFO] local_steps=3125, global_steps=3125
2025-11-16 08:00:47,092 DDP_Script [Rank 0] [INFO] epoch 7 train step time: 362.99 seconds
2025-11-16 08:00:47,093 DDP_Script [Rank 0] [INFO] epoch 7 끝 (local_steps=3125, global_steps=3125)
2025-11-16 08:00:56,990 DDP_Script [Rank 0] [INFO] val acc 42.10%
2025-11-16 08:00:57,017 DDP_Script [Rank 0] [INFO] Saving checkpoint to ./checkpoints/job-53b1cbef3adb/latest_checkpoint.pth ...
2025-11-16 08:00:57,397 DDP_Script [Rank 0] [INFO] Successfully reported epoch 7/20 (Acc: 42.10%) to global server.
2025-11-16 08:00:57,398 DDP_Script [Rank 0] [INFO] epoch 8 시작
2025-11-16 08:00:57,409 DDP_Script [Rank 0] [INFO] DataLoader created with batch_size=32, num_workers=4
2025-11-16 08:00:57,412 DDP_Script [Rank 0] [INFO] 모든 노드 중 max_steps = 3125
2025-11-16 08:00:57,412 DDP_Script [Rank 0] [INFO] local_steps=3125, global_steps=3125
2025-11-16 08:07:12,770 DDP_Script [Rank 0] [INFO] epoch 8 train step time: 375.36 seconds
2025-11-16 08:07:12,772 DDP_Script [Rank 0] [INFO] epoch 8 끝 (local_steps=3125, global_steps=3125)
2025-11-16 08:07:22,660 DDP_Script [Rank 0] [INFO] val acc 43.90%
2025-11-16 08:07:22,700 DDP_Script [Rank 0] [INFO] Saving checkpoint to ./checkpoints/job-53b1cbef3adb/latest_checkpoint.pth ...
2025-11-16 08:07:23,076 DDP_Script [Rank 0] [INFO] Successfully reported epoch 8/20 (Acc: 43.90%) to global server.
2025-11-16 08:07:23,077 DDP_Script [Rank 0] [INFO] epoch 9 시작
2025-11-16 08:07:23,086 DDP_Script [Rank 0] [INFO] DataLoader created with batch_size=32, num_workers=4
2025-11-16 08:07:23,089 DDP_Script [Rank 0] [INFO] 모든 노드 중 max_steps = 3125
2025-11-16 08:07:23,089 DDP_Script [Rank 0] [INFO] local_steps=3125, global_steps=3125
2025-11-16 08:13:38,566 DDP_Script [Rank 0] [INFO] epoch 9 train step time: 375.48 seconds
2025-11-16 08:13:38,568 DDP_Script [Rank 0] [INFO] epoch 9 끝 (local_steps=3125, global_steps=3125)
2025-11-16 08:13:48,478 DDP_Script [Rank 0] [INFO] val acc 44.71%
2025-11-16 08:13:48,510 DDP_Script [Rank 0] [INFO] Saving checkpoint to ./checkpoints/job-53b1cbef3adb/latest_checkpoint.pth ...
2025-11-16 08:13:48,846 DDP_Script [Rank 0] [INFO] Successfully reported epoch 9/20 (Acc: 44.71%) to global server.
2025-11-16 08:13:48,847 DDP_Script [Rank 0] [INFO] epoch 10 시작
2025-11-16 08:13:48,858 DDP_Script [Rank 0] [INFO] DataLoader created with batch_size=32, num_workers=4
2025-11-16 08:13:48,861 DDP_Script [Rank 0] [INFO] 모든 노드 중 max_steps = 3125
2025-11-16 08:13:48,861 DDP_Script [Rank 0] [INFO] local_steps=3125, global_steps=3125
2025-11-16 08:19:54,565 DDP_Script [Rank 0] [INFO] epoch 10 train step time: 365.70 seconds
2025-11-16 08:19:54,566 DDP_Script [Rank 0] [INFO] epoch 10 끝 (local_steps=3125, global_steps=3125)
2025-11-16 08:20:04,438 DDP_Script [Rank 0] [INFO] val acc 46.28%
2025-11-16 08:20:04,462 DDP_Script [Rank 0] [INFO] Saving checkpoint to ./checkpoints/job-53b1cbef3adb/latest_checkpoint.pth ...
2025-11-16 08:20:04,820 DDP_Script [Rank 0] [INFO] Successfully reported epoch 10/20 (Acc: 46.28%) to global server.
2025-11-16 08:20:04,822 DDP_Script [Rank 0] [INFO] epoch 11 시작
2025-11-16 08:20:04,834 DDP_Script [Rank 0] [INFO] DataLoader created with batch_size=32, num_workers=4
2025-11-16 08:20:04,838 DDP_Script [Rank 0] [INFO] 모든 노드 중 max_steps = 3125
2025-11-16 08:20:04,838 DDP_Script [Rank 0] [INFO] local_steps=3125, global_steps=3125
2025-11-16 08:26:15,960 DDP_Script [Rank 0] [INFO] epoch 11 train step time: 371.12 seconds
2025-11-16 08:26:15,961 DDP_Script [Rank 0] [INFO] epoch 11 끝 (local_steps=3125, global_steps=3125)
2025-11-16 08:26:25,822 DDP_Script [Rank 0] [INFO] val acc 47.97%
2025-11-16 08:26:25,853 DDP_Script [Rank 0] [INFO] Saving checkpoint to ./checkpoints/job-53b1cbef3adb/latest_checkpoint.pth ...
2025-11-16 08:26:26,355 DDP_Script [Rank 0] [INFO] Successfully reported epoch 11/20 (Acc: 47.97%) to global server.
2025-11-16 08:26:26,356 DDP_Script [Rank 0] [INFO] epoch 12 시작
2025-11-16 08:26:26,368 DDP_Script [Rank 0] [INFO] DataLoader created with batch_size=32, num_workers=4
2025-11-16 08:26:26,371 DDP_Script [Rank 0] [INFO] 모든 노드 중 max_steps = 3125
2025-11-16 08:26:26,371 DDP_Script [Rank 0] [INFO] local_steps=3125, global_steps=3125
2025-11-16 08:32:32,978 DDP_Script [Rank 0] [INFO] epoch 12 train step time: 366.61 seconds
2025-11-16 08:32:32,980 DDP_Script [Rank 0] [INFO] epoch 12 끝 (local_steps=3125, global_steps=3125)
2025-11-16 08:32:43,141 DDP_Script [Rank 0] [INFO] val acc 48.85%
2025-11-16 08:32:43,190 DDP_Script [Rank 0] [INFO] Saving checkpoint to ./checkpoints/job-53b1cbef3adb/latest_checkpoint.pth ...
2025-11-16 08:32:43,584 DDP_Script [Rank 0] [INFO] Successfully reported epoch 12/20 (Acc: 48.85%) to global server.
2025-11-16 08:32:43,585 DDP_Script [Rank 0] [INFO] epoch 13 시작
2025-11-16 08:32:43,597 DDP_Script [Rank 0] [INFO] DataLoader created with batch_size=32, num_workers=4
2025-11-16 08:32:43,600 DDP_Script [Rank 0] [INFO] 모든 노드 중 max_steps = 3125
2025-11-16 08:32:43,600 DDP_Script [Rank 0] [INFO] local_steps=3125, global_steps=3125
2025-11-16 08:39:03,679 DDP_Script [Rank 0] [INFO] epoch 13 train step time: 380.08 seconds
2025-11-16 08:39:03,680 DDP_Script [Rank 0] [INFO] epoch 13 끝 (local_steps=3125, global_steps=3125)
2025-11-16 08:39:13,671 DDP_Script [Rank 0] [INFO] val acc 49.78%
2025-11-16 08:39:13,709 DDP_Script [Rank 0] [INFO] Saving checkpoint to ./checkpoints/job-53b1cbef3adb/latest_checkpoint.pth ...
2025-11-16 08:39:14,101 DDP_Script [Rank 0] [INFO] Successfully reported epoch 13/20 (Acc: 49.78%) to global server.
2025-11-16 08:39:14,102 DDP_Script [Rank 0] [INFO] epoch 14 시작
2025-11-16 08:39:14,113 DDP_Script [Rank 0] [INFO] DataLoader created with batch_size=32, num_workers=4
2025-11-16 08:39:14,116 DDP_Script [Rank 0] [INFO] 모든 노드 중 max_steps = 3125
2025-11-16 08:39:14,116 DDP_Script [Rank 0] [INFO] local_steps=3125, global_steps=3125
2025-11-16 08:45:28,995 DDP_Script [Rank 0] [INFO] epoch 14 train step time: 374.88 seconds
2025-11-16 08:45:28,996 DDP_Script [Rank 0] [INFO] epoch 14 끝 (local_steps=3125, global_steps=3125)
2025-11-16 08:45:39,073 DDP_Script [Rank 0] [INFO] val acc 50.75%
2025-11-16 08:45:39,114 DDP_Script [Rank 0] [INFO] Saving checkpoint to ./checkpoints/job-53b1cbef3adb/latest_checkpoint.pth ...
2025-11-16 08:45:39,524 DDP_Script [Rank 0] [INFO] Successfully reported epoch 14/20 (Acc: 50.75%) to global server.
2025-11-16 08:45:39,525 DDP_Script [Rank 0] [INFO] epoch 15 시작
2025-11-16 08:45:39,536 DDP_Script [Rank 0] [INFO] DataLoader created with batch_size=32, num_workers=4
2025-11-16 08:45:39,540 DDP_Script [Rank 0] [INFO] 모든 노드 중 max_steps = 3125
2025-11-16 08:45:39,540 DDP_Script [Rank 0] [INFO] local_steps=3125, global_steps=3125
2025-11-16 08:51:54,192 DDP_Script [Rank 0] [INFO] epoch 15 train step time: 374.65 seconds
2025-11-16 08:51:54,193 DDP_Script [Rank 0] [INFO] epoch 15 끝 (local_steps=3125, global_steps=3125)
2025-11-16 08:52:04,305 DDP_Script [Rank 0] [INFO] val acc 49.86%
2025-11-16 08:52:04,381 DDP_Script [Rank 0] [INFO] Saving checkpoint to ./checkpoints/job-53b1cbef3adb/latest_checkpoint.pth ...
2025-11-16 08:52:04,831 DDP_Script [Rank 0] [INFO] Successfully reported epoch 15/20 (Acc: 49.86%) to global server.
2025-11-16 08:52:04,832 DDP_Script [Rank 0] [INFO] epoch 16 시작
2025-11-16 08:52:04,846 DDP_Script [Rank 0] [INFO] DataLoader created with batch_size=32, num_workers=4
2025-11-16 08:52:04,849 DDP_Script [Rank 0] [INFO] 모든 노드 중 max_steps = 3125
2025-11-16 08:52:04,849 DDP_Script [Rank 0] [INFO] local_steps=3125, global_steps=3125
2025-11-16 08:58:22,233 DDP_Script [Rank 0] [INFO] epoch 16 train step time: 377.38 seconds
2025-11-16 08:58:22,234 DDP_Script [Rank 0] [INFO] epoch 16 끝 (local_steps=3125, global_steps=3125)
2025-11-16 08:58:32,221 DDP_Script [Rank 0] [INFO] val acc 51.92%
2025-11-16 08:58:32,256 DDP_Script [Rank 0] [INFO] Saving checkpoint to ./checkpoints/job-53b1cbef3adb/latest_checkpoint.pth ...
2025-11-16 08:58:32,766 DDP_Script [Rank 0] [INFO] Successfully reported epoch 16/20 (Acc: 51.92%) to global server.
2025-11-16 08:58:32,767 DDP_Script [Rank 0] [INFO] epoch 17 시작
2025-11-16 08:58:32,776 DDP_Script [Rank 0] [INFO] DataLoader created with batch_size=32, num_workers=4
2025-11-16 08:58:32,780 DDP_Script [Rank 0] [INFO] 모든 노드 중 max_steps = 3125
2025-11-16 08:58:32,780 DDP_Script [Rank 0] [INFO] local_steps=3125, global_steps=3125
2025-11-16 09:04:52,468 DDP_Script [Rank 0] [INFO] epoch 17 train step time: 379.69 seconds
2025-11-16 09:04:52,470 DDP_Script [Rank 0] [INFO] epoch 17 끝 (local_steps=3125, global_steps=3125)
2025-11-16 09:05:02,588 DDP_Script [Rank 0] [INFO] val acc 53.22%
2025-11-16 09:05:02,626 DDP_Script [Rank 0] [INFO] Saving checkpoint to ./checkpoints/job-53b1cbef3adb/latest_checkpoint.pth ...
2025-11-16 09:05:03,007 DDP_Script [Rank 0] [INFO] Successfully reported epoch 17/20 (Acc: 53.22%) to global server.
2025-11-16 09:05:03,008 DDP_Script [Rank 0] [INFO] epoch 18 시작
2025-11-16 09:05:03,021 DDP_Script [Rank 0] [INFO] DataLoader created with batch_size=32, num_workers=4
2025-11-16 09:05:03,024 DDP_Script [Rank 0] [INFO] 모든 노드 중 max_steps = 3125
2025-11-16 09:05:03,024 DDP_Script [Rank 0] [INFO] local_steps=3125, global_steps=3125
2025-11-16 09:11:08,697 DDP_Script [Rank 0] [INFO] epoch 18 train step time: 365.67 seconds
2025-11-16 09:11:08,698 DDP_Script [Rank 0] [INFO] epoch 18 끝 (local_steps=3125, global_steps=3125)
2025-11-16 09:11:18,419 DDP_Script [Rank 0] [INFO] val acc 53.36%
2025-11-16 09:11:18,455 DDP_Script [Rank 0] [INFO] Saving checkpoint to ./checkpoints/job-53b1cbef3adb/latest_checkpoint.pth ...
2025-11-16 09:11:18,806 DDP_Script [Rank 0] [INFO] Successfully reported epoch 18/20 (Acc: 53.36%) to global server.
2025-11-16 09:11:18,807 DDP_Script [Rank 0] [INFO] epoch 19 시작
2025-11-16 09:11:18,818 DDP_Script [Rank 0] [INFO] DataLoader created with batch_size=32, num_workers=4
2025-11-16 09:11:18,822 DDP_Script [Rank 0] [INFO] 모든 노드 중 max_steps = 3125
2025-11-16 09:11:18,822 DDP_Script [Rank 0] [INFO] local_steps=3125, global_steps=3125
2025-11-16 09:17:30,519 DDP_Script [Rank 0] [INFO] epoch 19 train step time: 371.70 seconds
2025-11-16 09:17:30,521 DDP_Script [Rank 0] [INFO] epoch 19 끝 (local_steps=3125, global_steps=3125)
2025-11-16 09:17:40,233 DDP_Script [Rank 0] [INFO] val acc 53.94%
2025-11-16 09:17:40,280 DDP_Script [Rank 0] [INFO] Saving checkpoint to ./checkpoints/job-53b1cbef3adb/latest_checkpoint.pth ...
2025-11-16 09:17:40,666 DDP_Script [Rank 0] [INFO] Successfully reported epoch 19/20 (Acc: 53.94%) to global server.
2025-11-16 09:17:40,667 DDP_Script [Rank 0] [INFO] epoch 20 시작
2025-11-16 09:17:40,680 DDP_Script [Rank 0] [INFO] DataLoader created with batch_size=32, num_workers=4
2025-11-16 09:17:40,684 DDP_Script [Rank 0] [INFO] 모든 노드 중 max_steps = 3125
2025-11-16 09:17:40,684 DDP_Script [Rank 0] [INFO] local_steps=3125, global_steps=3125
2025-11-16 09:23:59,012 DDP_Script [Rank 0] [INFO] epoch 20 train step time: 378.33 seconds
2025-11-16 09:23:59,013 DDP_Script [Rank 0] [INFO] epoch 20 끝 (local_steps=3125, global_steps=3125)
2025-11-16 09:24:08,693 DDP_Script [Rank 0] [INFO] val acc 54.35%
2025-11-16 09:24:08,756 DDP_Script [Rank 0] [INFO] Saving checkpoint to ./checkpoints/job-53b1cbef3adb/latest_checkpoint.pth ...
2025-11-16 09:24:09,118 DDP_Script [Rank 0] [INFO] Successfully reported epoch 20/20 (Acc: 54.35%) to global server.
2025-11-16 09:24:09,119 DDP_Script [Rank 0] [INFO] Training completed successfully.
2025-11-16 09:24:09,119 DDP_Script [Rank 0] [INFO] Training loop finished.
