Current CUDA device index: 0
Current CUDA device name: NVIDIA RTX A5000
Master address: 163.180.160.62, port: 29535
2025-11-19 18:38:54,979 DDP_Script [Rank 0] [INFO] Node rank: 0, world size: 1
[Gloo] Rank 0 is connected to 0 peer ranks. Expected number of connected peer ranks is : 0
2025-11-19 18:38:54,986 DDP_Script [Rank 0] [INFO] Process group initialized: 163.180.160.62:29535
2025-11-19 18:38:54,986 DDP_Script [Rank 0] [INFO] Rank 0/1 initialized
2025-11-19 18:38:54,986 DDP_Script [Rank 0] [INFO] Rank 0 downloading tokenizer: distilbert-base-uncased
2025-11-19 18:38:55,710 DDP_Script [Rank 0] [INFO] Rank 0 downloading dataset: glue/sst2
2025-11-19 18:39:00,744 DDP_Script [Rank 0] [INFO] Tokenizing datasets...
2025-11-19 18:39:00,936 DDP_Script [Rank 0] [INFO] SST-2 Dataset and Tokenizer loaded.
2025-11-19 18:39:00,937 DDP_Script [Rank 0] [INFO] Rank 0 downloading model: distilbert-base-uncased
Some weights of DistilBertForSequenceClassification were not initialized from the model checkpoint at distilbert-base-uncased and are newly initialized: ['classifier.bias', 'classifier.weight', 'pre_classifier.bias', 'pre_classifier.weight']
You should probably TRAIN this model on a down-stream task to be able to use it for predictions and inference.
2025-11-19 18:39:01,799 DDP_Script [Rank 0] [INFO] Model (DistilBert), DDP, optimizer (AdamW) initialized
2025-11-19 18:39:01,828 DDP_Script [Rank 0] [INFO] Modules initialized
2025-11-19 18:39:01,912 DDP_Script [Rank 0] [INFO] Checkpoint directory created: ./checkpoints/job-89806eedb229
2025-11-19 18:39:01,913 DDP_Script [Rank 0] [INFO] Starting training from scratch (epoch 1).
2025-11-19 18:39:01,913 DDP_Script [Rank 0] [INFO] epoch 1 시작
2025-11-19 18:39:01,935 DDP_Script [Rank 0] [INFO] DataLoader created with batch_size=32, num_workers=4
2025-11-19 18:39:01,937 DDP_Script [Rank 0] [INFO] 모든 노드 중 max_steps = 2105
2025-11-19 18:39:01,937 DDP_Script [Rank 0] [INFO] local_steps=2105, global_steps=2105
2025-11-19 18:42:30,986 DDP_Script [Rank 0] [INFO] epoch 1 train step time: 209.05 seconds
2025-11-19 18:42:30,987 DDP_Script [Rank 0] [INFO] epoch 1 끝 (local_steps=2105, global_steps=2105)
2025-11-19 18:42:31,515 DDP_Script [Rank 0] [INFO] val acc 91.28%
2025-11-19 18:42:31,552 DDP_Script [Rank 0] [INFO] Saving checkpoint to ./checkpoints/job-89806eedb229/latest_checkpoint.pth ...
2025-11-19 18:42:33,180 DDP_Script [Rank 0] [INFO] Successfully reported epoch 1/20 (Acc: 91.28%) to global server.
2025-11-19 18:42:33,181 DDP_Script [Rank 0] [INFO] epoch 2 시작
2025-11-19 18:42:33,208 DDP_Script [Rank 0] [INFO] DataLoader created with batch_size=32, num_workers=4
2025-11-19 18:42:33,210 DDP_Script [Rank 0] [INFO] 모든 노드 중 max_steps = 2105
2025-11-19 18:42:33,210 DDP_Script [Rank 0] [INFO] local_steps=2105, global_steps=2105
2025-11-19 18:46:01,852 DDP_Script [Rank 0] [INFO] epoch 2 train step time: 208.64 seconds
2025-11-19 18:46:01,854 DDP_Script [Rank 0] [INFO] epoch 2 끝 (local_steps=2105, global_steps=2105)
2025-11-19 18:46:02,405 DDP_Script [Rank 0] [INFO] val acc 89.22%
2025-11-19 18:46:02,433 DDP_Script [Rank 0] [INFO] Saving checkpoint to ./checkpoints/job-89806eedb229/latest_checkpoint.pth ...
2025-11-19 18:46:05,094 DDP_Script [Rank 0] [INFO] Successfully reported epoch 2/20 (Acc: 89.22%) to global server.
2025-11-19 18:46:05,096 DDP_Script [Rank 0] [INFO] epoch 3 시작
2025-11-19 18:46:05,124 DDP_Script [Rank 0] [INFO] DataLoader created with batch_size=32, num_workers=4
2025-11-19 18:46:05,125 DDP_Script [Rank 0] [INFO] 모든 노드 중 max_steps = 2105
2025-11-19 18:46:05,125 DDP_Script [Rank 0] [INFO] local_steps=2105, global_steps=2105
2025-11-19 18:49:47,878 DDP_Script [Rank 0] [INFO] epoch 3 train step time: 222.75 seconds
2025-11-19 18:49:47,880 DDP_Script [Rank 0] [INFO] epoch 3 끝 (local_steps=2105, global_steps=2105)
2025-11-19 18:49:48,434 DDP_Script [Rank 0] [INFO] val acc 90.94%
2025-11-19 18:49:48,448 DDP_Script [Rank 0] [INFO] Saving checkpoint to ./checkpoints/job-89806eedb229/latest_checkpoint.pth ...
2025-11-19 18:49:50,781 DDP_Script [Rank 0] [INFO] Successfully reported epoch 3/20 (Acc: 90.94%) to global server.
2025-11-19 18:49:50,782 DDP_Script [Rank 0] [INFO] epoch 4 시작
2025-11-19 18:49:50,789 DDP_Script [Rank 0] [INFO] DataLoader created with batch_size=32, num_workers=4
2025-11-19 18:49:50,790 DDP_Script [Rank 0] [INFO] 모든 노드 중 max_steps = 2105
2025-11-19 18:49:50,790 DDP_Script [Rank 0] [INFO] local_steps=2105, global_steps=2105
2025-11-19 18:53:22,182 DDP_Script [Rank 0] [INFO] epoch 4 train step time: 211.39 seconds
2025-11-19 18:53:22,184 DDP_Script [Rank 0] [INFO] epoch 4 끝 (local_steps=2105, global_steps=2105)
2025-11-19 18:53:22,770 DDP_Script [Rank 0] [INFO] val acc 89.45%
2025-11-19 18:53:22,804 DDP_Script [Rank 0] [INFO] Saving checkpoint to ./checkpoints/job-89806eedb229/latest_checkpoint.pth ...
2025-11-19 18:53:25,058 DDP_Script [Rank 0] [INFO] Successfully reported epoch 4/20 (Acc: 89.45%) to global server.
2025-11-19 18:53:25,060 DDP_Script [Rank 0] [INFO] epoch 5 시작
2025-11-19 18:53:25,072 DDP_Script [Rank 0] [INFO] DataLoader created with batch_size=32, num_workers=4
2025-11-19 18:53:25,074 DDP_Script [Rank 0] [INFO] 모든 노드 중 max_steps = 2105
2025-11-19 18:53:25,074 DDP_Script [Rank 0] [INFO] local_steps=2105, global_steps=2105
2025-11-19 18:57:05,132 DDP_Script [Rank 0] [INFO] epoch 5 train step time: 220.06 seconds
2025-11-19 18:57:05,134 DDP_Script [Rank 0] [INFO] epoch 5 끝 (local_steps=2105, global_steps=2105)
2025-11-19 18:57:05,680 DDP_Script [Rank 0] [INFO] val acc 90.25%
2025-11-19 18:57:05,711 DDP_Script [Rank 0] [INFO] Saving checkpoint to ./checkpoints/job-89806eedb229/latest_checkpoint.pth ...
2025-11-19 18:57:07,982 DDP_Script [Rank 0] [INFO] Successfully reported epoch 5/20 (Acc: 90.25%) to global server.
2025-11-19 18:57:07,984 DDP_Script [Rank 0] [INFO] epoch 6 시작
2025-11-19 18:57:07,996 DDP_Script [Rank 0] [INFO] DataLoader created with batch_size=32, num_workers=4
2025-11-19 18:57:07,998 DDP_Script [Rank 0] [INFO] 모든 노드 중 max_steps = 2105
2025-11-19 18:57:07,998 DDP_Script [Rank 0] [INFO] local_steps=2105, global_steps=2105
2025-11-19 19:00:45,373 DDP_Script [Rank 0] [INFO] epoch 6 train step time: 217.38 seconds
2025-11-19 19:00:45,374 DDP_Script [Rank 0] [INFO] epoch 6 끝 (local_steps=2105, global_steps=2105)
2025-11-19 19:00:45,919 DDP_Script [Rank 0] [INFO] val acc 89.33%
2025-11-19 19:00:45,932 DDP_Script [Rank 0] [INFO] Saving checkpoint to ./checkpoints/job-89806eedb229/latest_checkpoint.pth ...
2025-11-19 19:00:48,213 DDP_Script [Rank 0] [INFO] Successfully reported epoch 6/20 (Acc: 89.33%) to global server.
2025-11-19 19:00:48,214 DDP_Script [Rank 0] [INFO] epoch 7 시작
2025-11-19 19:00:48,226 DDP_Script [Rank 0] [INFO] DataLoader created with batch_size=32, num_workers=4
2025-11-19 19:00:48,228 DDP_Script [Rank 0] [INFO] 모든 노드 중 max_steps = 2105
2025-11-19 19:00:48,228 DDP_Script [Rank 0] [INFO] local_steps=2105, global_steps=2105
2025-11-19 19:04:22,798 DDP_Script [Rank 0] [INFO] epoch 7 train step time: 214.57 seconds
2025-11-19 19:04:22,800 DDP_Script [Rank 0] [INFO] epoch 7 끝 (local_steps=2105, global_steps=2105)
2025-11-19 19:04:23,351 DDP_Script [Rank 0] [INFO] val acc 89.56%
2025-11-19 19:04:23,367 DDP_Script [Rank 0] [INFO] Saving checkpoint to ./checkpoints/job-89806eedb229/latest_checkpoint.pth ...
2025-11-19 19:04:25,684 DDP_Script [Rank 0] [INFO] Successfully reported epoch 7/20 (Acc: 89.56%) to global server.
2025-11-19 19:04:25,686 DDP_Script [Rank 0] [INFO] epoch 8 시작
2025-11-19 19:04:25,698 DDP_Script [Rank 0] [INFO] DataLoader created with batch_size=32, num_workers=4
2025-11-19 19:04:25,700 DDP_Script [Rank 0] [INFO] 모든 노드 중 max_steps = 2105
2025-11-19 19:04:25,700 DDP_Script [Rank 0] [INFO] local_steps=2105, global_steps=2105
2025-11-19 19:08:00,397 DDP_Script [Rank 0] [INFO] epoch 8 train step time: 214.70 seconds
2025-11-19 19:08:00,398 DDP_Script [Rank 0] [INFO] epoch 8 끝 (local_steps=2105, global_steps=2105)
2025-11-19 19:08:00,947 DDP_Script [Rank 0] [INFO] val acc 89.56%
2025-11-19 19:08:00,970 DDP_Script [Rank 0] [INFO] Saving checkpoint to ./checkpoints/job-89806eedb229/latest_checkpoint.pth ...
2025-11-19 19:08:03,110 DDP_Script [Rank 0] [INFO] Successfully reported epoch 8/20 (Acc: 89.56%) to global server.
2025-11-19 19:08:03,112 DDP_Script [Rank 0] [INFO] epoch 9 시작
2025-11-19 19:08:03,131 DDP_Script [Rank 0] [INFO] DataLoader created with batch_size=32, num_workers=4
2025-11-19 19:08:03,132 DDP_Script [Rank 0] [INFO] 모든 노드 중 max_steps = 2105
2025-11-19 19:08:03,132 DDP_Script [Rank 0] [INFO] local_steps=2105, global_steps=2105
2025-11-19 19:11:41,118 DDP_Script [Rank 0] [INFO] epoch 9 train step time: 217.99 seconds
2025-11-19 19:11:41,119 DDP_Script [Rank 0] [INFO] epoch 9 끝 (local_steps=2105, global_steps=2105)
2025-11-19 19:11:41,652 DDP_Script [Rank 0] [INFO] val acc 88.88%
2025-11-19 19:11:41,680 DDP_Script [Rank 0] [INFO] Saving checkpoint to ./checkpoints/job-89806eedb229/latest_checkpoint.pth ...
2025-11-19 19:11:44,016 DDP_Script [Rank 0] [INFO] Successfully reported epoch 9/20 (Acc: 88.88%) to global server.
2025-11-19 19:11:44,017 DDP_Script [Rank 0] [INFO] epoch 10 시작
2025-11-19 19:11:44,029 DDP_Script [Rank 0] [INFO] DataLoader created with batch_size=32, num_workers=4
2025-11-19 19:11:44,031 DDP_Script [Rank 0] [INFO] 모든 노드 중 max_steps = 2105
2025-11-19 19:11:44,031 DDP_Script [Rank 0] [INFO] local_steps=2105, global_steps=2105
2025-11-19 19:15:15,435 DDP_Script [Rank 0] [INFO] epoch 10 train step time: 211.40 seconds
2025-11-19 19:15:15,437 DDP_Script [Rank 0] [INFO] epoch 10 끝 (local_steps=2105, global_steps=2105)
2025-11-19 19:15:15,983 DDP_Script [Rank 0] [INFO] val acc 89.79%
2025-11-19 19:15:15,994 DDP_Script [Rank 0] [INFO] Saving checkpoint to ./checkpoints/job-89806eedb229/latest_checkpoint.pth ...
2025-11-19 19:15:18,004 DDP_Script [Rank 0] [INFO] Successfully reported epoch 10/20 (Acc: 89.79%) to global server.
2025-11-19 19:15:18,006 DDP_Script [Rank 0] [INFO] epoch 11 시작
2025-11-19 19:15:18,025 DDP_Script [Rank 0] [INFO] DataLoader created with batch_size=32, num_workers=4
2025-11-19 19:15:18,026 DDP_Script [Rank 0] [INFO] 모든 노드 중 max_steps = 2105
2025-11-19 19:15:18,026 DDP_Script [Rank 0] [INFO] local_steps=2105, global_steps=2105
2025-11-19 19:18:43,665 DDP_Script [Rank 0] [INFO] epoch 11 train step time: 205.64 seconds
2025-11-19 19:18:43,667 DDP_Script [Rank 0] [INFO] epoch 11 끝 (local_steps=2105, global_steps=2105)
2025-11-19 19:18:44,218 DDP_Script [Rank 0] [INFO] val acc 88.53%
2025-11-19 19:18:44,246 DDP_Script [Rank 0] [INFO] Saving checkpoint to ./checkpoints/job-89806eedb229/latest_checkpoint.pth ...
2025-11-19 19:18:46,466 DDP_Script [Rank 0] [INFO] Successfully reported epoch 11/20 (Acc: 88.53%) to global server.
2025-11-19 19:18:46,468 DDP_Script [Rank 0] [INFO] epoch 12 시작
2025-11-19 19:18:46,480 DDP_Script [Rank 0] [INFO] DataLoader created with batch_size=32, num_workers=4
2025-11-19 19:18:46,483 DDP_Script [Rank 0] [INFO] 모든 노드 중 max_steps = 2105
2025-11-19 19:18:46,483 DDP_Script [Rank 0] [INFO] local_steps=2105, global_steps=2105
2025-11-19 19:21:33,841 DDP_Script [Rank 0] [INFO] epoch 12 train step time: 167.36 seconds
2025-11-19 19:21:33,842 DDP_Script [Rank 0] [INFO] epoch 12 끝 (local_steps=2105, global_steps=2105)
2025-11-19 19:21:34,397 DDP_Script [Rank 0] [INFO] val acc 90.02%
2025-11-19 19:21:34,424 DDP_Script [Rank 0] [INFO] Saving checkpoint to ./checkpoints/job-89806eedb229/latest_checkpoint.pth ...
2025-11-19 19:21:36,517 DDP_Script [Rank 0] [INFO] Successfully reported epoch 12/20 (Acc: 90.02%) to global server.
2025-11-19 19:21:36,518 DDP_Script [Rank 0] [INFO] epoch 13 시작
2025-11-19 19:21:36,531 DDP_Script [Rank 0] [INFO] DataLoader created with batch_size=32, num_workers=4
2025-11-19 19:21:36,533 DDP_Script [Rank 0] [INFO] 모든 노드 중 max_steps = 2105
2025-11-19 19:21:36,533 DDP_Script [Rank 0] [INFO] local_steps=2105, global_steps=2105
2025-11-19 19:24:17,677 DDP_Script [Rank 0] [INFO] epoch 13 train step time: 161.14 seconds
2025-11-19 19:24:17,678 DDP_Script [Rank 0] [INFO] epoch 13 끝 (local_steps=2105, global_steps=2105)
2025-11-19 19:24:18,217 DDP_Script [Rank 0] [INFO] val acc 89.91%
2025-11-19 19:24:18,229 DDP_Script [Rank 0] [INFO] Saving checkpoint to ./checkpoints/job-89806eedb229/latest_checkpoint.pth ...
2025-11-19 19:24:20,344 DDP_Script [Rank 0] [INFO] Successfully reported epoch 13/20 (Acc: 89.91%) to global server.
2025-11-19 19:24:20,346 DDP_Script [Rank 0] [INFO] epoch 14 시작
2025-11-19 19:24:20,357 DDP_Script [Rank 0] [INFO] DataLoader created with batch_size=32, num_workers=4
2025-11-19 19:24:20,359 DDP_Script [Rank 0] [INFO] 모든 노드 중 max_steps = 2105
2025-11-19 19:24:20,359 DDP_Script [Rank 0] [INFO] local_steps=2105, global_steps=2105
2025-11-19 19:26:58,770 DDP_Script [Rank 0] [INFO] epoch 14 train step time: 158.41 seconds
2025-11-19 19:26:58,772 DDP_Script [Rank 0] [INFO] epoch 14 끝 (local_steps=2105, global_steps=2105)
2025-11-19 19:26:59,312 DDP_Script [Rank 0] [INFO] val acc 89.56%
2025-11-19 19:26:59,321 DDP_Script [Rank 0] [INFO] Saving checkpoint to ./checkpoints/job-89806eedb229/latest_checkpoint.pth ...
2025-11-19 19:27:01,254 DDP_Script [Rank 0] [INFO] Successfully reported epoch 14/20 (Acc: 89.56%) to global server.
2025-11-19 19:27:01,256 DDP_Script [Rank 0] [INFO] epoch 15 시작
2025-11-19 19:27:01,272 DDP_Script [Rank 0] [INFO] DataLoader created with batch_size=32, num_workers=4
2025-11-19 19:27:01,274 DDP_Script [Rank 0] [INFO] 모든 노드 중 max_steps = 2105
2025-11-19 19:27:01,274 DDP_Script [Rank 0] [INFO] local_steps=2105, global_steps=2105
2025-11-19 19:29:42,923 DDP_Script [Rank 0] [INFO] epoch 15 train step time: 161.65 seconds
2025-11-19 19:29:42,925 DDP_Script [Rank 0] [INFO] epoch 15 끝 (local_steps=2105, global_steps=2105)
2025-11-19 19:29:43,501 DDP_Script [Rank 0] [INFO] val acc 90.14%
2025-11-19 19:29:43,512 DDP_Script [Rank 0] [INFO] Saving checkpoint to ./checkpoints/job-89806eedb229/latest_checkpoint.pth ...
2025-11-19 19:29:45,591 DDP_Script [Rank 0] [INFO] Successfully reported epoch 15/20 (Acc: 90.14%) to global server.
2025-11-19 19:29:45,593 DDP_Script [Rank 0] [INFO] epoch 16 시작
2025-11-19 19:29:45,604 DDP_Script [Rank 0] [INFO] DataLoader created with batch_size=32, num_workers=4
2025-11-19 19:29:45,606 DDP_Script [Rank 0] [INFO] 모든 노드 중 max_steps = 2105
2025-11-19 19:29:45,606 DDP_Script [Rank 0] [INFO] local_steps=2105, global_steps=2105
2025-11-19 19:32:27,232 DDP_Script [Rank 0] [INFO] epoch 16 train step time: 161.63 seconds
2025-11-19 19:32:27,233 DDP_Script [Rank 0] [INFO] epoch 16 끝 (local_steps=2105, global_steps=2105)
2025-11-19 19:32:27,772 DDP_Script [Rank 0] [INFO] val acc 88.76%
2025-11-19 19:32:27,799 DDP_Script [Rank 0] [INFO] Saving checkpoint to ./checkpoints/job-89806eedb229/latest_checkpoint.pth ...
2025-11-19 19:32:29,885 DDP_Script [Rank 0] [INFO] Successfully reported epoch 16/20 (Acc: 88.76%) to global server.
2025-11-19 19:32:29,886 DDP_Script [Rank 0] [INFO] epoch 17 시작
2025-11-19 19:32:29,898 DDP_Script [Rank 0] [INFO] DataLoader created with batch_size=32, num_workers=4
2025-11-19 19:32:29,899 DDP_Script [Rank 0] [INFO] 모든 노드 중 max_steps = 2105
2025-11-19 19:32:29,899 DDP_Script [Rank 0] [INFO] local_steps=2105, global_steps=2105
2025-11-19 19:35:08,645 DDP_Script [Rank 0] [INFO] epoch 17 train step time: 158.75 seconds
2025-11-19 19:35:08,646 DDP_Script [Rank 0] [INFO] epoch 17 끝 (local_steps=2105, global_steps=2105)
2025-11-19 19:35:09,174 DDP_Script [Rank 0] [INFO] val acc 88.07%
2025-11-19 19:35:09,187 DDP_Script [Rank 0] [INFO] Saving checkpoint to ./checkpoints/job-89806eedb229/latest_checkpoint.pth ...
2025-11-19 19:35:11,285 DDP_Script [Rank 0] [INFO] Successfully reported epoch 17/20 (Acc: 88.07%) to global server.
2025-11-19 19:35:11,287 DDP_Script [Rank 0] [INFO] epoch 18 시작
2025-11-19 19:35:11,305 DDP_Script [Rank 0] [INFO] DataLoader created with batch_size=32, num_workers=4
2025-11-19 19:35:11,306 DDP_Script [Rank 0] [INFO] 모든 노드 중 max_steps = 2105
2025-11-19 19:35:11,307 DDP_Script [Rank 0] [INFO] local_steps=2105, global_steps=2105
2025-11-19 19:37:53,078 DDP_Script [Rank 0] [INFO] epoch 18 train step time: 161.77 seconds
2025-11-19 19:37:53,079 DDP_Script [Rank 0] [INFO] epoch 18 끝 (local_steps=2105, global_steps=2105)
2025-11-19 19:37:53,618 DDP_Script [Rank 0] [INFO] val acc 88.42%
2025-11-19 19:37:53,648 DDP_Script [Rank 0] [INFO] Saving checkpoint to ./checkpoints/job-89806eedb229/latest_checkpoint.pth ...
2025-11-19 19:37:55,935 DDP_Script [Rank 0] [INFO] Successfully reported epoch 18/20 (Acc: 88.42%) to global server.
2025-11-19 19:37:55,937 DDP_Script [Rank 0] [INFO] epoch 19 시작
2025-11-19 19:37:55,948 DDP_Script [Rank 0] [INFO] DataLoader created with batch_size=32, num_workers=4
2025-11-19 19:37:55,949 DDP_Script [Rank 0] [INFO] 모든 노드 중 max_steps = 2105
2025-11-19 19:37:55,950 DDP_Script [Rank 0] [INFO] local_steps=2105, global_steps=2105
2025-11-19 19:40:38,131 DDP_Script [Rank 0] [INFO] epoch 19 train step time: 162.18 seconds
2025-11-19 19:40:38,132 DDP_Script [Rank 0] [INFO] epoch 19 끝 (local_steps=2105, global_steps=2105)
2025-11-19 19:40:38,660 DDP_Script [Rank 0] [INFO] val acc 89.91%
2025-11-19 19:40:38,671 DDP_Script [Rank 0] [INFO] Saving checkpoint to ./checkpoints/job-89806eedb229/latest_checkpoint.pth ...
2025-11-19 19:40:40,669 DDP_Script [Rank 0] [INFO] Successfully reported epoch 19/20 (Acc: 89.91%) to global server.
2025-11-19 19:40:40,670 DDP_Script [Rank 0] [INFO] epoch 20 시작
2025-11-19 19:40:40,682 DDP_Script [Rank 0] [INFO] DataLoader created with batch_size=32, num_workers=4
2025-11-19 19:40:40,684 DDP_Script [Rank 0] [INFO] 모든 노드 중 max_steps = 2105
2025-11-19 19:40:40,684 DDP_Script [Rank 0] [INFO] local_steps=2105, global_steps=2105
2025-11-19 19:43:19,551 DDP_Script [Rank 0] [INFO] epoch 20 train step time: 158.87 seconds
2025-11-19 19:43:19,553 DDP_Script [Rank 0] [INFO] epoch 20 끝 (local_steps=2105, global_steps=2105)
2025-11-19 19:43:20,087 DDP_Script [Rank 0] [INFO] val acc 90.37%
2025-11-19 19:43:20,100 DDP_Script [Rank 0] [INFO] Saving checkpoint to ./checkpoints/job-89806eedb229/latest_checkpoint.pth ...
2025-11-19 19:43:21,619 DDP_Script [Rank 0] [INFO] Successfully reported epoch 20/20 (Acc: 90.37%) to global server.
2025-11-19 19:43:21,622 DDP_Script [Rank 0] [INFO] Training completed successfully.
2025-11-19 19:43:21,635 DDP_Script [Rank 0] [INFO] Reported job completion to global server.
2025-11-19 19:43:21,636 DDP_Script [Rank 0] [INFO] Training loop finished.
