/nas2/data/dlwmznzl1/anaconda3/envs/Dist1/lib/python3.9/site-packages/torch/cuda/__init__.py:63: FutureWarning: The pynvml package is deprecated. Please install nvidia-ml-py instead. If you did not install pynvml directly, please report this to the maintainers of the package that installed pynvml for you.
  import pynvml  # type: ignore[import]
Current CUDA device index: 0
Current CUDA device name: NVIDIA RTX A5000
Master address: 163.180.160.60, port: 29511
2025-11-14 21:01:13,247 DDP_Script [Rank 0] [INFO] Node rank: 0, world size: 4
[Gloo] Rank 0 is connected to 3 peer ranks. Expected number of connected peer ranks is : 3
2025-11-14 21:01:16,511 DDP_Script [Rank 0] [INFO] Process group initialized: 163.180.160.60:29511
2025-11-14 21:01:16,511 DDP_Script [Rank 0] [INFO] Rank 0/4 initialized
/nas2/data/dlwmznzl1/anaconda3/envs/Dist1/lib/python3.9/site-packages/torchvision/models/_utils.py:208: UserWarning: The parameter 'pretrained' is deprecated since 0.13 and may be removed in the future, please use 'weights' instead.
  warnings.warn(
/nas2/data/dlwmznzl1/anaconda3/envs/Dist1/lib/python3.9/site-packages/torchvision/models/_utils.py:223: UserWarning: Arguments other than a weight enum or `None` for 'weights' are deprecated since 0.13 and may be removed in the future. The current behavior is equivalent to passing `weights=None`.
  warnings.warn(msg)
2025-11-14 21:01:18,605 DDP_Script [Rank 0] [INFO] Model, DDP, criterion, optimizer initialized
2025-11-14 21:01:18,709 DDP_Script [Rank 0] [INFO] Modules initialized
2025-11-14 21:01:18,712 DDP_Script [Rank 0] [INFO] Checkpoint directory created: ./checkpoints/job-cbf5b0007224
2025-11-14 21:01:18,712 DDP_Script [Rank 0] [INFO] Starting training from scratch (epoch 1).
2025-11-14 21:01:19,466 DDP_Script [Rank 0] [INFO] epoch 1 시작
2025-11-14 21:01:19,483 DDP_Script [Rank 0] [INFO] DataLoader created with batch_size=32, num_workers=4
2025-11-14 21:01:19,504 DDP_Script [Rank 0] [INFO] 모든 노드 중 max_steps = 391
2025-11-14 21:01:19,504 DDP_Script [Rank 0] [INFO] local_steps=391, global_steps=391
2025-11-14 21:02:31,589 DDP_Script [Rank 0] [INFO] epoch 1 train step time: 72.08 seconds
2025-11-14 21:02:31,605 DDP_Script [Rank 0] [INFO] epoch 1 끝 (local_steps=391, global_steps=391)
2025-11-14 21:02:34,782 DDP_Script [Rank 0] [INFO] val acc 36.37%
2025-11-14 21:02:35,830 DDP_Script [Rank 0] [INFO] Saving checkpoint to ./checkpoints/job-cbf5b0007224/latest_checkpoint.pth ...
2025-11-14 21:02:41,054 DDP_Script [Rank 0] [INFO] Successfully reported epoch 1/20 (Acc: 36.37%) to global server.
2025-11-14 21:02:41,082 DDP_Script [Rank 0] [INFO] epoch 2 시작
2025-11-14 21:02:41,092 DDP_Script [Rank 0] [INFO] DataLoader created with batch_size=32, num_workers=4
2025-11-14 21:02:41,134 DDP_Script [Rank 0] [INFO] 모든 노드 중 max_steps = 391
2025-11-14 21:02:41,134 DDP_Script [Rank 0] [INFO] local_steps=391, global_steps=391
2025-11-14 21:03:52,085 DDP_Script [Rank 0] [INFO] epoch 2 train step time: 70.95 seconds
2025-11-14 21:03:52,100 DDP_Script [Rank 0] [INFO] epoch 2 끝 (local_steps=391, global_steps=391)
2025-11-14 21:03:55,107 DDP_Script [Rank 0] [INFO] val acc 52.38%
2025-11-14 21:03:55,178 DDP_Script [Rank 0] [INFO] Saving checkpoint to ./checkpoints/job-cbf5b0007224/latest_checkpoint.pth ...
2025-11-14 21:04:04,537 DDP_Script [Rank 0] [INFO] Successfully reported epoch 2/20 (Acc: 52.38%) to global server.
2025-11-14 21:04:04,540 DDP_Script [Rank 0] [INFO] epoch 3 시작
2025-11-14 21:04:04,563 DDP_Script [Rank 0] [INFO] DataLoader created with batch_size=32, num_workers=4
2025-11-14 21:04:04,565 DDP_Script [Rank 0] [INFO] 모든 노드 중 max_steps = 391
2025-11-14 21:04:04,565 DDP_Script [Rank 0] [INFO] local_steps=391, global_steps=391
2025-11-14 21:05:16,541 DDP_Script [Rank 0] [INFO] epoch 3 train step time: 71.98 seconds
2025-11-14 21:05:16,567 DDP_Script [Rank 0] [INFO] epoch 3 끝 (local_steps=391, global_steps=391)
2025-11-14 21:05:19,674 DDP_Script [Rank 0] [INFO] val acc 57.94%
2025-11-14 21:05:19,812 DDP_Script [Rank 0] [INFO] Saving checkpoint to ./checkpoints/job-cbf5b0007224/latest_checkpoint.pth ...
2025-11-14 21:05:27,265 DDP_Script [Rank 0] [INFO] Successfully reported epoch 3/20 (Acc: 57.94%) to global server.
2025-11-14 21:05:27,268 DDP_Script [Rank 0] [INFO] epoch 4 시작
2025-11-14 21:05:27,288 DDP_Script [Rank 0] [INFO] DataLoader created with batch_size=32, num_workers=4
2025-11-14 21:05:27,297 DDP_Script [Rank 0] [INFO] 모든 노드 중 max_steps = 391
2025-11-14 21:05:27,297 DDP_Script [Rank 0] [INFO] local_steps=391, global_steps=391
2025-11-14 21:06:38,302 DDP_Script [Rank 0] [INFO] epoch 4 train step time: 71.00 seconds
2025-11-14 21:06:38,309 DDP_Script [Rank 0] [INFO] epoch 4 끝 (local_steps=391, global_steps=391)
2025-11-14 21:06:41,342 DDP_Script [Rank 0] [INFO] val acc 65.27%
2025-11-14 21:06:41,372 DDP_Script [Rank 0] [INFO] Saving checkpoint to ./checkpoints/job-cbf5b0007224/latest_checkpoint.pth ...
2025-11-14 21:06:50,081 DDP_Script [Rank 0] [INFO] Successfully reported epoch 4/20 (Acc: 65.27%) to global server.
2025-11-14 21:06:50,084 DDP_Script [Rank 0] [INFO] epoch 5 시작
2025-11-14 21:06:50,095 DDP_Script [Rank 0] [INFO] DataLoader created with batch_size=32, num_workers=4
2025-11-14 21:06:50,107 DDP_Script [Rank 0] [INFO] 모든 노드 중 max_steps = 391
2025-11-14 21:06:50,107 DDP_Script [Rank 0] [INFO] local_steps=391, global_steps=391
2025-11-14 21:08:01,134 DDP_Script [Rank 0] [INFO] epoch 5 train step time: 71.03 seconds
2025-11-14 21:08:01,153 DDP_Script [Rank 0] [INFO] epoch 5 끝 (local_steps=391, global_steps=391)
2025-11-14 21:08:04,212 DDP_Script [Rank 0] [INFO] val acc 67.78%
2025-11-14 21:08:04,572 DDP_Script [Rank 0] [INFO] Saving checkpoint to ./checkpoints/job-cbf5b0007224/latest_checkpoint.pth ...
2025-11-14 21:08:12,439 DDP_Script [Rank 0] [INFO] Successfully reported epoch 5/20 (Acc: 67.78%) to global server.
2025-11-14 21:08:12,442 DDP_Script [Rank 0] [INFO] epoch 6 시작
2025-11-14 21:08:12,465 DDP_Script [Rank 0] [INFO] DataLoader created with batch_size=32, num_workers=4
2025-11-14 21:08:12,472 DDP_Script [Rank 0] [INFO] 모든 노드 중 max_steps = 391
2025-11-14 21:08:12,472 DDP_Script [Rank 0] [INFO] local_steps=391, global_steps=391
2025-11-14 21:09:23,660 DDP_Script [Rank 0] [INFO] epoch 6 train step time: 71.19 seconds
2025-11-14 21:09:23,668 DDP_Script [Rank 0] [INFO] epoch 6 끝 (local_steps=391, global_steps=391)
2025-11-14 21:09:26,791 DDP_Script [Rank 0] [INFO] val acc 71.28%
2025-11-14 21:09:27,637 DDP_Script [Rank 0] [INFO] Saving checkpoint to ./checkpoints/job-cbf5b0007224/latest_checkpoint.pth ...
2025-11-14 21:09:33,853 DDP_Script [Rank 0] [INFO] Successfully reported epoch 6/20 (Acc: 71.28%) to global server.
2025-11-14 21:09:33,856 DDP_Script [Rank 0] [INFO] epoch 7 시작
2025-11-14 21:09:33,879 DDP_Script [Rank 0] [INFO] DataLoader created with batch_size=32, num_workers=4
2025-11-14 21:09:33,887 DDP_Script [Rank 0] [INFO] 모든 노드 중 max_steps = 391
2025-11-14 21:09:33,887 DDP_Script [Rank 0] [INFO] local_steps=391, global_steps=391
2025-11-14 21:10:45,796 DDP_Script [Rank 0] [INFO] epoch 7 train step time: 71.91 seconds
2025-11-14 21:10:45,814 DDP_Script [Rank 0] [INFO] epoch 7 끝 (local_steps=391, global_steps=391)
2025-11-14 21:10:49,010 DDP_Script [Rank 0] [INFO] val acc 74.85%
2025-11-14 21:10:49,041 DDP_Script [Rank 0] [INFO] Saving checkpoint to ./checkpoints/job-cbf5b0007224/latest_checkpoint.pth ...
2025-11-14 21:10:54,467 DDP_Script [Rank 0] [INFO] Successfully reported epoch 7/20 (Acc: 74.85%) to global server.
2025-11-14 21:10:54,470 DDP_Script [Rank 0] [INFO] epoch 8 시작
2025-11-14 21:10:54,495 DDP_Script [Rank 0] [INFO] DataLoader created with batch_size=32, num_workers=4
2025-11-14 21:10:54,499 DDP_Script [Rank 0] [INFO] 모든 노드 중 max_steps = 391
2025-11-14 21:10:54,499 DDP_Script [Rank 0] [INFO] local_steps=391, global_steps=391
2025-11-14 21:12:06,222 DDP_Script [Rank 0] [INFO] epoch 8 train step time: 71.72 seconds
2025-11-14 21:12:06,241 DDP_Script [Rank 0] [INFO] epoch 8 끝 (local_steps=391, global_steps=391)
2025-11-14 21:12:09,235 DDP_Script [Rank 0] [INFO] val acc 75.78%
2025-11-14 21:12:09,265 DDP_Script [Rank 0] [INFO] Saving checkpoint to ./checkpoints/job-cbf5b0007224/latest_checkpoint.pth ...
2025-11-14 21:12:15,925 DDP_Script [Rank 0] [INFO] Successfully reported epoch 8/20 (Acc: 75.78%) to global server.
2025-11-14 21:12:15,928 DDP_Script [Rank 0] [INFO] epoch 9 시작
2025-11-14 21:12:15,941 DDP_Script [Rank 0] [INFO] DataLoader created with batch_size=32, num_workers=4
2025-11-14 21:12:15,958 DDP_Script [Rank 0] [INFO] 모든 노드 중 max_steps = 391
2025-11-14 21:12:15,958 DDP_Script [Rank 0] [INFO] local_steps=391, global_steps=391
2025-11-14 21:13:26,784 DDP_Script [Rank 0] [INFO] epoch 9 train step time: 70.83 seconds
2025-11-14 21:13:26,798 DDP_Script [Rank 0] [INFO] epoch 9 끝 (local_steps=391, global_steps=391)
2025-11-14 21:13:29,859 DDP_Script [Rank 0] [INFO] val acc 75.95%
2025-11-14 21:13:30,433 DDP_Script [Rank 0] [INFO] Saving checkpoint to ./checkpoints/job-cbf5b0007224/latest_checkpoint.pth ...
2025-11-14 21:13:34,713 DDP_Script [Rank 0] [INFO] Successfully reported epoch 9/20 (Acc: 75.95%) to global server.
2025-11-14 21:13:34,716 DDP_Script [Rank 0] [INFO] epoch 10 시작
2025-11-14 21:13:34,742 DDP_Script [Rank 0] [INFO] DataLoader created with batch_size=32, num_workers=4
2025-11-14 21:13:34,744 DDP_Script [Rank 0] [INFO] 모든 노드 중 max_steps = 391
2025-11-14 21:13:34,744 DDP_Script [Rank 0] [INFO] local_steps=391, global_steps=391
2025-11-14 21:14:46,031 DDP_Script [Rank 0] [INFO] epoch 10 train step time: 71.29 seconds
2025-11-14 21:14:46,033 DDP_Script [Rank 0] [INFO] epoch 10 끝 (local_steps=391, global_steps=391)
2025-11-14 21:14:49,138 DDP_Script [Rank 0] [INFO] val acc 79.27%
2025-11-14 21:14:49,178 DDP_Script [Rank 0] [INFO] Saving checkpoint to ./checkpoints/job-cbf5b0007224/latest_checkpoint.pth ...
2025-11-14 21:14:57,005 DDP_Script [Rank 0] [INFO] Successfully reported epoch 10/20 (Acc: 79.27%) to global server.
2025-11-14 21:15:00,610 DDP_Script [Rank 0] [INFO] epoch 11 시작
2025-11-14 21:15:00,633 DDP_Script [Rank 0] [INFO] DataLoader created with batch_size=32, num_workers=4
2025-11-14 21:15:00,636 DDP_Script [Rank 0] [INFO] 모든 노드 중 max_steps = 391
2025-11-14 21:15:00,636 DDP_Script [Rank 0] [INFO] local_steps=391, global_steps=391
2025-11-14 21:16:12,057 DDP_Script [Rank 0] [INFO] epoch 11 train step time: 71.42 seconds
2025-11-14 21:16:12,069 DDP_Script [Rank 0] [INFO] epoch 11 끝 (local_steps=391, global_steps=391)
2025-11-14 21:16:15,125 DDP_Script [Rank 0] [INFO] val acc 80.34%
2025-11-14 21:16:15,192 DDP_Script [Rank 0] [INFO] Saving checkpoint to ./checkpoints/job-cbf5b0007224/latest_checkpoint.pth ...
2025-11-14 21:16:20,911 DDP_Script [Rank 0] [INFO] Successfully reported epoch 11/20 (Acc: 80.34%) to global server.
2025-11-14 21:16:20,915 DDP_Script [Rank 0] [INFO] epoch 12 시작
2025-11-14 21:16:20,930 DDP_Script [Rank 0] [INFO] DataLoader created with batch_size=32, num_workers=4
2025-11-14 21:16:20,942 DDP_Script [Rank 0] [INFO] 모든 노드 중 max_steps = 391
2025-11-14 21:16:20,942 DDP_Script [Rank 0] [INFO] local_steps=391, global_steps=391
2025-11-14 21:17:32,410 DDP_Script [Rank 0] [INFO] epoch 12 train step time: 71.47 seconds
2025-11-14 21:17:32,422 DDP_Script [Rank 0] [INFO] epoch 12 끝 (local_steps=391, global_steps=391)
2025-11-14 21:17:35,532 DDP_Script [Rank 0] [INFO] val acc 81.29%
2025-11-14 21:17:36,196 DDP_Script [Rank 0] [INFO] Saving checkpoint to ./checkpoints/job-cbf5b0007224/latest_checkpoint.pth ...
2025-11-14 21:17:45,903 DDP_Script [Rank 0] [INFO] Successfully reported epoch 12/20 (Acc: 81.29%) to global server.
2025-11-14 21:17:45,906 DDP_Script [Rank 0] [INFO] epoch 13 시작
2025-11-14 21:17:45,927 DDP_Script [Rank 0] [INFO] DataLoader created with batch_size=32, num_workers=4
2025-11-14 21:17:45,948 DDP_Script [Rank 0] [INFO] 모든 노드 중 max_steps = 391
2025-11-14 21:17:45,949 DDP_Script [Rank 0] [INFO] local_steps=391, global_steps=391
2025-11-14 21:18:57,515 DDP_Script [Rank 0] [INFO] epoch 13 train step time: 71.57 seconds
2025-11-14 21:18:57,533 DDP_Script [Rank 0] [INFO] epoch 13 끝 (local_steps=391, global_steps=391)
2025-11-14 21:19:00,630 DDP_Script [Rank 0] [INFO] val acc 80.67%
2025-11-14 21:19:00,660 DDP_Script [Rank 0] [INFO] Saving checkpoint to ./checkpoints/job-cbf5b0007224/latest_checkpoint.pth ...
2025-11-14 21:19:06,868 DDP_Script [Rank 0] [INFO] Successfully reported epoch 13/20 (Acc: 80.67%) to global server.
2025-11-14 21:19:06,871 DDP_Script [Rank 0] [INFO] epoch 14 시작
2025-11-14 21:19:06,899 DDP_Script [Rank 0] [INFO] DataLoader created with batch_size=32, num_workers=4
2025-11-14 21:19:06,900 DDP_Script [Rank 0] [INFO] 모든 노드 중 max_steps = 391
2025-11-14 21:19:06,900 DDP_Script [Rank 0] [INFO] local_steps=391, global_steps=391
2025-11-14 21:20:19,321 DDP_Script [Rank 0] [INFO] epoch 14 train step time: 72.42 seconds
2025-11-14 21:20:19,338 DDP_Script [Rank 0] [INFO] epoch 14 끝 (local_steps=391, global_steps=391)
2025-11-14 21:20:22,329 DDP_Script [Rank 0] [INFO] val acc 81.22%
2025-11-14 21:20:22,359 DDP_Script [Rank 0] [INFO] Saving checkpoint to ./checkpoints/job-cbf5b0007224/latest_checkpoint.pth ...
2025-11-14 21:20:29,706 DDP_Script [Rank 0] [INFO] Successfully reported epoch 14/20 (Acc: 81.22%) to global server.
2025-11-14 21:20:29,709 DDP_Script [Rank 0] [INFO] epoch 15 시작
2025-11-14 21:20:29,731 DDP_Script [Rank 0] [INFO] DataLoader created with batch_size=32, num_workers=4
2025-11-14 21:20:29,739 DDP_Script [Rank 0] [INFO] 모든 노드 중 max_steps = 391
2025-11-14 21:20:29,739 DDP_Script [Rank 0] [INFO] local_steps=391, global_steps=391
2025-11-14 21:21:42,299 DDP_Script [Rank 0] [INFO] epoch 15 train step time: 72.56 seconds
2025-11-14 21:21:42,314 DDP_Script [Rank 0] [INFO] epoch 15 끝 (local_steps=391, global_steps=391)
2025-11-14 21:21:45,415 DDP_Script [Rank 0] [INFO] val acc 85.23%
2025-11-14 21:21:45,452 DDP_Script [Rank 0] [INFO] Saving checkpoint to ./checkpoints/job-cbf5b0007224/latest_checkpoint.pth ...
2025-11-14 21:21:52,562 DDP_Script [Rank 0] [INFO] Successfully reported epoch 15/20 (Acc: 85.23%) to global server.
2025-11-14 21:21:52,575 DDP_Script [Rank 0] [INFO] epoch 16 시작
2025-11-14 21:21:52,596 DDP_Script [Rank 0] [INFO] DataLoader created with batch_size=32, num_workers=4
2025-11-14 21:21:52,633 DDP_Script [Rank 0] [INFO] 모든 노드 중 max_steps = 391
2025-11-14 21:21:52,634 DDP_Script [Rank 0] [INFO] local_steps=391, global_steps=391
2025-11-14 21:23:04,649 DDP_Script [Rank 0] [INFO] epoch 16 train step time: 72.01 seconds
2025-11-14 21:23:04,669 DDP_Script [Rank 0] [INFO] epoch 16 끝 (local_steps=391, global_steps=391)
2025-11-14 21:23:07,683 DDP_Script [Rank 0] [INFO] val acc 84.59%
2025-11-14 21:23:07,715 DDP_Script [Rank 0] [INFO] Saving checkpoint to ./checkpoints/job-cbf5b0007224/latest_checkpoint.pth ...
2025-11-14 21:23:16,137 DDP_Script [Rank 0] [INFO] Successfully reported epoch 16/20 (Acc: 84.59%) to global server.
2025-11-14 21:23:16,140 DDP_Script [Rank 0] [INFO] epoch 17 시작
2025-11-14 21:23:16,164 DDP_Script [Rank 0] [INFO] DataLoader created with batch_size=32, num_workers=4
2025-11-14 21:23:16,166 DDP_Script [Rank 0] [INFO] 모든 노드 중 max_steps = 391
2025-11-14 21:23:16,166 DDP_Script [Rank 0] [INFO] local_steps=391, global_steps=391
2025-11-14 21:24:28,188 DDP_Script [Rank 0] [INFO] epoch 17 train step time: 72.02 seconds
2025-11-14 21:24:28,199 DDP_Script [Rank 0] [INFO] epoch 17 끝 (local_steps=391, global_steps=391)
2025-11-14 21:24:31,266 DDP_Script [Rank 0] [INFO] val acc 84.72%
2025-11-14 21:24:31,304 DDP_Script [Rank 0] [INFO] Saving checkpoint to ./checkpoints/job-cbf5b0007224/latest_checkpoint.pth ...
2025-11-14 21:24:38,529 DDP_Script [Rank 0] [INFO] Successfully reported epoch 17/20 (Acc: 84.72%) to global server.
2025-11-14 21:24:38,532 DDP_Script [Rank 0] [INFO] epoch 18 시작
2025-11-14 21:24:38,545 DDP_Script [Rank 0] [INFO] DataLoader created with batch_size=32, num_workers=4
2025-11-14 21:24:38,558 DDP_Script [Rank 0] [INFO] 모든 노드 중 max_steps = 391
2025-11-14 21:24:38,558 DDP_Script [Rank 0] [INFO] local_steps=391, global_steps=391
2025-11-14 21:25:49,537 DDP_Script [Rank 0] [INFO] epoch 18 train step time: 70.98 seconds
2025-11-14 21:25:49,559 DDP_Script [Rank 0] [INFO] epoch 18 끝 (local_steps=391, global_steps=391)
2025-11-14 21:25:52,689 DDP_Script [Rank 0] [INFO] val acc 85.55%
2025-11-14 21:25:53,496 DDP_Script [Rank 0] [INFO] Saving checkpoint to ./checkpoints/job-cbf5b0007224/latest_checkpoint.pth ...
2025-11-14 21:25:56,904 DDP_Script [Rank 0] [INFO] Successfully reported epoch 18/20 (Acc: 85.55%) to global server.
2025-11-14 21:25:56,907 DDP_Script [Rank 0] [INFO] epoch 19 시작
2025-11-14 21:25:56,926 DDP_Script [Rank 0] [INFO] DataLoader created with batch_size=32, num_workers=4
2025-11-14 21:25:56,933 DDP_Script [Rank 0] [INFO] 모든 노드 중 max_steps = 391
2025-11-14 21:25:56,933 DDP_Script [Rank 0] [INFO] local_steps=391, global_steps=391
2025-11-14 21:27:10,018 DDP_Script [Rank 0] [INFO] epoch 19 train step time: 73.08 seconds
2025-11-14 21:27:10,030 DDP_Script [Rank 0] [INFO] epoch 19 끝 (local_steps=391, global_steps=391)
2025-11-14 21:27:13,072 DDP_Script [Rank 0] [INFO] val acc 86.37%
2025-11-14 21:27:13,126 DDP_Script [Rank 0] [INFO] Saving checkpoint to ./checkpoints/job-cbf5b0007224/latest_checkpoint.pth ...
2025-11-14 21:27:21,167 DDP_Script [Rank 0] [INFO] Successfully reported epoch 19/20 (Acc: 86.37%) to global server.
2025-11-14 21:27:21,170 DDP_Script [Rank 0] [INFO] epoch 20 시작
2025-11-14 21:27:21,184 DDP_Script [Rank 0] [INFO] DataLoader created with batch_size=32, num_workers=4
2025-11-14 21:27:21,200 DDP_Script [Rank 0] [INFO] 모든 노드 중 max_steps = 391
2025-11-14 21:27:21,200 DDP_Script [Rank 0] [INFO] local_steps=391, global_steps=391
2025-11-14 21:28:33,502 DDP_Script [Rank 0] [INFO] epoch 20 train step time: 72.30 seconds
2025-11-14 21:28:33,516 DDP_Script [Rank 0] [INFO] epoch 20 끝 (local_steps=391, global_steps=391)
2025-11-14 21:28:36,605 DDP_Script [Rank 0] [INFO] val acc 86.82%
2025-11-14 21:28:36,672 DDP_Script [Rank 0] [INFO] Saving checkpoint to ./checkpoints/job-cbf5b0007224/latest_checkpoint.pth ...
2025-11-14 21:28:45,001 DDP_Script [Rank 0] [INFO] Successfully reported epoch 20/20 (Acc: 86.82%) to global server.
2025-11-14 21:28:45,005 DDP_Script [Rank 0] [INFO] Training completed successfully.
2025-11-14 21:28:45,005 DDP_Script [Rank 0] [INFO] Training loop finished.
