/nas2/data/dlwmznzl1/anaconda3/envs/Dist1/lib/python3.9/site-packages/torch/cuda/__init__.py:63: FutureWarning: The pynvml package is deprecated. Please install nvidia-ml-py instead. If you did not install pynvml directly, please report this to the maintainers of the package that installed pynvml for you.
  import pynvml  # type: ignore[import]
Current CUDA device index: 0
Current CUDA device name: NVIDIA RTX A5000
Master address: 163.180.160.62, port: 29555
2025-11-17 20:09:47,425 DDP_Script [Rank 0] [INFO] Node rank: 0, world size: 1
[Gloo] Rank 0 is connected to 0 peer ranks. Expected number of connected peer ranks is : 0
2025-11-17 20:09:47,432 DDP_Script [Rank 0] [INFO] Process group initialized: 163.180.160.62:29555
2025-11-17 20:09:47,432 DDP_Script [Rank 0] [INFO] Rank 0/1 initialized
2025-11-17 20:09:47,432 DDP_Script [Rank 0] [INFO] Rank 0 downloading tokenizer: distilbert-base-uncased
2025-11-17 20:09:48,171 DDP_Script [Rank 0] [INFO] Rank 0 downloading dataset: glue/sst2
2025-11-17 20:09:53,361 DDP_Script [Rank 0] [INFO] Tokenizing datasets...
2025-11-17 20:09:53,387 DDP_Script [Rank 0] [INFO] SST-2 Dataset and Tokenizer loaded.
2025-11-17 20:09:53,388 DDP_Script [Rank 0] [INFO] Rank 0 downloading model: distilbert-base-uncased
Some weights of DistilBertForSequenceClassification were not initialized from the model checkpoint at distilbert-base-uncased and are newly initialized: ['classifier.bias', 'classifier.weight', 'pre_classifier.bias', 'pre_classifier.weight']
You should probably TRAIN this model on a down-stream task to be able to use it for predictions and inference.
2025-11-17 20:09:54,340 DDP_Script [Rank 0] [INFO] Model (DistilBert), DDP, optimizer (AdamW) initialized
2025-11-17 20:09:54,367 DDP_Script [Rank 0] [INFO] Modules initialized
2025-11-17 20:09:54,368 DDP_Script [Rank 0] [INFO] Checkpoint directory created: ./checkpoints/job-fb1fad594ba7
2025-11-17 20:09:54,368 DDP_Script [Rank 0] [INFO] Starting training from scratch (epoch 1).
2025-11-17 20:09:54,369 DDP_Script [Rank 0] [INFO] epoch 1 시작
2025-11-17 20:09:54,386 DDP_Script [Rank 0] [INFO] DataLoader created with batch_size=32, num_workers=4
2025-11-17 20:09:54,388 DDP_Script [Rank 0] [INFO] 모든 노드 중 max_steps = 2105
2025-11-17 20:09:54,388 DDP_Script [Rank 0] [INFO] local_steps=2105, global_steps=2105
2025-11-17 20:13:26,862 DDP_Script [Rank 0] [INFO] epoch 1 train step time: 212.47 seconds
2025-11-17 20:13:26,863 DDP_Script [Rank 0] [INFO] epoch 1 끝 (local_steps=2105, global_steps=2105)
2025-11-17 20:13:27,433 DDP_Script [Rank 0] [INFO] val acc 90.83%
2025-11-17 20:13:27,448 DDP_Script [Rank 0] [INFO] Saving checkpoint to ./checkpoints/job-fb1fad594ba7/latest_checkpoint.pth ...
2025-11-17 20:13:30,003 DDP_Script [Rank 0] [INFO] Successfully reported epoch 1/20 (Acc: 90.83%) to global server.
2025-11-17 20:13:30,004 DDP_Script [Rank 0] [INFO] epoch 2 시작
2025-11-17 20:13:30,021 DDP_Script [Rank 0] [INFO] DataLoader created with batch_size=32, num_workers=4
2025-11-17 20:13:30,022 DDP_Script [Rank 0] [INFO] 모든 노드 중 max_steps = 2105
2025-11-17 20:13:30,022 DDP_Script [Rank 0] [INFO] local_steps=2105, global_steps=2105
2025-11-17 20:16:58,465 DDP_Script [Rank 0] [INFO] epoch 2 train step time: 208.44 seconds
2025-11-17 20:16:58,466 DDP_Script [Rank 0] [INFO] epoch 2 끝 (local_steps=2105, global_steps=2105)
2025-11-17 20:16:59,011 DDP_Script [Rank 0] [INFO] val acc 90.60%
2025-11-17 20:16:59,024 DDP_Script [Rank 0] [INFO] Saving checkpoint to ./checkpoints/job-fb1fad594ba7/latest_checkpoint.pth ...
2025-11-17 20:17:01,749 DDP_Script [Rank 0] [INFO] Successfully reported epoch 2/20 (Acc: 90.60%) to global server.
2025-11-17 20:17:01,750 DDP_Script [Rank 0] [INFO] epoch 3 시작
2025-11-17 20:17:01,764 DDP_Script [Rank 0] [INFO] DataLoader created with batch_size=32, num_workers=4
2025-11-17 20:17:01,765 DDP_Script [Rank 0] [INFO] 모든 노드 중 max_steps = 2105
2025-11-17 20:17:01,766 DDP_Script [Rank 0] [INFO] local_steps=2105, global_steps=2105
2025-11-17 20:20:25,828 DDP_Script [Rank 0] [INFO] epoch 3 train step time: 204.06 seconds
2025-11-17 20:20:25,830 DDP_Script [Rank 0] [INFO] epoch 3 끝 (local_steps=2105, global_steps=2105)
2025-11-17 20:20:26,417 DDP_Script [Rank 0] [INFO] val acc 90.60%
2025-11-17 20:20:26,427 DDP_Script [Rank 0] [INFO] Saving checkpoint to ./checkpoints/job-fb1fad594ba7/latest_checkpoint.pth ...
2025-11-17 20:20:29,117 DDP_Script [Rank 0] [INFO] Successfully reported epoch 3/20 (Acc: 90.60%) to global server.
2025-11-17 20:20:29,118 DDP_Script [Rank 0] [INFO] epoch 4 시작
2025-11-17 20:20:29,133 DDP_Script [Rank 0] [INFO] DataLoader created with batch_size=32, num_workers=4
2025-11-17 20:20:29,134 DDP_Script [Rank 0] [INFO] 모든 노드 중 max_steps = 2105
2025-11-17 20:20:29,134 DDP_Script [Rank 0] [INFO] local_steps=2105, global_steps=2105
2025-11-17 20:23:18,717 DDP_Script [Rank 0] [INFO] epoch 4 train step time: 169.58 seconds
2025-11-17 20:23:18,719 DDP_Script [Rank 0] [INFO] epoch 4 끝 (local_steps=2105, global_steps=2105)
2025-11-17 20:23:19,355 DDP_Script [Rank 0] [INFO] val acc 90.25%
2025-11-17 20:23:19,393 DDP_Script [Rank 0] [INFO] Saving checkpoint to ./checkpoints/job-fb1fad594ba7/latest_checkpoint.pth ...
2025-11-17 20:23:22,294 DDP_Script [Rank 0] [INFO] Successfully reported epoch 4/20 (Acc: 90.25%) to global server.
2025-11-17 20:23:22,296 DDP_Script [Rank 0] [INFO] epoch 5 시작
2025-11-17 20:23:22,321 DDP_Script [Rank 0] [INFO] DataLoader created with batch_size=32, num_workers=4
2025-11-17 20:23:22,322 DDP_Script [Rank 0] [INFO] 모든 노드 중 max_steps = 2105
2025-11-17 20:23:22,322 DDP_Script [Rank 0] [INFO] local_steps=2105, global_steps=2105
2025-11-17 20:26:05,043 DDP_Script [Rank 0] [INFO] epoch 5 train step time: 162.72 seconds
2025-11-17 20:26:05,045 DDP_Script [Rank 0] [INFO] epoch 5 끝 (local_steps=2105, global_steps=2105)
2025-11-17 20:26:05,619 DDP_Script [Rank 0] [INFO] val acc 90.37%
2025-11-17 20:26:05,641 DDP_Script [Rank 0] [INFO] Saving checkpoint to ./checkpoints/job-fb1fad594ba7/latest_checkpoint.pth ...
2025-11-17 20:26:08,332 DDP_Script [Rank 0] [INFO] Successfully reported epoch 5/20 (Acc: 90.37%) to global server.
2025-11-17 20:26:08,473 DDP_Script [Rank 0] [INFO] epoch 6 시작
2025-11-17 20:26:08,500 DDP_Script [Rank 0] [INFO] DataLoader created with batch_size=32, num_workers=4
2025-11-17 20:26:08,502 DDP_Script [Rank 0] [INFO] 모든 노드 중 max_steps = 2105
2025-11-17 20:26:08,502 DDP_Script [Rank 0] [INFO] local_steps=2105, global_steps=2105
2025-11-17 20:28:51,768 DDP_Script [Rank 0] [INFO] epoch 6 train step time: 163.26 seconds
2025-11-17 20:28:51,770 DDP_Script [Rank 0] [INFO] epoch 6 끝 (local_steps=2105, global_steps=2105)
2025-11-17 20:28:52,372 DDP_Script [Rank 0] [INFO] val acc 89.45%
2025-11-17 20:28:52,385 DDP_Script [Rank 0] [INFO] Saving checkpoint to ./checkpoints/job-fb1fad594ba7/latest_checkpoint.pth ...
2025-11-17 20:28:55,200 DDP_Script [Rank 0] [INFO] Successfully reported epoch 6/20 (Acc: 89.45%) to global server.
2025-11-17 20:28:55,203 DDP_Script [Rank 0] [INFO] epoch 7 시작
2025-11-17 20:28:55,229 DDP_Script [Rank 0] [INFO] DataLoader created with batch_size=32, num_workers=4
2025-11-17 20:28:55,231 DDP_Script [Rank 0] [INFO] 모든 노드 중 max_steps = 2105
2025-11-17 20:28:55,231 DDP_Script [Rank 0] [INFO] local_steps=2105, global_steps=2105
2025-11-17 20:31:38,169 DDP_Script [Rank 0] [INFO] epoch 7 train step time: 162.94 seconds
2025-11-17 20:31:38,171 DDP_Script [Rank 0] [INFO] epoch 7 끝 (local_steps=2105, global_steps=2105)
2025-11-17 20:31:38,748 DDP_Script [Rank 0] [INFO] val acc 90.25%
2025-11-17 20:31:38,760 DDP_Script [Rank 0] [INFO] Saving checkpoint to ./checkpoints/job-fb1fad594ba7/latest_checkpoint.pth ...
2025-11-17 20:31:41,448 DDP_Script [Rank 0] [INFO] Successfully reported epoch 7/20 (Acc: 90.25%) to global server.
2025-11-17 20:31:41,450 DDP_Script [Rank 0] [INFO] epoch 8 시작
2025-11-17 20:31:41,465 DDP_Script [Rank 0] [INFO] DataLoader created with batch_size=32, num_workers=4
2025-11-17 20:31:41,467 DDP_Script [Rank 0] [INFO] 모든 노드 중 max_steps = 2105
2025-11-17 20:31:41,467 DDP_Script [Rank 0] [INFO] local_steps=2105, global_steps=2105
2025-11-17 20:34:06,383 DDP_Script [Rank 0] [INFO] epoch 8 train step time: 144.92 seconds
2025-11-17 20:34:06,385 DDP_Script [Rank 0] [INFO] epoch 8 끝 (local_steps=2105, global_steps=2105)
2025-11-17 20:34:06,967 DDP_Script [Rank 0] [INFO] val acc 89.45%
2025-11-17 20:34:06,985 DDP_Script [Rank 0] [INFO] Saving checkpoint to ./checkpoints/job-fb1fad594ba7/latest_checkpoint.pth ...
2025-11-17 20:34:09,914 DDP_Script [Rank 0] [INFO] Successfully reported epoch 8/20 (Acc: 89.45%) to global server.
2025-11-17 20:34:09,915 DDP_Script [Rank 0] [INFO] epoch 9 시작
2025-11-17 20:34:09,928 DDP_Script [Rank 0] [INFO] DataLoader created with batch_size=32, num_workers=4
2025-11-17 20:34:09,929 DDP_Script [Rank 0] [INFO] 모든 노드 중 max_steps = 2105
2025-11-17 20:34:09,930 DDP_Script [Rank 0] [INFO] local_steps=2105, global_steps=2105
2025-11-17 20:36:29,650 DDP_Script [Rank 0] [INFO] epoch 9 train step time: 139.72 seconds
2025-11-17 20:36:29,651 DDP_Script [Rank 0] [INFO] epoch 9 끝 (local_steps=2105, global_steps=2105)
2025-11-17 20:36:30,229 DDP_Script [Rank 0] [INFO] val acc 89.22%
2025-11-17 20:36:30,236 DDP_Script [Rank 0] [INFO] Saving checkpoint to ./checkpoints/job-fb1fad594ba7/latest_checkpoint.pth ...
2025-11-17 20:36:32,465 DDP_Script [Rank 0] [INFO] Successfully reported epoch 9/20 (Acc: 89.22%) to global server.
2025-11-17 20:36:32,466 DDP_Script [Rank 0] [INFO] epoch 10 시작
2025-11-17 20:36:32,483 DDP_Script [Rank 0] [INFO] DataLoader created with batch_size=32, num_workers=4
2025-11-17 20:36:32,485 DDP_Script [Rank 0] [INFO] 모든 노드 중 max_steps = 2105
2025-11-17 20:36:32,485 DDP_Script [Rank 0] [INFO] local_steps=2105, global_steps=2105
2025-11-17 20:38:50,007 DDP_Script [Rank 0] [INFO] epoch 10 train step time: 137.52 seconds
2025-11-17 20:38:50,008 DDP_Script [Rank 0] [INFO] epoch 10 끝 (local_steps=2105, global_steps=2105)
2025-11-17 20:38:50,594 DDP_Script [Rank 0] [INFO] val acc 90.02%
2025-11-17 20:38:50,614 DDP_Script [Rank 0] [INFO] Saving checkpoint to ./checkpoints/job-fb1fad594ba7/latest_checkpoint.pth ...
2025-11-17 20:38:53,212 DDP_Script [Rank 0] [INFO] Successfully reported epoch 10/20 (Acc: 90.02%) to global server.
2025-11-17 20:38:53,214 DDP_Script [Rank 0] [INFO] epoch 11 시작
2025-11-17 20:38:53,227 DDP_Script [Rank 0] [INFO] DataLoader created with batch_size=32, num_workers=4
2025-11-17 20:38:53,229 DDP_Script [Rank 0] [INFO] 모든 노드 중 max_steps = 2105
2025-11-17 20:38:53,229 DDP_Script [Rank 0] [INFO] local_steps=2105, global_steps=2105
2025-11-17 20:41:12,196 DDP_Script [Rank 0] [INFO] epoch 11 train step time: 138.97 seconds
2025-11-17 20:41:12,197 DDP_Script [Rank 0] [INFO] epoch 11 끝 (local_steps=2105, global_steps=2105)
2025-11-17 20:41:12,793 DDP_Script [Rank 0] [INFO] val acc 89.11%
2025-11-17 20:41:12,813 DDP_Script [Rank 0] [INFO] Saving checkpoint to ./checkpoints/job-fb1fad594ba7/latest_checkpoint.pth ...
2025-11-17 20:41:15,685 DDP_Script [Rank 0] [INFO] Successfully reported epoch 11/20 (Acc: 89.11%) to global server.
2025-11-17 20:41:15,715 DDP_Script [Rank 0] [INFO] epoch 12 시작
2025-11-17 20:41:15,738 DDP_Script [Rank 0] [INFO] DataLoader created with batch_size=32, num_workers=4
2025-11-17 20:41:15,741 DDP_Script [Rank 0] [INFO] 모든 노드 중 max_steps = 2105
2025-11-17 20:41:15,741 DDP_Script [Rank 0] [INFO] local_steps=2105, global_steps=2105
2025-11-17 20:43:33,854 DDP_Script [Rank 0] [INFO] epoch 12 train step time: 138.11 seconds
2025-11-17 20:43:33,855 DDP_Script [Rank 0] [INFO] epoch 12 끝 (local_steps=2105, global_steps=2105)
2025-11-17 20:43:34,438 DDP_Script [Rank 0] [INFO] val acc 88.99%
2025-11-17 20:43:34,453 DDP_Script [Rank 0] [INFO] Saving checkpoint to ./checkpoints/job-fb1fad594ba7/latest_checkpoint.pth ...
2025-11-17 20:43:36,243 DDP_Script [Rank 0] [INFO] Successfully reported epoch 12/20 (Acc: 88.99%) to global server.
2025-11-17 20:43:36,245 DDP_Script [Rank 0] [INFO] epoch 13 시작
2025-11-17 20:43:36,265 DDP_Script [Rank 0] [INFO] DataLoader created with batch_size=32, num_workers=4
2025-11-17 20:43:36,267 DDP_Script [Rank 0] [INFO] 모든 노드 중 max_steps = 2105
2025-11-17 20:43:36,267 DDP_Script [Rank 0] [INFO] local_steps=2105, global_steps=2105
2025-11-17 20:45:55,914 DDP_Script [Rank 0] [INFO] epoch 13 train step time: 139.65 seconds
2025-11-17 20:45:55,916 DDP_Script [Rank 0] [INFO] epoch 13 끝 (local_steps=2105, global_steps=2105)
2025-11-17 20:45:56,533 DDP_Script [Rank 0] [INFO] val acc 90.48%
2025-11-17 20:45:56,552 DDP_Script [Rank 0] [INFO] Saving checkpoint to ./checkpoints/job-fb1fad594ba7/latest_checkpoint.pth ...
2025-11-17 20:45:59,216 DDP_Script [Rank 0] [INFO] Successfully reported epoch 13/20 (Acc: 90.48%) to global server.
2025-11-17 20:45:59,217 DDP_Script [Rank 0] [INFO] epoch 14 시작
2025-11-17 20:45:59,231 DDP_Script [Rank 0] [INFO] DataLoader created with batch_size=32, num_workers=4
2025-11-17 20:45:59,233 DDP_Script [Rank 0] [INFO] 모든 노드 중 max_steps = 2105
2025-11-17 20:45:59,233 DDP_Script [Rank 0] [INFO] local_steps=2105, global_steps=2105
2025-11-17 20:48:18,156 DDP_Script [Rank 0] [INFO] epoch 14 train step time: 138.92 seconds
2025-11-17 20:48:18,158 DDP_Script [Rank 0] [INFO] epoch 14 끝 (local_steps=2105, global_steps=2105)
2025-11-17 20:48:18,727 DDP_Script [Rank 0] [INFO] val acc 90.71%
2025-11-17 20:48:18,742 DDP_Script [Rank 0] [INFO] Saving checkpoint to ./checkpoints/job-fb1fad594ba7/latest_checkpoint.pth ...
2025-11-17 20:48:21,345 DDP_Script [Rank 0] [INFO] Successfully reported epoch 14/20 (Acc: 90.71%) to global server.
2025-11-17 20:48:21,347 DDP_Script [Rank 0] [INFO] epoch 15 시작
2025-11-17 20:48:21,362 DDP_Script [Rank 0] [INFO] DataLoader created with batch_size=32, num_workers=4
2025-11-17 20:48:21,364 DDP_Script [Rank 0] [INFO] 모든 노드 중 max_steps = 2105
2025-11-17 20:48:21,364 DDP_Script [Rank 0] [INFO] local_steps=2105, global_steps=2105
2025-11-17 20:50:36,782 DDP_Script [Rank 0] [INFO] epoch 15 train step time: 135.42 seconds
2025-11-17 20:50:36,783 DDP_Script [Rank 0] [INFO] epoch 15 끝 (local_steps=2105, global_steps=2105)
2025-11-17 20:50:37,357 DDP_Script [Rank 0] [INFO] val acc 90.37%
2025-11-17 20:50:37,377 DDP_Script [Rank 0] [INFO] Saving checkpoint to ./checkpoints/job-fb1fad594ba7/latest_checkpoint.pth ...
2025-11-17 20:50:39,973 DDP_Script [Rank 0] [INFO] Successfully reported epoch 15/20 (Acc: 90.37%) to global server.
2025-11-17 20:50:39,974 DDP_Script [Rank 0] [INFO] epoch 16 시작
2025-11-17 20:50:39,986 DDP_Script [Rank 0] [INFO] DataLoader created with batch_size=32, num_workers=4
2025-11-17 20:50:39,988 DDP_Script [Rank 0] [INFO] 모든 노드 중 max_steps = 2105
2025-11-17 20:50:39,988 DDP_Script [Rank 0] [INFO] local_steps=2105, global_steps=2105
2025-11-17 20:52:59,322 DDP_Script [Rank 0] [INFO] epoch 16 train step time: 139.33 seconds
2025-11-17 20:52:59,323 DDP_Script [Rank 0] [INFO] epoch 16 끝 (local_steps=2105, global_steps=2105)
2025-11-17 20:52:59,903 DDP_Script [Rank 0] [INFO] val acc 90.02%
2025-11-17 20:52:59,924 DDP_Script [Rank 0] [INFO] Saving checkpoint to ./checkpoints/job-fb1fad594ba7/latest_checkpoint.pth ...
2025-11-17 20:53:02,567 DDP_Script [Rank 0] [INFO] Successfully reported epoch 16/20 (Acc: 90.02%) to global server.
2025-11-17 20:53:02,569 DDP_Script [Rank 0] [INFO] epoch 17 시작
2025-11-17 20:53:02,583 DDP_Script [Rank 0] [INFO] DataLoader created with batch_size=32, num_workers=4
2025-11-17 20:53:02,585 DDP_Script [Rank 0] [INFO] 모든 노드 중 max_steps = 2105
2025-11-17 20:53:02,585 DDP_Script [Rank 0] [INFO] local_steps=2105, global_steps=2105
2025-11-17 20:55:20,380 DDP_Script [Rank 0] [INFO] epoch 17 train step time: 137.79 seconds
2025-11-17 20:55:20,382 DDP_Script [Rank 0] [INFO] epoch 17 끝 (local_steps=2105, global_steps=2105)
2025-11-17 20:55:20,978 DDP_Script [Rank 0] [INFO] val acc 89.91%
2025-11-17 20:55:20,991 DDP_Script [Rank 0] [INFO] Saving checkpoint to ./checkpoints/job-fb1fad594ba7/latest_checkpoint.pth ...
2025-11-17 20:55:23,650 DDP_Script [Rank 0] [INFO] Successfully reported epoch 17/20 (Acc: 89.91%) to global server.
2025-11-17 20:55:23,652 DDP_Script [Rank 0] [INFO] epoch 18 시작
2025-11-17 20:55:23,708 DDP_Script [Rank 0] [INFO] DataLoader created with batch_size=32, num_workers=4
2025-11-17 20:55:23,711 DDP_Script [Rank 0] [INFO] 모든 노드 중 max_steps = 2105
2025-11-17 20:55:23,711 DDP_Script [Rank 0] [INFO] local_steps=2105, global_steps=2105
2025-11-17 20:58:04,847 DDP_Script [Rank 0] [INFO] epoch 18 train step time: 161.14 seconds
2025-11-17 20:58:04,848 DDP_Script [Rank 0] [INFO] epoch 18 끝 (local_steps=2105, global_steps=2105)
2025-11-17 20:58:05,423 DDP_Script [Rank 0] [INFO] val acc 90.14%
2025-11-17 20:58:05,441 DDP_Script [Rank 0] [INFO] Saving checkpoint to ./checkpoints/job-fb1fad594ba7/latest_checkpoint.pth ...
2025-11-17 20:58:08,148 DDP_Script [Rank 0] [INFO] Successfully reported epoch 18/20 (Acc: 90.14%) to global server.
2025-11-17 20:58:08,149 DDP_Script [Rank 0] [INFO] epoch 19 시작
2025-11-17 20:58:08,162 DDP_Script [Rank 0] [INFO] DataLoader created with batch_size=32, num_workers=4
2025-11-17 20:58:08,164 DDP_Script [Rank 0] [INFO] 모든 노드 중 max_steps = 2105
2025-11-17 20:58:08,164 DDP_Script [Rank 0] [INFO] local_steps=2105, global_steps=2105
2025-11-17 21:00:52,430 DDP_Script [Rank 0] [INFO] epoch 19 train step time: 164.27 seconds
2025-11-17 21:00:52,431 DDP_Script [Rank 0] [INFO] epoch 19 끝 (local_steps=2105, global_steps=2105)
2025-11-17 21:00:53,009 DDP_Script [Rank 0] [INFO] val acc 89.45%
2025-11-17 21:00:53,034 DDP_Script [Rank 0] [INFO] Saving checkpoint to ./checkpoints/job-fb1fad594ba7/latest_checkpoint.pth ...
2025-11-17 21:00:55,482 DDP_Script [Rank 0] [INFO] Successfully reported epoch 19/20 (Acc: 89.45%) to global server.
2025-11-17 21:00:55,484 DDP_Script [Rank 0] [INFO] epoch 20 시작
2025-11-17 21:00:55,519 DDP_Script [Rank 0] [INFO] DataLoader created with batch_size=32, num_workers=4
2025-11-17 21:00:55,520 DDP_Script [Rank 0] [INFO] 모든 노드 중 max_steps = 2105
2025-11-17 21:00:55,521 DDP_Script [Rank 0] [INFO] local_steps=2105, global_steps=2105
2025-11-17 21:03:41,002 DDP_Script [Rank 0] [INFO] epoch 20 train step time: 165.48 seconds
2025-11-17 21:03:41,005 DDP_Script [Rank 0] [INFO] epoch 20 끝 (local_steps=2105, global_steps=2105)
2025-11-17 21:03:41,570 DDP_Script [Rank 0] [INFO] val acc 90.14%
2025-11-17 21:03:41,616 DDP_Script [Rank 0] [INFO] Saving checkpoint to ./checkpoints/job-fb1fad594ba7/latest_checkpoint.pth ...
2025-11-17 21:03:44,399 DDP_Script [Rank 0] [INFO] Successfully reported epoch 20/20 (Acc: 90.14%) to global server.
2025-11-17 21:03:44,400 DDP_Script [Rank 0] [INFO] Training completed successfully.
2025-11-17 21:03:44,519 DDP_Script [Rank 0] [INFO] Reported job completion to global server.
2025-11-17 21:03:44,520 DDP_Script [Rank 0] [INFO] Training loop finished.
