Current CUDA device index: 0
Current CUDA device name: NVIDIA RTX A5000
Master address: 163.180.160.61, port: 29591
2025-11-14 01:03:34,421 DDP_Script [Rank 1] [INFO] Node rank: 1, world size: 2
[Gloo] Rank 1 is connected to 1 peer ranks. Expected number of connected peer ranks is : 1
2025-11-14 01:03:34,437 DDP_Script [Rank 1] [INFO] Process group initialized: 163.180.160.61:29591
2025-11-14 01:03:34,437 DDP_Script [Rank 1] [INFO] Rank 1/2 initialized
2025-11-14 01:03:41,043 DDP_Script [Rank 1] [INFO] Rank 1 loading tokenizer from cache: distilbert-base-uncased
2025-11-14 01:03:46,320 DDP_Script [Rank 1] [INFO] Rank 1 loading dataset from cache: glue/sst2
2025-11-14 01:03:51,180 DDP_Script [Rank 1] [INFO] Tokenizing datasets...
2025-11-14 01:03:51,204 DDP_Script [Rank 1] [INFO] SST-2 Dataset and Tokenizer loaded.
2025-11-14 01:03:51,205 DDP_Script [Rank 1] [INFO] Rank 1 loading model from cache: distilbert-base-uncased
Some weights of DistilBertForSequenceClassification were not initialized from the model checkpoint at distilbert-base-uncased and are newly initialized: ['classifier.bias', 'classifier.weight', 'pre_classifier.bias', 'pre_classifier.weight']
You should probably TRAIN this model on a down-stream task to be able to use it for predictions and inference.
2025-11-14 01:03:52,234 DDP_Script [Rank 1] [INFO] Model (DistilBert), DDP, optimizer (AdamW) initialized
2025-11-14 01:03:52,504 DDP_Script [Rank 1] [INFO] Modules initialized
2025-11-14 01:03:52,505 DDP_Script [Rank 1] [INFO] Starting training from scratch (epoch 1).
2025-11-14 01:03:53,886 DDP_Script [Rank 1] [INFO] epoch 1 시작
2025-11-14 01:03:53,920 DDP_Script [Rank 1] [INFO] DataLoader created with batch_size=32, num_workers=4
2025-11-14 01:03:53,922 DDP_Script [Rank 1] [INFO] local_steps=1053, global_steps=1053
2025-11-14 01:08:04,119 DDP_Script [Rank 1] [INFO] epoch 1 train step time: 250.20 seconds
2025-11-14 01:08:04,124 DDP_Script [Rank 1] [INFO] epoch 1 끝 (local_steps=1053, global_steps=1053)
2025-11-14 01:08:04,655 DDP_Script [Rank 1] [INFO] val acc 88.99%
2025-11-14 01:08:36,386 DDP_Script [Rank 1] [INFO] epoch 2 시작
2025-11-14 01:08:36,398 DDP_Script [Rank 1] [INFO] DataLoader created with batch_size=32, num_workers=4
2025-11-14 01:08:36,402 DDP_Script [Rank 1] [INFO] local_steps=1053, global_steps=1053
2025-11-14 01:12:45,388 DDP_Script [Rank 1] [INFO] epoch 2 train step time: 248.99 seconds
2025-11-14 01:12:45,390 DDP_Script [Rank 1] [INFO] epoch 2 끝 (local_steps=1053, global_steps=1053)
2025-11-14 01:12:45,978 DDP_Script [Rank 1] [INFO] val acc 90.94%
2025-11-14 01:12:57,644 DDP_Script [Rank 1] [INFO] epoch 3 시작
2025-11-14 01:12:57,661 DDP_Script [Rank 1] [INFO] DataLoader created with batch_size=32, num_workers=4
2025-11-14 01:12:57,684 DDP_Script [Rank 1] [INFO] local_steps=1053, global_steps=1053
2025-11-14 01:17:06,971 DDP_Script [Rank 1] [INFO] epoch 3 train step time: 249.29 seconds
2025-11-14 01:17:06,976 DDP_Script [Rank 1] [INFO] epoch 3 끝 (local_steps=1053, global_steps=1053)
2025-11-14 01:17:07,407 DDP_Script [Rank 1] [INFO] val acc 90.48%
2025-11-14 01:17:31,988 DDP_Script [Rank 1] [INFO] epoch 4 시작
2025-11-14 01:17:32,005 DDP_Script [Rank 1] [INFO] DataLoader created with batch_size=32, num_workers=4
2025-11-14 01:17:32,031 DDP_Script [Rank 1] [INFO] local_steps=1053, global_steps=1053
2025-11-14 01:21:40,334 DDP_Script [Rank 1] [INFO] epoch 4 train step time: 248.30 seconds
2025-11-14 01:21:40,344 DDP_Script [Rank 1] [INFO] epoch 4 끝 (local_steps=1053, global_steps=1053)
2025-11-14 01:21:40,753 DDP_Script [Rank 1] [INFO] val acc 90.94%
2025-11-14 01:22:21,584 DDP_Script [Rank 1] [INFO] epoch 5 시작
2025-11-14 01:22:21,608 DDP_Script [Rank 1] [INFO] DataLoader created with batch_size=32, num_workers=4
2025-11-14 01:22:23,858 DDP_Script [Rank 1] [INFO] local_steps=1053, global_steps=1053
2025-11-14 01:26:31,237 DDP_Script [Rank 1] [INFO] epoch 5 train step time: 247.38 seconds
2025-11-14 01:26:31,243 DDP_Script [Rank 1] [INFO] epoch 5 끝 (local_steps=1053, global_steps=1053)
2025-11-14 01:26:31,618 DDP_Script [Rank 1] [INFO] val acc 91.06%
2025-11-14 01:26:33,659 DDP_Script [Rank 1] [INFO] epoch 6 시작
2025-11-14 01:26:33,680 DDP_Script [Rank 1] [INFO] DataLoader created with batch_size=32, num_workers=4
2025-11-14 01:26:33,707 DDP_Script [Rank 1] [INFO] local_steps=1053, global_steps=1053
2025-11-14 01:30:39,295 DDP_Script [Rank 1] [INFO] epoch 6 train step time: 245.59 seconds
2025-11-14 01:30:39,297 DDP_Script [Rank 1] [INFO] epoch 6 끝 (local_steps=1053, global_steps=1053)
2025-11-14 01:30:39,702 DDP_Script [Rank 1] [INFO] val acc 90.25%
2025-11-14 01:30:54,762 DDP_Script [Rank 1] [INFO] epoch 7 시작
2025-11-14 01:30:54,776 DDP_Script [Rank 1] [INFO] DataLoader created with batch_size=32, num_workers=4
2025-11-14 01:30:54,792 DDP_Script [Rank 1] [INFO] local_steps=1053, global_steps=1053
2025-11-14 01:35:02,652 DDP_Script [Rank 1] [INFO] epoch 7 train step time: 247.86 seconds
2025-11-14 01:35:02,666 DDP_Script [Rank 1] [INFO] epoch 7 끝 (local_steps=1053, global_steps=1053)
2025-11-14 01:35:03,341 DDP_Script [Rank 1] [INFO] val acc 88.99%
2025-11-14 01:35:09,285 DDP_Script [Rank 1] [INFO] epoch 8 시작
2025-11-14 01:35:09,306 DDP_Script [Rank 1] [INFO] DataLoader created with batch_size=32, num_workers=4
2025-11-14 01:35:09,308 DDP_Script [Rank 1] [INFO] local_steps=1053, global_steps=1053
2025-11-14 01:39:16,314 DDP_Script [Rank 1] [INFO] epoch 8 train step time: 247.01 seconds
2025-11-14 01:39:16,317 DDP_Script [Rank 1] [INFO] epoch 8 끝 (local_steps=1053, global_steps=1053)
2025-11-14 01:39:16,796 DDP_Script [Rank 1] [INFO] val acc 90.48%
2025-11-14 01:39:22,594 DDP_Script [Rank 1] [INFO] epoch 9 시작
2025-11-14 01:39:22,607 DDP_Script [Rank 1] [INFO] DataLoader created with batch_size=32, num_workers=4
2025-11-14 01:39:22,619 DDP_Script [Rank 1] [INFO] local_steps=1053, global_steps=1053
2025-11-14 01:43:28,283 DDP_Script [Rank 1] [INFO] epoch 9 train step time: 245.66 seconds
2025-11-14 01:43:28,285 DDP_Script [Rank 1] [INFO] epoch 9 끝 (local_steps=1053, global_steps=1053)
2025-11-14 01:43:28,674 DDP_Script [Rank 1] [INFO] val acc 89.79%
2025-11-14 01:43:33,154 DDP_Script [Rank 1] [INFO] epoch 10 시작
2025-11-14 01:43:33,167 DDP_Script [Rank 1] [INFO] DataLoader created with batch_size=32, num_workers=4
2025-11-14 01:43:33,174 DDP_Script [Rank 1] [INFO] local_steps=1053, global_steps=1053
2025-11-14 01:47:41,206 DDP_Script [Rank 1] [INFO] epoch 10 train step time: 248.03 seconds
2025-11-14 01:47:41,218 DDP_Script [Rank 1] [INFO] epoch 10 끝 (local_steps=1053, global_steps=1053)
2025-11-14 01:47:41,652 DDP_Script [Rank 1] [INFO] val acc 89.33%
2025-11-14 01:47:45,319 DDP_Script [Rank 1] [INFO] epoch 11 시작
2025-11-14 01:47:45,330 DDP_Script [Rank 1] [INFO] DataLoader created with batch_size=32, num_workers=4
2025-11-14 01:47:45,335 DDP_Script [Rank 1] [INFO] local_steps=1053, global_steps=1053
2025-11-14 01:51:51,248 DDP_Script [Rank 1] [INFO] epoch 11 train step time: 245.91 seconds
2025-11-14 01:51:51,250 DDP_Script [Rank 1] [INFO] epoch 11 끝 (local_steps=1053, global_steps=1053)
2025-11-14 01:51:51,819 DDP_Script [Rank 1] [INFO] val acc 90.25%
2025-11-14 01:52:49,936 DDP_Script [Rank 1] [INFO] epoch 12 시작
2025-11-14 01:52:49,946 DDP_Script [Rank 1] [INFO] DataLoader created with batch_size=32, num_workers=4
2025-11-14 01:52:49,982 DDP_Script [Rank 1] [INFO] local_steps=1053, global_steps=1053
2025-11-14 01:56:57,913 DDP_Script [Rank 1] [INFO] epoch 12 train step time: 247.93 seconds
2025-11-14 01:56:57,920 DDP_Script [Rank 1] [INFO] epoch 12 끝 (local_steps=1053, global_steps=1053)
2025-11-14 01:56:58,396 DDP_Script [Rank 1] [INFO] val acc 89.45%
2025-11-14 01:57:20,547 DDP_Script [Rank 1] [INFO] epoch 13 시작
2025-11-14 01:57:20,552 DDP_Script [Rank 1] [INFO] DataLoader created with batch_size=32, num_workers=4
2025-11-14 01:57:20,582 DDP_Script [Rank 1] [INFO] local_steps=1053, global_steps=1053
2025-11-14 02:01:27,581 DDP_Script [Rank 1] [INFO] epoch 13 train step time: 247.00 seconds
2025-11-14 02:01:27,595 DDP_Script [Rank 1] [INFO] epoch 13 끝 (local_steps=1053, global_steps=1053)
2025-11-14 02:01:27,961 DDP_Script [Rank 1] [INFO] val acc 89.45%
2025-11-14 02:01:46,516 DDP_Script [Rank 1] [INFO] epoch 14 시작
2025-11-14 02:01:46,529 DDP_Script [Rank 1] [INFO] DataLoader created with batch_size=32, num_workers=4
2025-11-14 02:01:46,551 DDP_Script [Rank 1] [INFO] local_steps=1053, global_steps=1053
2025-11-14 02:05:52,804 DDP_Script [Rank 1] [INFO] epoch 14 train step time: 246.25 seconds
2025-11-14 02:05:52,809 DDP_Script [Rank 1] [INFO] epoch 14 끝 (local_steps=1053, global_steps=1053)
2025-11-14 02:05:53,223 DDP_Script [Rank 1] [INFO] val acc 90.48%
2025-11-14 02:06:08,046 DDP_Script [Rank 1] [INFO] epoch 15 시작
2025-11-14 02:06:08,057 DDP_Script [Rank 1] [INFO] DataLoader created with batch_size=32, num_workers=4
2025-11-14 02:06:08,065 DDP_Script [Rank 1] [INFO] local_steps=1053, global_steps=1053
2025-11-14 02:10:14,901 DDP_Script [Rank 1] [INFO] epoch 15 train step time: 246.84 seconds
2025-11-14 02:10:14,913 DDP_Script [Rank 1] [INFO] epoch 15 끝 (local_steps=1053, global_steps=1053)
2025-11-14 02:10:15,372 DDP_Script [Rank 1] [INFO] val acc 90.02%
2025-11-14 02:10:37,559 DDP_Script [Rank 1] [INFO] epoch 16 시작
2025-11-14 02:10:37,575 DDP_Script [Rank 1] [INFO] DataLoader created with batch_size=32, num_workers=4
2025-11-14 02:10:37,592 DDP_Script [Rank 1] [INFO] local_steps=1053, global_steps=1053
2025-11-14 02:14:45,674 DDP_Script [Rank 1] [INFO] epoch 16 train step time: 248.08 seconds
2025-11-14 02:14:45,680 DDP_Script [Rank 1] [INFO] epoch 16 끝 (local_steps=1053, global_steps=1053)
2025-11-14 02:14:46,081 DDP_Script [Rank 1] [INFO] val acc 89.45%
2025-11-14 02:14:49,528 DDP_Script [Rank 1] [INFO] epoch 17 시작
2025-11-14 02:14:49,548 DDP_Script [Rank 1] [INFO] DataLoader created with batch_size=32, num_workers=4
2025-11-14 02:14:49,550 DDP_Script [Rank 1] [INFO] local_steps=1053, global_steps=1053
2025-11-14 02:18:58,520 DDP_Script [Rank 1] [INFO] epoch 17 train step time: 248.97 seconds
2025-11-14 02:18:58,525 DDP_Script [Rank 1] [INFO] epoch 17 끝 (local_steps=1053, global_steps=1053)
2025-11-14 02:19:00,059 DDP_Script [Rank 1] [INFO] val acc 88.76%
2025-11-14 02:19:18,453 DDP_Script [Rank 1] [INFO] epoch 18 시작
2025-11-14 02:19:18,469 DDP_Script [Rank 1] [INFO] DataLoader created with batch_size=32, num_workers=4
2025-11-14 02:19:18,470 DDP_Script [Rank 1] [INFO] local_steps=1053, global_steps=1053
2025-11-14 02:23:24,158 DDP_Script [Rank 1] [INFO] epoch 18 train step time: 245.69 seconds
2025-11-14 02:23:24,160 DDP_Script [Rank 1] [INFO] epoch 18 끝 (local_steps=1053, global_steps=1053)
2025-11-14 02:23:27,930 DDP_Script [Rank 1] [INFO] val acc 89.79%
2025-11-14 02:24:06,013 DDP_Script [Rank 1] [INFO] epoch 19 시작
2025-11-14 02:24:06,018 DDP_Script [Rank 1] [INFO] DataLoader created with batch_size=32, num_workers=4
2025-11-14 02:24:06,052 DDP_Script [Rank 1] [INFO] local_steps=1053, global_steps=1053
2025-11-14 02:28:13,726 DDP_Script [Rank 1] [INFO] epoch 19 train step time: 247.67 seconds
2025-11-14 02:28:13,728 DDP_Script [Rank 1] [INFO] epoch 19 끝 (local_steps=1053, global_steps=1053)
2025-11-14 02:28:14,146 DDP_Script [Rank 1] [INFO] val acc 90.94%
2025-11-14 02:28:30,106 DDP_Script [Rank 1] [INFO] epoch 20 시작
2025-11-14 02:28:30,127 DDP_Script [Rank 1] [INFO] DataLoader created with batch_size=32, num_workers=4
2025-11-14 02:28:30,129 DDP_Script [Rank 1] [INFO] local_steps=1053, global_steps=1053
2025-11-14 02:32:37,688 DDP_Script [Rank 1] [INFO] epoch 20 train step time: 247.56 seconds
2025-11-14 02:32:37,692 DDP_Script [Rank 1] [INFO] epoch 20 끝 (local_steps=1053, global_steps=1053)
2025-11-14 02:32:38,078 DDP_Script [Rank 1] [INFO] val acc 90.25%
2025-11-14 02:32:56,838 DDP_Script [Rank 1] [INFO] Training loop finished.
