Current CUDA device index: 0
Current CUDA device name: NVIDIA RTX A5000
Master address: 163.180.160.62, port: 29539
2025-11-18 12:10:07,236 DDP_Script [Rank 1] [INFO] Node rank: 1, world size: 2
[Gloo] Rank 1 is connected to 1 peer ranks. Expected number of connected peer ranks is : 1
2025-11-18 12:10:07,660 DDP_Script [Rank 1] [INFO] Process group initialized: 163.180.160.62:29539
2025-11-18 12:10:07,660 DDP_Script [Rank 1] [INFO] Rank 1/2 initialized
2025-11-18 12:10:08,408 DDP_Script [Rank 1] [INFO] Rank 1 loading tokenizer from cache: distilbert-base-uncased
2025-11-18 12:10:12,896 DDP_Script [Rank 1] [INFO] Rank 1 loading dataset from cache: glue/sst2
2025-11-18 12:10:17,670 DDP_Script [Rank 1] [INFO] Tokenizing datasets...
2025-11-18 12:10:17,833 DDP_Script [Rank 1] [INFO] SST-2 Dataset and Tokenizer loaded.
2025-11-18 12:10:17,834 DDP_Script [Rank 1] [INFO] Rank 1 loading model from cache: distilbert-base-uncased
Some weights of DistilBertForSequenceClassification were not initialized from the model checkpoint at distilbert-base-uncased and are newly initialized: ['classifier.bias', 'classifier.weight', 'pre_classifier.bias', 'pre_classifier.weight']
You should probably TRAIN this model on a down-stream task to be able to use it for predictions and inference.
2025-11-18 12:10:18,678 DDP_Script [Rank 1] [INFO] Model (DistilBert), DDP, optimizer (AdamW) initialized
2025-11-18 12:10:18,726 DDP_Script [Rank 1] [INFO] Modules initialized
2025-11-18 12:10:18,727 DDP_Script [Rank 1] [INFO] Starting training from scratch (epoch 1).
2025-11-18 12:10:18,755 DDP_Script [Rank 1] [INFO] epoch 1 시작
2025-11-18 12:10:18,786 DDP_Script [Rank 1] [INFO] DataLoader created with batch_size=16, num_workers=4
2025-11-18 12:10:18,788 DDP_Script [Rank 1] [INFO] local_steps=2105, global_steps=2105
2025-11-18 12:19:24,660 DDP_Script [Rank 1] [INFO] epoch 1 train step time: 545.87 seconds
2025-11-18 12:19:24,662 DDP_Script [Rank 1] [INFO] epoch 1 끝 (local_steps=2105, global_steps=2105)
2025-11-18 12:19:25,027 DDP_Script [Rank 1] [INFO] val acc 90.94%
2025-11-18 12:19:27,431 DDP_Script [Rank 1] [INFO] epoch 2 시작
2025-11-18 12:19:27,444 DDP_Script [Rank 1] [INFO] DataLoader created with batch_size=16, num_workers=4
2025-11-18 12:19:27,447 DDP_Script [Rank 1] [INFO] local_steps=2105, global_steps=2105
2025-11-18 12:27:59,390 DDP_Script [Rank 1] [INFO] epoch 2 train step time: 511.94 seconds
2025-11-18 12:27:59,392 DDP_Script [Rank 1] [INFO] epoch 2 끝 (local_steps=2105, global_steps=2105)
2025-11-18 12:27:59,761 DDP_Script [Rank 1] [INFO] val acc 91.28%
2025-11-18 12:28:01,853 DDP_Script [Rank 1] [INFO] epoch 3 시작
2025-11-18 12:28:01,866 DDP_Script [Rank 1] [INFO] DataLoader created with batch_size=16, num_workers=4
2025-11-18 12:28:01,868 DDP_Script [Rank 1] [INFO] local_steps=2105, global_steps=2105
2025-11-18 12:36:48,689 DDP_Script [Rank 1] [INFO] epoch 3 train step time: 526.82 seconds
2025-11-18 12:36:48,691 DDP_Script [Rank 1] [INFO] epoch 3 끝 (local_steps=2105, global_steps=2105)
2025-11-18 12:36:49,066 DDP_Script [Rank 1] [INFO] val acc 90.60%
2025-11-18 12:36:51,023 DDP_Script [Rank 1] [INFO] epoch 4 시작
2025-11-18 12:36:51,035 DDP_Script [Rank 1] [INFO] DataLoader created with batch_size=16, num_workers=4
2025-11-18 12:36:51,037 DDP_Script [Rank 1] [INFO] local_steps=2105, global_steps=2105
2025-11-18 12:45:26,804 DDP_Script [Rank 1] [INFO] epoch 4 train step time: 515.77 seconds
2025-11-18 12:45:26,806 DDP_Script [Rank 1] [INFO] epoch 4 끝 (local_steps=2105, global_steps=2105)
2025-11-18 12:45:27,210 DDP_Script [Rank 1] [INFO] val acc 89.79%
2025-11-18 12:45:29,391 DDP_Script [Rank 1] [INFO] epoch 5 시작
2025-11-18 12:45:29,404 DDP_Script [Rank 1] [INFO] DataLoader created with batch_size=16, num_workers=4
2025-11-18 12:45:29,406 DDP_Script [Rank 1] [INFO] local_steps=2105, global_steps=2105
2025-11-18 12:54:16,553 DDP_Script [Rank 1] [INFO] epoch 5 train step time: 527.15 seconds
2025-11-18 12:54:16,556 DDP_Script [Rank 1] [INFO] epoch 5 끝 (local_steps=2105, global_steps=2105)
2025-11-18 12:54:16,949 DDP_Script [Rank 1] [INFO] val acc 91.28%
2025-11-18 12:54:19,111 DDP_Script [Rank 1] [INFO] epoch 6 시작
2025-11-18 12:54:19,124 DDP_Script [Rank 1] [INFO] DataLoader created with batch_size=16, num_workers=4
2025-11-18 12:54:19,126 DDP_Script [Rank 1] [INFO] local_steps=2105, global_steps=2105
2025-11-18 13:02:50,143 DDP_Script [Rank 1] [INFO] epoch 6 train step time: 511.02 seconds
2025-11-18 13:02:50,145 DDP_Script [Rank 1] [INFO] epoch 6 끝 (local_steps=2105, global_steps=2105)
2025-11-18 13:02:50,523 DDP_Script [Rank 1] [INFO] val acc 90.37%
2025-11-18 13:02:52,575 DDP_Script [Rank 1] [INFO] epoch 7 시작
2025-11-18 13:02:52,587 DDP_Script [Rank 1] [INFO] DataLoader created with batch_size=16, num_workers=4
2025-11-18 13:02:52,590 DDP_Script [Rank 1] [INFO] local_steps=2105, global_steps=2105
2025-11-18 13:11:40,742 DDP_Script [Rank 1] [INFO] epoch 7 train step time: 528.15 seconds
2025-11-18 13:11:40,760 DDP_Script [Rank 1] [INFO] epoch 7 끝 (local_steps=2105, global_steps=2105)
2025-11-18 13:11:41,146 DDP_Script [Rank 1] [INFO] val acc 90.60%
2025-11-18 13:11:43,339 DDP_Script [Rank 1] [INFO] epoch 8 시작
2025-11-18 13:11:43,352 DDP_Script [Rank 1] [INFO] DataLoader created with batch_size=16, num_workers=4
2025-11-18 13:11:43,354 DDP_Script [Rank 1] [INFO] local_steps=2105, global_steps=2105
2025-11-18 13:20:15,946 DDP_Script [Rank 1] [INFO] epoch 8 train step time: 512.59 seconds
2025-11-18 13:20:15,948 DDP_Script [Rank 1] [INFO] epoch 8 끝 (local_steps=2105, global_steps=2105)
2025-11-18 13:20:16,333 DDP_Script [Rank 1] [INFO] val acc 89.33%
2025-11-18 13:20:18,287 DDP_Script [Rank 1] [INFO] epoch 9 시작
2025-11-18 13:20:18,299 DDP_Script [Rank 1] [INFO] DataLoader created with batch_size=16, num_workers=4
2025-11-18 13:20:18,301 DDP_Script [Rank 1] [INFO] local_steps=2105, global_steps=2105
2025-11-18 13:28:59,617 DDP_Script [Rank 1] [INFO] epoch 9 train step time: 521.32 seconds
2025-11-18 13:28:59,619 DDP_Script [Rank 1] [INFO] epoch 9 끝 (local_steps=2105, global_steps=2105)
2025-11-18 13:28:59,981 DDP_Script [Rank 1] [INFO] val acc 89.68%
2025-11-18 13:29:02,143 DDP_Script [Rank 1] [INFO] epoch 10 시작
2025-11-18 13:29:02,155 DDP_Script [Rank 1] [INFO] DataLoader created with batch_size=16, num_workers=4
2025-11-18 13:29:02,157 DDP_Script [Rank 1] [INFO] local_steps=2105, global_steps=2105
2025-11-18 13:37:13,019 DDP_Script [Rank 1] [INFO] epoch 10 train step time: 490.86 seconds
2025-11-18 13:37:13,027 DDP_Script [Rank 1] [INFO] epoch 10 끝 (local_steps=2105, global_steps=2105)
2025-11-18 13:37:13,394 DDP_Script [Rank 1] [INFO] val acc 90.14%
2025-11-18 13:37:15,170 DDP_Script [Rank 1] [INFO] epoch 11 시작
2025-11-18 13:37:15,183 DDP_Script [Rank 1] [INFO] DataLoader created with batch_size=16, num_workers=4
2025-11-18 13:37:15,186 DDP_Script [Rank 1] [INFO] local_steps=2105, global_steps=2105
2025-11-18 13:45:59,757 DDP_Script [Rank 1] [INFO] epoch 11 train step time: 524.57 seconds
2025-11-18 13:45:59,772 DDP_Script [Rank 1] [INFO] epoch 11 끝 (local_steps=2105, global_steps=2105)
2025-11-18 13:46:00,149 DDP_Script [Rank 1] [INFO] val acc 89.79%
2025-11-18 13:46:02,219 DDP_Script [Rank 1] [INFO] epoch 12 시작
2025-11-18 13:46:02,231 DDP_Script [Rank 1] [INFO] DataLoader created with batch_size=16, num_workers=4
2025-11-18 13:46:02,234 DDP_Script [Rank 1] [INFO] local_steps=2105, global_steps=2105
2025-11-18 13:54:51,017 DDP_Script [Rank 1] [INFO] epoch 12 train step time: 528.78 seconds
2025-11-18 13:54:51,021 DDP_Script [Rank 1] [INFO] epoch 12 끝 (local_steps=2105, global_steps=2105)
2025-11-18 13:54:51,385 DDP_Script [Rank 1] [INFO] val acc 89.68%
2025-11-18 13:54:53,481 DDP_Script [Rank 1] [INFO] epoch 13 시작
2025-11-18 13:54:53,493 DDP_Script [Rank 1] [INFO] DataLoader created with batch_size=16, num_workers=4
2025-11-18 13:54:53,495 DDP_Script [Rank 1] [INFO] local_steps=2105, global_steps=2105
2025-11-18 14:03:00,076 DDP_Script [Rank 1] [INFO] epoch 13 train step time: 486.58 seconds
2025-11-18 14:03:00,078 DDP_Script [Rank 1] [INFO] epoch 13 끝 (local_steps=2105, global_steps=2105)
2025-11-18 14:03:00,458 DDP_Script [Rank 1] [INFO] val acc 89.68%
2025-11-18 14:03:02,526 DDP_Script [Rank 1] [INFO] epoch 14 시작
2025-11-18 14:03:02,539 DDP_Script [Rank 1] [INFO] DataLoader created with batch_size=16, num_workers=4
2025-11-18 14:03:02,545 DDP_Script [Rank 1] [INFO] local_steps=2105, global_steps=2105
2025-11-18 14:11:23,655 DDP_Script [Rank 1] [INFO] epoch 14 train step time: 501.11 seconds
2025-11-18 14:11:23,656 DDP_Script [Rank 1] [INFO] epoch 14 끝 (local_steps=2105, global_steps=2105)
2025-11-18 14:11:24,083 DDP_Script [Rank 1] [INFO] val acc 89.11%
2025-11-18 14:11:26,294 DDP_Script [Rank 1] [INFO] epoch 15 시작
2025-11-18 14:11:26,306 DDP_Script [Rank 1] [INFO] DataLoader created with batch_size=16, num_workers=4
2025-11-18 14:11:26,308 DDP_Script [Rank 1] [INFO] local_steps=2105, global_steps=2105
2025-11-18 14:20:10,982 DDP_Script [Rank 1] [INFO] epoch 15 train step time: 524.67 seconds
2025-11-18 14:20:10,984 DDP_Script [Rank 1] [INFO] epoch 15 끝 (local_steps=2105, global_steps=2105)
2025-11-18 14:20:11,357 DDP_Script [Rank 1] [INFO] val acc 89.45%
2025-11-18 14:20:13,715 DDP_Script [Rank 1] [INFO] epoch 16 시작
2025-11-18 14:20:13,727 DDP_Script [Rank 1] [INFO] DataLoader created with batch_size=16, num_workers=4
2025-11-18 14:20:13,729 DDP_Script [Rank 1] [INFO] local_steps=2105, global_steps=2105
2025-11-18 14:28:46,908 DDP_Script [Rank 1] [INFO] epoch 16 train step time: 513.18 seconds
2025-11-18 14:28:46,910 DDP_Script [Rank 1] [INFO] epoch 16 끝 (local_steps=2105, global_steps=2105)
2025-11-18 14:28:47,275 DDP_Script [Rank 1] [INFO] val acc 90.14%
2025-11-18 14:28:49,173 DDP_Script [Rank 1] [INFO] epoch 17 시작
2025-11-18 14:28:49,186 DDP_Script [Rank 1] [INFO] DataLoader created with batch_size=16, num_workers=4
2025-11-18 14:28:49,188 DDP_Script [Rank 1] [INFO] local_steps=2105, global_steps=2105
2025-11-18 14:37:42,162 DDP_Script [Rank 1] [INFO] epoch 17 train step time: 532.97 seconds
2025-11-18 14:37:42,164 DDP_Script [Rank 1] [INFO] epoch 17 끝 (local_steps=2105, global_steps=2105)
2025-11-18 14:37:42,530 DDP_Script [Rank 1] [INFO] val acc 90.71%
2025-11-18 14:37:44,621 DDP_Script [Rank 1] [INFO] epoch 18 시작
2025-11-18 14:37:44,633 DDP_Script [Rank 1] [INFO] DataLoader created with batch_size=16, num_workers=4
2025-11-18 14:37:44,635 DDP_Script [Rank 1] [INFO] local_steps=2105, global_steps=2105
2025-11-18 14:46:30,438 DDP_Script [Rank 1] [INFO] epoch 18 train step time: 525.80 seconds
2025-11-18 14:46:30,440 DDP_Script [Rank 1] [INFO] epoch 18 끝 (local_steps=2105, global_steps=2105)
2025-11-18 14:46:30,808 DDP_Script [Rank 1] [INFO] val acc 90.48%
2025-11-18 14:46:32,837 DDP_Script [Rank 1] [INFO] epoch 19 시작
2025-11-18 14:46:32,849 DDP_Script [Rank 1] [INFO] DataLoader created with batch_size=16, num_workers=4
2025-11-18 14:46:32,855 DDP_Script [Rank 1] [INFO] local_steps=2105, global_steps=2105
2025-11-18 14:55:17,797 DDP_Script [Rank 1] [INFO] epoch 19 train step time: 524.94 seconds
2025-11-18 14:55:17,799 DDP_Script [Rank 1] [INFO] epoch 19 끝 (local_steps=2105, global_steps=2105)
2025-11-18 14:55:18,159 DDP_Script [Rank 1] [INFO] val acc 90.60%
2025-11-18 14:55:20,094 DDP_Script [Rank 1] [INFO] epoch 20 시작
2025-11-18 14:55:20,106 DDP_Script [Rank 1] [INFO] DataLoader created with batch_size=16, num_workers=4
2025-11-18 14:55:20,115 DDP_Script [Rank 1] [INFO] local_steps=2105, global_steps=2105
2025-11-18 15:03:49,749 DDP_Script [Rank 1] [INFO] epoch 20 train step time: 509.63 seconds
2025-11-18 15:03:49,753 DDP_Script [Rank 1] [INFO] epoch 20 끝 (local_steps=2105, global_steps=2105)
2025-11-18 15:03:50,406 DDP_Script [Rank 1] [INFO] val acc 90.25%
2025-11-18 15:03:52,596 DDP_Script [Rank 1] [INFO] Training loop finished.
