Current CUDA device index: 0
Current CUDA device name: NVIDIA RTX A5000
Master address: 163.180.160.62, port: 29509
2025-11-17 16:49:36,137 DDP_Script [Rank 1] [INFO] Node rank: 1, world size: 2
[Gloo] Rank 1 is connected to 1 peer ranks. Expected number of connected peer ranks is : 1
2025-11-17 16:49:36,147 DDP_Script [Rank 1] [INFO] Process group initialized: 163.180.160.62:29509
2025-11-17 16:49:36,147 DDP_Script [Rank 1] [INFO] Rank 1/2 initialized
Val sample labels: tensor([  1,  10,  28,  46,  50,  54,  55,  71,  77,  79,  98, 102, 106, 124,
        127, 135, 136, 143, 144, 150, 153, 164, 169, 179, 180, 181, 184, 186,
        188, 190, 195])
Train samples: 100000
Val   samples: 10000
/data/breath12/anaconda3/envs/Dist2/lib/python3.9/site-packages/torchvision/models/_utils.py:208: UserWarning: The parameter 'pretrained' is deprecated since 0.13 and may be removed in the future, please use 'weights' instead.
  warnings.warn(
/data/breath12/anaconda3/envs/Dist2/lib/python3.9/site-packages/torchvision/models/_utils.py:223: UserWarning: Arguments other than a weight enum or `None` for 'weights' are deprecated since 0.13 and may be removed in the future. The current behavior is equivalent to passing `weights=None`.
  warnings.warn(msg)
2025-11-17 16:49:37,158 DDP_Script [Rank 1] [INFO] Model, DDP, criterion, optimizer initialized
2025-11-17 16:49:37,191 DDP_Script [Rank 1] [INFO] Modules initialized
2025-11-17 16:49:37,191 DDP_Script [Rank 1] [INFO] Starting training from scratch (epoch 1).
2025-11-17 16:49:37,195 DDP_Script [Rank 1] [INFO] epoch 1 시작
2025-11-17 16:49:37,203 DDP_Script [Rank 1] [INFO] DataLoader created with batch_size=64, num_workers=4
2025-11-17 16:49:37,223 DDP_Script [Rank 1] [INFO] local_steps=782, global_steps=782
2025-11-17 16:52:16,707 DDP_Script [Rank 1] [INFO] epoch 1 train step time: 159.48 seconds
2025-11-17 16:52:16,712 DDP_Script [Rank 1] [INFO] epoch 1 끝 (local_steps=782, global_steps=782)
2025-11-17 16:52:22,022 DDP_Script [Rank 1] [INFO] val acc 10.72%
2025-11-17 16:52:22,478 DDP_Script [Rank 1] [INFO] epoch 2 시작
2025-11-17 16:52:22,494 DDP_Script [Rank 1] [INFO] DataLoader created with batch_size=64, num_workers=4
2025-11-17 16:52:22,498 DDP_Script [Rank 1] [INFO] local_steps=782, global_steps=782
2025-11-17 16:55:02,209 DDP_Script [Rank 1] [INFO] epoch 2 train step time: 159.71 seconds
2025-11-17 16:55:02,216 DDP_Script [Rank 1] [INFO] epoch 2 끝 (local_steps=782, global_steps=782)
2025-11-17 16:55:07,173 DDP_Script [Rank 1] [INFO] val acc 18.70%
2025-11-17 16:55:07,564 DDP_Script [Rank 1] [INFO] epoch 3 시작
2025-11-17 16:55:07,579 DDP_Script [Rank 1] [INFO] DataLoader created with batch_size=64, num_workers=4
2025-11-17 16:55:07,584 DDP_Script [Rank 1] [INFO] local_steps=782, global_steps=782
2025-11-17 16:57:47,451 DDP_Script [Rank 1] [INFO] epoch 3 train step time: 159.87 seconds
2025-11-17 16:57:47,455 DDP_Script [Rank 1] [INFO] epoch 3 끝 (local_steps=782, global_steps=782)
2025-11-17 16:57:52,466 DDP_Script [Rank 1] [INFO] val acc 24.79%
2025-11-17 16:57:52,833 DDP_Script [Rank 1] [INFO] epoch 4 시작
2025-11-17 16:57:52,849 DDP_Script [Rank 1] [INFO] DataLoader created with batch_size=64, num_workers=4
2025-11-17 16:57:52,853 DDP_Script [Rank 1] [INFO] local_steps=782, global_steps=782
2025-11-17 17:00:33,093 DDP_Script [Rank 1] [INFO] epoch 4 train step time: 160.24 seconds
2025-11-17 17:00:33,099 DDP_Script [Rank 1] [INFO] epoch 4 끝 (local_steps=782, global_steps=782)
2025-11-17 17:00:38,095 DDP_Script [Rank 1] [INFO] val acc 30.82%
2025-11-17 17:00:38,472 DDP_Script [Rank 1] [INFO] epoch 5 시작
2025-11-17 17:00:38,487 DDP_Script [Rank 1] [INFO] DataLoader created with batch_size=64, num_workers=4
2025-11-17 17:00:38,491 DDP_Script [Rank 1] [INFO] local_steps=782, global_steps=782
2025-11-17 17:03:17,936 DDP_Script [Rank 1] [INFO] epoch 5 train step time: 159.44 seconds
2025-11-17 17:03:17,946 DDP_Script [Rank 1] [INFO] epoch 5 끝 (local_steps=782, global_steps=782)
2025-11-17 17:03:22,886 DDP_Script [Rank 1] [INFO] val acc 34.72%
2025-11-17 17:03:23,290 DDP_Script [Rank 1] [INFO] epoch 6 시작
2025-11-17 17:03:23,304 DDP_Script [Rank 1] [INFO] DataLoader created with batch_size=64, num_workers=4
2025-11-17 17:03:23,309 DDP_Script [Rank 1] [INFO] local_steps=782, global_steps=782
2025-11-17 17:06:02,102 DDP_Script [Rank 1] [INFO] epoch 6 train step time: 158.79 seconds
2025-11-17 17:06:02,111 DDP_Script [Rank 1] [INFO] epoch 6 끝 (local_steps=782, global_steps=782)
2025-11-17 17:06:07,374 DDP_Script [Rank 1] [INFO] val acc 37.52%
2025-11-17 17:06:07,786 DDP_Script [Rank 1] [INFO] epoch 7 시작
2025-11-17 17:06:07,799 DDP_Script [Rank 1] [INFO] DataLoader created with batch_size=64, num_workers=4
2025-11-17 17:06:07,803 DDP_Script [Rank 1] [INFO] local_steps=782, global_steps=782
2025-11-17 17:08:47,759 DDP_Script [Rank 1] [INFO] epoch 7 train step time: 159.96 seconds
2025-11-17 17:08:47,761 DDP_Script [Rank 1] [INFO] epoch 7 끝 (local_steps=782, global_steps=782)
2025-11-17 17:08:52,769 DDP_Script [Rank 1] [INFO] val acc 40.96%
2025-11-17 17:08:53,177 DDP_Script [Rank 1] [INFO] epoch 8 시작
2025-11-17 17:08:53,192 DDP_Script [Rank 1] [INFO] DataLoader created with batch_size=64, num_workers=4
2025-11-17 17:08:53,197 DDP_Script [Rank 1] [INFO] local_steps=782, global_steps=782
2025-11-17 17:11:31,729 DDP_Script [Rank 1] [INFO] epoch 8 train step time: 158.53 seconds
2025-11-17 17:11:31,737 DDP_Script [Rank 1] [INFO] epoch 8 끝 (local_steps=782, global_steps=782)
2025-11-17 17:11:36,730 DDP_Script [Rank 1] [INFO] val acc 42.54%
2025-11-17 17:11:37,160 DDP_Script [Rank 1] [INFO] epoch 9 시작
2025-11-17 17:11:37,176 DDP_Script [Rank 1] [INFO] DataLoader created with batch_size=64, num_workers=4
2025-11-17 17:11:37,180 DDP_Script [Rank 1] [INFO] local_steps=782, global_steps=782
2025-11-17 17:14:16,502 DDP_Script [Rank 1] [INFO] epoch 9 train step time: 159.32 seconds
2025-11-17 17:14:16,504 DDP_Script [Rank 1] [INFO] epoch 9 끝 (local_steps=782, global_steps=782)
2025-11-17 17:14:21,461 DDP_Script [Rank 1] [INFO] val acc 45.33%
2025-11-17 17:14:21,936 DDP_Script [Rank 1] [INFO] epoch 10 시작
2025-11-17 17:14:21,951 DDP_Script [Rank 1] [INFO] DataLoader created with batch_size=64, num_workers=4
2025-11-17 17:14:21,955 DDP_Script [Rank 1] [INFO] local_steps=782, global_steps=782
2025-11-17 17:17:01,895 DDP_Script [Rank 1] [INFO] epoch 10 train step time: 159.94 seconds
2025-11-17 17:17:01,897 DDP_Script [Rank 1] [INFO] epoch 10 끝 (local_steps=782, global_steps=782)
2025-11-17 17:17:06,865 DDP_Script [Rank 1] [INFO] val acc 46.16%
2025-11-17 17:17:07,259 DDP_Script [Rank 1] [INFO] epoch 11 시작
2025-11-17 17:17:07,273 DDP_Script [Rank 1] [INFO] DataLoader created with batch_size=64, num_workers=4
2025-11-17 17:17:07,277 DDP_Script [Rank 1] [INFO] local_steps=782, global_steps=782
2025-11-17 17:19:46,331 DDP_Script [Rank 1] [INFO] epoch 11 train step time: 159.05 seconds
2025-11-17 17:19:46,339 DDP_Script [Rank 1] [INFO] epoch 11 끝 (local_steps=782, global_steps=782)
2025-11-17 17:19:51,331 DDP_Script [Rank 1] [INFO] val acc 47.30%
2025-11-17 17:19:51,743 DDP_Script [Rank 1] [INFO] epoch 12 시작
2025-11-17 17:19:51,758 DDP_Script [Rank 1] [INFO] DataLoader created with batch_size=64, num_workers=4
2025-11-17 17:19:51,761 DDP_Script [Rank 1] [INFO] local_steps=782, global_steps=782
2025-11-17 17:22:30,238 DDP_Script [Rank 1] [INFO] epoch 12 train step time: 158.48 seconds
2025-11-17 17:22:30,253 DDP_Script [Rank 1] [INFO] epoch 12 끝 (local_steps=782, global_steps=782)
2025-11-17 17:22:35,224 DDP_Script [Rank 1] [INFO] val acc 49.40%
2025-11-17 17:22:35,604 DDP_Script [Rank 1] [INFO] epoch 13 시작
2025-11-17 17:22:35,618 DDP_Script [Rank 1] [INFO] DataLoader created with batch_size=64, num_workers=4
2025-11-17 17:22:35,622 DDP_Script [Rank 1] [INFO] local_steps=782, global_steps=782
2025-11-17 17:25:15,097 DDP_Script [Rank 1] [INFO] epoch 13 train step time: 159.47 seconds
2025-11-17 17:25:15,105 DDP_Script [Rank 1] [INFO] epoch 13 끝 (local_steps=782, global_steps=782)
2025-11-17 17:25:20,108 DDP_Script [Rank 1] [INFO] val acc 50.77%
2025-11-17 17:25:20,498 DDP_Script [Rank 1] [INFO] epoch 14 시작
2025-11-17 17:25:20,513 DDP_Script [Rank 1] [INFO] DataLoader created with batch_size=64, num_workers=4
2025-11-17 17:25:20,517 DDP_Script [Rank 1] [INFO] local_steps=782, global_steps=782
2025-11-17 17:27:58,926 DDP_Script [Rank 1] [INFO] epoch 14 train step time: 158.41 seconds
2025-11-17 17:27:58,934 DDP_Script [Rank 1] [INFO] epoch 14 끝 (local_steps=782, global_steps=782)
2025-11-17 17:28:03,863 DDP_Script [Rank 1] [INFO] val acc 52.43%
2025-11-17 17:28:04,346 DDP_Script [Rank 1] [INFO] epoch 15 시작
2025-11-17 17:28:04,360 DDP_Script [Rank 1] [INFO] DataLoader created with batch_size=64, num_workers=4
2025-11-17 17:28:04,385 DDP_Script [Rank 1] [INFO] local_steps=782, global_steps=782
2025-11-17 17:30:44,178 DDP_Script [Rank 1] [INFO] epoch 15 train step time: 159.79 seconds
2025-11-17 17:30:44,180 DDP_Script [Rank 1] [INFO] epoch 15 끝 (local_steps=782, global_steps=782)
2025-11-17 17:30:49,166 DDP_Script [Rank 1] [INFO] val acc 52.73%
2025-11-17 17:30:49,609 DDP_Script [Rank 1] [INFO] epoch 16 시작
2025-11-17 17:30:49,623 DDP_Script [Rank 1] [INFO] DataLoader created with batch_size=64, num_workers=4
2025-11-17 17:30:49,627 DDP_Script [Rank 1] [INFO] local_steps=782, global_steps=782
2025-11-17 17:33:28,527 DDP_Script [Rank 1] [INFO] epoch 16 train step time: 158.90 seconds
2025-11-17 17:33:28,531 DDP_Script [Rank 1] [INFO] epoch 16 끝 (local_steps=782, global_steps=782)
2025-11-17 17:33:33,446 DDP_Script [Rank 1] [INFO] val acc 53.21%
2025-11-17 17:33:33,907 DDP_Script [Rank 1] [INFO] epoch 17 시작
2025-11-17 17:33:33,922 DDP_Script [Rank 1] [INFO] DataLoader created with batch_size=64, num_workers=4
2025-11-17 17:33:33,926 DDP_Script [Rank 1] [INFO] local_steps=782, global_steps=782
2025-11-17 17:36:13,339 DDP_Script [Rank 1] [INFO] epoch 17 train step time: 159.41 seconds
2025-11-17 17:36:13,342 DDP_Script [Rank 1] [INFO] epoch 17 끝 (local_steps=782, global_steps=782)
2025-11-17 17:36:18,329 DDP_Script [Rank 1] [INFO] val acc 54.16%
2025-11-17 17:36:18,735 DDP_Script [Rank 1] [INFO] epoch 18 시작
2025-11-17 17:36:18,748 DDP_Script [Rank 1] [INFO] DataLoader created with batch_size=64, num_workers=4
2025-11-17 17:36:18,753 DDP_Script [Rank 1] [INFO] local_steps=782, global_steps=782
2025-11-17 17:38:58,555 DDP_Script [Rank 1] [INFO] epoch 18 train step time: 159.80 seconds
2025-11-17 17:38:58,566 DDP_Script [Rank 1] [INFO] epoch 18 끝 (local_steps=782, global_steps=782)
2025-11-17 17:39:03,532 DDP_Script [Rank 1] [INFO] val acc 54.29%
2025-11-17 17:39:04,003 DDP_Script [Rank 1] [INFO] epoch 19 시작
2025-11-17 17:39:04,017 DDP_Script [Rank 1] [INFO] DataLoader created with batch_size=64, num_workers=4
2025-11-17 17:39:04,021 DDP_Script [Rank 1] [INFO] local_steps=782, global_steps=782
2025-11-17 17:41:43,620 DDP_Script [Rank 1] [INFO] epoch 19 train step time: 159.60 seconds
2025-11-17 17:41:43,628 DDP_Script [Rank 1] [INFO] epoch 19 끝 (local_steps=782, global_steps=782)
2025-11-17 17:41:48,601 DDP_Script [Rank 1] [INFO] val acc 55.01%
2025-11-17 17:41:49,092 DDP_Script [Rank 1] [INFO] epoch 20 시작
2025-11-17 17:41:49,106 DDP_Script [Rank 1] [INFO] DataLoader created with batch_size=64, num_workers=4
2025-11-17 17:41:49,111 DDP_Script [Rank 1] [INFO] local_steps=782, global_steps=782
2025-11-17 17:44:28,425 DDP_Script [Rank 1] [INFO] epoch 20 train step time: 159.31 seconds
2025-11-17 17:44:28,428 DDP_Script [Rank 1] [INFO] epoch 20 끝 (local_steps=782, global_steps=782)
2025-11-17 17:44:33,525 DDP_Script [Rank 1] [INFO] val acc 56.17%
2025-11-17 17:44:33,975 DDP_Script [Rank 1] [INFO] Training loop finished.
