/data/breath12/anaconda3/envs/Dist1/lib/python3.9/site-packages/torch/cuda/__init__.py:63: FutureWarning: The pynvml package is deprecated. Please install nvidia-ml-py instead. If you did not install pynvml directly, please report this to the maintainers of the package that installed pynvml for you.
  import pynvml  # type: ignore[import]
Current CUDA device index: 0
Current CUDA device name: NVIDIA RTX A5000
Master address: 163.180.160.61, port: 29531
2025-11-16 20:56:54,879 DDP_Script [Rank 0] [INFO] Node rank: 0, world size: 1
[Gloo] Rank 0 is connected to 0 peer ranks. Expected number of connected peer ranks is : 0
2025-11-16 20:56:54,886 DDP_Script [Rank 0] [INFO] Process group initialized: 163.180.160.61:29531
2025-11-16 20:56:54,886 DDP_Script [Rank 0] [INFO] Rank 0/1 initialized
/data/breath12/anaconda3/envs/Dist1/lib/python3.9/site-packages/torchvision/models/_utils.py:208: UserWarning: The parameter 'pretrained' is deprecated since 0.13 and may be removed in the future, please use 'weights' instead.
  warnings.warn(
/data/breath12/anaconda3/envs/Dist1/lib/python3.9/site-packages/torchvision/models/_utils.py:223: UserWarning: Arguments other than a weight enum or `None` for 'weights' are deprecated since 0.13 and may be removed in the future. The current behavior is equivalent to passing `weights=None`.
  warnings.warn(msg)
2025-11-16 20:56:55,372 DDP_Script [Rank 0] [INFO] Model, DDP, criterion, optimizer initialized
2025-11-16 20:56:55,433 DDP_Script [Rank 0] [INFO] Modules initialized
2025-11-16 20:56:55,435 DDP_Script [Rank 0] [INFO] Checkpoint directory created: ./checkpoints/job-053c149ff00c
2025-11-16 20:56:55,435 DDP_Script [Rank 0] [INFO] Starting training from scratch (epoch 1).
2025-11-16 20:56:55,436 DDP_Script [Rank 0] [INFO] epoch 1 시작
2025-11-16 20:56:55,445 DDP_Script [Rank 0] [INFO] DataLoader created with batch_size=128, num_workers=4
2025-11-16 20:56:55,450 DDP_Script [Rank 0] [INFO] 모든 노드 중 max_steps = 469
2025-11-16 20:56:55,450 DDP_Script [Rank 0] [INFO] local_steps=469, global_steps=469
2025-11-16 21:00:05,067 DDP_Script [Rank 0] [INFO] epoch 1 train step time: 189.62 seconds
2025-11-16 21:00:05,069 DDP_Script [Rank 0] [INFO] epoch 1 끝 (local_steps=469, global_steps=469)
2025-11-16 21:00:15,713 DDP_Script [Rank 0] [INFO] val acc 97.99%
2025-11-16 21:00:15,751 DDP_Script [Rank 0] [INFO] Saving checkpoint to ./checkpoints/job-053c149ff00c/latest_checkpoint.pth ...
2025-11-16 21:00:16,528 DDP_Script [Rank 0] [INFO] Successfully reported epoch 1/20 (Acc: 97.99%) to global server.
2025-11-16 21:00:16,529 DDP_Script [Rank 0] [INFO] epoch 2 시작
2025-11-16 21:00:16,538 DDP_Script [Rank 0] [INFO] DataLoader created with batch_size=128, num_workers=4
2025-11-16 21:00:16,543 DDP_Script [Rank 0] [INFO] 모든 노드 중 max_steps = 469
2025-11-16 21:00:16,543 DDP_Script [Rank 0] [INFO] local_steps=469, global_steps=469
2025-11-16 21:03:23,783 DDP_Script [Rank 0] [INFO] epoch 2 train step time: 187.24 seconds
2025-11-16 21:03:23,785 DDP_Script [Rank 0] [INFO] epoch 2 끝 (local_steps=469, global_steps=469)
2025-11-16 21:03:34,365 DDP_Script [Rank 0] [INFO] val acc 99.05%
2025-11-16 21:03:34,420 DDP_Script [Rank 0] [INFO] Saving checkpoint to ./checkpoints/job-053c149ff00c/latest_checkpoint.pth ...
2025-11-16 21:03:35,139 DDP_Script [Rank 0] [INFO] Successfully reported epoch 2/20 (Acc: 99.05%) to global server.
2025-11-16 21:03:35,140 DDP_Script [Rank 0] [INFO] epoch 3 시작
2025-11-16 21:03:35,152 DDP_Script [Rank 0] [INFO] DataLoader created with batch_size=128, num_workers=4
2025-11-16 21:03:35,157 DDP_Script [Rank 0] [INFO] 모든 노드 중 max_steps = 469
2025-11-16 21:03:35,158 DDP_Script [Rank 0] [INFO] local_steps=469, global_steps=469
2025-11-16 21:06:43,605 DDP_Script [Rank 0] [INFO] epoch 3 train step time: 188.45 seconds
2025-11-16 21:06:43,607 DDP_Script [Rank 0] [INFO] epoch 3 끝 (local_steps=469, global_steps=469)
2025-11-16 21:06:54,141 DDP_Script [Rank 0] [INFO] val acc 99.27%
2025-11-16 21:06:54,172 DDP_Script [Rank 0] [INFO] Saving checkpoint to ./checkpoints/job-053c149ff00c/latest_checkpoint.pth ...
2025-11-16 21:06:54,918 DDP_Script [Rank 0] [INFO] Successfully reported epoch 3/20 (Acc: 99.27%) to global server.
2025-11-16 21:06:54,919 DDP_Script [Rank 0] [INFO] epoch 4 시작
2025-11-16 21:06:54,927 DDP_Script [Rank 0] [INFO] DataLoader created with batch_size=128, num_workers=4
2025-11-16 21:06:54,932 DDP_Script [Rank 0] [INFO] 모든 노드 중 max_steps = 469
2025-11-16 21:06:54,932 DDP_Script [Rank 0] [INFO] local_steps=469, global_steps=469
2025-11-16 21:10:04,027 DDP_Script [Rank 0] [INFO] epoch 4 train step time: 189.09 seconds
2025-11-16 21:10:04,028 DDP_Script [Rank 0] [INFO] epoch 4 끝 (local_steps=469, global_steps=469)
2025-11-16 21:10:14,547 DDP_Script [Rank 0] [INFO] val acc 99.02%
2025-11-16 21:10:14,587 DDP_Script [Rank 0] [INFO] Saving checkpoint to ./checkpoints/job-053c149ff00c/latest_checkpoint.pth ...
2025-11-16 21:10:15,344 DDP_Script [Rank 0] [INFO] Successfully reported epoch 4/20 (Acc: 99.02%) to global server.
2025-11-16 21:10:15,345 DDP_Script [Rank 0] [INFO] epoch 5 시작
2025-11-16 21:10:15,355 DDP_Script [Rank 0] [INFO] DataLoader created with batch_size=128, num_workers=4
2025-11-16 21:10:15,360 DDP_Script [Rank 0] [INFO] 모든 노드 중 max_steps = 469
2025-11-16 21:10:15,360 DDP_Script [Rank 0] [INFO] local_steps=469, global_steps=469
2025-11-16 21:13:23,799 DDP_Script [Rank 0] [INFO] epoch 5 train step time: 188.44 seconds
2025-11-16 21:13:23,801 DDP_Script [Rank 0] [INFO] epoch 5 끝 (local_steps=469, global_steps=469)
2025-11-16 21:13:34,302 DDP_Script [Rank 0] [INFO] val acc 98.71%
2025-11-16 21:13:34,352 DDP_Script [Rank 0] [INFO] Saving checkpoint to ./checkpoints/job-053c149ff00c/latest_checkpoint.pth ...
2025-11-16 21:13:35,110 DDP_Script [Rank 0] [INFO] Successfully reported epoch 5/20 (Acc: 98.71%) to global server.
2025-11-16 21:13:35,111 DDP_Script [Rank 0] [INFO] epoch 6 시작
2025-11-16 21:13:35,122 DDP_Script [Rank 0] [INFO] DataLoader created with batch_size=128, num_workers=4
2025-11-16 21:13:35,127 DDP_Script [Rank 0] [INFO] 모든 노드 중 max_steps = 469
2025-11-16 21:13:35,128 DDP_Script [Rank 0] [INFO] local_steps=469, global_steps=469
2025-11-16 21:16:43,042 DDP_Script [Rank 0] [INFO] epoch 6 train step time: 187.91 seconds
2025-11-16 21:16:43,043 DDP_Script [Rank 0] [INFO] epoch 6 끝 (local_steps=469, global_steps=469)
2025-11-16 21:16:53,533 DDP_Script [Rank 0] [INFO] val acc 98.98%
2025-11-16 21:16:53,573 DDP_Script [Rank 0] [INFO] Saving checkpoint to ./checkpoints/job-053c149ff00c/latest_checkpoint.pth ...
2025-11-16 21:16:54,309 DDP_Script [Rank 0] [INFO] Successfully reported epoch 6/20 (Acc: 98.98%) to global server.
2025-11-16 21:16:54,311 DDP_Script [Rank 0] [INFO] epoch 7 시작
2025-11-16 21:16:54,329 DDP_Script [Rank 0] [INFO] DataLoader created with batch_size=128, num_workers=4
2025-11-16 21:16:54,333 DDP_Script [Rank 0] [INFO] 모든 노드 중 max_steps = 469
2025-11-16 21:16:54,333 DDP_Script [Rank 0] [INFO] local_steps=469, global_steps=469
2025-11-16 21:20:02,622 DDP_Script [Rank 0] [INFO] epoch 7 train step time: 188.29 seconds
2025-11-16 21:20:02,623 DDP_Script [Rank 0] [INFO] epoch 7 끝 (local_steps=469, global_steps=469)
2025-11-16 21:20:13,114 DDP_Script [Rank 0] [INFO] val acc 99.39%
2025-11-16 21:20:13,173 DDP_Script [Rank 0] [INFO] Saving checkpoint to ./checkpoints/job-053c149ff00c/latest_checkpoint.pth ...
2025-11-16 21:20:13,921 DDP_Script [Rank 0] [INFO] Successfully reported epoch 7/20 (Acc: 99.39%) to global server.
2025-11-16 21:20:13,922 DDP_Script [Rank 0] [INFO] epoch 8 시작
2025-11-16 21:20:13,932 DDP_Script [Rank 0] [INFO] DataLoader created with batch_size=128, num_workers=4
2025-11-16 21:20:13,938 DDP_Script [Rank 0] [INFO] 모든 노드 중 max_steps = 469
2025-11-16 21:20:13,938 DDP_Script [Rank 0] [INFO] local_steps=469, global_steps=469
2025-11-16 21:23:21,188 DDP_Script [Rank 0] [INFO] epoch 8 train step time: 187.25 seconds
2025-11-16 21:23:21,189 DDP_Script [Rank 0] [INFO] epoch 8 끝 (local_steps=469, global_steps=469)
2025-11-16 21:23:31,706 DDP_Script [Rank 0] [INFO] val acc 99.24%
2025-11-16 21:23:31,731 DDP_Script [Rank 0] [INFO] Saving checkpoint to ./checkpoints/job-053c149ff00c/latest_checkpoint.pth ...
2025-11-16 21:23:32,454 DDP_Script [Rank 0] [INFO] Successfully reported epoch 8/20 (Acc: 99.24%) to global server.
2025-11-16 21:23:32,455 DDP_Script [Rank 0] [INFO] epoch 9 시작
2025-11-16 21:23:32,466 DDP_Script [Rank 0] [INFO] DataLoader created with batch_size=128, num_workers=4
2025-11-16 21:23:32,472 DDP_Script [Rank 0] [INFO] 모든 노드 중 max_steps = 469
2025-11-16 21:23:32,473 DDP_Script [Rank 0] [INFO] local_steps=469, global_steps=469
2025-11-16 21:26:39,802 DDP_Script [Rank 0] [INFO] epoch 9 train step time: 187.33 seconds
2025-11-16 21:26:39,803 DDP_Script [Rank 0] [INFO] epoch 9 끝 (local_steps=469, global_steps=469)
2025-11-16 21:26:50,343 DDP_Script [Rank 0] [INFO] val acc 99.38%
2025-11-16 21:26:50,375 DDP_Script [Rank 0] [INFO] Saving checkpoint to ./checkpoints/job-053c149ff00c/latest_checkpoint.pth ...
2025-11-16 21:26:51,113 DDP_Script [Rank 0] [INFO] Successfully reported epoch 9/20 (Acc: 99.38%) to global server.
2025-11-16 21:26:51,114 DDP_Script [Rank 0] [INFO] epoch 10 시작
2025-11-16 21:26:51,124 DDP_Script [Rank 0] [INFO] DataLoader created with batch_size=128, num_workers=4
2025-11-16 21:26:51,130 DDP_Script [Rank 0] [INFO] 모든 노드 중 max_steps = 469
2025-11-16 21:26:51,131 DDP_Script [Rank 0] [INFO] local_steps=469, global_steps=469
2025-11-16 21:29:59,964 DDP_Script [Rank 0] [INFO] epoch 10 train step time: 188.83 seconds
2025-11-16 21:29:59,965 DDP_Script [Rank 0] [INFO] epoch 10 끝 (local_steps=469, global_steps=469)
2025-11-16 21:30:10,540 DDP_Script [Rank 0] [INFO] val acc 99.25%
2025-11-16 21:30:10,585 DDP_Script [Rank 0] [INFO] Saving checkpoint to ./checkpoints/job-053c149ff00c/latest_checkpoint.pth ...
2025-11-16 21:30:11,359 DDP_Script [Rank 0] [INFO] Successfully reported epoch 10/20 (Acc: 99.25%) to global server.
2025-11-16 21:30:11,360 DDP_Script [Rank 0] [INFO] epoch 11 시작
2025-11-16 21:30:11,371 DDP_Script [Rank 0] [INFO] DataLoader created with batch_size=128, num_workers=4
2025-11-16 21:30:11,377 DDP_Script [Rank 0] [INFO] 모든 노드 중 max_steps = 469
2025-11-16 21:30:11,378 DDP_Script [Rank 0] [INFO] local_steps=469, global_steps=469
2025-11-16 21:33:19,925 DDP_Script [Rank 0] [INFO] epoch 11 train step time: 188.55 seconds
2025-11-16 21:33:19,927 DDP_Script [Rank 0] [INFO] epoch 11 끝 (local_steps=469, global_steps=469)
2025-11-16 21:33:30,520 DDP_Script [Rank 0] [INFO] val acc 99.29%
2025-11-16 21:33:30,572 DDP_Script [Rank 0] [INFO] Saving checkpoint to ./checkpoints/job-053c149ff00c/latest_checkpoint.pth ...
2025-11-16 21:33:31,427 DDP_Script [Rank 0] [INFO] Successfully reported epoch 11/20 (Acc: 99.29%) to global server.
2025-11-16 21:33:31,428 DDP_Script [Rank 0] [INFO] epoch 12 시작
2025-11-16 21:33:31,449 DDP_Script [Rank 0] [INFO] DataLoader created with batch_size=128, num_workers=4
2025-11-16 21:33:31,453 DDP_Script [Rank 0] [INFO] 모든 노드 중 max_steps = 469
2025-11-16 21:33:31,453 DDP_Script [Rank 0] [INFO] local_steps=469, global_steps=469
2025-11-16 21:36:39,906 DDP_Script [Rank 0] [INFO] epoch 12 train step time: 188.45 seconds
2025-11-16 21:36:39,908 DDP_Script [Rank 0] [INFO] epoch 12 끝 (local_steps=469, global_steps=469)
2025-11-16 21:36:50,483 DDP_Script [Rank 0] [INFO] val acc 99.25%
2025-11-16 21:36:50,529 DDP_Script [Rank 0] [INFO] Saving checkpoint to ./checkpoints/job-053c149ff00c/latest_checkpoint.pth ...
2025-11-16 21:36:51,273 DDP_Script [Rank 0] [INFO] Successfully reported epoch 12/20 (Acc: 99.25%) to global server.
2025-11-16 21:36:51,274 DDP_Script [Rank 0] [INFO] epoch 13 시작
2025-11-16 21:36:51,284 DDP_Script [Rank 0] [INFO] DataLoader created with batch_size=128, num_workers=4
2025-11-16 21:36:51,291 DDP_Script [Rank 0] [INFO] 모든 노드 중 max_steps = 469
2025-11-16 21:36:51,291 DDP_Script [Rank 0] [INFO] local_steps=469, global_steps=469
2025-11-16 21:39:58,791 DDP_Script [Rank 0] [INFO] epoch 13 train step time: 187.50 seconds
2025-11-16 21:39:58,793 DDP_Script [Rank 0] [INFO] epoch 13 끝 (local_steps=469, global_steps=469)
2025-11-16 21:40:09,332 DDP_Script [Rank 0] [INFO] val acc 99.47%
2025-11-16 21:40:09,355 DDP_Script [Rank 0] [INFO] Saving checkpoint to ./checkpoints/job-053c149ff00c/latest_checkpoint.pth ...
2025-11-16 21:40:10,089 DDP_Script [Rank 0] [INFO] Successfully reported epoch 13/20 (Acc: 99.47%) to global server.
2025-11-16 21:40:10,090 DDP_Script [Rank 0] [INFO] epoch 14 시작
2025-11-16 21:40:10,099 DDP_Script [Rank 0] [INFO] DataLoader created with batch_size=128, num_workers=4
2025-11-16 21:40:10,105 DDP_Script [Rank 0] [INFO] 모든 노드 중 max_steps = 469
2025-11-16 21:40:10,105 DDP_Script [Rank 0] [INFO] local_steps=469, global_steps=469
2025-11-16 21:43:18,394 DDP_Script [Rank 0] [INFO] epoch 14 train step time: 188.29 seconds
2025-11-16 21:43:18,395 DDP_Script [Rank 0] [INFO] epoch 14 끝 (local_steps=469, global_steps=469)
2025-11-16 21:43:28,881 DDP_Script [Rank 0] [INFO] val acc 99.43%
2025-11-16 21:43:28,924 DDP_Script [Rank 0] [INFO] Saving checkpoint to ./checkpoints/job-053c149ff00c/latest_checkpoint.pth ...
2025-11-16 21:43:29,685 DDP_Script [Rank 0] [INFO] Successfully reported epoch 14/20 (Acc: 99.43%) to global server.
2025-11-16 21:43:29,687 DDP_Script [Rank 0] [INFO] epoch 15 시작
2025-11-16 21:43:29,711 DDP_Script [Rank 0] [INFO] DataLoader created with batch_size=128, num_workers=4
2025-11-16 21:43:29,715 DDP_Script [Rank 0] [INFO] 모든 노드 중 max_steps = 469
2025-11-16 21:43:29,715 DDP_Script [Rank 0] [INFO] local_steps=469, global_steps=469
2025-11-16 21:46:38,473 DDP_Script [Rank 0] [INFO] epoch 15 train step time: 188.76 seconds
2025-11-16 21:46:38,475 DDP_Script [Rank 0] [INFO] epoch 15 끝 (local_steps=469, global_steps=469)
2025-11-16 21:46:48,994 DDP_Script [Rank 0] [INFO] val acc 99.23%
2025-11-16 21:46:49,028 DDP_Script [Rank 0] [INFO] Saving checkpoint to ./checkpoints/job-053c149ff00c/latest_checkpoint.pth ...
2025-11-16 21:46:49,768 DDP_Script [Rank 0] [INFO] Successfully reported epoch 15/20 (Acc: 99.23%) to global server.
2025-11-16 21:46:49,769 DDP_Script [Rank 0] [INFO] epoch 16 시작
2025-11-16 21:46:49,779 DDP_Script [Rank 0] [INFO] DataLoader created with batch_size=128, num_workers=4
2025-11-16 21:46:49,785 DDP_Script [Rank 0] [INFO] 모든 노드 중 max_steps = 469
2025-11-16 21:46:49,785 DDP_Script [Rank 0] [INFO] local_steps=469, global_steps=469
2025-11-16 21:49:56,357 DDP_Script [Rank 0] [INFO] epoch 16 train step time: 186.57 seconds
2025-11-16 21:49:56,358 DDP_Script [Rank 0] [INFO] epoch 16 끝 (local_steps=469, global_steps=469)
2025-11-16 21:50:06,888 DDP_Script [Rank 0] [INFO] val acc 99.24%
2025-11-16 21:50:06,918 DDP_Script [Rank 0] [INFO] Saving checkpoint to ./checkpoints/job-053c149ff00c/latest_checkpoint.pth ...
2025-11-16 21:50:07,778 DDP_Script [Rank 0] [INFO] Successfully reported epoch 16/20 (Acc: 99.24%) to global server.
2025-11-16 21:50:07,779 DDP_Script [Rank 0] [INFO] epoch 17 시작
2025-11-16 21:50:07,786 DDP_Script [Rank 0] [INFO] DataLoader created with batch_size=128, num_workers=4
2025-11-16 21:50:07,791 DDP_Script [Rank 0] [INFO] 모든 노드 중 max_steps = 469
2025-11-16 21:50:07,791 DDP_Script [Rank 0] [INFO] local_steps=469, global_steps=469
2025-11-16 21:53:15,954 DDP_Script [Rank 0] [INFO] epoch 17 train step time: 188.16 seconds
2025-11-16 21:53:15,956 DDP_Script [Rank 0] [INFO] epoch 17 끝 (local_steps=469, global_steps=469)
2025-11-16 21:53:26,494 DDP_Script [Rank 0] [INFO] val acc 99.57%
2025-11-16 21:53:26,519 DDP_Script [Rank 0] [INFO] Saving checkpoint to ./checkpoints/job-053c149ff00c/latest_checkpoint.pth ...
2025-11-16 21:53:27,366 DDP_Script [Rank 0] [INFO] Successfully reported epoch 17/20 (Acc: 99.57%) to global server.
2025-11-16 21:53:27,367 DDP_Script [Rank 0] [INFO] epoch 18 시작
2025-11-16 21:53:27,378 DDP_Script [Rank 0] [INFO] DataLoader created with batch_size=128, num_workers=4
2025-11-16 21:53:27,383 DDP_Script [Rank 0] [INFO] 모든 노드 중 max_steps = 469
2025-11-16 21:53:27,383 DDP_Script [Rank 0] [INFO] local_steps=469, global_steps=469
2025-11-16 21:56:34,987 DDP_Script [Rank 0] [INFO] epoch 18 train step time: 187.60 seconds
2025-11-16 21:56:34,988 DDP_Script [Rank 0] [INFO] epoch 18 끝 (local_steps=469, global_steps=469)
2025-11-16 21:56:45,526 DDP_Script [Rank 0] [INFO] val acc 99.51%
2025-11-16 21:56:45,597 DDP_Script [Rank 0] [INFO] Saving checkpoint to ./checkpoints/job-053c149ff00c/latest_checkpoint.pth ...
2025-11-16 21:56:46,306 DDP_Script [Rank 0] [INFO] Successfully reported epoch 18/20 (Acc: 99.51%) to global server.
2025-11-16 21:56:46,308 DDP_Script [Rank 0] [INFO] epoch 19 시작
2025-11-16 21:56:46,318 DDP_Script [Rank 0] [INFO] DataLoader created with batch_size=128, num_workers=4
2025-11-16 21:56:46,323 DDP_Script [Rank 0] [INFO] 모든 노드 중 max_steps = 469
2025-11-16 21:56:46,324 DDP_Script [Rank 0] [INFO] local_steps=469, global_steps=469
2025-11-16 21:59:55,152 DDP_Script [Rank 0] [INFO] epoch 19 train step time: 188.83 seconds
2025-11-16 21:59:55,153 DDP_Script [Rank 0] [INFO] epoch 19 끝 (local_steps=469, global_steps=469)
2025-11-16 22:00:05,803 DDP_Script [Rank 0] [INFO] val acc 99.42%
2025-11-16 22:00:05,827 DDP_Script [Rank 0] [INFO] Saving checkpoint to ./checkpoints/job-053c149ff00c/latest_checkpoint.pth ...
2025-11-16 22:00:06,601 DDP_Script [Rank 0] [INFO] Successfully reported epoch 19/20 (Acc: 99.42%) to global server.
2025-11-16 22:00:06,603 DDP_Script [Rank 0] [INFO] epoch 20 시작
2025-11-16 22:00:06,614 DDP_Script [Rank 0] [INFO] DataLoader created with batch_size=128, num_workers=4
2025-11-16 22:00:06,620 DDP_Script [Rank 0] [INFO] 모든 노드 중 max_steps = 469
2025-11-16 22:00:06,620 DDP_Script [Rank 0] [INFO] local_steps=469, global_steps=469
2025-11-16 22:03:14,966 DDP_Script [Rank 0] [INFO] epoch 20 train step time: 188.35 seconds
2025-11-16 22:03:14,968 DDP_Script [Rank 0] [INFO] epoch 20 끝 (local_steps=469, global_steps=469)
2025-11-16 22:03:25,545 DDP_Script [Rank 0] [INFO] val acc 99.47%
2025-11-16 22:03:25,583 DDP_Script [Rank 0] [INFO] Saving checkpoint to ./checkpoints/job-053c149ff00c/latest_checkpoint.pth ...
2025-11-16 22:03:26,388 DDP_Script [Rank 0] [INFO] Successfully reported epoch 20/20 (Acc: 99.47%) to global server.
2025-11-16 22:03:26,389 DDP_Script [Rank 0] [INFO] Training completed successfully.
2025-11-16 22:03:26,403 DDP_Script [Rank 0] [INFO] Reported job completion to global server.
2025-11-16 22:03:26,403 DDP_Script [Rank 0] [INFO] Training loop finished.
