/data/breath12/anaconda3/envs/Dist1/lib/python3.9/site-packages/torch/cuda/__init__.py:63: FutureWarning: The pynvml package is deprecated. Please install nvidia-ml-py instead. If you did not install pynvml directly, please report this to the maintainers of the package that installed pynvml for you.
  import pynvml  # type: ignore[import]
Current CUDA device index: 0
Current CUDA device name: NVIDIA RTX A5000
Master address: 163.180.160.62, port: 29509
2025-11-18 23:13:23,008 DDP_Script [Rank 0] [INFO] Node rank: 0, world size: 2
[Gloo] Rank 0 is connected to 1 peer ranks. Expected number of connected peer ranks is : 1
2025-11-18 23:13:23,059 DDP_Script [Rank 0] [INFO] Process group initialized: 163.180.160.62:29509
2025-11-18 23:13:23,059 DDP_Script [Rank 0] [INFO] Rank 0/2 initialized
Val sample labels: tensor([  2,   3,  13,  15,  41,  43,  64,  81,  91, 102, 117, 124, 129, 132,
        133, 135, 136, 151, 161, 162, 163, 168, 173, 174, 179, 180, 186, 197,
        199])
Train samples: 100000
Val   samples: 10000
/data/breath12/anaconda3/envs/Dist1/lib/python3.9/site-packages/torchvision/models/_utils.py:208: UserWarning: The parameter 'pretrained' is deprecated since 0.13 and may be removed in the future, please use 'weights' instead.
  warnings.warn(
/data/breath12/anaconda3/envs/Dist1/lib/python3.9/site-packages/torchvision/models/_utils.py:223: UserWarning: Arguments other than a weight enum or `None` for 'weights' are deprecated since 0.13 and may be removed in the future. The current behavior is equivalent to passing `weights=None`.
  warnings.warn(msg)
2025-11-18 23:13:24,062 DDP_Script [Rank 0] [INFO] Model, DDP, criterion, optimizer initialized
2025-11-18 23:13:24,124 DDP_Script [Rank 0] [INFO] Modules initialized
2025-11-18 23:13:24,125 DDP_Script [Rank 0] [INFO] Checkpoint directory created: ./checkpoints/job-fee4457ed8be
2025-11-18 23:13:24,125 DDP_Script [Rank 0] [INFO] Starting training from scratch (epoch 1).
2025-11-18 23:13:24,126 DDP_Script [Rank 0] [INFO] epoch 1 시작
2025-11-18 23:13:24,136 DDP_Script [Rank 0] [INFO] DataLoader created with batch_size=64, num_workers=4
2025-11-18 23:13:24,140 DDP_Script [Rank 0] [INFO] 모든 노드 중 max_steps = 782
2025-11-18 23:13:24,140 DDP_Script [Rank 0] [INFO] local_steps=782, global_steps=782
2025-11-18 23:16:04,114 DDP_Script [Rank 0] [INFO] epoch 1 train step time: 159.97 seconds
2025-11-18 23:16:04,116 DDP_Script [Rank 0] [INFO] epoch 1 끝 (local_steps=782, global_steps=782)
2025-11-18 23:16:09,456 DDP_Script [Rank 0] [INFO] val acc 11.09%
2025-11-18 23:16:09,486 DDP_Script [Rank 0] [INFO] Saving checkpoint to ./checkpoints/job-fee4457ed8be/latest_checkpoint.pth ...
2025-11-18 23:16:10,043 DDP_Script [Rank 0] [INFO] Successfully reported epoch 1/20 (Acc: 11.09%) to global server.
2025-11-18 23:16:10,044 DDP_Script [Rank 0] [INFO] epoch 2 시작
2025-11-18 23:16:10,057 DDP_Script [Rank 0] [INFO] DataLoader created with batch_size=64, num_workers=4
2025-11-18 23:16:10,063 DDP_Script [Rank 0] [INFO] 모든 노드 중 max_steps = 782
2025-11-18 23:16:10,063 DDP_Script [Rank 0] [INFO] local_steps=782, global_steps=782
2025-11-18 23:18:49,811 DDP_Script [Rank 0] [INFO] epoch 2 train step time: 159.75 seconds
2025-11-18 23:18:49,816 DDP_Script [Rank 0] [INFO] epoch 2 끝 (local_steps=782, global_steps=782)
2025-11-18 23:18:54,821 DDP_Script [Rank 0] [INFO] val acc 17.22%
2025-11-18 23:18:54,849 DDP_Script [Rank 0] [INFO] Saving checkpoint to ./checkpoints/job-fee4457ed8be/latest_checkpoint.pth ...
2025-11-18 23:18:55,171 DDP_Script [Rank 0] [INFO] Successfully reported epoch 2/20 (Acc: 17.22%) to global server.
2025-11-18 23:18:55,173 DDP_Script [Rank 0] [INFO] epoch 3 시작
2025-11-18 23:18:55,185 DDP_Script [Rank 0] [INFO] DataLoader created with batch_size=64, num_workers=4
2025-11-18 23:18:55,191 DDP_Script [Rank 0] [INFO] 모든 노드 중 max_steps = 782
2025-11-18 23:18:55,191 DDP_Script [Rank 0] [INFO] local_steps=782, global_steps=782
2025-11-18 23:21:34,778 DDP_Script [Rank 0] [INFO] epoch 3 train step time: 159.59 seconds
2025-11-18 23:21:34,780 DDP_Script [Rank 0] [INFO] epoch 3 끝 (local_steps=782, global_steps=782)
2025-11-18 23:21:39,806 DDP_Script [Rank 0] [INFO] val acc 24.66%
2025-11-18 23:21:39,837 DDP_Script [Rank 0] [INFO] Saving checkpoint to ./checkpoints/job-fee4457ed8be/latest_checkpoint.pth ...
2025-11-18 23:21:40,233 DDP_Script [Rank 0] [INFO] Successfully reported epoch 3/20 (Acc: 24.66%) to global server.
2025-11-18 23:21:40,235 DDP_Script [Rank 0] [INFO] epoch 4 시작
2025-11-18 23:21:40,249 DDP_Script [Rank 0] [INFO] DataLoader created with batch_size=64, num_workers=4
2025-11-18 23:21:40,254 DDP_Script [Rank 0] [INFO] 모든 노드 중 max_steps = 782
2025-11-18 23:21:40,254 DDP_Script [Rank 0] [INFO] local_steps=782, global_steps=782
2025-11-18 23:24:18,988 DDP_Script [Rank 0] [INFO] epoch 4 train step time: 158.73 seconds
2025-11-18 23:24:18,991 DDP_Script [Rank 0] [INFO] epoch 4 끝 (local_steps=782, global_steps=782)
2025-11-18 23:24:24,004 DDP_Script [Rank 0] [INFO] val acc 29.59%
2025-11-18 23:24:24,032 DDP_Script [Rank 0] [INFO] Saving checkpoint to ./checkpoints/job-fee4457ed8be/latest_checkpoint.pth ...
2025-11-18 23:24:24,362 DDP_Script [Rank 0] [INFO] Successfully reported epoch 4/20 (Acc: 29.59%) to global server.
2025-11-18 23:24:24,364 DDP_Script [Rank 0] [INFO] epoch 5 시작
2025-11-18 23:24:24,376 DDP_Script [Rank 0] [INFO] DataLoader created with batch_size=64, num_workers=4
2025-11-18 23:24:24,384 DDP_Script [Rank 0] [INFO] 모든 노드 중 max_steps = 782
2025-11-18 23:24:24,384 DDP_Script [Rank 0] [INFO] local_steps=782, global_steps=782
2025-11-18 23:27:04,329 DDP_Script [Rank 0] [INFO] epoch 5 train step time: 159.94 seconds
2025-11-18 23:27:04,341 DDP_Script [Rank 0] [INFO] epoch 5 끝 (local_steps=782, global_steps=782)
2025-11-18 23:27:09,368 DDP_Script [Rank 0] [INFO] val acc 33.43%
2025-11-18 23:27:09,389 DDP_Script [Rank 0] [INFO] Saving checkpoint to ./checkpoints/job-fee4457ed8be/latest_checkpoint.pth ...
2025-11-18 23:27:09,715 DDP_Script [Rank 0] [INFO] Successfully reported epoch 5/20 (Acc: 33.43%) to global server.
2025-11-18 23:27:09,717 DDP_Script [Rank 0] [INFO] epoch 6 시작
2025-11-18 23:27:09,730 DDP_Script [Rank 0] [INFO] DataLoader created with batch_size=64, num_workers=4
2025-11-18 23:27:09,736 DDP_Script [Rank 0] [INFO] 모든 노드 중 max_steps = 782
2025-11-18 23:27:09,736 DDP_Script [Rank 0] [INFO] local_steps=782, global_steps=782
2025-11-18 23:29:49,774 DDP_Script [Rank 0] [INFO] epoch 6 train step time: 160.04 seconds
2025-11-18 23:29:49,776 DDP_Script [Rank 0] [INFO] epoch 6 끝 (local_steps=782, global_steps=782)
2025-11-18 23:29:54,900 DDP_Script [Rank 0] [INFO] val acc 38.25%
2025-11-18 23:29:54,949 DDP_Script [Rank 0] [INFO] Saving checkpoint to ./checkpoints/job-fee4457ed8be/latest_checkpoint.pth ...
2025-11-18 23:29:55,311 DDP_Script [Rank 0] [INFO] Successfully reported epoch 6/20 (Acc: 38.25%) to global server.
2025-11-18 23:29:55,313 DDP_Script [Rank 0] [INFO] epoch 7 시작
2025-11-18 23:29:55,328 DDP_Script [Rank 0] [INFO] DataLoader created with batch_size=64, num_workers=4
2025-11-18 23:29:55,332 DDP_Script [Rank 0] [INFO] 모든 노드 중 max_steps = 782
2025-11-18 23:29:55,332 DDP_Script [Rank 0] [INFO] local_steps=782, global_steps=782
2025-11-18 23:32:35,142 DDP_Script [Rank 0] [INFO] epoch 7 train step time: 159.81 seconds
2025-11-18 23:32:35,145 DDP_Script [Rank 0] [INFO] epoch 7 끝 (local_steps=782, global_steps=782)
2025-11-18 23:32:40,104 DDP_Script [Rank 0] [INFO] val acc 39.34%
2025-11-18 23:32:40,159 DDP_Script [Rank 0] [INFO] Saving checkpoint to ./checkpoints/job-fee4457ed8be/latest_checkpoint.pth ...
2025-11-18 23:32:40,574 DDP_Script [Rank 0] [INFO] Successfully reported epoch 7/20 (Acc: 39.34%) to global server.
2025-11-18 23:32:40,576 DDP_Script [Rank 0] [INFO] epoch 8 시작
2025-11-18 23:32:40,589 DDP_Script [Rank 0] [INFO] DataLoader created with batch_size=64, num_workers=4
2025-11-18 23:32:40,596 DDP_Script [Rank 0] [INFO] 모든 노드 중 max_steps = 782
2025-11-18 23:32:40,596 DDP_Script [Rank 0] [INFO] local_steps=782, global_steps=782
2025-11-18 23:35:18,302 DDP_Script [Rank 0] [INFO] epoch 8 train step time: 157.71 seconds
2025-11-18 23:35:18,304 DDP_Script [Rank 0] [INFO] epoch 8 끝 (local_steps=782, global_steps=782)
2025-11-18 23:35:23,246 DDP_Script [Rank 0] [INFO] val acc 42.32%
2025-11-18 23:35:23,274 DDP_Script [Rank 0] [INFO] Saving checkpoint to ./checkpoints/job-fee4457ed8be/latest_checkpoint.pth ...
2025-11-18 23:35:23,586 DDP_Script [Rank 0] [INFO] Successfully reported epoch 8/20 (Acc: 42.32%) to global server.
2025-11-18 23:35:23,588 DDP_Script [Rank 0] [INFO] epoch 9 시작
2025-11-18 23:35:23,600 DDP_Script [Rank 0] [INFO] DataLoader created with batch_size=64, num_workers=4
2025-11-18 23:35:23,606 DDP_Script [Rank 0] [INFO] 모든 노드 중 max_steps = 782
2025-11-18 23:35:23,606 DDP_Script [Rank 0] [INFO] local_steps=782, global_steps=782
2025-11-18 23:37:59,805 DDP_Script [Rank 0] [INFO] epoch 9 train step time: 156.20 seconds
2025-11-18 23:37:59,808 DDP_Script [Rank 0] [INFO] epoch 9 끝 (local_steps=782, global_steps=782)
2025-11-18 23:38:04,790 DDP_Script [Rank 0] [INFO] val acc 44.91%
2025-11-18 23:38:04,820 DDP_Script [Rank 0] [INFO] Saving checkpoint to ./checkpoints/job-fee4457ed8be/latest_checkpoint.pth ...
2025-11-18 23:38:05,123 DDP_Script [Rank 0] [INFO] Successfully reported epoch 9/20 (Acc: 44.91%) to global server.
2025-11-18 23:38:05,125 DDP_Script [Rank 0] [INFO] epoch 10 시작
2025-11-18 23:38:05,137 DDP_Script [Rank 0] [INFO] DataLoader created with batch_size=64, num_workers=4
2025-11-18 23:38:05,144 DDP_Script [Rank 0] [INFO] 모든 노드 중 max_steps = 782
2025-11-18 23:38:05,144 DDP_Script [Rank 0] [INFO] local_steps=782, global_steps=782
2025-11-18 23:40:42,093 DDP_Script [Rank 0] [INFO] epoch 10 train step time: 156.95 seconds
2025-11-18 23:40:42,096 DDP_Script [Rank 0] [INFO] epoch 10 끝 (local_steps=782, global_steps=782)
2025-11-18 23:40:47,052 DDP_Script [Rank 0] [INFO] val acc 45.35%
2025-11-18 23:40:47,080 DDP_Script [Rank 0] [INFO] Saving checkpoint to ./checkpoints/job-fee4457ed8be/latest_checkpoint.pth ...
2025-11-18 23:40:47,395 DDP_Script [Rank 0] [INFO] Successfully reported epoch 10/20 (Acc: 45.35%) to global server.
2025-11-18 23:40:47,396 DDP_Script [Rank 0] [INFO] epoch 11 시작
2025-11-18 23:40:47,408 DDP_Script [Rank 0] [INFO] DataLoader created with batch_size=64, num_workers=4
2025-11-18 23:40:47,415 DDP_Script [Rank 0] [INFO] 모든 노드 중 max_steps = 782
2025-11-18 23:40:47,416 DDP_Script [Rank 0] [INFO] local_steps=782, global_steps=782
2025-11-18 23:43:26,027 DDP_Script [Rank 0] [INFO] epoch 11 train step time: 158.61 seconds
2025-11-18 23:43:26,029 DDP_Script [Rank 0] [INFO] epoch 11 끝 (local_steps=782, global_steps=782)
2025-11-18 23:43:31,661 DDP_Script [Rank 0] [INFO] val acc 47.20%
2025-11-18 23:43:31,689 DDP_Script [Rank 0] [INFO] Saving checkpoint to ./checkpoints/job-fee4457ed8be/latest_checkpoint.pth ...
2025-11-18 23:43:32,043 DDP_Script [Rank 0] [INFO] Successfully reported epoch 11/20 (Acc: 47.20%) to global server.
2025-11-18 23:43:32,044 DDP_Script [Rank 0] [INFO] epoch 12 시작
2025-11-18 23:43:32,057 DDP_Script [Rank 0] [INFO] DataLoader created with batch_size=64, num_workers=4
2025-11-18 23:43:32,064 DDP_Script [Rank 0] [INFO] 모든 노드 중 max_steps = 782
2025-11-18 23:43:32,064 DDP_Script [Rank 0] [INFO] local_steps=782, global_steps=782
2025-11-18 23:46:11,461 DDP_Script [Rank 0] [INFO] epoch 12 train step time: 159.40 seconds
2025-11-18 23:46:11,464 DDP_Script [Rank 0] [INFO] epoch 12 끝 (local_steps=782, global_steps=782)
2025-11-18 23:46:16,440 DDP_Script [Rank 0] [INFO] val acc 48.87%
2025-11-18 23:46:16,499 DDP_Script [Rank 0] [INFO] Saving checkpoint to ./checkpoints/job-fee4457ed8be/latest_checkpoint.pth ...
2025-11-18 23:46:16,832 DDP_Script [Rank 0] [INFO] Successfully reported epoch 12/20 (Acc: 48.87%) to global server.
2025-11-18 23:46:16,834 DDP_Script [Rank 0] [INFO] epoch 13 시작
2025-11-18 23:46:16,846 DDP_Script [Rank 0] [INFO] DataLoader created with batch_size=64, num_workers=4
2025-11-18 23:46:16,853 DDP_Script [Rank 0] [INFO] 모든 노드 중 max_steps = 782
2025-11-18 23:46:16,854 DDP_Script [Rank 0] [INFO] local_steps=782, global_steps=782
2025-11-18 23:48:55,131 DDP_Script [Rank 0] [INFO] epoch 13 train step time: 158.28 seconds
2025-11-18 23:48:55,134 DDP_Script [Rank 0] [INFO] epoch 13 끝 (local_steps=782, global_steps=782)
2025-11-18 23:49:00,099 DDP_Script [Rank 0] [INFO] val acc 49.54%
2025-11-18 23:49:00,126 DDP_Script [Rank 0] [INFO] Saving checkpoint to ./checkpoints/job-fee4457ed8be/latest_checkpoint.pth ...
2025-11-18 23:49:00,463 DDP_Script [Rank 0] [INFO] Successfully reported epoch 13/20 (Acc: 49.54%) to global server.
2025-11-18 23:49:00,465 DDP_Script [Rank 0] [INFO] epoch 14 시작
2025-11-18 23:49:00,478 DDP_Script [Rank 0] [INFO] DataLoader created with batch_size=64, num_workers=4
2025-11-18 23:49:00,484 DDP_Script [Rank 0] [INFO] 모든 노드 중 max_steps = 782
2025-11-18 23:49:00,484 DDP_Script [Rank 0] [INFO] local_steps=782, global_steps=782
2025-11-18 23:51:36,682 DDP_Script [Rank 0] [INFO] epoch 14 train step time: 156.20 seconds
2025-11-18 23:51:36,684 DDP_Script [Rank 0] [INFO] epoch 14 끝 (local_steps=782, global_steps=782)
2025-11-18 23:51:41,673 DDP_Script [Rank 0] [INFO] val acc 51.28%
2025-11-18 23:51:41,691 DDP_Script [Rank 0] [INFO] Saving checkpoint to ./checkpoints/job-fee4457ed8be/latest_checkpoint.pth ...
2025-11-18 23:51:42,017 DDP_Script [Rank 0] [INFO] Successfully reported epoch 14/20 (Acc: 51.28%) to global server.
2025-11-18 23:51:42,019 DDP_Script [Rank 0] [INFO] epoch 15 시작
2025-11-18 23:51:42,032 DDP_Script [Rank 0] [INFO] DataLoader created with batch_size=64, num_workers=4
2025-11-18 23:51:42,037 DDP_Script [Rank 0] [INFO] 모든 노드 중 max_steps = 782
2025-11-18 23:51:42,038 DDP_Script [Rank 0] [INFO] local_steps=782, global_steps=782
2025-11-18 23:54:19,882 DDP_Script [Rank 0] [INFO] epoch 15 train step time: 157.84 seconds
2025-11-18 23:54:19,890 DDP_Script [Rank 0] [INFO] epoch 15 끝 (local_steps=782, global_steps=782)
2025-11-18 23:54:24,858 DDP_Script [Rank 0] [INFO] val acc 51.36%
2025-11-18 23:54:24,903 DDP_Script [Rank 0] [INFO] Saving checkpoint to ./checkpoints/job-fee4457ed8be/latest_checkpoint.pth ...
2025-11-18 23:54:25,249 DDP_Script [Rank 0] [INFO] Successfully reported epoch 15/20 (Acc: 51.36%) to global server.
2025-11-18 23:54:25,251 DDP_Script [Rank 0] [INFO] epoch 16 시작
2025-11-18 23:54:25,264 DDP_Script [Rank 0] [INFO] DataLoader created with batch_size=64, num_workers=4
2025-11-18 23:54:25,270 DDP_Script [Rank 0] [INFO] 모든 노드 중 max_steps = 782
2025-11-18 23:54:25,270 DDP_Script [Rank 0] [INFO] local_steps=782, global_steps=782
2025-11-18 23:57:04,984 DDP_Script [Rank 0] [INFO] epoch 16 train step time: 159.71 seconds
2025-11-18 23:57:04,986 DDP_Script [Rank 0] [INFO] epoch 16 끝 (local_steps=782, global_steps=782)
2025-11-18 23:57:09,937 DDP_Script [Rank 0] [INFO] val acc 51.82%
2025-11-18 23:57:09,990 DDP_Script [Rank 0] [INFO] Saving checkpoint to ./checkpoints/job-fee4457ed8be/latest_checkpoint.pth ...
2025-11-18 23:57:10,343 DDP_Script [Rank 0] [INFO] Successfully reported epoch 16/20 (Acc: 51.82%) to global server.
2025-11-18 23:57:10,345 DDP_Script [Rank 0] [INFO] epoch 17 시작
2025-11-18 23:57:10,357 DDP_Script [Rank 0] [INFO] DataLoader created with batch_size=64, num_workers=4
2025-11-18 23:57:10,364 DDP_Script [Rank 0] [INFO] 모든 노드 중 max_steps = 782
2025-11-18 23:57:10,364 DDP_Script [Rank 0] [INFO] local_steps=782, global_steps=782
2025-11-18 23:59:49,006 DDP_Script [Rank 0] [INFO] epoch 17 train step time: 158.64 seconds
2025-11-18 23:59:49,008 DDP_Script [Rank 0] [INFO] epoch 17 끝 (local_steps=782, global_steps=782)
2025-11-18 23:59:53,950 DDP_Script [Rank 0] [INFO] val acc 53.93%
2025-11-18 23:59:53,982 DDP_Script [Rank 0] [INFO] Saving checkpoint to ./checkpoints/job-fee4457ed8be/latest_checkpoint.pth ...
2025-11-18 23:59:54,315 DDP_Script [Rank 0] [INFO] Successfully reported epoch 17/20 (Acc: 53.93%) to global server.
2025-11-18 23:59:54,317 DDP_Script [Rank 0] [INFO] epoch 18 시작
2025-11-18 23:59:54,330 DDP_Script [Rank 0] [INFO] DataLoader created with batch_size=64, num_workers=4
2025-11-18 23:59:54,335 DDP_Script [Rank 0] [INFO] 모든 노드 중 max_steps = 782
2025-11-18 23:59:54,335 DDP_Script [Rank 0] [INFO] local_steps=782, global_steps=782
2025-11-19 00:02:33,716 DDP_Script [Rank 0] [INFO] epoch 18 train step time: 159.38 seconds
2025-11-19 00:02:33,718 DDP_Script [Rank 0] [INFO] epoch 18 끝 (local_steps=782, global_steps=782)
2025-11-19 00:02:38,703 DDP_Script [Rank 0] [INFO] val acc 53.42%
2025-11-19 00:02:38,758 DDP_Script [Rank 0] [INFO] Saving checkpoint to ./checkpoints/job-fee4457ed8be/latest_checkpoint.pth ...
2025-11-19 00:02:39,104 DDP_Script [Rank 0] [INFO] Successfully reported epoch 18/20 (Acc: 53.42%) to global server.
2025-11-19 00:02:39,106 DDP_Script [Rank 0] [INFO] epoch 19 시작
2025-11-19 00:02:39,118 DDP_Script [Rank 0] [INFO] DataLoader created with batch_size=64, num_workers=4
2025-11-19 00:02:39,124 DDP_Script [Rank 0] [INFO] 모든 노드 중 max_steps = 782
2025-11-19 00:02:39,124 DDP_Script [Rank 0] [INFO] local_steps=782, global_steps=782
2025-11-19 00:05:16,557 DDP_Script [Rank 0] [INFO] epoch 19 train step time: 157.43 seconds
2025-11-19 00:05:16,560 DDP_Script [Rank 0] [INFO] epoch 19 끝 (local_steps=782, global_steps=782)
2025-11-19 00:05:21,520 DDP_Script [Rank 0] [INFO] val acc 54.37%
2025-11-19 00:05:21,559 DDP_Script [Rank 0] [INFO] Saving checkpoint to ./checkpoints/job-fee4457ed8be/latest_checkpoint.pth ...
2025-11-19 00:05:21,899 DDP_Script [Rank 0] [INFO] Successfully reported epoch 19/20 (Acc: 54.37%) to global server.
2025-11-19 00:05:21,901 DDP_Script [Rank 0] [INFO] epoch 20 시작
2025-11-19 00:05:21,913 DDP_Script [Rank 0] [INFO] DataLoader created with batch_size=64, num_workers=4
2025-11-19 00:05:21,920 DDP_Script [Rank 0] [INFO] 모든 노드 중 max_steps = 782
2025-11-19 00:05:21,920 DDP_Script [Rank 0] [INFO] local_steps=782, global_steps=782
2025-11-19 00:07:58,801 DDP_Script [Rank 0] [INFO] epoch 20 train step time: 156.88 seconds
2025-11-19 00:07:58,803 DDP_Script [Rank 0] [INFO] epoch 20 끝 (local_steps=782, global_steps=782)
2025-11-19 00:08:03,743 DDP_Script [Rank 0] [INFO] val acc 54.72%
2025-11-19 00:08:03,768 DDP_Script [Rank 0] [INFO] Saving checkpoint to ./checkpoints/job-fee4457ed8be/latest_checkpoint.pth ...
2025-11-19 00:08:04,064 DDP_Script [Rank 0] [INFO] Successfully reported epoch 20/20 (Acc: 54.72%) to global server.
2025-11-19 00:08:04,066 DDP_Script [Rank 0] [INFO] Training completed successfully.
2025-11-19 00:08:04,066 DDP_Script [Rank 0] [INFO] Training loop finished.
