/nas2/data/dlwmznzl1/anaconda3/envs/Dist1/lib/python3.9/site-packages/torch/cuda/__init__.py:63: FutureWarning: The pynvml package is deprecated. Please install nvidia-ml-py instead. If you did not install pynvml directly, please report this to the maintainers of the package that installed pynvml for you.
  import pynvml  # type: ignore[import]
Current CUDA device index: 0
Current CUDA device name: NVIDIA RTX A5000
Master address: 163.180.160.62, port: 29511
2025-12-03 17:04:25,697 DDP_Script [Rank 0] [INFO] Node rank: 0, world size: 4
[Gloo] Rank 0 is connected to 3 peer ranks. Expected number of connected peer ranks is : 3
2025-12-03 17:04:27,808 DDP_Script [Rank 0] [INFO] Process group initialized: 163.180.160.62:29511
2025-12-03 17:04:27,808 DDP_Script [Rank 0] [INFO] Rank 0/4 initialized
/nas2/data/dlwmznzl1/anaconda3/envs/Dist1/lib/python3.9/site-packages/torchvision/models/_utils.py:208: UserWarning: The parameter 'pretrained' is deprecated since 0.13 and may be removed in the future, please use 'weights' instead.
  warnings.warn(
/nas2/data/dlwmznzl1/anaconda3/envs/Dist1/lib/python3.9/site-packages/torchvision/models/_utils.py:223: UserWarning: Arguments other than a weight enum or `None` for 'weights' are deprecated since 0.13 and may be removed in the future. The current behavior is equivalent to passing `weights=None`.
  warnings.warn(msg)
2025-12-03 17:04:31,190 DDP_Script [Rank 0] [INFO] Model, DDP, criterion, optimizer initialized
2025-12-03 17:04:31,241 DDP_Script [Rank 0] [INFO] Modules initialized
2025-12-03 17:04:31,244 DDP_Script [Rank 0] [INFO] Checkpoint directory created: ./checkpoints/job-ad02c3e9c1bf
2025-12-03 17:04:31,244 DDP_Script [Rank 0] [INFO] Starting training from scratch (epoch 1).
2025-12-03 17:04:31,265 DDP_Script [Rank 0] [INFO] epoch 1 시작
2025-12-03 17:04:31,305 DDP_Script [Rank 0] [INFO] DataLoader created with batch_size=32, num_workers=4
2025-12-03 17:04:31,309 DDP_Script [Rank 0] [INFO] 모든 노드 중 max_steps = 391
2025-12-03 17:04:31,309 DDP_Script [Rank 0] [INFO] local_steps=391, global_steps=391
2025-12-03 17:07:31,129 DDP_Script [Rank 0] [INFO] epoch 1 train step time: 179.82 seconds
2025-12-03 17:07:31,153 DDP_Script [Rank 0] [INFO] epoch 1 끝 (local_steps=391, global_steps=391)
2025-12-03 17:07:36,313 DDP_Script [Rank 0] [INFO] val acc 35.91%
2025-12-03 17:07:36,358 DDP_Script [Rank 0] [INFO] Saving checkpoint to ./checkpoints/job-ad02c3e9c1bf/latest_checkpoint.pth ...
2025-12-03 17:07:37,802 DDP_Script [Rank 0] [INFO] Successfully reported epoch 1/20 (Acc: 35.91%) to global server.
2025-12-03 17:07:37,804 DDP_Script [Rank 0] [INFO] epoch 2 시작
2025-12-03 17:07:37,839 DDP_Script [Rank 0] [INFO] DataLoader created with batch_size=32, num_workers=4
2025-12-03 17:07:37,842 DDP_Script [Rank 0] [INFO] 모든 노드 중 max_steps = 391
2025-12-03 17:07:37,842 DDP_Script [Rank 0] [INFO] local_steps=391, global_steps=391
2025-12-03 17:10:36,207 DDP_Script [Rank 0] [INFO] epoch 2 train step time: 178.36 seconds
2025-12-03 17:10:36,212 DDP_Script [Rank 0] [INFO] epoch 2 끝 (local_steps=391, global_steps=391)
2025-12-03 17:10:41,060 DDP_Script [Rank 0] [INFO] val acc 54.59%
2025-12-03 17:10:41,094 DDP_Script [Rank 0] [INFO] Saving checkpoint to ./checkpoints/job-ad02c3e9c1bf/latest_checkpoint.pth ...
2025-12-03 17:10:42,646 DDP_Script [Rank 0] [INFO] Successfully reported epoch 2/20 (Acc: 54.59%) to global server.
2025-12-03 17:10:42,649 DDP_Script [Rank 0] [INFO] epoch 3 시작
2025-12-03 17:10:42,727 DDP_Script [Rank 0] [INFO] DataLoader created with batch_size=32, num_workers=4
2025-12-03 17:10:42,745 DDP_Script [Rank 0] [INFO] 모든 노드 중 max_steps = 391
2025-12-03 17:10:42,745 DDP_Script [Rank 0] [INFO] local_steps=391, global_steps=391
2025-12-03 17:13:40,088 DDP_Script [Rank 0] [INFO] epoch 3 train step time: 177.34 seconds
2025-12-03 17:13:40,110 DDP_Script [Rank 0] [INFO] epoch 3 끝 (local_steps=391, global_steps=391)
2025-12-03 17:13:44,752 DDP_Script [Rank 0] [INFO] val acc 62.32%
2025-12-03 17:13:44,781 DDP_Script [Rank 0] [INFO] Saving checkpoint to ./checkpoints/job-ad02c3e9c1bf/latest_checkpoint.pth ...
2025-12-03 17:13:46,120 DDP_Script [Rank 0] [INFO] Successfully reported epoch 3/20 (Acc: 62.32%) to global server.
2025-12-03 17:13:46,122 DDP_Script [Rank 0] [INFO] epoch 4 시작
2025-12-03 17:13:46,198 DDP_Script [Rank 0] [INFO] DataLoader created with batch_size=32, num_workers=4
2025-12-03 17:13:46,205 DDP_Script [Rank 0] [INFO] 모든 노드 중 max_steps = 391
2025-12-03 17:13:46,205 DDP_Script [Rank 0] [INFO] local_steps=391, global_steps=391
2025-12-03 17:16:44,052 DDP_Script [Rank 0] [INFO] epoch 4 train step time: 177.85 seconds
2025-12-03 17:16:44,094 DDP_Script [Rank 0] [INFO] epoch 4 끝 (local_steps=391, global_steps=391)
2025-12-03 17:16:48,981 DDP_Script [Rank 0] [INFO] val acc 64.06%
2025-12-03 17:16:49,028 DDP_Script [Rank 0] [INFO] Saving checkpoint to ./checkpoints/job-ad02c3e9c1bf/latest_checkpoint.pth ...
2025-12-03 17:16:50,598 DDP_Script [Rank 0] [INFO] Successfully reported epoch 4/20 (Acc: 64.06%) to global server.
2025-12-03 17:16:50,602 DDP_Script [Rank 0] [INFO] epoch 5 시작
2025-12-03 17:16:50,682 DDP_Script [Rank 0] [INFO] DataLoader created with batch_size=32, num_workers=4
2025-12-03 17:16:50,705 DDP_Script [Rank 0] [INFO] 모든 노드 중 max_steps = 391
2025-12-03 17:16:50,705 DDP_Script [Rank 0] [INFO] local_steps=391, global_steps=391
2025-12-03 17:19:50,789 DDP_Script [Rank 0] [INFO] epoch 5 train step time: 180.08 seconds
2025-12-03 17:19:50,851 DDP_Script [Rank 0] [INFO] epoch 5 끝 (local_steps=391, global_steps=391)
2025-12-03 17:19:55,580 DDP_Script [Rank 0] [INFO] val acc 68.50%
2025-12-03 17:19:55,620 DDP_Script [Rank 0] [INFO] Saving checkpoint to ./checkpoints/job-ad02c3e9c1bf/latest_checkpoint.pth ...
2025-12-03 17:19:57,243 DDP_Script [Rank 0] [INFO] Successfully reported epoch 5/20 (Acc: 68.50%) to global server.
2025-12-03 17:19:57,254 DDP_Script [Rank 0] [INFO] epoch 6 시작
2025-12-03 17:19:57,301 DDP_Script [Rank 0] [INFO] DataLoader created with batch_size=32, num_workers=4
2025-12-03 17:19:57,305 DDP_Script [Rank 0] [INFO] 모든 노드 중 max_steps = 391
2025-12-03 17:19:57,306 DDP_Script [Rank 0] [INFO] local_steps=391, global_steps=391
2025-12-03 17:21:48,143 DDP_Script [Rank 0] [INFO] epoch 6 train step time: 110.84 seconds
2025-12-03 17:21:48,146 DDP_Script [Rank 0] [INFO] epoch 6 끝 (local_steps=391, global_steps=391)
2025-12-03 17:21:51,628 DDP_Script [Rank 0] [INFO] val acc 68.88%
2025-12-03 17:21:51,657 DDP_Script [Rank 0] [INFO] Saving checkpoint to ./checkpoints/job-ad02c3e9c1bf/latest_checkpoint.pth ...
2025-12-03 17:21:52,825 DDP_Script [Rank 0] [INFO] Successfully reported epoch 6/20 (Acc: 68.88%) to global server.
2025-12-03 17:21:52,827 DDP_Script [Rank 0] [INFO] epoch 7 시작
2025-12-03 17:21:52,861 DDP_Script [Rank 0] [INFO] DataLoader created with batch_size=32, num_workers=4
2025-12-03 17:21:52,863 DDP_Script [Rank 0] [INFO] 모든 노드 중 max_steps = 391
2025-12-03 17:21:52,864 DDP_Script [Rank 0] [INFO] local_steps=391, global_steps=391
2025-12-03 17:23:27,842 DDP_Script [Rank 0] [INFO] epoch 7 train step time: 94.98 seconds
2025-12-03 17:23:27,845 DDP_Script [Rank 0] [INFO] epoch 7 끝 (local_steps=391, global_steps=391)
2025-12-03 17:23:31,497 DDP_Script [Rank 0] [INFO] val acc 73.61%
2025-12-03 17:23:31,520 DDP_Script [Rank 0] [INFO] Saving checkpoint to ./checkpoints/job-ad02c3e9c1bf/latest_checkpoint.pth ...
2025-12-03 17:23:32,580 DDP_Script [Rank 0] [INFO] Successfully reported epoch 7/20 (Acc: 73.61%) to global server.
2025-12-03 17:23:32,582 DDP_Script [Rank 0] [INFO] epoch 8 시작
2025-12-03 17:23:32,615 DDP_Script [Rank 0] [INFO] DataLoader created with batch_size=32, num_workers=4
2025-12-03 17:23:32,617 DDP_Script [Rank 0] [INFO] 모든 노드 중 max_steps = 391
2025-12-03 17:23:32,617 DDP_Script [Rank 0] [INFO] local_steps=391, global_steps=391
2025-12-03 17:25:08,256 DDP_Script [Rank 0] [INFO] epoch 8 train step time: 95.64 seconds
2025-12-03 17:25:08,259 DDP_Script [Rank 0] [INFO] epoch 8 끝 (local_steps=391, global_steps=391)
2025-12-03 17:25:11,836 DDP_Script [Rank 0] [INFO] val acc 75.23%
2025-12-03 17:25:11,861 DDP_Script [Rank 0] [INFO] Saving checkpoint to ./checkpoints/job-ad02c3e9c1bf/latest_checkpoint.pth ...
2025-12-03 17:25:12,939 DDP_Script [Rank 0] [INFO] Successfully reported epoch 8/20 (Acc: 75.23%) to global server.
2025-12-03 17:25:12,946 DDP_Script [Rank 0] [INFO] epoch 9 시작
2025-12-03 17:25:12,987 DDP_Script [Rank 0] [INFO] DataLoader created with batch_size=32, num_workers=4
2025-12-03 17:25:12,989 DDP_Script [Rank 0] [INFO] 모든 노드 중 max_steps = 391
2025-12-03 17:25:12,989 DDP_Script [Rank 0] [INFO] local_steps=391, global_steps=391
2025-12-03 17:26:46,534 DDP_Script [Rank 0] [INFO] epoch 9 train step time: 93.54 seconds
2025-12-03 17:26:46,537 DDP_Script [Rank 0] [INFO] epoch 9 끝 (local_steps=391, global_steps=391)
2025-12-03 17:26:50,142 DDP_Script [Rank 0] [INFO] val acc 72.57%
2025-12-03 17:26:50,167 DDP_Script [Rank 0] [INFO] Saving checkpoint to ./checkpoints/job-ad02c3e9c1bf/latest_checkpoint.pth ...
2025-12-03 17:26:51,300 DDP_Script [Rank 0] [INFO] Successfully reported epoch 9/20 (Acc: 72.57%) to global server.
2025-12-03 17:26:51,303 DDP_Script [Rank 0] [INFO] epoch 10 시작
2025-12-03 17:26:51,343 DDP_Script [Rank 0] [INFO] DataLoader created with batch_size=32, num_workers=4
2025-12-03 17:26:51,345 DDP_Script [Rank 0] [INFO] 모든 노드 중 max_steps = 391
2025-12-03 17:26:51,345 DDP_Script [Rank 0] [INFO] local_steps=391, global_steps=391
2025-12-03 17:27:57,302 DDP_Script [Rank 0] [INFO] epoch 10 train step time: 65.96 seconds
2025-12-03 17:27:57,348 DDP_Script [Rank 0] [INFO] epoch 10 끝 (local_steps=391, global_steps=391)
2025-12-03 17:28:00,185 DDP_Script [Rank 0] [INFO] val acc 77.51%
2025-12-03 17:28:00,202 DDP_Script [Rank 0] [INFO] Saving checkpoint to ./checkpoints/job-ad02c3e9c1bf/latest_checkpoint.pth ...
2025-12-03 17:28:01,045 DDP_Script [Rank 0] [INFO] Successfully reported epoch 10/20 (Acc: 77.51%) to global server.
2025-12-03 17:28:01,047 DDP_Script [Rank 0] [INFO] epoch 11 시작
2025-12-03 17:28:01,069 DDP_Script [Rank 0] [INFO] DataLoader created with batch_size=32, num_workers=4
2025-12-03 17:28:01,070 DDP_Script [Rank 0] [INFO] 모든 노드 중 max_steps = 391
2025-12-03 17:28:01,070 DDP_Script [Rank 0] [INFO] local_steps=391, global_steps=391
2025-12-03 17:29:00,542 DDP_Script [Rank 0] [INFO] epoch 11 train step time: 59.47 seconds
2025-12-03 17:29:00,557 DDP_Script [Rank 0] [INFO] epoch 11 끝 (local_steps=391, global_steps=391)
2025-12-03 17:29:03,333 DDP_Script [Rank 0] [INFO] val acc 81.34%
2025-12-03 17:29:03,360 DDP_Script [Rank 0] [INFO] Saving checkpoint to ./checkpoints/job-ad02c3e9c1bf/latest_checkpoint.pth ...
2025-12-03 17:29:04,217 DDP_Script [Rank 0] [INFO] Successfully reported epoch 11/20 (Acc: 81.34%) to global server.
2025-12-03 17:29:04,263 DDP_Script [Rank 0] [INFO] epoch 12 시작
2025-12-03 17:29:04,294 DDP_Script [Rank 0] [INFO] DataLoader created with batch_size=32, num_workers=4
2025-12-03 17:29:04,296 DDP_Script [Rank 0] [INFO] 모든 노드 중 max_steps = 391
2025-12-03 17:29:04,296 DDP_Script [Rank 0] [INFO] local_steps=391, global_steps=391
2025-12-03 17:30:03,617 DDP_Script [Rank 0] [INFO] epoch 12 train step time: 59.32 seconds
2025-12-03 17:30:03,629 DDP_Script [Rank 0] [INFO] epoch 12 끝 (local_steps=391, global_steps=391)
2025-12-03 17:30:06,459 DDP_Script [Rank 0] [INFO] val acc 79.34%
2025-12-03 17:30:06,486 DDP_Script [Rank 0] [INFO] Saving checkpoint to ./checkpoints/job-ad02c3e9c1bf/latest_checkpoint.pth ...
2025-12-03 17:30:07,309 DDP_Script [Rank 0] [INFO] Successfully reported epoch 12/20 (Acc: 79.34%) to global server.
2025-12-03 17:30:07,311 DDP_Script [Rank 0] [INFO] epoch 13 시작
2025-12-03 17:30:07,336 DDP_Script [Rank 0] [INFO] DataLoader created with batch_size=32, num_workers=4
2025-12-03 17:30:07,338 DDP_Script [Rank 0] [INFO] 모든 노드 중 max_steps = 391
2025-12-03 17:30:07,338 DDP_Script [Rank 0] [INFO] local_steps=391, global_steps=391
2025-12-03 17:31:06,714 DDP_Script [Rank 0] [INFO] epoch 13 train step time: 59.38 seconds
2025-12-03 17:31:06,717 DDP_Script [Rank 0] [INFO] epoch 13 끝 (local_steps=391, global_steps=391)
2025-12-03 17:31:09,544 DDP_Script [Rank 0] [INFO] val acc 80.27%
2025-12-03 17:31:09,570 DDP_Script [Rank 0] [INFO] Saving checkpoint to ./checkpoints/job-ad02c3e9c1bf/latest_checkpoint.pth ...
2025-12-03 17:31:10,414 DDP_Script [Rank 0] [INFO] Successfully reported epoch 13/20 (Acc: 80.27%) to global server.
2025-12-03 17:31:10,416 DDP_Script [Rank 0] [INFO] epoch 14 시작
2025-12-03 17:31:10,441 DDP_Script [Rank 0] [INFO] DataLoader created with batch_size=32, num_workers=4
2025-12-03 17:31:10,443 DDP_Script [Rank 0] [INFO] 모든 노드 중 max_steps = 391
2025-12-03 17:31:10,443 DDP_Script [Rank 0] [INFO] local_steps=391, global_steps=391
2025-12-03 17:32:10,226 DDP_Script [Rank 0] [INFO] epoch 14 train step time: 59.78 seconds
2025-12-03 17:32:10,230 DDP_Script [Rank 0] [INFO] epoch 14 끝 (local_steps=391, global_steps=391)
2025-12-03 17:32:13,044 DDP_Script [Rank 0] [INFO] val acc 82.29%
2025-12-03 17:32:13,071 DDP_Script [Rank 0] [INFO] Saving checkpoint to ./checkpoints/job-ad02c3e9c1bf/latest_checkpoint.pth ...
2025-12-03 17:32:13,950 DDP_Script [Rank 0] [INFO] Successfully reported epoch 14/20 (Acc: 82.29%) to global server.
2025-12-03 17:32:13,952 DDP_Script [Rank 0] [INFO] epoch 15 시작
2025-12-03 17:32:13,973 DDP_Script [Rank 0] [INFO] DataLoader created with batch_size=32, num_workers=4
2025-12-03 17:32:13,975 DDP_Script [Rank 0] [INFO] 모든 노드 중 max_steps = 391
2025-12-03 17:32:13,975 DDP_Script [Rank 0] [INFO] local_steps=391, global_steps=391
2025-12-03 17:33:13,661 DDP_Script [Rank 0] [INFO] epoch 15 train step time: 59.69 seconds
2025-12-03 17:33:13,664 DDP_Script [Rank 0] [INFO] epoch 15 끝 (local_steps=391, global_steps=391)
2025-12-03 17:33:16,478 DDP_Script [Rank 0] [INFO] val acc 81.22%
2025-12-03 17:33:16,498 DDP_Script [Rank 0] [INFO] Saving checkpoint to ./checkpoints/job-ad02c3e9c1bf/latest_checkpoint.pth ...
2025-12-03 17:33:17,322 DDP_Script [Rank 0] [INFO] Successfully reported epoch 15/20 (Acc: 81.22%) to global server.
2025-12-03 17:33:17,325 DDP_Script [Rank 0] [INFO] epoch 16 시작
2025-12-03 17:33:17,347 DDP_Script [Rank 0] [INFO] DataLoader created with batch_size=32, num_workers=4
2025-12-03 17:33:17,349 DDP_Script [Rank 0] [INFO] 모든 노드 중 max_steps = 391
2025-12-03 17:33:17,349 DDP_Script [Rank 0] [INFO] local_steps=391, global_steps=391
2025-12-03 17:34:16,529 DDP_Script [Rank 0] [INFO] epoch 16 train step time: 59.18 seconds
2025-12-03 17:34:16,543 DDP_Script [Rank 0] [INFO] epoch 16 끝 (local_steps=391, global_steps=391)
2025-12-03 17:34:19,363 DDP_Script [Rank 0] [INFO] val acc 82.54%
2025-12-03 17:34:19,395 DDP_Script [Rank 0] [INFO] Saving checkpoint to ./checkpoints/job-ad02c3e9c1bf/latest_checkpoint.pth ...
2025-12-03 17:34:20,223 DDP_Script [Rank 0] [INFO] Successfully reported epoch 16/20 (Acc: 82.54%) to global server.
2025-12-03 17:34:20,225 DDP_Script [Rank 0] [INFO] epoch 17 시작
2025-12-03 17:34:20,247 DDP_Script [Rank 0] [INFO] DataLoader created with batch_size=32, num_workers=4
2025-12-03 17:34:20,249 DDP_Script [Rank 0] [INFO] 모든 노드 중 max_steps = 391
2025-12-03 17:34:20,249 DDP_Script [Rank 0] [INFO] local_steps=391, global_steps=391
2025-12-03 17:35:19,634 DDP_Script [Rank 0] [INFO] epoch 17 train step time: 59.38 seconds
2025-12-03 17:35:19,637 DDP_Script [Rank 0] [INFO] epoch 17 끝 (local_steps=391, global_steps=391)
2025-12-03 17:35:22,468 DDP_Script [Rank 0] [INFO] val acc 80.57%
2025-12-03 17:35:22,494 DDP_Script [Rank 0] [INFO] Saving checkpoint to ./checkpoints/job-ad02c3e9c1bf/latest_checkpoint.pth ...
2025-12-03 17:35:23,324 DDP_Script [Rank 0] [INFO] Successfully reported epoch 17/20 (Acc: 80.57%) to global server.
2025-12-03 17:35:23,326 DDP_Script [Rank 0] [INFO] epoch 18 시작
2025-12-03 17:35:23,347 DDP_Script [Rank 0] [INFO] DataLoader created with batch_size=32, num_workers=4
2025-12-03 17:35:23,348 DDP_Script [Rank 0] [INFO] 모든 노드 중 max_steps = 391
2025-12-03 17:35:23,349 DDP_Script [Rank 0] [INFO] local_steps=391, global_steps=391
2025-12-03 17:36:22,692 DDP_Script [Rank 0] [INFO] epoch 18 train step time: 59.34 seconds
2025-12-03 17:36:22,696 DDP_Script [Rank 0] [INFO] epoch 18 끝 (local_steps=391, global_steps=391)
2025-12-03 17:36:25,554 DDP_Script [Rank 0] [INFO] val acc 83.19%
2025-12-03 17:36:25,585 DDP_Script [Rank 0] [INFO] Saving checkpoint to ./checkpoints/job-ad02c3e9c1bf/latest_checkpoint.pth ...
2025-12-03 17:36:26,407 DDP_Script [Rank 0] [INFO] Successfully reported epoch 18/20 (Acc: 83.19%) to global server.
2025-12-03 17:36:26,409 DDP_Script [Rank 0] [INFO] epoch 19 시작
2025-12-03 17:36:26,430 DDP_Script [Rank 0] [INFO] DataLoader created with batch_size=32, num_workers=4
2025-12-03 17:36:26,432 DDP_Script [Rank 0] [INFO] 모든 노드 중 max_steps = 391
2025-12-03 17:36:26,432 DDP_Script [Rank 0] [INFO] local_steps=391, global_steps=391
2025-12-03 17:37:25,671 DDP_Script [Rank 0] [INFO] epoch 19 train step time: 59.24 seconds
2025-12-03 17:37:25,682 DDP_Script [Rank 0] [INFO] epoch 19 끝 (local_steps=391, global_steps=391)
2025-12-03 17:37:28,481 DDP_Script [Rank 0] [INFO] val acc 85.04%
2025-12-03 17:37:28,497 DDP_Script [Rank 0] [INFO] Saving checkpoint to ./checkpoints/job-ad02c3e9c1bf/latest_checkpoint.pth ...
2025-12-03 17:37:29,328 DDP_Script [Rank 0] [INFO] Successfully reported epoch 19/20 (Acc: 85.04%) to global server.
2025-12-03 17:37:29,331 DDP_Script [Rank 0] [INFO] epoch 20 시작
2025-12-03 17:37:29,352 DDP_Script [Rank 0] [INFO] DataLoader created with batch_size=32, num_workers=4
2025-12-03 17:37:29,353 DDP_Script [Rank 0] [INFO] 모든 노드 중 max_steps = 391
2025-12-03 17:37:29,354 DDP_Script [Rank 0] [INFO] local_steps=391, global_steps=391
2025-12-03 17:38:28,840 DDP_Script [Rank 0] [INFO] epoch 20 train step time: 59.49 seconds
2025-12-03 17:38:28,849 DDP_Script [Rank 0] [INFO] epoch 20 끝 (local_steps=391, global_steps=391)
2025-12-03 17:38:31,668 DDP_Script [Rank 0] [INFO] val acc 85.31%
2025-12-03 17:38:31,699 DDP_Script [Rank 0] [INFO] Saving checkpoint to ./checkpoints/job-ad02c3e9c1bf/latest_checkpoint.pth ...
2025-12-03 17:38:32,560 DDP_Script [Rank 0] [INFO] Successfully reported epoch 20/20 (Acc: 85.31%) to global server.
2025-12-03 17:38:32,562 DDP_Script [Rank 0] [INFO] Training completed successfully.
2025-12-03 17:38:32,563 DDP_Script [Rank 0] [INFO] Training loop finished.
