Current CUDA device index: 0
Current CUDA device name: NVIDIA RTX A5000
Master address: 163.180.160.61, port: 29541
2025-11-16 22:14:09,556 DDP_Script [Rank 0] [INFO] Node rank: 0, world size: 1
[Gloo] Rank 0 is connected to 0 peer ranks. Expected number of connected peer ranks is : 0
2025-11-16 22:14:09,562 DDP_Script [Rank 0] [INFO] Process group initialized: 163.180.160.61:29541
2025-11-16 22:14:09,562 DDP_Script [Rank 0] [INFO] Rank 0/1 initialized
/nas2/data/dlwmznzl1/anaconda3/envs/Dist2/lib/python3.9/site-packages/torchvision/models/_utils.py:208: UserWarning: The parameter 'pretrained' is deprecated since 0.13 and may be removed in the future, please use 'weights' instead.
  warnings.warn(
/nas2/data/dlwmznzl1/anaconda3/envs/Dist2/lib/python3.9/site-packages/torchvision/models/_utils.py:223: UserWarning: Arguments other than a weight enum or `None` for 'weights' are deprecated since 0.13 and may be removed in the future. The current behavior is equivalent to passing `weights=None`.
  warnings.warn(msg)
2025-11-16 22:14:11,581 DDP_Script [Rank 0] [INFO] Model, DDP, criterion, optimizer initialized
2025-11-16 22:14:11,604 DDP_Script [Rank 0] [INFO] Modules initialized
2025-11-16 22:14:11,605 DDP_Script [Rank 0] [INFO] Checkpoint directory created: ./checkpoints/job-57726a2487b8
2025-11-16 22:14:11,605 DDP_Script [Rank 0] [INFO] Starting training from scratch (epoch 1).
2025-11-16 22:14:11,606 DDP_Script [Rank 0] [INFO] epoch 1 시작
2025-11-16 22:14:11,622 DDP_Script [Rank 0] [INFO] DataLoader created with batch_size=64, num_workers=4
2025-11-16 22:14:11,624 DDP_Script [Rank 0] [INFO] 모든 노드 중 max_steps = 782
2025-11-16 22:14:11,624 DDP_Script [Rank 0] [INFO] local_steps=782, global_steps=782
2025-11-16 22:16:18,467 DDP_Script [Rank 0] [INFO] epoch 1 train step time: 126.84 seconds
2025-11-16 22:16:18,468 DDP_Script [Rank 0] [INFO] epoch 1 끝 (local_steps=782, global_steps=782)
2025-11-16 22:16:28,483 DDP_Script [Rank 0] [INFO] val acc 42.85%
2025-11-16 22:16:28,507 DDP_Script [Rank 0] [INFO] Saving checkpoint to ./checkpoints/job-57726a2487b8/latest_checkpoint.pth ...
2025-11-16 22:16:29,179 DDP_Script [Rank 0] [INFO] Successfully reported epoch 1/20 (Acc: 42.85%) to global server.
2025-11-16 22:16:29,180 DDP_Script [Rank 0] [INFO] epoch 2 시작
2025-11-16 22:16:29,188 DDP_Script [Rank 0] [INFO] DataLoader created with batch_size=64, num_workers=4
2025-11-16 22:16:29,190 DDP_Script [Rank 0] [INFO] 모든 노드 중 max_steps = 782
2025-11-16 22:16:29,190 DDP_Script [Rank 0] [INFO] local_steps=782, global_steps=782
2025-11-16 22:18:35,964 DDP_Script [Rank 0] [INFO] epoch 2 train step time: 126.77 seconds
2025-11-16 22:18:35,965 DDP_Script [Rank 0] [INFO] epoch 2 끝 (local_steps=782, global_steps=782)
2025-11-16 22:18:46,006 DDP_Script [Rank 0] [INFO] val acc 50.02%
2025-11-16 22:18:46,037 DDP_Script [Rank 0] [INFO] Saving checkpoint to ./checkpoints/job-57726a2487b8/latest_checkpoint.pth ...
2025-11-16 22:18:47,138 DDP_Script [Rank 0] [INFO] Successfully reported epoch 2/20 (Acc: 50.02%) to global server.
2025-11-16 22:18:47,139 DDP_Script [Rank 0] [INFO] epoch 3 시작
2025-11-16 22:18:47,149 DDP_Script [Rank 0] [INFO] DataLoader created with batch_size=64, num_workers=4
2025-11-16 22:18:47,151 DDP_Script [Rank 0] [INFO] 모든 노드 중 max_steps = 782
2025-11-16 22:18:47,151 DDP_Script [Rank 0] [INFO] local_steps=782, global_steps=782
2025-11-16 22:20:51,695 DDP_Script [Rank 0] [INFO] epoch 3 train step time: 124.54 seconds
2025-11-16 22:20:51,697 DDP_Script [Rank 0] [INFO] epoch 3 끝 (local_steps=782, global_steps=782)
2025-11-16 22:21:01,590 DDP_Script [Rank 0] [INFO] val acc 60.76%
2025-11-16 22:21:01,630 DDP_Script [Rank 0] [INFO] Saving checkpoint to ./checkpoints/job-57726a2487b8/latest_checkpoint.pth ...
2025-11-16 22:21:02,462 DDP_Script [Rank 0] [INFO] Successfully reported epoch 3/20 (Acc: 60.76%) to global server.
2025-11-16 22:21:02,463 DDP_Script [Rank 0] [INFO] epoch 4 시작
2025-11-16 22:21:02,483 DDP_Script [Rank 0] [INFO] DataLoader created with batch_size=64, num_workers=4
2025-11-16 22:21:02,484 DDP_Script [Rank 0] [INFO] 모든 노드 중 max_steps = 782
2025-11-16 22:21:02,484 DDP_Script [Rank 0] [INFO] local_steps=782, global_steps=782
2025-11-16 22:23:06,393 DDP_Script [Rank 0] [INFO] epoch 4 train step time: 123.91 seconds
2025-11-16 22:23:06,394 DDP_Script [Rank 0] [INFO] epoch 4 끝 (local_steps=782, global_steps=782)
2025-11-16 22:23:16,119 DDP_Script [Rank 0] [INFO] val acc 65.27%
2025-11-16 22:23:16,136 DDP_Script [Rank 0] [INFO] Saving checkpoint to ./checkpoints/job-57726a2487b8/latest_checkpoint.pth ...
2025-11-16 22:23:16,874 DDP_Script [Rank 0] [INFO] Successfully reported epoch 4/20 (Acc: 65.27%) to global server.
2025-11-16 22:23:16,876 DDP_Script [Rank 0] [INFO] epoch 5 시작
2025-11-16 22:23:16,885 DDP_Script [Rank 0] [INFO] DataLoader created with batch_size=64, num_workers=4
2025-11-16 22:23:16,887 DDP_Script [Rank 0] [INFO] 모든 노드 중 max_steps = 782
2025-11-16 22:23:16,887 DDP_Script [Rank 0] [INFO] local_steps=782, global_steps=782
2025-11-16 22:25:19,955 DDP_Script [Rank 0] [INFO] epoch 5 train step time: 123.07 seconds
2025-11-16 22:25:19,957 DDP_Script [Rank 0] [INFO] epoch 5 끝 (local_steps=782, global_steps=782)
2025-11-16 22:25:29,625 DDP_Script [Rank 0] [INFO] val acc 69.38%
2025-11-16 22:25:29,648 DDP_Script [Rank 0] [INFO] Saving checkpoint to ./checkpoints/job-57726a2487b8/latest_checkpoint.pth ...
2025-11-16 22:25:30,488 DDP_Script [Rank 0] [INFO] Successfully reported epoch 5/20 (Acc: 69.38%) to global server.
2025-11-16 22:25:30,490 DDP_Script [Rank 0] [INFO] epoch 6 시작
2025-11-16 22:25:30,509 DDP_Script [Rank 0] [INFO] DataLoader created with batch_size=64, num_workers=4
2025-11-16 22:25:30,510 DDP_Script [Rank 0] [INFO] 모든 노드 중 max_steps = 782
2025-11-16 22:25:30,511 DDP_Script [Rank 0] [INFO] local_steps=782, global_steps=782
2025-11-16 22:27:34,850 DDP_Script [Rank 0] [INFO] epoch 6 train step time: 124.34 seconds
2025-11-16 22:27:34,851 DDP_Script [Rank 0] [INFO] epoch 6 끝 (local_steps=782, global_steps=782)
2025-11-16 22:27:44,618 DDP_Script [Rank 0] [INFO] val acc 71.54%
2025-11-16 22:27:44,654 DDP_Script [Rank 0] [INFO] Saving checkpoint to ./checkpoints/job-57726a2487b8/latest_checkpoint.pth ...
2025-11-16 22:27:45,426 DDP_Script [Rank 0] [INFO] Successfully reported epoch 6/20 (Acc: 71.54%) to global server.
2025-11-16 22:27:45,428 DDP_Script [Rank 0] [INFO] epoch 7 시작
2025-11-16 22:27:45,452 DDP_Script [Rank 0] [INFO] DataLoader created with batch_size=64, num_workers=4
2025-11-16 22:27:45,454 DDP_Script [Rank 0] [INFO] 모든 노드 중 max_steps = 782
2025-11-16 22:27:45,454 DDP_Script [Rank 0] [INFO] local_steps=782, global_steps=782
2025-11-16 22:29:50,052 DDP_Script [Rank 0] [INFO] epoch 7 train step time: 124.60 seconds
2025-11-16 22:29:50,054 DDP_Script [Rank 0] [INFO] epoch 7 끝 (local_steps=782, global_steps=782)
2025-11-16 22:29:59,868 DDP_Script [Rank 0] [INFO] val acc 73.07%
2025-11-16 22:29:59,893 DDP_Script [Rank 0] [INFO] Saving checkpoint to ./checkpoints/job-57726a2487b8/latest_checkpoint.pth ...
2025-11-16 22:30:00,656 DDP_Script [Rank 0] [INFO] Successfully reported epoch 7/20 (Acc: 73.07%) to global server.
2025-11-16 22:30:00,657 DDP_Script [Rank 0] [INFO] epoch 8 시작
2025-11-16 22:30:00,666 DDP_Script [Rank 0] [INFO] DataLoader created with batch_size=64, num_workers=4
2025-11-16 22:30:00,669 DDP_Script [Rank 0] [INFO] 모든 노드 중 max_steps = 782
2025-11-16 22:30:00,669 DDP_Script [Rank 0] [INFO] local_steps=782, global_steps=782
2025-11-16 22:32:04,701 DDP_Script [Rank 0] [INFO] epoch 8 train step time: 124.03 seconds
2025-11-16 22:32:04,703 DDP_Script [Rank 0] [INFO] epoch 8 끝 (local_steps=782, global_steps=782)
2025-11-16 22:32:14,512 DDP_Script [Rank 0] [INFO] val acc 75.44%
2025-11-16 22:32:14,544 DDP_Script [Rank 0] [INFO] Saving checkpoint to ./checkpoints/job-57726a2487b8/latest_checkpoint.pth ...
2025-11-16 22:32:15,372 DDP_Script [Rank 0] [INFO] Successfully reported epoch 8/20 (Acc: 75.44%) to global server.
2025-11-16 22:32:15,374 DDP_Script [Rank 0] [INFO] epoch 9 시작
2025-11-16 22:32:15,393 DDP_Script [Rank 0] [INFO] DataLoader created with batch_size=64, num_workers=4
2025-11-16 22:32:15,395 DDP_Script [Rank 0] [INFO] 모든 노드 중 max_steps = 782
2025-11-16 22:32:15,395 DDP_Script [Rank 0] [INFO] local_steps=782, global_steps=782
2025-11-16 22:34:19,261 DDP_Script [Rank 0] [INFO] epoch 9 train step time: 123.87 seconds
2025-11-16 22:34:19,263 DDP_Script [Rank 0] [INFO] epoch 9 끝 (local_steps=782, global_steps=782)
2025-11-16 22:34:29,121 DDP_Script [Rank 0] [INFO] val acc 76.86%
2025-11-16 22:34:29,146 DDP_Script [Rank 0] [INFO] Saving checkpoint to ./checkpoints/job-57726a2487b8/latest_checkpoint.pth ...
2025-11-16 22:34:30,020 DDP_Script [Rank 0] [INFO] Successfully reported epoch 9/20 (Acc: 76.86%) to global server.
2025-11-16 22:34:30,021 DDP_Script [Rank 0] [INFO] epoch 10 시작
2025-11-16 22:34:30,041 DDP_Script [Rank 0] [INFO] DataLoader created with batch_size=64, num_workers=4
2025-11-16 22:34:30,042 DDP_Script [Rank 0] [INFO] 모든 노드 중 max_steps = 782
2025-11-16 22:34:30,043 DDP_Script [Rank 0] [INFO] local_steps=782, global_steps=782
2025-11-16 22:36:36,014 DDP_Script [Rank 0] [INFO] epoch 10 train step time: 125.97 seconds
2025-11-16 22:36:36,015 DDP_Script [Rank 0] [INFO] epoch 10 끝 (local_steps=782, global_steps=782)
2025-11-16 22:36:45,883 DDP_Script [Rank 0] [INFO] val acc 79.67%
2025-11-16 22:36:45,913 DDP_Script [Rank 0] [INFO] Saving checkpoint to ./checkpoints/job-57726a2487b8/latest_checkpoint.pth ...
2025-11-16 22:36:46,714 DDP_Script [Rank 0] [INFO] Successfully reported epoch 10/20 (Acc: 79.67%) to global server.
2025-11-16 22:36:46,716 DDP_Script [Rank 0] [INFO] epoch 11 시작
2025-11-16 22:36:46,725 DDP_Script [Rank 0] [INFO] DataLoader created with batch_size=64, num_workers=4
2025-11-16 22:36:46,727 DDP_Script [Rank 0] [INFO] 모든 노드 중 max_steps = 782
2025-11-16 22:36:46,727 DDP_Script [Rank 0] [INFO] local_steps=782, global_steps=782
2025-11-16 22:38:51,225 DDP_Script [Rank 0] [INFO] epoch 11 train step time: 124.50 seconds
2025-11-16 22:38:51,225 DDP_Script [Rank 0] [INFO] epoch 11 끝 (local_steps=782, global_steps=782)
2025-11-16 22:39:01,368 DDP_Script [Rank 0] [INFO] val acc 80.47%
2025-11-16 22:39:01,397 DDP_Script [Rank 0] [INFO] Saving checkpoint to ./checkpoints/job-57726a2487b8/latest_checkpoint.pth ...
2025-11-16 22:39:02,210 DDP_Script [Rank 0] [INFO] Successfully reported epoch 11/20 (Acc: 80.47%) to global server.
2025-11-16 22:39:02,212 DDP_Script [Rank 0] [INFO] epoch 12 시작
2025-11-16 22:39:02,237 DDP_Script [Rank 0] [INFO] DataLoader created with batch_size=64, num_workers=4
2025-11-16 22:39:02,239 DDP_Script [Rank 0] [INFO] 모든 노드 중 max_steps = 782
2025-11-16 22:39:02,239 DDP_Script [Rank 0] [INFO] local_steps=782, global_steps=782
2025-11-16 22:41:09,340 DDP_Script [Rank 0] [INFO] epoch 12 train step time: 127.10 seconds
2025-11-16 22:41:09,341 DDP_Script [Rank 0] [INFO] epoch 12 끝 (local_steps=782, global_steps=782)
2025-11-16 22:41:19,388 DDP_Script [Rank 0] [INFO] val acc 81.18%
2025-11-16 22:41:19,435 DDP_Script [Rank 0] [INFO] Saving checkpoint to ./checkpoints/job-57726a2487b8/latest_checkpoint.pth ...
2025-11-16 22:41:20,290 DDP_Script [Rank 0] [INFO] Successfully reported epoch 12/20 (Acc: 81.18%) to global server.
2025-11-16 22:41:20,291 DDP_Script [Rank 0] [INFO] epoch 13 시작
2025-11-16 22:41:20,310 DDP_Script [Rank 0] [INFO] DataLoader created with batch_size=64, num_workers=4
2025-11-16 22:41:20,311 DDP_Script [Rank 0] [INFO] 모든 노드 중 max_steps = 782
2025-11-16 22:41:20,312 DDP_Script [Rank 0] [INFO] local_steps=782, global_steps=782
2025-11-16 22:43:27,423 DDP_Script [Rank 0] [INFO] epoch 13 train step time: 127.11 seconds
2025-11-16 22:43:27,425 DDP_Script [Rank 0] [INFO] epoch 13 끝 (local_steps=782, global_steps=782)
2025-11-16 22:43:37,596 DDP_Script [Rank 0] [INFO] val acc 81.21%
2025-11-16 22:43:37,628 DDP_Script [Rank 0] [INFO] Saving checkpoint to ./checkpoints/job-57726a2487b8/latest_checkpoint.pth ...
2025-11-16 22:43:38,526 DDP_Script [Rank 0] [INFO] Successfully reported epoch 13/20 (Acc: 81.21%) to global server.
2025-11-16 22:43:38,527 DDP_Script [Rank 0] [INFO] epoch 14 시작
2025-11-16 22:43:38,552 DDP_Script [Rank 0] [INFO] DataLoader created with batch_size=64, num_workers=4
2025-11-16 22:43:38,553 DDP_Script [Rank 0] [INFO] 모든 노드 중 max_steps = 782
2025-11-16 22:43:38,553 DDP_Script [Rank 0] [INFO] local_steps=782, global_steps=782
2025-11-16 22:45:43,884 DDP_Script [Rank 0] [INFO] epoch 14 train step time: 125.33 seconds
2025-11-16 22:45:43,886 DDP_Script [Rank 0] [INFO] epoch 14 끝 (local_steps=782, global_steps=782)
2025-11-16 22:45:53,979 DDP_Script [Rank 0] [INFO] val acc 83.22%
2025-11-16 22:45:54,007 DDP_Script [Rank 0] [INFO] Saving checkpoint to ./checkpoints/job-57726a2487b8/latest_checkpoint.pth ...
2025-11-16 22:45:54,899 DDP_Script [Rank 0] [INFO] Successfully reported epoch 14/20 (Acc: 83.22%) to global server.
2025-11-16 22:45:54,900 DDP_Script [Rank 0] [INFO] epoch 15 시작
2025-11-16 22:45:54,920 DDP_Script [Rank 0] [INFO] DataLoader created with batch_size=64, num_workers=4
2025-11-16 22:45:54,921 DDP_Script [Rank 0] [INFO] 모든 노드 중 max_steps = 782
2025-11-16 22:45:54,921 DDP_Script [Rank 0] [INFO] local_steps=782, global_steps=782
2025-11-16 22:48:01,133 DDP_Script [Rank 0] [INFO] epoch 15 train step time: 126.21 seconds
2025-11-16 22:48:01,135 DDP_Script [Rank 0] [INFO] epoch 15 끝 (local_steps=782, global_steps=782)
2025-11-16 22:48:11,123 DDP_Script [Rank 0] [INFO] val acc 85.44%
2025-11-16 22:48:11,147 DDP_Script [Rank 0] [INFO] Saving checkpoint to ./checkpoints/job-57726a2487b8/latest_checkpoint.pth ...
2025-11-16 22:48:12,133 DDP_Script [Rank 0] [INFO] Successfully reported epoch 15/20 (Acc: 85.44%) to global server.
2025-11-16 22:48:12,134 DDP_Script [Rank 0] [INFO] epoch 16 시작
2025-11-16 22:48:12,154 DDP_Script [Rank 0] [INFO] DataLoader created with batch_size=64, num_workers=4
2025-11-16 22:48:12,155 DDP_Script [Rank 0] [INFO] 모든 노드 중 max_steps = 782
2025-11-16 22:48:12,156 DDP_Script [Rank 0] [INFO] local_steps=782, global_steps=782
2025-11-16 22:50:18,238 DDP_Script [Rank 0] [INFO] epoch 16 train step time: 126.08 seconds
2025-11-16 22:50:18,240 DDP_Script [Rank 0] [INFO] epoch 16 끝 (local_steps=782, global_steps=782)
2025-11-16 22:50:28,234 DDP_Script [Rank 0] [INFO] val acc 83.45%
2025-11-16 22:50:28,258 DDP_Script [Rank 0] [INFO] Saving checkpoint to ./checkpoints/job-57726a2487b8/latest_checkpoint.pth ...
2025-11-16 22:50:29,209 DDP_Script [Rank 0] [INFO] Successfully reported epoch 16/20 (Acc: 83.45%) to global server.
2025-11-16 22:50:29,211 DDP_Script [Rank 0] [INFO] epoch 17 시작
2025-11-16 22:50:29,237 DDP_Script [Rank 0] [INFO] DataLoader created with batch_size=64, num_workers=4
2025-11-16 22:50:29,239 DDP_Script [Rank 0] [INFO] 모든 노드 중 max_steps = 782
2025-11-16 22:50:29,239 DDP_Script [Rank 0] [INFO] local_steps=782, global_steps=782
2025-11-16 22:52:36,780 DDP_Script [Rank 0] [INFO] epoch 17 train step time: 127.54 seconds
2025-11-16 22:52:36,781 DDP_Script [Rank 0] [INFO] epoch 17 끝 (local_steps=782, global_steps=782)
2025-11-16 22:52:46,794 DDP_Script [Rank 0] [INFO] val acc 86.02%
2025-11-16 22:52:46,846 DDP_Script [Rank 0] [INFO] Saving checkpoint to ./checkpoints/job-57726a2487b8/latest_checkpoint.pth ...
2025-11-16 22:52:47,719 DDP_Script [Rank 0] [INFO] Successfully reported epoch 17/20 (Acc: 86.02%) to global server.
2025-11-16 22:52:47,720 DDP_Script [Rank 0] [INFO] epoch 18 시작
2025-11-16 22:52:47,737 DDP_Script [Rank 0] [INFO] DataLoader created with batch_size=64, num_workers=4
2025-11-16 22:52:47,739 DDP_Script [Rank 0] [INFO] 모든 노드 중 max_steps = 782
2025-11-16 22:52:47,739 DDP_Script [Rank 0] [INFO] local_steps=782, global_steps=782
2025-11-16 22:54:54,637 DDP_Script [Rank 0] [INFO] epoch 18 train step time: 126.90 seconds
2025-11-16 22:54:54,638 DDP_Script [Rank 0] [INFO] epoch 18 끝 (local_steps=782, global_steps=782)
2025-11-16 22:55:04,594 DDP_Script [Rank 0] [INFO] val acc 85.93%
2025-11-16 22:55:04,618 DDP_Script [Rank 0] [INFO] Saving checkpoint to ./checkpoints/job-57726a2487b8/latest_checkpoint.pth ...
2025-11-16 22:55:05,499 DDP_Script [Rank 0] [INFO] Successfully reported epoch 18/20 (Acc: 85.93%) to global server.
2025-11-16 22:55:05,500 DDP_Script [Rank 0] [INFO] epoch 19 시작
2025-11-16 22:55:05,519 DDP_Script [Rank 0] [INFO] DataLoader created with batch_size=64, num_workers=4
2025-11-16 22:55:05,520 DDP_Script [Rank 0] [INFO] 모든 노드 중 max_steps = 782
2025-11-16 22:55:05,521 DDP_Script [Rank 0] [INFO] local_steps=782, global_steps=782
2025-11-16 22:57:12,182 DDP_Script [Rank 0] [INFO] epoch 19 train step time: 126.66 seconds
2025-11-16 22:57:12,184 DDP_Script [Rank 0] [INFO] epoch 19 끝 (local_steps=782, global_steps=782)
2025-11-16 22:57:22,238 DDP_Script [Rank 0] [INFO] val acc 85.16%
2025-11-16 22:57:22,258 DDP_Script [Rank 0] [INFO] Saving checkpoint to ./checkpoints/job-57726a2487b8/latest_checkpoint.pth ...
2025-11-16 22:57:23,234 DDP_Script [Rank 0] [INFO] Successfully reported epoch 19/20 (Acc: 85.16%) to global server.
2025-11-16 22:57:23,236 DDP_Script [Rank 0] [INFO] epoch 20 시작
2025-11-16 22:57:23,244 DDP_Script [Rank 0] [INFO] DataLoader created with batch_size=64, num_workers=4
2025-11-16 22:57:23,247 DDP_Script [Rank 0] [INFO] 모든 노드 중 max_steps = 782
2025-11-16 22:57:23,247 DDP_Script [Rank 0] [INFO] local_steps=782, global_steps=782
2025-11-16 22:59:30,495 DDP_Script [Rank 0] [INFO] epoch 20 train step time: 127.25 seconds
2025-11-16 22:59:30,497 DDP_Script [Rank 0] [INFO] epoch 20 끝 (local_steps=782, global_steps=782)
2025-11-16 22:59:40,504 DDP_Script [Rank 0] [INFO] val acc 86.52%
2025-11-16 22:59:40,533 DDP_Script [Rank 0] [INFO] Saving checkpoint to ./checkpoints/job-57726a2487b8/latest_checkpoint.pth ...
2025-11-16 22:59:41,502 DDP_Script [Rank 0] [INFO] Successfully reported epoch 20/20 (Acc: 86.52%) to global server.
2025-11-16 22:59:41,503 DDP_Script [Rank 0] [INFO] Training completed successfully.
2025-11-16 22:59:41,503 DDP_Script [Rank 0] [INFO] Training loop finished.
