/nas2/data/dlwmznzl1/anaconda3/envs/Dist1/lib/python3.9/site-packages/torch/cuda/__init__.py:63: FutureWarning: The pynvml package is deprecated. Please install nvidia-ml-py instead. If you did not install pynvml directly, please report this to the maintainers of the package that installed pynvml for you.
  import pynvml  # type: ignore[import]
Current CUDA device index: 0
Current CUDA device name: NVIDIA RTX A5000
Master address: 163.180.160.62, port: 29531
2025-12-03 21:30:11,167 DDP_Script [Rank 0] [INFO] Node rank: 0, world size: 1
[Gloo] Rank 0 is connected to 0 peer ranks. Expected number of connected peer ranks is : 0
2025-12-03 21:30:11,174 DDP_Script [Rank 0] [INFO] Process group initialized: 163.180.160.62:29531
2025-12-03 21:30:11,174 DDP_Script [Rank 0] [INFO] Rank 0/1 initialized
/nas2/data/dlwmznzl1/anaconda3/envs/Dist1/lib/python3.9/site-packages/torchvision/models/_utils.py:208: UserWarning: The parameter 'pretrained' is deprecated since 0.13 and may be removed in the future, please use 'weights' instead.
  warnings.warn(
/nas2/data/dlwmznzl1/anaconda3/envs/Dist1/lib/python3.9/site-packages/torchvision/models/_utils.py:223: UserWarning: Arguments other than a weight enum or `None` for 'weights' are deprecated since 0.13 and may be removed in the future. The current behavior is equivalent to passing `weights=None`.
  warnings.warn(msg)
2025-12-03 21:30:11,654 DDP_Script [Rank 0] [INFO] Model, DDP, criterion, optimizer initialized
2025-12-03 21:30:11,679 DDP_Script [Rank 0] [INFO] Modules initialized
2025-12-03 21:30:11,680 DDP_Script [Rank 0] [INFO] Checkpoint directory created: ./checkpoints/job-ef4dca67b787
2025-12-03 21:30:11,680 DDP_Script [Rank 0] [INFO] Starting training from scratch (epoch 1).
2025-12-03 21:30:11,681 DDP_Script [Rank 0] [INFO] epoch 1 시작
2025-12-03 21:30:11,690 DDP_Script [Rank 0] [INFO] DataLoader created with batch_size=32, num_workers=4
2025-12-03 21:30:11,694 DDP_Script [Rank 0] [INFO] 모든 노드 중 max_steps = 1875
2025-12-03 21:30:11,694 DDP_Script [Rank 0] [INFO] local_steps=1875, global_steps=1875
2025-12-03 21:34:16,410 DDP_Script [Rank 0] [INFO] epoch 1 train step time: 244.72 seconds
2025-12-03 21:34:16,411 DDP_Script [Rank 0] [INFO] epoch 1 끝 (local_steps=1875, global_steps=1875)
2025-12-03 21:34:27,340 DDP_Script [Rank 0] [INFO] val acc 97.34%
2025-12-03 21:34:27,355 DDP_Script [Rank 0] [INFO] Saving checkpoint to ./checkpoints/job-ef4dca67b787/latest_checkpoint.pth ...
2025-12-03 21:34:28,280 DDP_Script [Rank 0] [INFO] Successfully reported epoch 1/20 (Acc: 97.34%) to global server.
2025-12-03 21:34:28,281 DDP_Script [Rank 0] [INFO] epoch 2 시작
2025-12-03 21:34:28,294 DDP_Script [Rank 0] [INFO] DataLoader created with batch_size=32, num_workers=4
2025-12-03 21:34:28,300 DDP_Script [Rank 0] [INFO] 모든 노드 중 max_steps = 1875
2025-12-03 21:34:28,300 DDP_Script [Rank 0] [INFO] local_steps=1875, global_steps=1875
2025-12-03 21:38:32,478 DDP_Script [Rank 0] [INFO] epoch 2 train step time: 244.18 seconds
2025-12-03 21:38:32,479 DDP_Script [Rank 0] [INFO] epoch 2 끝 (local_steps=1875, global_steps=1875)
2025-12-03 21:38:43,173 DDP_Script [Rank 0] [INFO] val acc 97.19%
2025-12-03 21:38:43,202 DDP_Script [Rank 0] [INFO] Saving checkpoint to ./checkpoints/job-ef4dca67b787/latest_checkpoint.pth ...
2025-12-03 21:38:43,932 DDP_Script [Rank 0] [INFO] Successfully reported epoch 2/20 (Acc: 97.19%) to global server.
2025-12-03 21:38:43,933 DDP_Script [Rank 0] [INFO] epoch 3 시작
2025-12-03 21:38:43,944 DDP_Script [Rank 0] [INFO] DataLoader created with batch_size=32, num_workers=4
2025-12-03 21:38:43,950 DDP_Script [Rank 0] [INFO] 모든 노드 중 max_steps = 1875
2025-12-03 21:38:43,950 DDP_Script [Rank 0] [INFO] local_steps=1875, global_steps=1875
2025-12-03 21:42:50,447 DDP_Script [Rank 0] [INFO] epoch 3 train step time: 246.50 seconds
2025-12-03 21:42:50,448 DDP_Script [Rank 0] [INFO] epoch 3 끝 (local_steps=1875, global_steps=1875)
2025-12-03 21:43:01,057 DDP_Script [Rank 0] [INFO] val acc 98.88%
2025-12-03 21:43:01,083 DDP_Script [Rank 0] [INFO] Saving checkpoint to ./checkpoints/job-ef4dca67b787/latest_checkpoint.pth ...
2025-12-03 21:43:01,861 DDP_Script [Rank 0] [INFO] Successfully reported epoch 3/20 (Acc: 98.88%) to global server.
2025-12-03 21:43:01,862 DDP_Script [Rank 0] [INFO] epoch 4 시작
2025-12-03 21:43:01,873 DDP_Script [Rank 0] [INFO] DataLoader created with batch_size=32, num_workers=4
2025-12-03 21:43:01,879 DDP_Script [Rank 0] [INFO] 모든 노드 중 max_steps = 1875
2025-12-03 21:43:01,880 DDP_Script [Rank 0] [INFO] local_steps=1875, global_steps=1875
2025-12-03 21:47:08,535 DDP_Script [Rank 0] [INFO] epoch 4 train step time: 246.65 seconds
2025-12-03 21:47:08,537 DDP_Script [Rank 0] [INFO] epoch 4 끝 (local_steps=1875, global_steps=1875)
2025-12-03 21:47:19,258 DDP_Script [Rank 0] [INFO] val acc 98.92%
2025-12-03 21:47:19,308 DDP_Script [Rank 0] [INFO] Saving checkpoint to ./checkpoints/job-ef4dca67b787/latest_checkpoint.pth ...
2025-12-03 21:47:20,151 DDP_Script [Rank 0] [INFO] Successfully reported epoch 4/20 (Acc: 98.92%) to global server.
2025-12-03 21:47:20,152 DDP_Script [Rank 0] [INFO] epoch 5 시작
2025-12-03 21:47:20,164 DDP_Script [Rank 0] [INFO] DataLoader created with batch_size=32, num_workers=4
2025-12-03 21:47:20,170 DDP_Script [Rank 0] [INFO] 모든 노드 중 max_steps = 1875
2025-12-03 21:47:20,170 DDP_Script [Rank 0] [INFO] local_steps=1875, global_steps=1875
2025-12-03 21:51:25,705 DDP_Script [Rank 0] [INFO] epoch 5 train step time: 245.53 seconds
2025-12-03 21:51:25,706 DDP_Script [Rank 0] [INFO] epoch 5 끝 (local_steps=1875, global_steps=1875)
2025-12-03 21:51:36,380 DDP_Script [Rank 0] [INFO] val acc 98.41%
2025-12-03 21:51:36,397 DDP_Script [Rank 0] [INFO] Saving checkpoint to ./checkpoints/job-ef4dca67b787/latest_checkpoint.pth ...
2025-12-03 21:51:37,384 DDP_Script [Rank 0] [INFO] Successfully reported epoch 5/20 (Acc: 98.41%) to global server.
2025-12-03 21:51:37,385 DDP_Script [Rank 0] [INFO] epoch 6 시작
2025-12-03 21:51:37,408 DDP_Script [Rank 0] [INFO] DataLoader created with batch_size=32, num_workers=4
2025-12-03 21:51:37,412 DDP_Script [Rank 0] [INFO] 모든 노드 중 max_steps = 1875
2025-12-03 21:51:37,412 DDP_Script [Rank 0] [INFO] local_steps=1875, global_steps=1875
2025-12-03 21:55:43,656 DDP_Script [Rank 0] [INFO] epoch 6 train step time: 246.24 seconds
2025-12-03 21:55:43,658 DDP_Script [Rank 0] [INFO] epoch 6 끝 (local_steps=1875, global_steps=1875)
2025-12-03 21:55:54,329 DDP_Script [Rank 0] [INFO] val acc 99.16%
2025-12-03 21:55:54,358 DDP_Script [Rank 0] [INFO] Saving checkpoint to ./checkpoints/job-ef4dca67b787/latest_checkpoint.pth ...
2025-12-03 21:55:55,075 DDP_Script [Rank 0] [INFO] Successfully reported epoch 6/20 (Acc: 99.16%) to global server.
2025-12-03 21:55:55,077 DDP_Script [Rank 0] [INFO] epoch 7 시작
2025-12-03 21:55:55,087 DDP_Script [Rank 0] [INFO] DataLoader created with batch_size=32, num_workers=4
2025-12-03 21:55:55,093 DDP_Script [Rank 0] [INFO] 모든 노드 중 max_steps = 1875
2025-12-03 21:55:55,093 DDP_Script [Rank 0] [INFO] local_steps=1875, global_steps=1875
2025-12-03 22:00:00,070 DDP_Script [Rank 0] [INFO] epoch 7 train step time: 244.98 seconds
2025-12-03 22:00:00,072 DDP_Script [Rank 0] [INFO] epoch 7 끝 (local_steps=1875, global_steps=1875)
2025-12-03 22:00:10,715 DDP_Script [Rank 0] [INFO] val acc 99.12%
2025-12-03 22:00:10,734 DDP_Script [Rank 0] [INFO] Saving checkpoint to ./checkpoints/job-ef4dca67b787/latest_checkpoint.pth ...
2025-12-03 22:00:11,574 DDP_Script [Rank 0] [INFO] Successfully reported epoch 7/20 (Acc: 99.12%) to global server.
2025-12-03 22:00:11,576 DDP_Script [Rank 0] [INFO] epoch 8 시작
2025-12-03 22:00:11,601 DDP_Script [Rank 0] [INFO] DataLoader created with batch_size=32, num_workers=4
2025-12-03 22:00:11,605 DDP_Script [Rank 0] [INFO] 모든 노드 중 max_steps = 1875
2025-12-03 22:00:11,605 DDP_Script [Rank 0] [INFO] local_steps=1875, global_steps=1875
2025-12-03 22:04:17,531 DDP_Script [Rank 0] [INFO] epoch 8 train step time: 245.93 seconds
2025-12-03 22:04:17,533 DDP_Script [Rank 0] [INFO] epoch 8 끝 (local_steps=1875, global_steps=1875)
2025-12-03 22:04:28,205 DDP_Script [Rank 0] [INFO] val acc 99.32%
2025-12-03 22:04:28,237 DDP_Script [Rank 0] [INFO] Saving checkpoint to ./checkpoints/job-ef4dca67b787/latest_checkpoint.pth ...
2025-12-03 22:04:29,076 DDP_Script [Rank 0] [INFO] Successfully reported epoch 8/20 (Acc: 99.32%) to global server.
2025-12-03 22:04:29,078 DDP_Script [Rank 0] [INFO] epoch 9 시작
2025-12-03 22:04:29,100 DDP_Script [Rank 0] [INFO] DataLoader created with batch_size=32, num_workers=4
2025-12-03 22:04:29,104 DDP_Script [Rank 0] [INFO] 모든 노드 중 max_steps = 1875
2025-12-03 22:04:29,104 DDP_Script [Rank 0] [INFO] local_steps=1875, global_steps=1875
2025-12-03 22:08:40,538 DDP_Script [Rank 0] [INFO] epoch 9 train step time: 251.43 seconds
2025-12-03 22:08:40,539 DDP_Script [Rank 0] [INFO] epoch 9 끝 (local_steps=1875, global_steps=1875)
2025-12-03 22:08:51,262 DDP_Script [Rank 0] [INFO] val acc 99.20%
2025-12-03 22:08:51,285 DDP_Script [Rank 0] [INFO] Saving checkpoint to ./checkpoints/job-ef4dca67b787/latest_checkpoint.pth ...
2025-12-03 22:08:52,244 DDP_Script [Rank 0] [INFO] Successfully reported epoch 9/20 (Acc: 99.20%) to global server.
2025-12-03 22:08:52,245 DDP_Script [Rank 0] [INFO] epoch 10 시작
2025-12-03 22:08:52,256 DDP_Script [Rank 0] [INFO] DataLoader created with batch_size=32, num_workers=4
2025-12-03 22:08:52,263 DDP_Script [Rank 0] [INFO] 모든 노드 중 max_steps = 1875
2025-12-03 22:08:52,263 DDP_Script [Rank 0] [INFO] local_steps=1875, global_steps=1875
2025-12-03 22:12:58,790 DDP_Script [Rank 0] [INFO] epoch 10 train step time: 246.53 seconds
2025-12-03 22:12:58,792 DDP_Script [Rank 0] [INFO] epoch 10 끝 (local_steps=1875, global_steps=1875)
2025-12-03 22:13:09,483 DDP_Script [Rank 0] [INFO] val acc 99.45%
2025-12-03 22:13:09,504 DDP_Script [Rank 0] [INFO] Saving checkpoint to ./checkpoints/job-ef4dca67b787/latest_checkpoint.pth ...
2025-12-03 22:13:10,353 DDP_Script [Rank 0] [INFO] Successfully reported epoch 10/20 (Acc: 99.45%) to global server.
2025-12-03 22:13:10,354 DDP_Script [Rank 0] [INFO] epoch 11 시작
2025-12-03 22:13:10,366 DDP_Script [Rank 0] [INFO] DataLoader created with batch_size=32, num_workers=4
2025-12-03 22:13:10,371 DDP_Script [Rank 0] [INFO] 모든 노드 중 max_steps = 1875
2025-12-03 22:13:10,371 DDP_Script [Rank 0] [INFO] local_steps=1875, global_steps=1875
2025-12-03 22:17:19,860 DDP_Script [Rank 0] [INFO] epoch 11 train step time: 249.49 seconds
2025-12-03 22:17:19,861 DDP_Script [Rank 0] [INFO] epoch 11 끝 (local_steps=1875, global_steps=1875)
2025-12-03 22:17:30,521 DDP_Script [Rank 0] [INFO] val acc 99.18%
2025-12-03 22:17:30,545 DDP_Script [Rank 0] [INFO] Saving checkpoint to ./checkpoints/job-ef4dca67b787/latest_checkpoint.pth ...
2025-12-03 22:17:31,424 DDP_Script [Rank 0] [INFO] Successfully reported epoch 11/20 (Acc: 99.18%) to global server.
2025-12-03 22:17:31,426 DDP_Script [Rank 0] [INFO] epoch 12 시작
2025-12-03 22:17:31,439 DDP_Script [Rank 0] [INFO] DataLoader created with batch_size=32, num_workers=4
2025-12-03 22:17:31,445 DDP_Script [Rank 0] [INFO] 모든 노드 중 max_steps = 1875
2025-12-03 22:17:31,445 DDP_Script [Rank 0] [INFO] local_steps=1875, global_steps=1875
2025-12-03 22:21:35,665 DDP_Script [Rank 0] [INFO] epoch 12 train step time: 244.22 seconds
2025-12-03 22:21:35,666 DDP_Script [Rank 0] [INFO] epoch 12 끝 (local_steps=1875, global_steps=1875)
2025-12-03 22:21:46,334 DDP_Script [Rank 0] [INFO] val acc 99.55%
2025-12-03 22:21:46,363 DDP_Script [Rank 0] [INFO] Saving checkpoint to ./checkpoints/job-ef4dca67b787/latest_checkpoint.pth ...
2025-12-03 22:21:47,234 DDP_Script [Rank 0] [INFO] Successfully reported epoch 12/20 (Acc: 99.55%) to global server.
2025-12-03 22:21:47,235 DDP_Script [Rank 0] [INFO] epoch 13 시작
2025-12-03 22:21:47,246 DDP_Script [Rank 0] [INFO] DataLoader created with batch_size=32, num_workers=4
2025-12-03 22:21:47,252 DDP_Script [Rank 0] [INFO] 모든 노드 중 max_steps = 1875
2025-12-03 22:21:47,252 DDP_Script [Rank 0] [INFO] local_steps=1875, global_steps=1875
2025-12-03 22:25:51,841 DDP_Script [Rank 0] [INFO] epoch 13 train step time: 244.59 seconds
2025-12-03 22:25:51,842 DDP_Script [Rank 0] [INFO] epoch 13 끝 (local_steps=1875, global_steps=1875)
2025-12-03 22:26:02,500 DDP_Script [Rank 0] [INFO] val acc 99.39%
2025-12-03 22:26:02,521 DDP_Script [Rank 0] [INFO] Saving checkpoint to ./checkpoints/job-ef4dca67b787/latest_checkpoint.pth ...
2025-12-03 22:26:03,504 DDP_Script [Rank 0] [INFO] Successfully reported epoch 13/20 (Acc: 99.39%) to global server.
2025-12-03 22:26:03,505 DDP_Script [Rank 0] [INFO] epoch 14 시작
2025-12-03 22:26:03,516 DDP_Script [Rank 0] [INFO] DataLoader created with batch_size=32, num_workers=4
2025-12-03 22:26:03,523 DDP_Script [Rank 0] [INFO] 모든 노드 중 max_steps = 1875
2025-12-03 22:26:03,523 DDP_Script [Rank 0] [INFO] local_steps=1875, global_steps=1875
2025-12-03 22:30:10,883 DDP_Script [Rank 0] [INFO] epoch 14 train step time: 247.36 seconds
2025-12-03 22:30:10,885 DDP_Script [Rank 0] [INFO] epoch 14 끝 (local_steps=1875, global_steps=1875)
2025-12-03 22:30:21,601 DDP_Script [Rank 0] [INFO] val acc 99.41%
2025-12-03 22:30:21,625 DDP_Script [Rank 0] [INFO] Saving checkpoint to ./checkpoints/job-ef4dca67b787/latest_checkpoint.pth ...
2025-12-03 22:30:22,529 DDP_Script [Rank 0] [INFO] Successfully reported epoch 14/20 (Acc: 99.41%) to global server.
2025-12-03 22:30:22,530 DDP_Script [Rank 0] [INFO] epoch 15 시작
2025-12-03 22:30:22,541 DDP_Script [Rank 0] [INFO] DataLoader created with batch_size=32, num_workers=4
2025-12-03 22:30:22,548 DDP_Script [Rank 0] [INFO] 모든 노드 중 max_steps = 1875
2025-12-03 22:30:22,548 DDP_Script [Rank 0] [INFO] local_steps=1875, global_steps=1875
2025-12-03 22:34:24,628 DDP_Script [Rank 0] [INFO] epoch 15 train step time: 242.08 seconds
2025-12-03 22:34:24,629 DDP_Script [Rank 0] [INFO] epoch 15 끝 (local_steps=1875, global_steps=1875)
2025-12-03 22:34:35,359 DDP_Script [Rank 0] [INFO] val acc 99.53%
2025-12-03 22:34:35,385 DDP_Script [Rank 0] [INFO] Saving checkpoint to ./checkpoints/job-ef4dca67b787/latest_checkpoint.pth ...
2025-12-03 22:34:36,412 DDP_Script [Rank 0] [INFO] Successfully reported epoch 15/20 (Acc: 99.53%) to global server.
2025-12-03 22:34:36,413 DDP_Script [Rank 0] [INFO] epoch 16 시작
2025-12-03 22:34:36,436 DDP_Script [Rank 0] [INFO] DataLoader created with batch_size=32, num_workers=4
2025-12-03 22:34:36,439 DDP_Script [Rank 0] [INFO] 모든 노드 중 max_steps = 1875
2025-12-03 22:34:36,440 DDP_Script [Rank 0] [INFO] local_steps=1875, global_steps=1875
2025-12-03 22:38:36,801 DDP_Script [Rank 0] [INFO] epoch 16 train step time: 240.36 seconds
2025-12-03 22:38:36,803 DDP_Script [Rank 0] [INFO] epoch 16 끝 (local_steps=1875, global_steps=1875)
2025-12-03 22:38:47,494 DDP_Script [Rank 0] [INFO] val acc 99.46%
2025-12-03 22:38:47,518 DDP_Script [Rank 0] [INFO] Saving checkpoint to ./checkpoints/job-ef4dca67b787/latest_checkpoint.pth ...
2025-12-03 22:38:48,281 DDP_Script [Rank 0] [INFO] Successfully reported epoch 16/20 (Acc: 99.46%) to global server.
2025-12-03 22:38:48,282 DDP_Script [Rank 0] [INFO] epoch 17 시작
2025-12-03 22:38:48,293 DDP_Script [Rank 0] [INFO] DataLoader created with batch_size=32, num_workers=4
2025-12-03 22:38:48,298 DDP_Script [Rank 0] [INFO] 모든 노드 중 max_steps = 1875
2025-12-03 22:38:48,298 DDP_Script [Rank 0] [INFO] local_steps=1875, global_steps=1875
2025-12-03 22:42:53,896 DDP_Script [Rank 0] [INFO] epoch 17 train step time: 245.60 seconds
2025-12-03 22:42:53,898 DDP_Script [Rank 0] [INFO] epoch 17 끝 (local_steps=1875, global_steps=1875)
2025-12-03 22:43:04,630 DDP_Script [Rank 0] [INFO] val acc 99.51%
2025-12-03 22:43:04,665 DDP_Script [Rank 0] [INFO] Saving checkpoint to ./checkpoints/job-ef4dca67b787/latest_checkpoint.pth ...
2025-12-03 22:43:05,549 DDP_Script [Rank 0] [INFO] Successfully reported epoch 17/20 (Acc: 99.51%) to global server.
2025-12-03 22:43:05,550 DDP_Script [Rank 0] [INFO] epoch 18 시작
2025-12-03 22:43:05,561 DDP_Script [Rank 0] [INFO] DataLoader created with batch_size=32, num_workers=4
2025-12-03 22:43:05,568 DDP_Script [Rank 0] [INFO] 모든 노드 중 max_steps = 1875
2025-12-03 22:43:05,568 DDP_Script [Rank 0] [INFO] local_steps=1875, global_steps=1875
2025-12-03 22:47:11,140 DDP_Script [Rank 0] [INFO] epoch 18 train step time: 245.57 seconds
2025-12-03 22:47:11,141 DDP_Script [Rank 0] [INFO] epoch 18 끝 (local_steps=1875, global_steps=1875)
2025-12-03 22:47:21,817 DDP_Script [Rank 0] [INFO] val acc 99.42%
2025-12-03 22:47:21,840 DDP_Script [Rank 0] [INFO] Saving checkpoint to ./checkpoints/job-ef4dca67b787/latest_checkpoint.pth ...
2025-12-03 22:47:22,656 DDP_Script [Rank 0] [INFO] Successfully reported epoch 18/20 (Acc: 99.42%) to global server.
2025-12-03 22:47:22,658 DDP_Script [Rank 0] [INFO] epoch 19 시작
2025-12-03 22:47:22,680 DDP_Script [Rank 0] [INFO] DataLoader created with batch_size=32, num_workers=4
2025-12-03 22:47:22,684 DDP_Script [Rank 0] [INFO] 모든 노드 중 max_steps = 1875
2025-12-03 22:47:22,685 DDP_Script [Rank 0] [INFO] local_steps=1875, global_steps=1875
2025-12-03 22:51:28,327 DDP_Script [Rank 0] [INFO] epoch 19 train step time: 245.64 seconds
2025-12-03 22:51:28,328 DDP_Script [Rank 0] [INFO] epoch 19 끝 (local_steps=1875, global_steps=1875)
2025-12-03 22:51:39,012 DDP_Script [Rank 0] [INFO] val acc 99.47%
2025-12-03 22:51:39,036 DDP_Script [Rank 0] [INFO] Saving checkpoint to ./checkpoints/job-ef4dca67b787/latest_checkpoint.pth ...
2025-12-03 22:51:39,988 DDP_Script [Rank 0] [INFO] Successfully reported epoch 19/20 (Acc: 99.47%) to global server.
2025-12-03 22:51:39,989 DDP_Script [Rank 0] [INFO] epoch 20 시작
2025-12-03 22:51:40,013 DDP_Script [Rank 0] [INFO] DataLoader created with batch_size=32, num_workers=4
2025-12-03 22:51:40,017 DDP_Script [Rank 0] [INFO] 모든 노드 중 max_steps = 1875
2025-12-03 22:51:40,017 DDP_Script [Rank 0] [INFO] local_steps=1875, global_steps=1875
2025-12-03 22:55:41,836 DDP_Script [Rank 0] [INFO] epoch 20 train step time: 241.82 seconds
2025-12-03 22:55:41,837 DDP_Script [Rank 0] [INFO] epoch 20 끝 (local_steps=1875, global_steps=1875)
2025-12-03 22:55:52,550 DDP_Script [Rank 0] [INFO] val acc 99.48%
2025-12-03 22:55:52,588 DDP_Script [Rank 0] [INFO] Saving checkpoint to ./checkpoints/job-ef4dca67b787/latest_checkpoint.pth ...
2025-12-03 22:55:53,686 DDP_Script [Rank 0] [INFO] Successfully reported epoch 20/20 (Acc: 99.48%) to global server.
2025-12-03 22:55:53,688 DDP_Script [Rank 0] [INFO] Training completed successfully.
2025-12-03 22:55:53,704 DDP_Script [Rank 0] [INFO] Reported job completion to global server.
2025-12-03 22:55:53,704 DDP_Script [Rank 0] [INFO] Training loop finished.
