/nas2/data/dlwmznzl1/anaconda3/envs/Dist1/lib/python3.9/site-packages/torch/cuda/__init__.py:63: FutureWarning: The pynvml package is deprecated. Please install nvidia-ml-py instead. If you did not install pynvml directly, please report this to the maintainers of the package that installed pynvml for you.
  import pynvml  # type: ignore[import]
Current CUDA device index: 0
Current CUDA device name: NVIDIA RTX A5000
Master address: 163.180.160.62, port: 29531
2025-11-18 12:09:57,028 DDP_Script [Rank 0] [INFO] Node rank: 0, world size: 1
[Gloo] Rank 0 is connected to 0 peer ranks. Expected number of connected peer ranks is : 0
2025-11-18 12:09:57,035 DDP_Script [Rank 0] [INFO] Process group initialized: 163.180.160.62:29531
2025-11-18 12:09:57,035 DDP_Script [Rank 0] [INFO] Rank 0/1 initialized
2025-11-18 12:09:57,035 DDP_Script [Rank 0] [INFO] Rank 0 downloading tokenizer: distilbert-base-uncased
2025-11-18 12:09:57,766 DDP_Script [Rank 0] [INFO] Rank 0 downloading dataset: glue/sst2
2025-11-18 12:10:03,020 DDP_Script [Rank 0] [INFO] Tokenizing datasets...
2025-11-18 12:10:03,045 DDP_Script [Rank 0] [INFO] SST-2 Dataset and Tokenizer loaded.
2025-11-18 12:10:03,045 DDP_Script [Rank 0] [INFO] Rank 0 downloading model: distilbert-base-uncased
Some weights of DistilBertForSequenceClassification were not initialized from the model checkpoint at distilbert-base-uncased and are newly initialized: ['classifier.bias', 'classifier.weight', 'pre_classifier.bias', 'pre_classifier.weight']
You should probably TRAIN this model on a down-stream task to be able to use it for predictions and inference.
2025-11-18 12:10:04,368 DDP_Script [Rank 0] [INFO] Model (DistilBert), DDP, optimizer (AdamW) initialized
2025-11-18 12:10:04,391 DDP_Script [Rank 0] [INFO] Modules initialized
2025-11-18 12:10:04,392 DDP_Script [Rank 0] [INFO] Checkpoint directory created: ./checkpoints/job-563bd37e3f8e
2025-11-18 12:10:04,392 DDP_Script [Rank 0] [INFO] Starting training from scratch (epoch 1).
2025-11-18 12:10:04,393 DDP_Script [Rank 0] [INFO] epoch 1 시작
2025-11-18 12:10:04,423 DDP_Script [Rank 0] [INFO] DataLoader created with batch_size=16, num_workers=4
2025-11-18 12:10:04,425 DDP_Script [Rank 0] [INFO] 모든 노드 중 max_steps = 4210
2025-11-18 12:10:04,425 DDP_Script [Rank 0] [INFO] local_steps=4210, global_steps=4210
2025-11-18 12:15:07,754 DDP_Script [Rank 0] [INFO] epoch 1 train step time: 303.32 seconds
2025-11-18 12:15:07,755 DDP_Script [Rank 0] [INFO] epoch 1 끝 (local_steps=4210, global_steps=4210)
2025-11-18 12:15:08,287 DDP_Script [Rank 0] [INFO] val acc 89.68%
2025-11-18 12:15:08,298 DDP_Script [Rank 0] [INFO] Saving checkpoint to ./checkpoints/job-563bd37e3f8e/latest_checkpoint.pth ...
2025-11-18 12:15:09,954 DDP_Script [Rank 0] [INFO] Successfully reported epoch 1/20 (Acc: 89.68%) to global server.
2025-11-18 12:15:09,955 DDP_Script [Rank 0] [INFO] epoch 2 시작
2025-11-18 12:15:09,968 DDP_Script [Rank 0] [INFO] DataLoader created with batch_size=16, num_workers=4
2025-11-18 12:15:09,970 DDP_Script [Rank 0] [INFO] 모든 노드 중 max_steps = 4210
2025-11-18 12:15:09,970 DDP_Script [Rank 0] [INFO] local_steps=4210, global_steps=4210
2025-11-18 12:20:18,596 DDP_Script [Rank 0] [INFO] epoch 2 train step time: 308.63 seconds
2025-11-18 12:20:18,597 DDP_Script [Rank 0] [INFO] epoch 2 끝 (local_steps=4210, global_steps=4210)
2025-11-18 12:20:19,150 DDP_Script [Rank 0] [INFO] val acc 90.25%
2025-11-18 12:20:19,161 DDP_Script [Rank 0] [INFO] Saving checkpoint to ./checkpoints/job-563bd37e3f8e/latest_checkpoint.pth ...
2025-11-18 12:20:21,152 DDP_Script [Rank 0] [INFO] Successfully reported epoch 2/20 (Acc: 90.25%) to global server.
2025-11-18 12:20:21,154 DDP_Script [Rank 0] [INFO] epoch 3 시작
2025-11-18 12:20:21,167 DDP_Script [Rank 0] [INFO] DataLoader created with batch_size=16, num_workers=4
2025-11-18 12:20:21,169 DDP_Script [Rank 0] [INFO] 모든 노드 중 max_steps = 4210
2025-11-18 12:20:21,169 DDP_Script [Rank 0] [INFO] local_steps=4210, global_steps=4210
2025-11-18 12:25:39,959 DDP_Script [Rank 0] [INFO] epoch 3 train step time: 318.79 seconds
2025-11-18 12:25:39,960 DDP_Script [Rank 0] [INFO] epoch 3 끝 (local_steps=4210, global_steps=4210)
2025-11-18 12:25:40,507 DDP_Script [Rank 0] [INFO] val acc 89.22%
2025-11-18 12:25:40,523 DDP_Script [Rank 0] [INFO] Saving checkpoint to ./checkpoints/job-563bd37e3f8e/latest_checkpoint.pth ...
2025-11-18 12:25:42,658 DDP_Script [Rank 0] [INFO] Successfully reported epoch 3/20 (Acc: 89.22%) to global server.
2025-11-18 12:25:42,659 DDP_Script [Rank 0] [INFO] epoch 4 시작
2025-11-18 12:25:42,671 DDP_Script [Rank 0] [INFO] DataLoader created with batch_size=16, num_workers=4
2025-11-18 12:25:42,673 DDP_Script [Rank 0] [INFO] 모든 노드 중 max_steps = 4210
2025-11-18 12:25:42,673 DDP_Script [Rank 0] [INFO] local_steps=4210, global_steps=4210
2025-11-18 12:31:00,184 DDP_Script [Rank 0] [INFO] epoch 4 train step time: 317.51 seconds
2025-11-18 12:31:00,185 DDP_Script [Rank 0] [INFO] epoch 4 끝 (local_steps=4210, global_steps=4210)
2025-11-18 12:31:00,743 DDP_Script [Rank 0] [INFO] val acc 89.56%
2025-11-18 12:31:00,750 DDP_Script [Rank 0] [INFO] Saving checkpoint to ./checkpoints/job-563bd37e3f8e/latest_checkpoint.pth ...
2025-11-18 12:31:02,890 DDP_Script [Rank 0] [INFO] Successfully reported epoch 4/20 (Acc: 89.56%) to global server.
2025-11-18 12:31:02,891 DDP_Script [Rank 0] [INFO] epoch 5 시작
2025-11-18 12:31:02,904 DDP_Script [Rank 0] [INFO] DataLoader created with batch_size=16, num_workers=4
2025-11-18 12:31:02,905 DDP_Script [Rank 0] [INFO] 모든 노드 중 max_steps = 4210
2025-11-18 12:31:02,905 DDP_Script [Rank 0] [INFO] local_steps=4210, global_steps=4210
2025-11-18 12:36:21,966 DDP_Script [Rank 0] [INFO] epoch 5 train step time: 319.06 seconds
2025-11-18 12:36:21,967 DDP_Script [Rank 0] [INFO] epoch 5 끝 (local_steps=4210, global_steps=4210)
2025-11-18 12:36:22,484 DDP_Script [Rank 0] [INFO] val acc 90.94%
2025-11-18 12:36:22,503 DDP_Script [Rank 0] [INFO] Saving checkpoint to ./checkpoints/job-563bd37e3f8e/latest_checkpoint.pth ...
2025-11-18 12:36:25,085 DDP_Script [Rank 0] [INFO] Successfully reported epoch 5/20 (Acc: 90.94%) to global server.
2025-11-18 12:36:25,087 DDP_Script [Rank 0] [INFO] epoch 6 시작
2025-11-18 12:36:25,098 DDP_Script [Rank 0] [INFO] DataLoader created with batch_size=16, num_workers=4
2025-11-18 12:36:25,100 DDP_Script [Rank 0] [INFO] 모든 노드 중 max_steps = 4210
2025-11-18 12:36:25,100 DDP_Script [Rank 0] [INFO] local_steps=4210, global_steps=4210
2025-11-18 12:41:43,091 DDP_Script [Rank 0] [INFO] epoch 6 train step time: 317.99 seconds
2025-11-18 12:41:43,092 DDP_Script [Rank 0] [INFO] epoch 6 끝 (local_steps=4210, global_steps=4210)
2025-11-18 12:41:43,649 DDP_Script [Rank 0] [INFO] val acc 89.11%
2025-11-18 12:41:43,670 DDP_Script [Rank 0] [INFO] Saving checkpoint to ./checkpoints/job-563bd37e3f8e/latest_checkpoint.pth ...
2025-11-18 12:41:45,989 DDP_Script [Rank 0] [INFO] Successfully reported epoch 6/20 (Acc: 89.11%) to global server.
2025-11-18 12:41:45,991 DDP_Script [Rank 0] [INFO] epoch 7 시작
2025-11-18 12:41:46,005 DDP_Script [Rank 0] [INFO] DataLoader created with batch_size=16, num_workers=4
2025-11-18 12:41:46,006 DDP_Script [Rank 0] [INFO] 모든 노드 중 max_steps = 4210
2025-11-18 12:41:46,007 DDP_Script [Rank 0] [INFO] local_steps=4210, global_steps=4210
2025-11-18 12:47:05,331 DDP_Script [Rank 0] [INFO] epoch 7 train step time: 319.32 seconds
2025-11-18 12:47:05,332 DDP_Script [Rank 0] [INFO] epoch 7 끝 (local_steps=4210, global_steps=4210)
2025-11-18 12:47:05,877 DDP_Script [Rank 0] [INFO] val acc 89.22%
2025-11-18 12:47:05,896 DDP_Script [Rank 0] [INFO] Saving checkpoint to ./checkpoints/job-563bd37e3f8e/latest_checkpoint.pth ...
2025-11-18 12:47:08,207 DDP_Script [Rank 0] [INFO] Successfully reported epoch 7/20 (Acc: 89.22%) to global server.
2025-11-18 12:47:08,209 DDP_Script [Rank 0] [INFO] epoch 8 시작
2025-11-18 12:47:08,220 DDP_Script [Rank 0] [INFO] DataLoader created with batch_size=16, num_workers=4
2025-11-18 12:47:08,222 DDP_Script [Rank 0] [INFO] 모든 노드 중 max_steps = 4210
2025-11-18 12:47:08,222 DDP_Script [Rank 0] [INFO] local_steps=4210, global_steps=4210
2025-11-18 12:52:20,316 DDP_Script [Rank 0] [INFO] epoch 8 train step time: 312.09 seconds
2025-11-18 12:52:20,317 DDP_Script [Rank 0] [INFO] epoch 8 끝 (local_steps=4210, global_steps=4210)
2025-11-18 12:52:20,881 DDP_Script [Rank 0] [INFO] val acc 88.65%
2025-11-18 12:52:20,901 DDP_Script [Rank 0] [INFO] Saving checkpoint to ./checkpoints/job-563bd37e3f8e/latest_checkpoint.pth ...
2025-11-18 12:52:23,040 DDP_Script [Rank 0] [INFO] Successfully reported epoch 8/20 (Acc: 88.65%) to global server.
2025-11-18 12:52:23,042 DDP_Script [Rank 0] [INFO] epoch 9 시작
2025-11-18 12:52:23,053 DDP_Script [Rank 0] [INFO] DataLoader created with batch_size=16, num_workers=4
2025-11-18 12:52:23,055 DDP_Script [Rank 0] [INFO] 모든 노드 중 max_steps = 4210
2025-11-18 12:52:23,055 DDP_Script [Rank 0] [INFO] local_steps=4210, global_steps=4210
2025-11-18 12:57:42,409 DDP_Script [Rank 0] [INFO] epoch 9 train step time: 319.35 seconds
2025-11-18 12:57:42,412 DDP_Script [Rank 0] [INFO] epoch 9 끝 (local_steps=4210, global_steps=4210)
2025-11-18 12:57:42,937 DDP_Script [Rank 0] [INFO] val acc 88.99%
2025-11-18 12:57:42,944 DDP_Script [Rank 0] [INFO] Saving checkpoint to ./checkpoints/job-563bd37e3f8e/latest_checkpoint.pth ...
2025-11-18 12:57:45,330 DDP_Script [Rank 0] [INFO] Successfully reported epoch 9/20 (Acc: 88.99%) to global server.
2025-11-18 12:57:45,331 DDP_Script [Rank 0] [INFO] epoch 10 시작
2025-11-18 12:57:45,342 DDP_Script [Rank 0] [INFO] DataLoader created with batch_size=16, num_workers=4
2025-11-18 12:57:45,344 DDP_Script [Rank 0] [INFO] 모든 노드 중 max_steps = 4210
2025-11-18 12:57:45,344 DDP_Script [Rank 0] [INFO] local_steps=4210, global_steps=4210
2025-11-18 13:03:10,690 DDP_Script [Rank 0] [INFO] epoch 10 train step time: 325.35 seconds
2025-11-18 13:03:10,692 DDP_Script [Rank 0] [INFO] epoch 10 끝 (local_steps=4210, global_steps=4210)
2025-11-18 13:03:11,234 DDP_Script [Rank 0] [INFO] val acc 89.33%
2025-11-18 13:03:11,252 DDP_Script [Rank 0] [INFO] Saving checkpoint to ./checkpoints/job-563bd37e3f8e/latest_checkpoint.pth ...
2025-11-18 13:03:13,351 DDP_Script [Rank 0] [INFO] Successfully reported epoch 10/20 (Acc: 89.33%) to global server.
2025-11-18 13:03:13,353 DDP_Script [Rank 0] [INFO] epoch 11 시작
2025-11-18 13:03:13,364 DDP_Script [Rank 0] [INFO] DataLoader created with batch_size=16, num_workers=4
2025-11-18 13:03:13,366 DDP_Script [Rank 0] [INFO] 모든 노드 중 max_steps = 4210
2025-11-18 13:03:13,366 DDP_Script [Rank 0] [INFO] local_steps=4210, global_steps=4210
2025-11-18 13:08:15,472 DDP_Script [Rank 0] [INFO] epoch 11 train step time: 302.11 seconds
2025-11-18 13:08:15,473 DDP_Script [Rank 0] [INFO] epoch 11 끝 (local_steps=4210, global_steps=4210)
2025-11-18 13:08:16,023 DDP_Script [Rank 0] [INFO] val acc 88.30%
2025-11-18 13:08:16,048 DDP_Script [Rank 0] [INFO] Saving checkpoint to ./checkpoints/job-563bd37e3f8e/latest_checkpoint.pth ...
2025-11-18 13:08:19,038 DDP_Script [Rank 0] [INFO] Successfully reported epoch 11/20 (Acc: 88.30%) to global server.
2025-11-18 13:08:19,040 DDP_Script [Rank 0] [INFO] epoch 12 시작
2025-11-18 13:08:19,052 DDP_Script [Rank 0] [INFO] DataLoader created with batch_size=16, num_workers=4
2025-11-18 13:08:19,054 DDP_Script [Rank 0] [INFO] 모든 노드 중 max_steps = 4210
2025-11-18 13:08:19,054 DDP_Script [Rank 0] [INFO] local_steps=4210, global_steps=4210
2025-11-18 13:13:36,897 DDP_Script [Rank 0] [INFO] epoch 12 train step time: 317.84 seconds
2025-11-18 13:13:36,898 DDP_Script [Rank 0] [INFO] epoch 12 끝 (local_steps=4210, global_steps=4210)
2025-11-18 13:13:37,480 DDP_Script [Rank 0] [INFO] val acc 89.56%
2025-11-18 13:13:37,498 DDP_Script [Rank 0] [INFO] Saving checkpoint to ./checkpoints/job-563bd37e3f8e/latest_checkpoint.pth ...
2025-11-18 13:13:39,725 DDP_Script [Rank 0] [INFO] Successfully reported epoch 12/20 (Acc: 89.56%) to global server.
2025-11-18 13:13:39,728 DDP_Script [Rank 0] [INFO] epoch 13 시작
2025-11-18 13:13:39,748 DDP_Script [Rank 0] [INFO] DataLoader created with batch_size=16, num_workers=4
2025-11-18 13:13:39,750 DDP_Script [Rank 0] [INFO] 모든 노드 중 max_steps = 4210
2025-11-18 13:13:39,750 DDP_Script [Rank 0] [INFO] local_steps=4210, global_steps=4210
2025-11-18 13:18:54,722 DDP_Script [Rank 0] [INFO] epoch 13 train step time: 314.97 seconds
2025-11-18 13:18:54,723 DDP_Script [Rank 0] [INFO] epoch 13 끝 (local_steps=4210, global_steps=4210)
2025-11-18 13:18:55,268 DDP_Script [Rank 0] [INFO] val acc 89.33%
2025-11-18 13:18:55,282 DDP_Script [Rank 0] [INFO] Saving checkpoint to ./checkpoints/job-563bd37e3f8e/latest_checkpoint.pth ...
2025-11-18 13:18:57,628 DDP_Script [Rank 0] [INFO] Successfully reported epoch 13/20 (Acc: 89.33%) to global server.
2025-11-18 13:18:57,629 DDP_Script [Rank 0] [INFO] epoch 14 시작
2025-11-18 13:18:57,641 DDP_Script [Rank 0] [INFO] DataLoader created with batch_size=16, num_workers=4
2025-11-18 13:18:57,643 DDP_Script [Rank 0] [INFO] 모든 노드 중 max_steps = 4210
2025-11-18 13:18:57,643 DDP_Script [Rank 0] [INFO] local_steps=4210, global_steps=4210
2025-11-18 13:24:10,505 DDP_Script [Rank 0] [INFO] epoch 14 train step time: 312.86 seconds
2025-11-18 13:24:10,506 DDP_Script [Rank 0] [INFO] epoch 14 끝 (local_steps=4210, global_steps=4210)
2025-11-18 13:24:11,035 DDP_Script [Rank 0] [INFO] val acc 87.73%
2025-11-18 13:24:11,047 DDP_Script [Rank 0] [INFO] Saving checkpoint to ./checkpoints/job-563bd37e3f8e/latest_checkpoint.pth ...
2025-11-18 13:24:12,911 DDP_Script [Rank 0] [INFO] Successfully reported epoch 14/20 (Acc: 87.73%) to global server.
2025-11-18 13:24:12,913 DDP_Script [Rank 0] [INFO] epoch 15 시작
2025-11-18 13:24:12,931 DDP_Script [Rank 0] [INFO] DataLoader created with batch_size=16, num_workers=4
2025-11-18 13:24:12,933 DDP_Script [Rank 0] [INFO] 모든 노드 중 max_steps = 4210
2025-11-18 13:24:12,933 DDP_Script [Rank 0] [INFO] local_steps=4210, global_steps=4210
2025-11-18 13:29:31,617 DDP_Script [Rank 0] [INFO] epoch 15 train step time: 318.68 seconds
2025-11-18 13:29:31,618 DDP_Script [Rank 0] [INFO] epoch 15 끝 (local_steps=4210, global_steps=4210)
2025-11-18 13:29:32,176 DDP_Script [Rank 0] [INFO] val acc 88.65%
2025-11-18 13:29:32,190 DDP_Script [Rank 0] [INFO] Saving checkpoint to ./checkpoints/job-563bd37e3f8e/latest_checkpoint.pth ...
2025-11-18 13:29:33,841 DDP_Script [Rank 0] [INFO] Successfully reported epoch 15/20 (Acc: 88.65%) to global server.
2025-11-18 13:29:33,843 DDP_Script [Rank 0] [INFO] epoch 16 시작
2025-11-18 13:29:33,861 DDP_Script [Rank 0] [INFO] DataLoader created with batch_size=16, num_workers=4
2025-11-18 13:29:33,864 DDP_Script [Rank 0] [INFO] 모든 노드 중 max_steps = 4210
2025-11-18 13:29:33,864 DDP_Script [Rank 0] [INFO] local_steps=4210, global_steps=4210
2025-11-18 13:34:53,354 DDP_Script [Rank 0] [INFO] epoch 16 train step time: 319.49 seconds
2025-11-18 13:34:53,355 DDP_Script [Rank 0] [INFO] epoch 16 끝 (local_steps=4210, global_steps=4210)
2025-11-18 13:34:53,899 DDP_Script [Rank 0] [INFO] val acc 88.42%
2025-11-18 13:34:53,905 DDP_Script [Rank 0] [INFO] Saving checkpoint to ./checkpoints/job-563bd37e3f8e/latest_checkpoint.pth ...
2025-11-18 13:34:56,274 DDP_Script [Rank 0] [INFO] Successfully reported epoch 16/20 (Acc: 88.42%) to global server.
2025-11-18 13:34:56,275 DDP_Script [Rank 0] [INFO] epoch 17 시작
2025-11-18 13:34:56,288 DDP_Script [Rank 0] [INFO] DataLoader created with batch_size=16, num_workers=4
2025-11-18 13:34:56,290 DDP_Script [Rank 0] [INFO] 모든 노드 중 max_steps = 4210
2025-11-18 13:34:56,291 DDP_Script [Rank 0] [INFO] local_steps=4210, global_steps=4210
2025-11-18 13:40:06,255 DDP_Script [Rank 0] [INFO] epoch 17 train step time: 309.96 seconds
2025-11-18 13:40:06,257 DDP_Script [Rank 0] [INFO] epoch 17 끝 (local_steps=4210, global_steps=4210)
2025-11-18 13:40:06,799 DDP_Script [Rank 0] [INFO] val acc 88.42%
2025-11-18 13:40:06,812 DDP_Script [Rank 0] [INFO] Saving checkpoint to ./checkpoints/job-563bd37e3f8e/latest_checkpoint.pth ...
2025-11-18 13:40:09,181 DDP_Script [Rank 0] [INFO] Successfully reported epoch 17/20 (Acc: 88.42%) to global server.
2025-11-18 13:40:09,183 DDP_Script [Rank 0] [INFO] epoch 18 시작
2025-11-18 13:40:09,200 DDP_Script [Rank 0] [INFO] DataLoader created with batch_size=16, num_workers=4
2025-11-18 13:40:09,202 DDP_Script [Rank 0] [INFO] 모든 노드 중 max_steps = 4210
2025-11-18 13:40:09,202 DDP_Script [Rank 0] [INFO] local_steps=4210, global_steps=4210
2025-11-18 13:45:19,400 DDP_Script [Rank 0] [INFO] epoch 18 train step time: 310.20 seconds
2025-11-18 13:45:19,401 DDP_Script [Rank 0] [INFO] epoch 18 끝 (local_steps=4210, global_steps=4210)
2025-11-18 13:45:19,958 DDP_Script [Rank 0] [INFO] val acc 87.27%
2025-11-18 13:45:19,974 DDP_Script [Rank 0] [INFO] Saving checkpoint to ./checkpoints/job-563bd37e3f8e/latest_checkpoint.pth ...
2025-11-18 13:45:22,327 DDP_Script [Rank 0] [INFO] Successfully reported epoch 18/20 (Acc: 87.27%) to global server.
2025-11-18 13:45:22,328 DDP_Script [Rank 0] [INFO] epoch 19 시작
2025-11-18 13:45:22,346 DDP_Script [Rank 0] [INFO] DataLoader created with batch_size=16, num_workers=4
2025-11-18 13:45:22,347 DDP_Script [Rank 0] [INFO] 모든 노드 중 max_steps = 4210
2025-11-18 13:45:22,347 DDP_Script [Rank 0] [INFO] local_steps=4210, global_steps=4210
2025-11-18 13:50:31,440 DDP_Script [Rank 0] [INFO] epoch 19 train step time: 309.09 seconds
2025-11-18 13:50:31,442 DDP_Script [Rank 0] [INFO] epoch 19 끝 (local_steps=4210, global_steps=4210)
2025-11-18 13:50:31,991 DDP_Script [Rank 0] [INFO] val acc 88.88%
2025-11-18 13:50:32,017 DDP_Script [Rank 0] [INFO] Saving checkpoint to ./checkpoints/job-563bd37e3f8e/latest_checkpoint.pth ...
2025-11-18 13:50:34,362 DDP_Script [Rank 0] [INFO] Successfully reported epoch 19/20 (Acc: 88.88%) to global server.
2025-11-18 13:50:34,363 DDP_Script [Rank 0] [INFO] epoch 20 시작
2025-11-18 13:50:34,376 DDP_Script [Rank 0] [INFO] DataLoader created with batch_size=16, num_workers=4
2025-11-18 13:50:34,377 DDP_Script [Rank 0] [INFO] 모든 노드 중 max_steps = 4210
2025-11-18 13:50:34,377 DDP_Script [Rank 0] [INFO] local_steps=4210, global_steps=4210
2025-11-18 13:55:44,892 DDP_Script [Rank 0] [INFO] epoch 20 train step time: 310.51 seconds
2025-11-18 13:55:44,893 DDP_Script [Rank 0] [INFO] epoch 20 끝 (local_steps=4210, global_steps=4210)
2025-11-18 13:55:45,468 DDP_Script [Rank 0] [INFO] val acc 88.99%
2025-11-18 13:55:45,487 DDP_Script [Rank 0] [INFO] Saving checkpoint to ./checkpoints/job-563bd37e3f8e/latest_checkpoint.pth ...
2025-11-18 13:55:47,832 DDP_Script [Rank 0] [INFO] Successfully reported epoch 20/20 (Acc: 88.99%) to global server.
2025-11-18 13:55:47,834 DDP_Script [Rank 0] [INFO] Training completed successfully.
2025-11-18 13:55:47,850 DDP_Script [Rank 0] [INFO] Reported job completion to global server.
2025-11-18 13:55:47,850 DDP_Script [Rank 0] [INFO] Training loop finished.
