/data/breath12/anaconda3/envs/Dist1/lib/python3.9/site-packages/torch/cuda/__init__.py:63: FutureWarning: The pynvml package is deprecated. Please install nvidia-ml-py instead. If you did not install pynvml directly, please report this to the maintainers of the package that installed pynvml for you.
  import pynvml  # type: ignore[import]
Current CUDA device index: 0
Current CUDA device name: NVIDIA RTX A5000
Master address: 163.180.160.62, port: 29517
2025-12-03 19:04:53,611 DDP_Script [Rank 2] [INFO] Node rank: 2, world size: 4
[Gloo] Rank 2 is connected to 3 peer ranks. Expected number of connected peer ranks is : 3
2025-12-03 19:04:54,169 DDP_Script [Rank 2] [INFO] Process group initialized: 163.180.160.62:29517
2025-12-03 19:04:54,169 DDP_Script [Rank 2] [INFO] Rank 2/4 initialized
Val sample labels: tensor([  2,   3,   4,  13,  20,  21,  34,  41,  43,  60,  64,  76,  84,  87,
         92,  95, 113, 117, 123, 125, 127, 129, 132, 133, 135, 136, 151, 152,
        162, 173, 197])
Train samples: 100000
Val   samples: 10000
/data/breath12/anaconda3/envs/Dist1/lib/python3.9/site-packages/torchvision/models/_utils.py:208: UserWarning: The parameter 'pretrained' is deprecated since 0.13 and may be removed in the future, please use 'weights' instead.
  warnings.warn(
/data/breath12/anaconda3/envs/Dist1/lib/python3.9/site-packages/torchvision/models/_utils.py:223: UserWarning: Arguments other than a weight enum or `None` for 'weights' are deprecated since 0.13 and may be removed in the future. The current behavior is equivalent to passing `weights=None`.
  warnings.warn(msg)
2025-12-03 19:04:55,278 DDP_Script [Rank 2] [INFO] Model, DDP, criterion, optimizer initialized
2025-12-03 19:04:55,317 DDP_Script [Rank 2] [INFO] Modules initialized
2025-12-03 19:04:55,317 DDP_Script [Rank 2] [INFO] Starting training from scratch (epoch 1).
2025-12-03 19:04:55,321 DDP_Script [Rank 2] [INFO] epoch 1 시작
2025-12-03 19:04:55,347 DDP_Script [Rank 2] [INFO] DataLoader created with batch_size=32, num_workers=4
2025-12-03 19:04:55,361 DDP_Script [Rank 2] [INFO] local_steps=782, global_steps=782
2025-12-03 19:06:52,188 DDP_Script [Rank 2] [INFO] epoch 1 train step time: 116.83 seconds
2025-12-03 19:06:52,191 DDP_Script [Rank 2] [INFO] epoch 1 끝 (local_steps=782, global_steps=782)
2025-12-03 19:06:55,092 DDP_Script [Rank 2] [INFO] val acc 10.30%
2025-12-03 19:06:55,514 DDP_Script [Rank 2] [INFO] epoch 2 시작
2025-12-03 19:06:55,529 DDP_Script [Rank 2] [INFO] DataLoader created with batch_size=32, num_workers=4
2025-12-03 19:06:55,534 DDP_Script [Rank 2] [INFO] local_steps=782, global_steps=782
2025-12-03 19:08:52,996 DDP_Script [Rank 2] [INFO] epoch 2 train step time: 117.46 seconds
2025-12-03 19:08:53,009 DDP_Script [Rank 2] [INFO] epoch 2 끝 (local_steps=782, global_steps=782)
2025-12-03 19:08:55,723 DDP_Script [Rank 2] [INFO] val acc 19.15%
2025-12-03 19:08:56,115 DDP_Script [Rank 2] [INFO] epoch 3 시작
2025-12-03 19:08:56,129 DDP_Script [Rank 2] [INFO] DataLoader created with batch_size=32, num_workers=4
2025-12-03 19:08:56,134 DDP_Script [Rank 2] [INFO] local_steps=782, global_steps=782
2025-12-03 19:10:53,743 DDP_Script [Rank 2] [INFO] epoch 3 train step time: 117.61 seconds
2025-12-03 19:10:53,753 DDP_Script [Rank 2] [INFO] epoch 3 끝 (local_steps=782, global_steps=782)
2025-12-03 19:10:56,485 DDP_Script [Rank 2] [INFO] val acc 26.19%
2025-12-03 19:10:56,954 DDP_Script [Rank 2] [INFO] epoch 4 시작
2025-12-03 19:10:56,970 DDP_Script [Rank 2] [INFO] DataLoader created with batch_size=32, num_workers=4
2025-12-03 19:10:56,975 DDP_Script [Rank 2] [INFO] local_steps=782, global_steps=782
2025-12-03 19:12:57,055 DDP_Script [Rank 2] [INFO] epoch 4 train step time: 120.08 seconds
2025-12-03 19:12:57,062 DDP_Script [Rank 2] [INFO] epoch 4 끝 (local_steps=782, global_steps=782)
2025-12-03 19:12:59,688 DDP_Script [Rank 2] [INFO] val acc 30.49%
2025-12-03 19:13:00,169 DDP_Script [Rank 2] [INFO] epoch 5 시작
2025-12-03 19:13:00,184 DDP_Script [Rank 2] [INFO] DataLoader created with batch_size=32, num_workers=4
2025-12-03 19:13:00,188 DDP_Script [Rank 2] [INFO] local_steps=782, global_steps=782
2025-12-03 19:14:56,552 DDP_Script [Rank 2] [INFO] epoch 5 train step time: 116.36 seconds
2025-12-03 19:14:56,558 DDP_Script [Rank 2] [INFO] epoch 5 끝 (local_steps=782, global_steps=782)
2025-12-03 19:14:59,270 DDP_Script [Rank 2] [INFO] val acc 33.80%
2025-12-03 19:14:59,659 DDP_Script [Rank 2] [INFO] epoch 6 시작
2025-12-03 19:14:59,674 DDP_Script [Rank 2] [INFO] DataLoader created with batch_size=32, num_workers=4
2025-12-03 19:14:59,679 DDP_Script [Rank 2] [INFO] local_steps=782, global_steps=782
2025-12-03 19:17:00,822 DDP_Script [Rank 2] [INFO] epoch 6 train step time: 121.14 seconds
2025-12-03 19:17:00,829 DDP_Script [Rank 2] [INFO] epoch 6 끝 (local_steps=782, global_steps=782)
2025-12-03 19:17:03,625 DDP_Script [Rank 2] [INFO] val acc 38.43%
2025-12-03 19:17:04,022 DDP_Script [Rank 2] [INFO] epoch 7 시작
2025-12-03 19:17:04,036 DDP_Script [Rank 2] [INFO] DataLoader created with batch_size=32, num_workers=4
2025-12-03 19:17:04,040 DDP_Script [Rank 2] [INFO] local_steps=782, global_steps=782
2025-12-03 19:19:01,608 DDP_Script [Rank 2] [INFO] epoch 7 train step time: 117.57 seconds
2025-12-03 19:19:01,635 DDP_Script [Rank 2] [INFO] epoch 7 끝 (local_steps=782, global_steps=782)
2025-12-03 19:19:04,307 DDP_Script [Rank 2] [INFO] val acc 40.59%
2025-12-03 19:19:04,707 DDP_Script [Rank 2] [INFO] epoch 8 시작
2025-12-03 19:19:04,721 DDP_Script [Rank 2] [INFO] DataLoader created with batch_size=32, num_workers=4
2025-12-03 19:19:04,726 DDP_Script [Rank 2] [INFO] local_steps=782, global_steps=782
2025-12-03 19:21:03,125 DDP_Script [Rank 2] [INFO] epoch 8 train step time: 118.40 seconds
2025-12-03 19:21:03,132 DDP_Script [Rank 2] [INFO] epoch 8 끝 (local_steps=782, global_steps=782)
2025-12-03 19:21:05,853 DDP_Script [Rank 2] [INFO] val acc 43.86%
2025-12-03 19:21:06,236 DDP_Script [Rank 2] [INFO] epoch 9 시작
2025-12-03 19:21:06,251 DDP_Script [Rank 2] [INFO] DataLoader created with batch_size=32, num_workers=4
2025-12-03 19:21:06,256 DDP_Script [Rank 2] [INFO] local_steps=782, global_steps=782
2025-12-03 19:23:05,857 DDP_Script [Rank 2] [INFO] epoch 9 train step time: 119.60 seconds
2025-12-03 19:23:05,871 DDP_Script [Rank 2] [INFO] epoch 9 끝 (local_steps=782, global_steps=782)
2025-12-03 19:23:08,641 DDP_Script [Rank 2] [INFO] val acc 45.43%
2025-12-03 19:23:09,040 DDP_Script [Rank 2] [INFO] epoch 10 시작
2025-12-03 19:23:09,055 DDP_Script [Rank 2] [INFO] DataLoader created with batch_size=32, num_workers=4
2025-12-03 19:23:09,061 DDP_Script [Rank 2] [INFO] local_steps=782, global_steps=782
2025-12-03 19:25:07,954 DDP_Script [Rank 2] [INFO] epoch 10 train step time: 118.89 seconds
2025-12-03 19:25:07,965 DDP_Script [Rank 2] [INFO] epoch 10 끝 (local_steps=782, global_steps=782)
2025-12-03 19:25:10,637 DDP_Script [Rank 2] [INFO] val acc 47.95%
2025-12-03 19:25:11,041 DDP_Script [Rank 2] [INFO] epoch 11 시작
2025-12-03 19:25:11,055 DDP_Script [Rank 2] [INFO] DataLoader created with batch_size=32, num_workers=4
2025-12-03 19:25:11,061 DDP_Script [Rank 2] [INFO] local_steps=782, global_steps=782
2025-12-03 19:27:10,622 DDP_Script [Rank 2] [INFO] epoch 11 train step time: 119.56 seconds
2025-12-03 19:27:10,634 DDP_Script [Rank 2] [INFO] epoch 11 끝 (local_steps=782, global_steps=782)
2025-12-03 19:27:13,340 DDP_Script [Rank 2] [INFO] val acc 48.33%
2025-12-03 19:27:13,734 DDP_Script [Rank 2] [INFO] epoch 12 시작
2025-12-03 19:27:13,748 DDP_Script [Rank 2] [INFO] DataLoader created with batch_size=32, num_workers=4
2025-12-03 19:27:13,754 DDP_Script [Rank 2] [INFO] local_steps=782, global_steps=782
2025-12-03 19:29:12,821 DDP_Script [Rank 2] [INFO] epoch 12 train step time: 119.07 seconds
2025-12-03 19:29:12,837 DDP_Script [Rank 2] [INFO] epoch 12 끝 (local_steps=782, global_steps=782)
2025-12-03 19:29:15,542 DDP_Script [Rank 2] [INFO] val acc 48.50%
2025-12-03 19:29:16,145 DDP_Script [Rank 2] [INFO] epoch 13 시작
2025-12-03 19:29:16,160 DDP_Script [Rank 2] [INFO] DataLoader created with batch_size=32, num_workers=4
2025-12-03 19:29:16,166 DDP_Script [Rank 2] [INFO] local_steps=782, global_steps=782
2025-12-03 19:31:12,485 DDP_Script [Rank 2] [INFO] epoch 13 train step time: 116.32 seconds
2025-12-03 19:31:12,488 DDP_Script [Rank 2] [INFO] epoch 13 끝 (local_steps=782, global_steps=782)
2025-12-03 19:31:15,210 DDP_Script [Rank 2] [INFO] val acc 50.87%
2025-12-03 19:31:15,649 DDP_Script [Rank 2] [INFO] epoch 14 시작
2025-12-03 19:31:15,664 DDP_Script [Rank 2] [INFO] DataLoader created with batch_size=32, num_workers=4
2025-12-03 19:31:15,669 DDP_Script [Rank 2] [INFO] local_steps=782, global_steps=782
2025-12-03 19:33:14,610 DDP_Script [Rank 2] [INFO] epoch 14 train step time: 118.94 seconds
2025-12-03 19:33:14,628 DDP_Script [Rank 2] [INFO] epoch 14 끝 (local_steps=782, global_steps=782)
2025-12-03 19:33:17,312 DDP_Script [Rank 2] [INFO] val acc 51.11%
2025-12-03 19:33:17,690 DDP_Script [Rank 2] [INFO] epoch 15 시작
2025-12-03 19:33:17,705 DDP_Script [Rank 2] [INFO] DataLoader created with batch_size=32, num_workers=4
2025-12-03 19:33:17,710 DDP_Script [Rank 2] [INFO] local_steps=782, global_steps=782
2025-12-03 19:35:16,922 DDP_Script [Rank 2] [INFO] epoch 15 train step time: 119.21 seconds
2025-12-03 19:35:16,934 DDP_Script [Rank 2] [INFO] epoch 15 끝 (local_steps=782, global_steps=782)
2025-12-03 19:35:19,586 DDP_Script [Rank 2] [INFO] val acc 52.93%
2025-12-03 19:35:19,993 DDP_Script [Rank 2] [INFO] epoch 16 시작
2025-12-03 19:35:20,008 DDP_Script [Rank 2] [INFO] DataLoader created with batch_size=32, num_workers=4
2025-12-03 19:35:20,012 DDP_Script [Rank 2] [INFO] local_steps=782, global_steps=782
2025-12-03 19:37:19,069 DDP_Script [Rank 2] [INFO] epoch 16 train step time: 119.06 seconds
2025-12-03 19:37:19,072 DDP_Script [Rank 2] [INFO] epoch 16 끝 (local_steps=782, global_steps=782)
2025-12-03 19:37:21,803 DDP_Script [Rank 2] [INFO] val acc 53.82%
2025-12-03 19:37:22,221 DDP_Script [Rank 2] [INFO] epoch 17 시작
2025-12-03 19:37:22,234 DDP_Script [Rank 2] [INFO] DataLoader created with batch_size=32, num_workers=4
2025-12-03 19:37:22,240 DDP_Script [Rank 2] [INFO] local_steps=782, global_steps=782
2025-12-03 19:39:21,174 DDP_Script [Rank 2] [INFO] epoch 17 train step time: 118.93 seconds
2025-12-03 19:39:21,189 DDP_Script [Rank 2] [INFO] epoch 17 끝 (local_steps=782, global_steps=782)
2025-12-03 19:39:23,951 DDP_Script [Rank 2] [INFO] val acc 53.77%
2025-12-03 19:39:24,364 DDP_Script [Rank 2] [INFO] epoch 18 시작
2025-12-03 19:39:24,378 DDP_Script [Rank 2] [INFO] DataLoader created with batch_size=32, num_workers=4
2025-12-03 19:39:24,383 DDP_Script [Rank 2] [INFO] local_steps=782, global_steps=782
2025-12-03 19:41:23,905 DDP_Script [Rank 2] [INFO] epoch 18 train step time: 119.52 seconds
2025-12-03 19:41:23,914 DDP_Script [Rank 2] [INFO] epoch 18 끝 (local_steps=782, global_steps=782)
2025-12-03 19:41:26,593 DDP_Script [Rank 2] [INFO] val acc 54.56%
2025-12-03 19:41:27,080 DDP_Script [Rank 2] [INFO] epoch 19 시작
2025-12-03 19:41:27,094 DDP_Script [Rank 2] [INFO] DataLoader created with batch_size=32, num_workers=4
2025-12-03 19:41:27,100 DDP_Script [Rank 2] [INFO] local_steps=782, global_steps=782
2025-12-03 19:43:25,716 DDP_Script [Rank 2] [INFO] epoch 19 train step time: 118.62 seconds
2025-12-03 19:43:25,737 DDP_Script [Rank 2] [INFO] epoch 19 끝 (local_steps=782, global_steps=782)
2025-12-03 19:43:28,392 DDP_Script [Rank 2] [INFO] val acc 54.76%
2025-12-03 19:43:28,818 DDP_Script [Rank 2] [INFO] epoch 20 시작
2025-12-03 19:43:28,833 DDP_Script [Rank 2] [INFO] DataLoader created with batch_size=32, num_workers=4
2025-12-03 19:43:28,838 DDP_Script [Rank 2] [INFO] local_steps=782, global_steps=782
2025-12-03 19:45:27,487 DDP_Script [Rank 2] [INFO] epoch 20 train step time: 118.65 seconds
2025-12-03 19:45:27,490 DDP_Script [Rank 2] [INFO] epoch 20 끝 (local_steps=782, global_steps=782)
2025-12-03 19:45:30,247 DDP_Script [Rank 2] [INFO] val acc 56.16%
2025-12-03 19:45:30,704 DDP_Script [Rank 2] [INFO] Training loop finished.
