Current CUDA device index: 0
Current CUDA device name: NVIDIA RTX A5000
Master address: 163.180.160.62, port: 29529
2025-12-03 20:49:42,607 DDP_Script [Rank 1] [INFO] Node rank: 1, world size: 4
[Gloo] Rank 1 is connected to 3 peer ranks. Expected number of connected peer ranks is : 3
2025-12-03 20:49:43,759 DDP_Script [Rank 1] [INFO] Process group initialized: 163.180.160.62:29529
2025-12-03 20:49:43,759 DDP_Script [Rank 1] [INFO] Rank 1/4 initialized
Val sample labels: tensor([  1,  14,  30,  38,  51,  54,  61,  76,  77,  79,  98, 102, 103, 109,
        116, 118, 127, 135, 143, 144, 150, 153, 160, 164, 180, 181, 186, 190])
Train samples: 100000
Val   samples: 10000
/nas2/data/dlwmznzl1/anaconda3/envs/Dist2/lib/python3.9/site-packages/torchvision/models/_utils.py:208: UserWarning: The parameter 'pretrained' is deprecated since 0.13 and may be removed in the future, please use 'weights' instead.
  warnings.warn(
/nas2/data/dlwmznzl1/anaconda3/envs/Dist2/lib/python3.9/site-packages/torchvision/models/_utils.py:223: UserWarning: Arguments other than a weight enum or `None` for 'weights' are deprecated since 0.13 and may be removed in the future. The current behavior is equivalent to passing `weights=None`.
  warnings.warn(msg)
2025-12-03 20:49:44,782 DDP_Script [Rank 1] [INFO] Model, DDP, criterion, optimizer initialized
2025-12-03 20:49:44,805 DDP_Script [Rank 1] [INFO] Modules initialized
2025-12-03 20:49:44,805 DDP_Script [Rank 1] [INFO] Starting training from scratch (epoch 1).
2025-12-03 20:49:44,809 DDP_Script [Rank 1] [INFO] epoch 1 시작
2025-12-03 20:49:44,816 DDP_Script [Rank 1] [INFO] DataLoader created with batch_size=32, num_workers=4
2025-12-03 20:49:44,854 DDP_Script [Rank 1] [INFO] local_steps=782, global_steps=782
2025-12-03 20:51:42,015 DDP_Script [Rank 1] [INFO] epoch 1 train step time: 117.16 seconds
2025-12-03 20:51:42,018 DDP_Script [Rank 1] [INFO] epoch 1 끝 (local_steps=782, global_steps=782)
2025-12-03 20:51:44,885 DDP_Script [Rank 1] [INFO] val acc 11.18%
2025-12-03 20:51:45,316 DDP_Script [Rank 1] [INFO] epoch 2 시작
2025-12-03 20:51:45,330 DDP_Script [Rank 1] [INFO] DataLoader created with batch_size=32, num_workers=4
2025-12-03 20:51:45,335 DDP_Script [Rank 1] [INFO] local_steps=782, global_steps=782
2025-12-03 20:53:41,633 DDP_Script [Rank 1] [INFO] epoch 2 train step time: 116.30 seconds
2025-12-03 20:53:41,644 DDP_Script [Rank 1] [INFO] epoch 2 끝 (local_steps=782, global_steps=782)
2025-12-03 20:53:44,378 DDP_Script [Rank 1] [INFO] val acc 18.25%
2025-12-03 20:53:44,763 DDP_Script [Rank 1] [INFO] epoch 3 시작
2025-12-03 20:53:44,777 DDP_Script [Rank 1] [INFO] DataLoader created with batch_size=32, num_workers=4
2025-12-03 20:53:44,783 DDP_Script [Rank 1] [INFO] local_steps=782, global_steps=782
2025-12-03 20:55:42,737 DDP_Script [Rank 1] [INFO] epoch 3 train step time: 117.95 seconds
2025-12-03 20:55:42,745 DDP_Script [Rank 1] [INFO] epoch 3 끝 (local_steps=782, global_steps=782)
2025-12-03 20:55:45,446 DDP_Script [Rank 1] [INFO] val acc 24.01%
2025-12-03 20:55:46,188 DDP_Script [Rank 1] [INFO] epoch 4 시작
2025-12-03 20:55:46,204 DDP_Script [Rank 1] [INFO] DataLoader created with batch_size=32, num_workers=4
2025-12-03 20:55:46,210 DDP_Script [Rank 1] [INFO] local_steps=782, global_steps=782
2025-12-03 20:57:41,809 DDP_Script [Rank 1] [INFO] epoch 4 train step time: 115.60 seconds
2025-12-03 20:57:41,843 DDP_Script [Rank 1] [INFO] epoch 4 끝 (local_steps=782, global_steps=782)
2025-12-03 20:57:44,559 DDP_Script [Rank 1] [INFO] val acc 30.70%
2025-12-03 20:57:44,974 DDP_Script [Rank 1] [INFO] epoch 5 시작
2025-12-03 20:57:44,989 DDP_Script [Rank 1] [INFO] DataLoader created with batch_size=32, num_workers=4
2025-12-03 20:57:44,993 DDP_Script [Rank 1] [INFO] local_steps=782, global_steps=782
2025-12-03 20:59:43,900 DDP_Script [Rank 1] [INFO] epoch 5 train step time: 118.91 seconds
2025-12-03 20:59:43,909 DDP_Script [Rank 1] [INFO] epoch 5 끝 (local_steps=782, global_steps=782)
2025-12-03 20:59:46,622 DDP_Script [Rank 1] [INFO] val acc 32.43%
2025-12-03 20:59:47,040 DDP_Script [Rank 1] [INFO] epoch 6 시작
2025-12-03 20:59:47,054 DDP_Script [Rank 1] [INFO] DataLoader created with batch_size=32, num_workers=4
2025-12-03 20:59:47,060 DDP_Script [Rank 1] [INFO] local_steps=782, global_steps=782
2025-12-03 21:01:44,853 DDP_Script [Rank 1] [INFO] epoch 6 train step time: 117.79 seconds
2025-12-03 21:01:44,870 DDP_Script [Rank 1] [INFO] epoch 6 끝 (local_steps=782, global_steps=782)
2025-12-03 21:01:47,605 DDP_Script [Rank 1] [INFO] val acc 38.23%
2025-12-03 21:01:48,005 DDP_Script [Rank 1] [INFO] epoch 7 시작
2025-12-03 21:01:48,019 DDP_Script [Rank 1] [INFO] DataLoader created with batch_size=32, num_workers=4
2025-12-03 21:01:48,023 DDP_Script [Rank 1] [INFO] local_steps=782, global_steps=782
2025-12-03 21:03:45,746 DDP_Script [Rank 1] [INFO] epoch 7 train step time: 117.72 seconds
2025-12-03 21:03:45,755 DDP_Script [Rank 1] [INFO] epoch 7 끝 (local_steps=782, global_steps=782)
2025-12-03 21:03:48,403 DDP_Script [Rank 1] [INFO] val acc 40.43%
2025-12-03 21:03:48,836 DDP_Script [Rank 1] [INFO] epoch 8 시작
2025-12-03 21:03:48,850 DDP_Script [Rank 1] [INFO] DataLoader created with batch_size=32, num_workers=4
2025-12-03 21:03:48,856 DDP_Script [Rank 1] [INFO] local_steps=782, global_steps=782
2025-12-03 21:05:46,591 DDP_Script [Rank 1] [INFO] epoch 8 train step time: 117.73 seconds
2025-12-03 21:05:46,594 DDP_Script [Rank 1] [INFO] epoch 8 끝 (local_steps=782, global_steps=782)
2025-12-03 21:05:49,257 DDP_Script [Rank 1] [INFO] val acc 42.45%
2025-12-03 21:05:49,708 DDP_Script [Rank 1] [INFO] epoch 9 시작
2025-12-03 21:05:49,723 DDP_Script [Rank 1] [INFO] DataLoader created with batch_size=32, num_workers=4
2025-12-03 21:05:49,727 DDP_Script [Rank 1] [INFO] local_steps=782, global_steps=782
2025-12-03 21:07:47,054 DDP_Script [Rank 1] [INFO] epoch 9 train step time: 117.33 seconds
2025-12-03 21:07:47,057 DDP_Script [Rank 1] [INFO] epoch 9 끝 (local_steps=782, global_steps=782)
2025-12-03 21:07:49,847 DDP_Script [Rank 1] [INFO] val acc 44.00%
2025-12-03 21:07:50,239 DDP_Script [Rank 1] [INFO] epoch 10 시작
2025-12-03 21:07:50,254 DDP_Script [Rank 1] [INFO] DataLoader created with batch_size=32, num_workers=4
2025-12-03 21:07:50,258 DDP_Script [Rank 1] [INFO] local_steps=782, global_steps=782
2025-12-03 21:09:47,249 DDP_Script [Rank 1] [INFO] epoch 10 train step time: 116.99 seconds
2025-12-03 21:09:47,266 DDP_Script [Rank 1] [INFO] epoch 10 끝 (local_steps=782, global_steps=782)
2025-12-03 21:09:49,944 DDP_Script [Rank 1] [INFO] val acc 45.91%
2025-12-03 21:09:50,367 DDP_Script [Rank 1] [INFO] epoch 11 시작
2025-12-03 21:09:50,381 DDP_Script [Rank 1] [INFO] DataLoader created with batch_size=32, num_workers=4
2025-12-03 21:09:50,387 DDP_Script [Rank 1] [INFO] local_steps=782, global_steps=782
2025-12-03 21:11:47,619 DDP_Script [Rank 1] [INFO] epoch 11 train step time: 117.23 seconds
2025-12-03 21:11:47,622 DDP_Script [Rank 1] [INFO] epoch 11 끝 (local_steps=782, global_steps=782)
2025-12-03 21:11:50,321 DDP_Script [Rank 1] [INFO] val acc 48.33%
2025-12-03 21:11:50,744 DDP_Script [Rank 1] [INFO] epoch 12 시작
2025-12-03 21:11:50,759 DDP_Script [Rank 1] [INFO] DataLoader created with batch_size=32, num_workers=4
2025-12-03 21:11:50,764 DDP_Script [Rank 1] [INFO] local_steps=782, global_steps=782
2025-12-03 21:13:47,879 DDP_Script [Rank 1] [INFO] epoch 12 train step time: 117.11 seconds
2025-12-03 21:13:47,883 DDP_Script [Rank 1] [INFO] epoch 12 끝 (local_steps=782, global_steps=782)
2025-12-03 21:13:50,598 DDP_Script [Rank 1] [INFO] val acc 48.85%
2025-12-03 21:13:50,984 DDP_Script [Rank 1] [INFO] epoch 13 시작
2025-12-03 21:13:50,999 DDP_Script [Rank 1] [INFO] DataLoader created with batch_size=32, num_workers=4
2025-12-03 21:13:51,003 DDP_Script [Rank 1] [INFO] local_steps=782, global_steps=782
2025-12-03 21:15:47,487 DDP_Script [Rank 1] [INFO] epoch 13 train step time: 116.48 seconds
2025-12-03 21:15:47,490 DDP_Script [Rank 1] [INFO] epoch 13 끝 (local_steps=782, global_steps=782)
2025-12-03 21:15:50,174 DDP_Script [Rank 1] [INFO] val acc 49.48%
2025-12-03 21:15:50,575 DDP_Script [Rank 1] [INFO] epoch 14 시작
2025-12-03 21:15:50,589 DDP_Script [Rank 1] [INFO] DataLoader created with batch_size=32, num_workers=4
2025-12-03 21:15:50,594 DDP_Script [Rank 1] [INFO] local_steps=782, global_steps=782
2025-12-03 21:17:48,771 DDP_Script [Rank 1] [INFO] epoch 14 train step time: 118.18 seconds
2025-12-03 21:17:48,792 DDP_Script [Rank 1] [INFO] epoch 14 끝 (local_steps=782, global_steps=782)
2025-12-03 21:17:51,458 DDP_Script [Rank 1] [INFO] val acc 51.59%
2025-12-03 21:17:51,889 DDP_Script [Rank 1] [INFO] epoch 15 시작
2025-12-03 21:17:51,904 DDP_Script [Rank 1] [INFO] DataLoader created with batch_size=32, num_workers=4
2025-12-03 21:17:51,909 DDP_Script [Rank 1] [INFO] local_steps=782, global_steps=782
2025-12-03 21:19:47,942 DDP_Script [Rank 1] [INFO] epoch 15 train step time: 116.03 seconds
2025-12-03 21:19:47,951 DDP_Script [Rank 1] [INFO] epoch 15 끝 (local_steps=782, global_steps=782)
2025-12-03 21:19:50,667 DDP_Script [Rank 1] [INFO] val acc 51.31%
2025-12-03 21:19:51,083 DDP_Script [Rank 1] [INFO] epoch 16 시작
2025-12-03 21:19:51,097 DDP_Script [Rank 1] [INFO] DataLoader created with batch_size=32, num_workers=4
2025-12-03 21:19:51,103 DDP_Script [Rank 1] [INFO] local_steps=782, global_steps=782
2025-12-03 21:21:47,455 DDP_Script [Rank 1] [INFO] epoch 16 train step time: 116.35 seconds
2025-12-03 21:21:47,466 DDP_Script [Rank 1] [INFO] epoch 16 끝 (local_steps=782, global_steps=782)
2025-12-03 21:21:50,168 DDP_Script [Rank 1] [INFO] val acc 52.51%
2025-12-03 21:21:50,557 DDP_Script [Rank 1] [INFO] epoch 17 시작
2025-12-03 21:21:50,571 DDP_Script [Rank 1] [INFO] DataLoader created with batch_size=32, num_workers=4
2025-12-03 21:21:50,577 DDP_Script [Rank 1] [INFO] local_steps=782, global_steps=782
2025-12-03 21:23:47,113 DDP_Script [Rank 1] [INFO] epoch 17 train step time: 116.54 seconds
2025-12-03 21:23:47,125 DDP_Script [Rank 1] [INFO] epoch 17 끝 (local_steps=782, global_steps=782)
2025-12-03 21:23:49,861 DDP_Script [Rank 1] [INFO] val acc 53.95%
2025-12-03 21:23:50,289 DDP_Script [Rank 1] [INFO] epoch 18 시작
2025-12-03 21:23:50,304 DDP_Script [Rank 1] [INFO] DataLoader created with batch_size=32, num_workers=4
2025-12-03 21:23:50,309 DDP_Script [Rank 1] [INFO] local_steps=782, global_steps=782
2025-12-03 21:25:49,320 DDP_Script [Rank 1] [INFO] epoch 18 train step time: 119.01 seconds
2025-12-03 21:25:49,323 DDP_Script [Rank 1] [INFO] epoch 18 끝 (local_steps=782, global_steps=782)
2025-12-03 21:25:52,048 DDP_Script [Rank 1] [INFO] val acc 53.52%
2025-12-03 21:25:52,450 DDP_Script [Rank 1] [INFO] epoch 19 시작
2025-12-03 21:25:52,464 DDP_Script [Rank 1] [INFO] DataLoader created with batch_size=32, num_workers=4
2025-12-03 21:25:52,468 DDP_Script [Rank 1] [INFO] local_steps=782, global_steps=782
2025-12-03 21:27:49,278 DDP_Script [Rank 1] [INFO] epoch 19 train step time: 116.81 seconds
2025-12-03 21:27:49,281 DDP_Script [Rank 1] [INFO] epoch 19 끝 (local_steps=782, global_steps=782)
2025-12-03 21:27:52,022 DDP_Script [Rank 1] [INFO] val acc 54.45%
2025-12-03 21:27:52,521 DDP_Script [Rank 1] [INFO] epoch 20 시작
2025-12-03 21:27:52,535 DDP_Script [Rank 1] [INFO] DataLoader created with batch_size=32, num_workers=4
2025-12-03 21:27:52,540 DDP_Script [Rank 1] [INFO] local_steps=782, global_steps=782
2025-12-03 21:29:50,991 DDP_Script [Rank 1] [INFO] epoch 20 train step time: 118.45 seconds
2025-12-03 21:29:51,001 DDP_Script [Rank 1] [INFO] epoch 20 끝 (local_steps=782, global_steps=782)
2025-12-03 21:29:53,717 DDP_Script [Rank 1] [INFO] val acc 55.12%
2025-12-03 21:29:54,220 DDP_Script [Rank 1] [INFO] Training loop finished.
