Current CUDA device index: 0
Current CUDA device name: NVIDIA GeForce RTX 5070 Ti
Master address: 163.180.117.216, port: 29559
2025-11-19 05:11:12,239 DDP_Script [Rank 1] [INFO] Node rank: 1, world size: 2
[Gloo] Rank 1 is connected to 1 peer ranks. Expected number of connected peer ranks is : 1
2025-11-19 05:11:12,297 DDP_Script [Rank 1] [INFO] Process group initialized: 163.180.117.216:29559
2025-11-19 05:11:12,297 DDP_Script [Rank 1] [INFO] Rank 1/2 initialized
2025-11-19 05:11:13,404 DDP_Script [Rank 1] [INFO] Rank 1 loading tokenizer from cache: distilbert-base-uncased
2025-11-19 05:11:18,165 DDP_Script [Rank 1] [INFO] Rank 1 loading dataset from cache: glue/sst2
2025-11-19 05:11:22,552 DDP_Script [Rank 1] [INFO] Tokenizing datasets...
2025-11-19 05:11:22,596 DDP_Script [Rank 1] [INFO] SST-2 Dataset and Tokenizer loaded.
2025-11-19 05:11:22,597 DDP_Script [Rank 1] [INFO] Rank 1 loading model from cache: distilbert-base-uncased
Some weights of DistilBertForSequenceClassification were not initialized from the model checkpoint at distilbert-base-uncased and are newly initialized: ['classifier.bias', 'classifier.weight', 'pre_classifier.bias', 'pre_classifier.weight']
You should probably TRAIN this model on a down-stream task to be able to use it for predictions and inference.
2025-11-19 05:11:23,550 DDP_Script [Rank 1] [INFO] Model (DistilBert), DDP, optimizer (AdamW) initialized
2025-11-19 05:11:23,554 DDP_Script [Rank 1] [INFO] Modules initialized
2025-11-19 05:11:23,554 DDP_Script [Rank 1] [INFO] Starting training from scratch (epoch 1).
2025-11-19 05:11:23,555 DDP_Script [Rank 1] [INFO] epoch 1 시작
2025-11-19 05:11:23,592 DDP_Script [Rank 1] [INFO] DataLoader created with batch_size=64, num_workers=4
2025-11-19 05:11:23,600 DDP_Script [Rank 1] [INFO] local_steps=527, global_steps=527
2025-11-19 05:14:17,446 DDP_Script [Rank 1] [INFO] epoch 1 train step time: 173.85 seconds
2025-11-19 05:14:17,449 DDP_Script [Rank 1] [INFO] epoch 1 끝 (local_steps=527, global_steps=527)
2025-11-19 05:14:17,897 DDP_Script [Rank 1] [INFO] val acc 90.71%
2025-11-19 05:14:19,161 DDP_Script [Rank 1] [INFO] epoch 2 시작
2025-11-19 05:14:19,175 DDP_Script [Rank 1] [INFO] DataLoader created with batch_size=64, num_workers=4
2025-11-19 05:14:19,177 DDP_Script [Rank 1] [INFO] local_steps=527, global_steps=527
2025-11-19 05:17:18,588 DDP_Script [Rank 1] [INFO] epoch 2 train step time: 179.41 seconds
2025-11-19 05:17:18,591 DDP_Script [Rank 1] [INFO] epoch 2 끝 (local_steps=527, global_steps=527)
2025-11-19 05:17:19,059 DDP_Script [Rank 1] [INFO] val acc 91.06%
2025-11-19 05:17:21,884 DDP_Script [Rank 1] [INFO] epoch 3 시작
2025-11-19 05:17:21,898 DDP_Script [Rank 1] [INFO] DataLoader created with batch_size=64, num_workers=4
2025-11-19 05:17:21,900 DDP_Script [Rank 1] [INFO] local_steps=527, global_steps=527
2025-11-19 05:20:20,995 DDP_Script [Rank 1] [INFO] epoch 3 train step time: 179.09 seconds
2025-11-19 05:20:20,998 DDP_Script [Rank 1] [INFO] epoch 3 끝 (local_steps=527, global_steps=527)
2025-11-19 05:20:21,426 DDP_Script [Rank 1] [INFO] val acc 91.06%
2025-11-19 05:20:24,370 DDP_Script [Rank 1] [INFO] epoch 4 시작
2025-11-19 05:20:24,388 DDP_Script [Rank 1] [INFO] DataLoader created with batch_size=64, num_workers=4
2025-11-19 05:20:24,395 DDP_Script [Rank 1] [INFO] local_steps=527, global_steps=527
2025-11-19 05:23:27,111 DDP_Script [Rank 1] [INFO] epoch 4 train step time: 182.72 seconds
2025-11-19 05:23:27,115 DDP_Script [Rank 1] [INFO] epoch 4 끝 (local_steps=527, global_steps=527)
2025-11-19 05:23:27,595 DDP_Script [Rank 1] [INFO] val acc 90.71%
2025-11-19 05:23:30,622 DDP_Script [Rank 1] [INFO] epoch 5 시작
2025-11-19 05:23:30,637 DDP_Script [Rank 1] [INFO] DataLoader created with batch_size=64, num_workers=4
2025-11-19 05:23:30,648 DDP_Script [Rank 1] [INFO] local_steps=527, global_steps=527
2025-11-19 05:26:30,431 DDP_Script [Rank 1] [INFO] epoch 5 train step time: 179.78 seconds
2025-11-19 05:26:30,434 DDP_Script [Rank 1] [INFO] epoch 5 끝 (local_steps=527, global_steps=527)
2025-11-19 05:26:30,907 DDP_Script [Rank 1] [INFO] val acc 90.48%
2025-11-19 05:26:34,302 DDP_Script [Rank 1] [INFO] epoch 6 시작
2025-11-19 05:26:34,317 DDP_Script [Rank 1] [INFO] DataLoader created with batch_size=64, num_workers=4
2025-11-19 05:26:34,322 DDP_Script [Rank 1] [INFO] local_steps=527, global_steps=527
2025-11-19 05:29:45,311 DDP_Script [Rank 1] [INFO] epoch 6 train step time: 190.99 seconds
2025-11-19 05:29:45,314 DDP_Script [Rank 1] [INFO] epoch 6 끝 (local_steps=527, global_steps=527)
2025-11-19 05:29:45,784 DDP_Script [Rank 1] [INFO] val acc 90.14%
2025-11-19 05:29:48,845 DDP_Script [Rank 1] [INFO] epoch 7 시작
2025-11-19 05:29:48,860 DDP_Script [Rank 1] [INFO] DataLoader created with batch_size=64, num_workers=4
2025-11-19 05:29:48,866 DDP_Script [Rank 1] [INFO] local_steps=527, global_steps=527
2025-11-19 05:32:51,108 DDP_Script [Rank 1] [INFO] epoch 7 train step time: 182.24 seconds
2025-11-19 05:32:51,112 DDP_Script [Rank 1] [INFO] epoch 7 끝 (local_steps=527, global_steps=527)
2025-11-19 05:32:51,682 DDP_Script [Rank 1] [INFO] val acc 90.02%
2025-11-19 05:32:54,728 DDP_Script [Rank 1] [INFO] epoch 8 시작
2025-11-19 05:32:54,745 DDP_Script [Rank 1] [INFO] DataLoader created with batch_size=64, num_workers=4
2025-11-19 05:32:54,748 DDP_Script [Rank 1] [INFO] local_steps=527, global_steps=527
2025-11-19 05:35:55,043 DDP_Script [Rank 1] [INFO] epoch 8 train step time: 180.29 seconds
2025-11-19 05:35:55,046 DDP_Script [Rank 1] [INFO] epoch 8 끝 (local_steps=527, global_steps=527)
2025-11-19 05:35:55,522 DDP_Script [Rank 1] [INFO] val acc 90.14%
2025-11-19 05:35:58,586 DDP_Script [Rank 1] [INFO] epoch 9 시작
2025-11-19 05:35:58,610 DDP_Script [Rank 1] [INFO] DataLoader created with batch_size=64, num_workers=4
2025-11-19 05:35:58,615 DDP_Script [Rank 1] [INFO] local_steps=527, global_steps=527
2025-11-19 05:38:54,418 DDP_Script [Rank 1] [INFO] epoch 9 train step time: 175.80 seconds
2025-11-19 05:38:54,420 DDP_Script [Rank 1] [INFO] epoch 9 끝 (local_steps=527, global_steps=527)
2025-11-19 05:38:54,859 DDP_Script [Rank 1] [INFO] val acc 90.02%
2025-11-19 05:38:58,443 DDP_Script [Rank 1] [INFO] epoch 10 시작
2025-11-19 05:38:58,458 DDP_Script [Rank 1] [INFO] DataLoader created with batch_size=64, num_workers=4
2025-11-19 05:38:58,462 DDP_Script [Rank 1] [INFO] local_steps=527, global_steps=527
2025-11-19 05:42:07,133 DDP_Script [Rank 1] [INFO] epoch 10 train step time: 188.67 seconds
2025-11-19 05:42:07,136 DDP_Script [Rank 1] [INFO] epoch 10 끝 (local_steps=527, global_steps=527)
2025-11-19 05:42:07,589 DDP_Script [Rank 1] [INFO] val acc 89.79%
2025-11-19 05:42:10,635 DDP_Script [Rank 1] [INFO] epoch 11 시작
2025-11-19 05:42:10,654 DDP_Script [Rank 1] [INFO] DataLoader created with batch_size=64, num_workers=4
2025-11-19 05:42:10,663 DDP_Script [Rank 1] [INFO] local_steps=527, global_steps=527
2025-11-19 05:45:20,735 DDP_Script [Rank 1] [INFO] epoch 11 train step time: 190.07 seconds
2025-11-19 05:45:20,738 DDP_Script [Rank 1] [INFO] epoch 11 끝 (local_steps=527, global_steps=527)
2025-11-19 05:45:21,272 DDP_Script [Rank 1] [INFO] val acc 90.25%
2025-11-19 05:45:24,412 DDP_Script [Rank 1] [INFO] epoch 12 시작
2025-11-19 05:45:24,425 DDP_Script [Rank 1] [INFO] DataLoader created with batch_size=64, num_workers=4
2025-11-19 05:45:24,428 DDP_Script [Rank 1] [INFO] local_steps=527, global_steps=527
2025-11-19 05:48:28,534 DDP_Script [Rank 1] [INFO] epoch 12 train step time: 184.10 seconds
2025-11-19 05:48:28,536 DDP_Script [Rank 1] [INFO] epoch 12 끝 (local_steps=527, global_steps=527)
2025-11-19 05:48:28,978 DDP_Script [Rank 1] [INFO] val acc 89.91%
2025-11-19 05:48:31,951 DDP_Script [Rank 1] [INFO] epoch 13 시작
2025-11-19 05:48:31,969 DDP_Script [Rank 1] [INFO] DataLoader created with batch_size=64, num_workers=4
2025-11-19 05:48:31,971 DDP_Script [Rank 1] [INFO] local_steps=527, global_steps=527
2025-11-19 05:51:35,082 DDP_Script [Rank 1] [INFO] epoch 13 train step time: 183.11 seconds
2025-11-19 05:51:35,085 DDP_Script [Rank 1] [INFO] epoch 13 끝 (local_steps=527, global_steps=527)
2025-11-19 05:51:35,555 DDP_Script [Rank 1] [INFO] val acc 90.37%
2025-11-19 05:51:38,545 DDP_Script [Rank 1] [INFO] epoch 14 시작
2025-11-19 05:51:38,563 DDP_Script [Rank 1] [INFO] DataLoader created with batch_size=64, num_workers=4
2025-11-19 05:51:38,567 DDP_Script [Rank 1] [INFO] local_steps=527, global_steps=527
2025-11-19 05:54:42,096 DDP_Script [Rank 1] [INFO] epoch 14 train step time: 183.53 seconds
2025-11-19 05:54:42,098 DDP_Script [Rank 1] [INFO] epoch 14 끝 (local_steps=527, global_steps=527)
2025-11-19 05:54:42,561 DDP_Script [Rank 1] [INFO] val acc 89.68%
2025-11-19 05:54:45,450 DDP_Script [Rank 1] [INFO] epoch 15 시작
2025-11-19 05:54:45,466 DDP_Script [Rank 1] [INFO] DataLoader created with batch_size=64, num_workers=4
2025-11-19 05:54:45,477 DDP_Script [Rank 1] [INFO] local_steps=527, global_steps=527
2025-11-19 05:57:55,888 DDP_Script [Rank 1] [INFO] epoch 15 train step time: 190.41 seconds
2025-11-19 05:57:55,892 DDP_Script [Rank 1] [INFO] epoch 15 끝 (local_steps=527, global_steps=527)
2025-11-19 05:57:56,348 DDP_Script [Rank 1] [INFO] val acc 89.11%
2025-11-19 05:57:59,198 DDP_Script [Rank 1] [INFO] epoch 16 시작
2025-11-19 05:57:59,215 DDP_Script [Rank 1] [INFO] DataLoader created with batch_size=64, num_workers=4
2025-11-19 05:57:59,222 DDP_Script [Rank 1] [INFO] local_steps=527, global_steps=527
2025-11-19 06:01:11,818 DDP_Script [Rank 1] [INFO] epoch 16 train step time: 192.60 seconds
2025-11-19 06:01:11,821 DDP_Script [Rank 1] [INFO] epoch 16 끝 (local_steps=527, global_steps=527)
2025-11-19 06:01:12,289 DDP_Script [Rank 1] [INFO] val acc 89.22%
2025-11-19 06:01:15,112 DDP_Script [Rank 1] [INFO] epoch 17 시작
2025-11-19 06:01:15,137 DDP_Script [Rank 1] [INFO] DataLoader created with batch_size=64, num_workers=4
2025-11-19 06:01:15,141 DDP_Script [Rank 1] [INFO] local_steps=527, global_steps=527
2025-11-19 06:04:26,549 DDP_Script [Rank 1] [INFO] epoch 17 train step time: 191.41 seconds
2025-11-19 06:04:26,562 DDP_Script [Rank 1] [INFO] epoch 17 끝 (local_steps=527, global_steps=527)
2025-11-19 06:04:27,121 DDP_Script [Rank 1] [INFO] val acc 89.56%
2025-11-19 06:04:29,994 DDP_Script [Rank 1] [INFO] epoch 18 시작
2025-11-19 06:04:30,011 DDP_Script [Rank 1] [INFO] DataLoader created with batch_size=64, num_workers=4
2025-11-19 06:04:30,013 DDP_Script [Rank 1] [INFO] local_steps=527, global_steps=527
2025-11-19 06:07:41,920 DDP_Script [Rank 1] [INFO] epoch 18 train step time: 191.91 seconds
2025-11-19 06:07:41,923 DDP_Script [Rank 1] [INFO] epoch 18 끝 (local_steps=527, global_steps=527)
2025-11-19 06:07:42,422 DDP_Script [Rank 1] [INFO] val acc 89.45%
2025-11-19 06:07:45,302 DDP_Script [Rank 1] [INFO] epoch 19 시작
2025-11-19 06:07:45,316 DDP_Script [Rank 1] [INFO] DataLoader created with batch_size=64, num_workers=4
2025-11-19 06:07:45,321 DDP_Script [Rank 1] [INFO] local_steps=527, global_steps=527
2025-11-19 06:11:03,463 DDP_Script [Rank 1] [INFO] epoch 19 train step time: 198.14 seconds
2025-11-19 06:11:03,466 DDP_Script [Rank 1] [INFO] epoch 19 끝 (local_steps=527, global_steps=527)
2025-11-19 06:11:03,981 DDP_Script [Rank 1] [INFO] val acc 90.83%
2025-11-19 06:11:06,822 DDP_Script [Rank 1] [INFO] epoch 20 시작
2025-11-19 06:11:06,840 DDP_Script [Rank 1] [INFO] DataLoader created with batch_size=64, num_workers=4
2025-11-19 06:11:06,843 DDP_Script [Rank 1] [INFO] local_steps=527, global_steps=527
2025-11-19 06:14:26,777 DDP_Script [Rank 1] [INFO] epoch 20 train step time: 199.93 seconds
2025-11-19 06:14:26,798 DDP_Script [Rank 1] [INFO] epoch 20 끝 (local_steps=527, global_steps=527)
2025-11-19 06:14:27,346 DDP_Script [Rank 1] [INFO] val acc 90.48%
2025-11-19 06:14:30,065 DDP_Script [Rank 1] [INFO] Training loop finished.
