Current CUDA device index: 0
Current CUDA device name: NVIDIA GeForce RTX 5070 Ti
Master address: 163.180.117.216, port: 29569
2025-11-19 06:17:36,592 DDP_Script [Rank 0] [INFO] Node rank: 0, world size: 1
[Gloo] Rank 0 is connected to 0 peer ranks. Expected number of connected peer ranks is : 0
2025-11-19 06:17:36,617 DDP_Script [Rank 0] [INFO] Process group initialized: 163.180.117.216:29569
2025-11-19 06:17:36,617 DDP_Script [Rank 0] [INFO] Rank 0/1 initialized
Val sample labels: tensor([  1,   2,  15,  28,  41,  46,  50,  54,  55,  64,  77,  79,  81, 102,
        117, 124, 129, 132, 135, 136, 144, 151, 163, 168, 169, 179, 180, 186])
Train samples: 100000
Val   samples: 10000
/home/ubuntu216/anaconda3/envs/Dist1/lib/python3.9/site-packages/torchvision/models/_utils.py:208: UserWarning: The parameter 'pretrained' is deprecated since 0.13 and may be removed in the future, please use 'weights' instead.
  warnings.warn(
/home/ubuntu216/anaconda3/envs/Dist1/lib/python3.9/site-packages/torchvision/models/_utils.py:223: UserWarning: Arguments other than a weight enum or `None` for 'weights' are deprecated since 0.13 and may be removed in the future. The current behavior is equivalent to passing `weights=None`.
  warnings.warn(msg)
2025-11-19 06:17:37,951 DDP_Script [Rank 0] [INFO] Model, DDP, criterion, optimizer initialized
2025-11-19 06:17:37,954 DDP_Script [Rank 0] [INFO] Modules initialized
2025-11-19 06:17:37,954 DDP_Script [Rank 0] [INFO] Checkpoint directory created: ./checkpoints/job-927122577ccd
2025-11-19 06:17:37,954 DDP_Script [Rank 0] [INFO] Starting training from scratch (epoch 1).
2025-11-19 06:17:37,954 DDP_Script [Rank 0] [INFO] epoch 1 시작
2025-11-19 06:17:37,988 DDP_Script [Rank 0] [INFO] DataLoader created with batch_size=16, num_workers=4
2025-11-19 06:17:37,992 DDP_Script [Rank 0] [INFO] 모든 노드 중 max_steps = 6250
2025-11-19 06:17:37,992 DDP_Script [Rank 0] [INFO] local_steps=6250, global_steps=6250
2025-11-19 06:28:23,984 DDP_Script [Rank 0] [INFO] epoch 1 train step time: 645.99 seconds
2025-11-19 06:28:23,985 DDP_Script [Rank 0] [INFO] epoch 1 끝 (local_steps=6250, global_steps=6250)
2025-11-19 06:28:34,375 DDP_Script [Rank 0] [INFO] val acc 9.62%
2025-11-19 06:28:34,397 DDP_Script [Rank 0] [INFO] Saving checkpoint to ./checkpoints/job-927122577ccd/latest_checkpoint.pth ...
2025-11-19 06:28:34,789 DDP_Script [Rank 0] [INFO] Successfully reported epoch 1/20 (Acc: 9.62%) to global server.
2025-11-19 06:28:34,790 DDP_Script [Rank 0] [INFO] epoch 2 시작
2025-11-19 06:28:34,799 DDP_Script [Rank 0] [INFO] DataLoader created with batch_size=16, num_workers=4
2025-11-19 06:28:34,801 DDP_Script [Rank 0] [INFO] 모든 노드 중 max_steps = 6250
2025-11-19 06:28:34,801 DDP_Script [Rank 0] [INFO] local_steps=6250, global_steps=6250
2025-11-19 06:40:17,157 DDP_Script [Rank 0] [INFO] epoch 2 train step time: 702.35 seconds
2025-11-19 06:40:17,158 DDP_Script [Rank 0] [INFO] epoch 2 끝 (local_steps=6250, global_steps=6250)
2025-11-19 06:40:27,371 DDP_Script [Rank 0] [INFO] val acc 17.58%
2025-11-19 06:40:27,388 DDP_Script [Rank 0] [INFO] Saving checkpoint to ./checkpoints/job-927122577ccd/latest_checkpoint.pth ...
2025-11-19 06:40:27,864 DDP_Script [Rank 0] [INFO] Successfully reported epoch 2/20 (Acc: 17.58%) to global server.
2025-11-19 06:40:27,866 DDP_Script [Rank 0] [INFO] epoch 3 시작
2025-11-19 06:40:27,883 DDP_Script [Rank 0] [INFO] DataLoader created with batch_size=16, num_workers=4
2025-11-19 06:40:27,888 DDP_Script [Rank 0] [INFO] 모든 노드 중 max_steps = 6250
2025-11-19 06:40:27,889 DDP_Script [Rank 0] [INFO] local_steps=6250, global_steps=6250
2025-11-19 06:52:21,450 DDP_Script [Rank 0] [INFO] epoch 3 train step time: 713.56 seconds
2025-11-19 06:52:21,452 DDP_Script [Rank 0] [INFO] epoch 3 끝 (local_steps=6250, global_steps=6250)
2025-11-19 06:52:31,610 DDP_Script [Rank 0] [INFO] val acc 24.81%
2025-11-19 06:52:31,627 DDP_Script [Rank 0] [INFO] Saving checkpoint to ./checkpoints/job-927122577ccd/latest_checkpoint.pth ...
2025-11-19 06:52:32,127 DDP_Script [Rank 0] [INFO] Successfully reported epoch 3/20 (Acc: 24.81%) to global server.
2025-11-19 06:52:32,128 DDP_Script [Rank 0] [INFO] epoch 4 시작
2025-11-19 06:52:32,144 DDP_Script [Rank 0] [INFO] DataLoader created with batch_size=16, num_workers=4
2025-11-19 06:52:32,148 DDP_Script [Rank 0] [INFO] 모든 노드 중 max_steps = 6250
2025-11-19 06:52:32,149 DDP_Script [Rank 0] [INFO] local_steps=6250, global_steps=6250
2025-11-19 07:04:15,613 DDP_Script [Rank 0] [INFO] epoch 4 train step time: 703.46 seconds
2025-11-19 07:04:15,615 DDP_Script [Rank 0] [INFO] epoch 4 끝 (local_steps=6250, global_steps=6250)
2025-11-19 07:04:25,676 DDP_Script [Rank 0] [INFO] val acc 31.06%
2025-11-19 07:04:25,693 DDP_Script [Rank 0] [INFO] Saving checkpoint to ./checkpoints/job-927122577ccd/latest_checkpoint.pth ...
2025-11-19 07:04:26,175 DDP_Script [Rank 0] [INFO] Successfully reported epoch 4/20 (Acc: 31.06%) to global server.
2025-11-19 07:04:26,176 DDP_Script [Rank 0] [INFO] epoch 5 시작
2025-11-19 07:04:26,191 DDP_Script [Rank 0] [INFO] DataLoader created with batch_size=16, num_workers=4
2025-11-19 07:04:26,197 DDP_Script [Rank 0] [INFO] 모든 노드 중 max_steps = 6250
2025-11-19 07:04:26,197 DDP_Script [Rank 0] [INFO] local_steps=6250, global_steps=6250
2025-11-19 07:15:33,241 DDP_Script [Rank 0] [INFO] epoch 5 train step time: 667.04 seconds
2025-11-19 07:15:33,242 DDP_Script [Rank 0] [INFO] epoch 5 끝 (local_steps=6250, global_steps=6250)
2025-11-19 07:15:42,723 DDP_Script [Rank 0] [INFO] val acc 34.92%
2025-11-19 07:15:42,744 DDP_Script [Rank 0] [INFO] Saving checkpoint to ./checkpoints/job-927122577ccd/latest_checkpoint.pth ...
2025-11-19 07:15:43,186 DDP_Script [Rank 0] [INFO] Successfully reported epoch 5/20 (Acc: 34.92%) to global server.
2025-11-19 07:15:43,187 DDP_Script [Rank 0] [INFO] epoch 6 시작
2025-11-19 07:15:43,203 DDP_Script [Rank 0] [INFO] DataLoader created with batch_size=16, num_workers=4
2025-11-19 07:15:43,208 DDP_Script [Rank 0] [INFO] 모든 노드 중 max_steps = 6250
2025-11-19 07:15:43,208 DDP_Script [Rank 0] [INFO] local_steps=6250, global_steps=6250
2025-11-19 07:26:36,405 DDP_Script [Rank 0] [INFO] epoch 6 train step time: 653.20 seconds
2025-11-19 07:26:36,406 DDP_Script [Rank 0] [INFO] epoch 6 끝 (local_steps=6250, global_steps=6250)
2025-11-19 07:26:45,922 DDP_Script [Rank 0] [INFO] val acc 37.91%
2025-11-19 07:26:45,938 DDP_Script [Rank 0] [INFO] Saving checkpoint to ./checkpoints/job-927122577ccd/latest_checkpoint.pth ...
2025-11-19 07:26:46,375 DDP_Script [Rank 0] [INFO] Successfully reported epoch 6/20 (Acc: 37.91%) to global server.
2025-11-19 07:26:46,376 DDP_Script [Rank 0] [INFO] epoch 7 시작
2025-11-19 07:26:46,392 DDP_Script [Rank 0] [INFO] DataLoader created with batch_size=16, num_workers=4
2025-11-19 07:26:46,397 DDP_Script [Rank 0] [INFO] 모든 노드 중 max_steps = 6250
2025-11-19 07:26:46,397 DDP_Script [Rank 0] [INFO] local_steps=6250, global_steps=6250
2025-11-19 07:37:48,257 DDP_Script [Rank 0] [INFO] epoch 7 train step time: 661.86 seconds
2025-11-19 07:37:48,259 DDP_Script [Rank 0] [INFO] epoch 7 끝 (local_steps=6250, global_steps=6250)
2025-11-19 07:37:57,839 DDP_Script [Rank 0] [INFO] val acc 39.21%
2025-11-19 07:37:57,854 DDP_Script [Rank 0] [INFO] Saving checkpoint to ./checkpoints/job-927122577ccd/latest_checkpoint.pth ...
2025-11-19 07:37:58,286 DDP_Script [Rank 0] [INFO] Successfully reported epoch 7/20 (Acc: 39.21%) to global server.
2025-11-19 07:37:58,287 DDP_Script [Rank 0] [INFO] epoch 8 시작
2025-11-19 07:37:58,303 DDP_Script [Rank 0] [INFO] DataLoader created with batch_size=16, num_workers=4
2025-11-19 07:37:58,308 DDP_Script [Rank 0] [INFO] 모든 노드 중 max_steps = 6250
2025-11-19 07:37:58,308 DDP_Script [Rank 0] [INFO] local_steps=6250, global_steps=6250
2025-11-19 07:48:59,901 DDP_Script [Rank 0] [INFO] epoch 8 train step time: 661.59 seconds
2025-11-19 07:48:59,902 DDP_Script [Rank 0] [INFO] epoch 8 끝 (local_steps=6250, global_steps=6250)
2025-11-19 07:49:09,706 DDP_Script [Rank 0] [INFO] val acc 42.04%
2025-11-19 07:49:09,721 DDP_Script [Rank 0] [INFO] Saving checkpoint to ./checkpoints/job-927122577ccd/latest_checkpoint.pth ...
2025-11-19 07:49:10,166 DDP_Script [Rank 0] [INFO] Successfully reported epoch 8/20 (Acc: 42.04%) to global server.
2025-11-19 07:49:10,168 DDP_Script [Rank 0] [INFO] epoch 9 시작
2025-11-19 07:49:10,184 DDP_Script [Rank 0] [INFO] DataLoader created with batch_size=16, num_workers=4
2025-11-19 07:49:10,189 DDP_Script [Rank 0] [INFO] 모든 노드 중 max_steps = 6250
2025-11-19 07:49:10,189 DDP_Script [Rank 0] [INFO] local_steps=6250, global_steps=6250
2025-11-19 07:59:59,492 DDP_Script [Rank 0] [INFO] epoch 9 train step time: 649.30 seconds
2025-11-19 07:59:59,494 DDP_Script [Rank 0] [INFO] epoch 9 끝 (local_steps=6250, global_steps=6250)
2025-11-19 08:00:09,704 DDP_Script [Rank 0] [INFO] val acc 43.73%
2025-11-19 08:00:09,720 DDP_Script [Rank 0] [INFO] Saving checkpoint to ./checkpoints/job-927122577ccd/latest_checkpoint.pth ...
2025-11-19 08:00:10,318 DDP_Script [Rank 0] [INFO] Successfully reported epoch 9/20 (Acc: 43.73%) to global server.
2025-11-19 08:00:10,319 DDP_Script [Rank 0] [INFO] epoch 10 시작
2025-11-19 08:00:10,335 DDP_Script [Rank 0] [INFO] DataLoader created with batch_size=16, num_workers=4
2025-11-19 08:00:10,340 DDP_Script [Rank 0] [INFO] 모든 노드 중 max_steps = 6250
2025-11-19 08:00:10,340 DDP_Script [Rank 0] [INFO] local_steps=6250, global_steps=6250
2025-11-19 08:11:23,687 DDP_Script [Rank 0] [INFO] epoch 10 train step time: 673.35 seconds
2025-11-19 08:11:23,689 DDP_Script [Rank 0] [INFO] epoch 10 끝 (local_steps=6250, global_steps=6250)
2025-11-19 08:11:33,048 DDP_Script [Rank 0] [INFO] val acc 44.89%
2025-11-19 08:11:33,063 DDP_Script [Rank 0] [INFO] Saving checkpoint to ./checkpoints/job-927122577ccd/latest_checkpoint.pth ...
2025-11-19 08:11:33,714 DDP_Script [Rank 0] [INFO] Successfully reported epoch 10/20 (Acc: 44.89%) to global server.
2025-11-19 08:11:33,717 DDP_Script [Rank 0] [INFO] epoch 11 시작
2025-11-19 08:11:33,742 DDP_Script [Rank 0] [INFO] DataLoader created with batch_size=16, num_workers=4
2025-11-19 08:11:33,748 DDP_Script [Rank 0] [INFO] 모든 노드 중 max_steps = 6250
2025-11-19 08:11:33,748 DDP_Script [Rank 0] [INFO] local_steps=6250, global_steps=6250
2025-11-19 08:21:22,393 DDP_Script [Rank 0] [INFO] epoch 11 train step time: 588.64 seconds
2025-11-19 08:21:22,395 DDP_Script [Rank 0] [INFO] epoch 11 끝 (local_steps=6250, global_steps=6250)
2025-11-19 08:21:32,077 DDP_Script [Rank 0] [INFO] val acc 45.95%
2025-11-19 08:21:32,094 DDP_Script [Rank 0] [INFO] Saving checkpoint to ./checkpoints/job-927122577ccd/latest_checkpoint.pth ...
2025-11-19 08:21:32,549 DDP_Script [Rank 0] [INFO] Successfully reported epoch 11/20 (Acc: 45.95%) to global server.
2025-11-19 08:21:32,550 DDP_Script [Rank 0] [INFO] epoch 12 시작
2025-11-19 08:21:32,566 DDP_Script [Rank 0] [INFO] DataLoader created with batch_size=16, num_workers=4
2025-11-19 08:21:32,571 DDP_Script [Rank 0] [INFO] 모든 노드 중 max_steps = 6250
2025-11-19 08:21:32,571 DDP_Script [Rank 0] [INFO] local_steps=6250, global_steps=6250
2025-11-19 08:32:19,667 DDP_Script [Rank 0] [INFO] epoch 12 train step time: 647.09 seconds
2025-11-19 08:32:19,668 DDP_Script [Rank 0] [INFO] epoch 12 끝 (local_steps=6250, global_steps=6250)
2025-11-19 08:32:29,346 DDP_Script [Rank 0] [INFO] val acc 46.44%
2025-11-19 08:32:29,361 DDP_Script [Rank 0] [INFO] Saving checkpoint to ./checkpoints/job-927122577ccd/latest_checkpoint.pth ...
2025-11-19 08:32:29,807 DDP_Script [Rank 0] [INFO] Successfully reported epoch 12/20 (Acc: 46.44%) to global server.
2025-11-19 08:32:29,808 DDP_Script [Rank 0] [INFO] epoch 13 시작
2025-11-19 08:32:29,824 DDP_Script [Rank 0] [INFO] DataLoader created with batch_size=16, num_workers=4
2025-11-19 08:32:29,829 DDP_Script [Rank 0] [INFO] 모든 노드 중 max_steps = 6250
2025-11-19 08:32:29,830 DDP_Script [Rank 0] [INFO] local_steps=6250, global_steps=6250
2025-11-19 08:43:31,056 DDP_Script [Rank 0] [INFO] epoch 13 train step time: 661.23 seconds
2025-11-19 08:43:31,058 DDP_Script [Rank 0] [INFO] epoch 13 끝 (local_steps=6250, global_steps=6250)
2025-11-19 08:43:40,939 DDP_Script [Rank 0] [INFO] val acc 47.87%
2025-11-19 08:43:40,955 DDP_Script [Rank 0] [INFO] Saving checkpoint to ./checkpoints/job-927122577ccd/latest_checkpoint.pth ...
2025-11-19 08:43:41,400 DDP_Script [Rank 0] [INFO] Successfully reported epoch 13/20 (Acc: 47.87%) to global server.
2025-11-19 08:43:41,401 DDP_Script [Rank 0] [INFO] epoch 14 시작
2025-11-19 08:43:41,417 DDP_Script [Rank 0] [INFO] DataLoader created with batch_size=16, num_workers=4
2025-11-19 08:43:41,422 DDP_Script [Rank 0] [INFO] 모든 노드 중 max_steps = 6250
2025-11-19 08:43:41,422 DDP_Script [Rank 0] [INFO] local_steps=6250, global_steps=6250
2025-11-19 08:54:37,151 DDP_Script [Rank 0] [INFO] epoch 14 train step time: 655.73 seconds
2025-11-19 08:54:37,152 DDP_Script [Rank 0] [INFO] epoch 14 끝 (local_steps=6250, global_steps=6250)
2025-11-19 08:54:46,615 DDP_Script [Rank 0] [INFO] val acc 49.25%
2025-11-19 08:54:46,737 DDP_Script [Rank 0] [INFO] Saving checkpoint to ./checkpoints/job-927122577ccd/latest_checkpoint.pth ...
2025-11-19 08:54:47,346 DDP_Script [Rank 0] [INFO] Successfully reported epoch 14/20 (Acc: 49.25%) to global server.
2025-11-19 08:54:47,348 DDP_Script [Rank 0] [INFO] epoch 15 시작
2025-11-19 08:54:47,365 DDP_Script [Rank 0] [INFO] DataLoader created with batch_size=16, num_workers=4
2025-11-19 08:54:47,371 DDP_Script [Rank 0] [INFO] 모든 노드 중 max_steps = 6250
2025-11-19 08:54:47,371 DDP_Script [Rank 0] [INFO] local_steps=6250, global_steps=6250
2025-11-19 09:06:13,028 DDP_Script [Rank 0] [INFO] epoch 15 train step time: 685.66 seconds
2025-11-19 09:06:13,029 DDP_Script [Rank 0] [INFO] epoch 15 끝 (local_steps=6250, global_steps=6250)
2025-11-19 09:06:22,667 DDP_Script [Rank 0] [INFO] val acc 50.08%
2025-11-19 09:06:22,683 DDP_Script [Rank 0] [INFO] Saving checkpoint to ./checkpoints/job-927122577ccd/latest_checkpoint.pth ...
2025-11-19 09:06:23,141 DDP_Script [Rank 0] [INFO] Successfully reported epoch 15/20 (Acc: 50.08%) to global server.
2025-11-19 09:06:23,142 DDP_Script [Rank 0] [INFO] epoch 16 시작
2025-11-19 09:06:23,158 DDP_Script [Rank 0] [INFO] DataLoader created with batch_size=16, num_workers=4
2025-11-19 09:06:23,163 DDP_Script [Rank 0] [INFO] 모든 노드 중 max_steps = 6250
2025-11-19 09:06:23,163 DDP_Script [Rank 0] [INFO] local_steps=6250, global_steps=6250
2025-11-19 09:17:22,572 DDP_Script [Rank 0] [INFO] epoch 16 train step time: 659.41 seconds
2025-11-19 09:17:22,574 DDP_Script [Rank 0] [INFO] epoch 16 끝 (local_steps=6250, global_steps=6250)
2025-11-19 09:17:32,265 DDP_Script [Rank 0] [INFO] val acc 49.85%
2025-11-19 09:17:32,281 DDP_Script [Rank 0] [INFO] Saving checkpoint to ./checkpoints/job-927122577ccd/latest_checkpoint.pth ...
2025-11-19 09:17:32,735 DDP_Script [Rank 0] [INFO] Successfully reported epoch 16/20 (Acc: 49.85%) to global server.
2025-11-19 09:17:32,737 DDP_Script [Rank 0] [INFO] epoch 17 시작
2025-11-19 09:17:32,753 DDP_Script [Rank 0] [INFO] DataLoader created with batch_size=16, num_workers=4
2025-11-19 09:17:32,758 DDP_Script [Rank 0] [INFO] 모든 노드 중 max_steps = 6250
2025-11-19 09:17:32,758 DDP_Script [Rank 0] [INFO] local_steps=6250, global_steps=6250
2025-11-19 09:28:33,204 DDP_Script [Rank 0] [INFO] epoch 17 train step time: 660.45 seconds
2025-11-19 09:28:33,205 DDP_Script [Rank 0] [INFO] epoch 17 끝 (local_steps=6250, global_steps=6250)
2025-11-19 09:28:43,020 DDP_Script [Rank 0] [INFO] val acc 51.04%
2025-11-19 09:28:43,036 DDP_Script [Rank 0] [INFO] Saving checkpoint to ./checkpoints/job-927122577ccd/latest_checkpoint.pth ...
2025-11-19 09:28:43,482 DDP_Script [Rank 0] [INFO] Successfully reported epoch 17/20 (Acc: 51.04%) to global server.
2025-11-19 09:28:43,482 DDP_Script [Rank 0] [INFO] epoch 18 시작
2025-11-19 09:28:43,494 DDP_Script [Rank 0] [INFO] DataLoader created with batch_size=16, num_workers=4
2025-11-19 09:28:43,497 DDP_Script [Rank 0] [INFO] 모든 노드 중 max_steps = 6250
2025-11-19 09:28:43,497 DDP_Script [Rank 0] [INFO] local_steps=6250, global_steps=6250
2025-11-19 09:39:43,725 DDP_Script [Rank 0] [INFO] epoch 18 train step time: 660.23 seconds
2025-11-19 09:39:43,726 DDP_Script [Rank 0] [INFO] epoch 18 끝 (local_steps=6250, global_steps=6250)
2025-11-19 09:39:53,617 DDP_Script [Rank 0] [INFO] val acc 51.16%
2025-11-19 09:39:53,632 DDP_Script [Rank 0] [INFO] Saving checkpoint to ./checkpoints/job-927122577ccd/latest_checkpoint.pth ...
2025-11-19 09:39:54,071 DDP_Script [Rank 0] [INFO] Successfully reported epoch 18/20 (Acc: 51.16%) to global server.
2025-11-19 09:39:54,072 DDP_Script [Rank 0] [INFO] epoch 19 시작
2025-11-19 09:39:54,087 DDP_Script [Rank 0] [INFO] DataLoader created with batch_size=16, num_workers=4
2025-11-19 09:39:54,093 DDP_Script [Rank 0] [INFO] 모든 노드 중 max_steps = 6250
2025-11-19 09:39:54,093 DDP_Script [Rank 0] [INFO] local_steps=6250, global_steps=6250
2025-11-19 09:50:47,333 DDP_Script [Rank 0] [INFO] epoch 19 train step time: 653.24 seconds
2025-11-19 09:50:47,335 DDP_Script [Rank 0] [INFO] epoch 19 끝 (local_steps=6250, global_steps=6250)
2025-11-19 09:50:57,467 DDP_Script [Rank 0] [INFO] val acc 51.16%
2025-11-19 09:50:57,485 DDP_Script [Rank 0] [INFO] Saving checkpoint to ./checkpoints/job-927122577ccd/latest_checkpoint.pth ...
2025-11-19 09:50:57,940 DDP_Script [Rank 0] [INFO] Successfully reported epoch 19/20 (Acc: 51.16%) to global server.
2025-11-19 09:50:57,941 DDP_Script [Rank 0] [INFO] epoch 20 시작
2025-11-19 09:50:57,958 DDP_Script [Rank 0] [INFO] DataLoader created with batch_size=16, num_workers=4
2025-11-19 09:50:57,963 DDP_Script [Rank 0] [INFO] 모든 노드 중 max_steps = 6250
2025-11-19 09:50:57,963 DDP_Script [Rank 0] [INFO] local_steps=6250, global_steps=6250
2025-11-19 10:03:47,258 DDP_Script [Rank 0] [INFO] epoch 20 train step time: 769.29 seconds
2025-11-19 10:03:47,260 DDP_Script [Rank 0] [INFO] epoch 20 끝 (local_steps=6250, global_steps=6250)
2025-11-19 10:03:56,988 DDP_Script [Rank 0] [INFO] val acc 53.05%
2025-11-19 10:03:57,007 DDP_Script [Rank 0] [INFO] Saving checkpoint to ./checkpoints/job-927122577ccd/latest_checkpoint.pth ...
2025-11-19 10:03:57,485 DDP_Script [Rank 0] [INFO] Successfully reported epoch 20/20 (Acc: 53.05%) to global server.
2025-11-19 10:03:57,487 DDP_Script [Rank 0] [INFO] Training completed successfully.
2025-11-19 10:03:57,487 DDP_Script [Rank 0] [INFO] Training loop finished.
