Current CUDA device index: 0
Current CUDA device name: NVIDIA GeForce RTX 5070 Ti
Master address: 163.180.117.216, port: 29577
2025-11-19 07:02:55,580 DDP_Script [Rank 0] [INFO] Node rank: 0, world size: 1
[Gloo] Rank 0 is connected to 0 peer ranks. Expected number of connected peer ranks is : 0
2025-11-19 07:02:55,608 DDP_Script [Rank 0] [INFO] Process group initialized: 163.180.117.216:29577
2025-11-19 07:02:55,608 DDP_Script [Rank 0] [INFO] Rank 0/1 initialized
Val sample labels: tensor([  1,   2,  15,  28,  41,  46,  50,  54,  55,  64,  77,  79,  81, 102,
        117, 124, 129, 132, 135, 136, 144, 151, 163, 168, 169, 179, 180, 186])
Train samples: 100000
Val   samples: 10000
/home/ubuntu216/anaconda3/envs/Dist3/lib/python3.9/site-packages/torchvision/models/_utils.py:208: UserWarning: The parameter 'pretrained' is deprecated since 0.13 and may be removed in the future, please use 'weights' instead.
  warnings.warn(
/home/ubuntu216/anaconda3/envs/Dist3/lib/python3.9/site-packages/torchvision/models/_utils.py:223: UserWarning: Arguments other than a weight enum or `None` for 'weights' are deprecated since 0.13 and may be removed in the future. The current behavior is equivalent to passing `weights=None`.
  warnings.warn(msg)
2025-11-19 07:02:56,822 DDP_Script [Rank 0] [INFO] Model, DDP, criterion, optimizer initialized
2025-11-19 07:02:56,825 DDP_Script [Rank 0] [INFO] Modules initialized
2025-11-19 07:02:56,826 DDP_Script [Rank 0] [INFO] Checkpoint directory created: ./checkpoints/job-5c8277534b02
2025-11-19 07:02:56,826 DDP_Script [Rank 0] [INFO] Starting training from scratch (epoch 1).
2025-11-19 07:02:56,827 DDP_Script [Rank 0] [INFO] epoch 1 시작
2025-11-19 07:02:56,859 DDP_Script [Rank 0] [INFO] DataLoader created with batch_size=16, num_workers=4
2025-11-19 07:02:56,862 DDP_Script [Rank 0] [INFO] 모든 노드 중 max_steps = 6250
2025-11-19 07:02:56,862 DDP_Script [Rank 0] [INFO] local_steps=6250, global_steps=6250
2025-11-19 07:13:16,983 DDP_Script [Rank 0] [INFO] epoch 1 train step time: 620.12 seconds
2025-11-19 07:13:16,984 DDP_Script [Rank 0] [INFO] epoch 1 끝 (local_steps=6250, global_steps=6250)
2025-11-19 07:13:28,641 DDP_Script [Rank 0] [INFO] val acc 11.27%
2025-11-19 07:13:28,657 DDP_Script [Rank 0] [INFO] Saving checkpoint to ./checkpoints/job-5c8277534b02/latest_checkpoint.pth ...
2025-11-19 07:13:28,961 DDP_Script [Rank 0] [INFO] Successfully reported epoch 1/20 (Acc: 11.27%) to global server.
2025-11-19 07:13:28,962 DDP_Script [Rank 0] [INFO] epoch 2 시작
2025-11-19 07:13:28,970 DDP_Script [Rank 0] [INFO] DataLoader created with batch_size=16, num_workers=4
2025-11-19 07:13:28,973 DDP_Script [Rank 0] [INFO] 모든 노드 중 max_steps = 6250
2025-11-19 07:13:28,973 DDP_Script [Rank 0] [INFO] local_steps=6250, global_steps=6250
2025-11-19 07:24:33,881 DDP_Script [Rank 0] [INFO] epoch 2 train step time: 664.91 seconds
2025-11-19 07:24:33,883 DDP_Script [Rank 0] [INFO] epoch 2 끝 (local_steps=6250, global_steps=6250)
2025-11-19 07:24:44,245 DDP_Script [Rank 0] [INFO] val acc 22.05%
2025-11-19 07:24:44,260 DDP_Script [Rank 0] [INFO] Saving checkpoint to ./checkpoints/job-5c8277534b02/latest_checkpoint.pth ...
2025-11-19 07:24:44,719 DDP_Script [Rank 0] [INFO] Successfully reported epoch 2/20 (Acc: 22.05%) to global server.
2025-11-19 07:24:44,720 DDP_Script [Rank 0] [INFO] epoch 3 시작
2025-11-19 07:24:44,736 DDP_Script [Rank 0] [INFO] DataLoader created with batch_size=16, num_workers=4
2025-11-19 07:24:44,742 DDP_Script [Rank 0] [INFO] 모든 노드 중 max_steps = 6250
2025-11-19 07:24:44,742 DDP_Script [Rank 0] [INFO] local_steps=6250, global_steps=6250
2025-11-19 07:35:48,685 DDP_Script [Rank 0] [INFO] epoch 3 train step time: 663.94 seconds
2025-11-19 07:35:48,687 DDP_Script [Rank 0] [INFO] epoch 3 끝 (local_steps=6250, global_steps=6250)
2025-11-19 07:35:58,642 DDP_Script [Rank 0] [INFO] val acc 28.63%
2025-11-19 07:35:58,657 DDP_Script [Rank 0] [INFO] Saving checkpoint to ./checkpoints/job-5c8277534b02/latest_checkpoint.pth ...
2025-11-19 07:35:59,113 DDP_Script [Rank 0] [INFO] Successfully reported epoch 3/20 (Acc: 28.63%) to global server.
2025-11-19 07:35:59,115 DDP_Script [Rank 0] [INFO] epoch 4 시작
2025-11-19 07:35:59,132 DDP_Script [Rank 0] [INFO] DataLoader created with batch_size=16, num_workers=4
2025-11-19 07:35:59,137 DDP_Script [Rank 0] [INFO] 모든 노드 중 max_steps = 6250
2025-11-19 07:35:59,137 DDP_Script [Rank 0] [INFO] local_steps=6250, global_steps=6250
2025-11-19 07:47:00,154 DDP_Script [Rank 0] [INFO] epoch 4 train step time: 661.02 seconds
2025-11-19 07:47:00,156 DDP_Script [Rank 0] [INFO] epoch 4 끝 (local_steps=6250, global_steps=6250)
2025-11-19 07:47:11,004 DDP_Script [Rank 0] [INFO] val acc 32.65%
2025-11-19 07:47:11,020 DDP_Script [Rank 0] [INFO] Saving checkpoint to ./checkpoints/job-5c8277534b02/latest_checkpoint.pth ...
2025-11-19 07:47:11,465 DDP_Script [Rank 0] [INFO] Successfully reported epoch 4/20 (Acc: 32.65%) to global server.
2025-11-19 07:47:11,466 DDP_Script [Rank 0] [INFO] epoch 5 시작
2025-11-19 07:47:11,482 DDP_Script [Rank 0] [INFO] DataLoader created with batch_size=16, num_workers=4
2025-11-19 07:47:11,487 DDP_Script [Rank 0] [INFO] 모든 노드 중 max_steps = 6250
2025-11-19 07:47:11,487 DDP_Script [Rank 0] [INFO] local_steps=6250, global_steps=6250
2025-11-19 07:58:41,281 DDP_Script [Rank 0] [INFO] epoch 5 train step time: 689.79 seconds
2025-11-19 07:58:41,282 DDP_Script [Rank 0] [INFO] epoch 5 끝 (local_steps=6250, global_steps=6250)
2025-11-19 07:58:50,987 DDP_Script [Rank 0] [INFO] val acc 37.14%
2025-11-19 07:58:51,027 DDP_Script [Rank 0] [INFO] Saving checkpoint to ./checkpoints/job-5c8277534b02/latest_checkpoint.pth ...
2025-11-19 07:58:51,624 DDP_Script [Rank 0] [INFO] Successfully reported epoch 5/20 (Acc: 37.14%) to global server.
2025-11-19 07:58:51,626 DDP_Script [Rank 0] [INFO] epoch 6 시작
2025-11-19 07:58:51,643 DDP_Script [Rank 0] [INFO] DataLoader created with batch_size=16, num_workers=4
2025-11-19 07:58:51,649 DDP_Script [Rank 0] [INFO] 모든 노드 중 max_steps = 6250
2025-11-19 07:58:51,649 DDP_Script [Rank 0] [INFO] local_steps=6250, global_steps=6250
2025-11-19 08:10:12,894 DDP_Script [Rank 0] [INFO] epoch 6 train step time: 681.24 seconds
2025-11-19 08:10:12,895 DDP_Script [Rank 0] [INFO] epoch 6 끝 (local_steps=6250, global_steps=6250)
2025-11-19 08:10:22,488 DDP_Script [Rank 0] [INFO] val acc 39.08%
2025-11-19 08:10:22,503 DDP_Script [Rank 0] [INFO] Saving checkpoint to ./checkpoints/job-5c8277534b02/latest_checkpoint.pth ...
2025-11-19 08:10:23,096 DDP_Script [Rank 0] [INFO] Successfully reported epoch 6/20 (Acc: 39.08%) to global server.
2025-11-19 08:10:23,098 DDP_Script [Rank 0] [INFO] epoch 7 시작
2025-11-19 08:10:23,115 DDP_Script [Rank 0] [INFO] DataLoader created with batch_size=16, num_workers=4
2025-11-19 08:10:23,121 DDP_Script [Rank 0] [INFO] 모든 노드 중 max_steps = 6250
2025-11-19 08:10:23,121 DDP_Script [Rank 0] [INFO] local_steps=6250, global_steps=6250
2025-11-19 08:21:23,731 DDP_Script [Rank 0] [INFO] epoch 7 train step time: 660.61 seconds
2025-11-19 08:21:23,733 DDP_Script [Rank 0] [INFO] epoch 7 끝 (local_steps=6250, global_steps=6250)
2025-11-19 08:21:34,093 DDP_Script [Rank 0] [INFO] val acc 41.76%
2025-11-19 08:21:34,109 DDP_Script [Rank 0] [INFO] Saving checkpoint to ./checkpoints/job-5c8277534b02/latest_checkpoint.pth ...
2025-11-19 08:21:34,597 DDP_Script [Rank 0] [INFO] Successfully reported epoch 7/20 (Acc: 41.76%) to global server.
2025-11-19 08:21:34,598 DDP_Script [Rank 0] [INFO] epoch 8 시작
2025-11-19 08:21:34,613 DDP_Script [Rank 0] [INFO] DataLoader created with batch_size=16, num_workers=4
2025-11-19 08:21:34,618 DDP_Script [Rank 0] [INFO] 모든 노드 중 max_steps = 6250
2025-11-19 08:21:34,618 DDP_Script [Rank 0] [INFO] local_steps=6250, global_steps=6250
2025-11-19 08:32:21,843 DDP_Script [Rank 0] [INFO] epoch 8 train step time: 647.22 seconds
2025-11-19 08:32:21,844 DDP_Script [Rank 0] [INFO] epoch 8 끝 (local_steps=6250, global_steps=6250)
2025-11-19 08:32:32,070 DDP_Script [Rank 0] [INFO] val acc 44.53%
2025-11-19 08:32:32,085 DDP_Script [Rank 0] [INFO] Saving checkpoint to ./checkpoints/job-5c8277534b02/latest_checkpoint.pth ...
2025-11-19 08:32:32,528 DDP_Script [Rank 0] [INFO] Successfully reported epoch 8/20 (Acc: 44.53%) to global server.
2025-11-19 08:32:32,529 DDP_Script [Rank 0] [INFO] epoch 9 시작
2025-11-19 08:32:32,545 DDP_Script [Rank 0] [INFO] DataLoader created with batch_size=16, num_workers=4
2025-11-19 08:32:32,550 DDP_Script [Rank 0] [INFO] 모든 노드 중 max_steps = 6250
2025-11-19 08:32:32,550 DDP_Script [Rank 0] [INFO] local_steps=6250, global_steps=6250
2025-11-19 08:43:34,687 DDP_Script [Rank 0] [INFO] epoch 9 train step time: 662.14 seconds
2025-11-19 08:43:34,689 DDP_Script [Rank 0] [INFO] epoch 9 끝 (local_steps=6250, global_steps=6250)
2025-11-19 08:43:44,923 DDP_Script [Rank 0] [INFO] val acc 45.51%
2025-11-19 08:43:44,942 DDP_Script [Rank 0] [INFO] Saving checkpoint to ./checkpoints/job-5c8277534b02/latest_checkpoint.pth ...
2025-11-19 08:43:45,455 DDP_Script [Rank 0] [INFO] Successfully reported epoch 9/20 (Acc: 45.51%) to global server.
2025-11-19 08:43:45,457 DDP_Script [Rank 0] [INFO] epoch 10 시작
2025-11-19 08:43:45,474 DDP_Script [Rank 0] [INFO] DataLoader created with batch_size=16, num_workers=4
2025-11-19 08:43:45,479 DDP_Script [Rank 0] [INFO] 모든 노드 중 max_steps = 6250
2025-11-19 08:43:45,479 DDP_Script [Rank 0] [INFO] local_steps=6250, global_steps=6250
2025-11-19 08:54:44,717 DDP_Script [Rank 0] [INFO] epoch 10 train step time: 659.24 seconds
2025-11-19 08:54:44,719 DDP_Script [Rank 0] [INFO] epoch 10 끝 (local_steps=6250, global_steps=6250)
2025-11-19 08:54:55,750 DDP_Script [Rank 0] [INFO] val acc 46.58%
2025-11-19 08:54:55,771 DDP_Script [Rank 0] [INFO] Saving checkpoint to ./checkpoints/job-5c8277534b02/latest_checkpoint.pth ...
2025-11-19 08:54:56,382 DDP_Script [Rank 0] [INFO] Successfully reported epoch 10/20 (Acc: 46.58%) to global server.
2025-11-19 08:54:56,384 DDP_Script [Rank 0] [INFO] epoch 11 시작
2025-11-19 08:54:56,399 DDP_Script [Rank 0] [INFO] DataLoader created with batch_size=16, num_workers=4
2025-11-19 08:54:56,404 DDP_Script [Rank 0] [INFO] 모든 노드 중 max_steps = 6250
2025-11-19 08:54:56,405 DDP_Script [Rank 0] [INFO] local_steps=6250, global_steps=6250
2025-11-19 09:05:54,449 DDP_Script [Rank 0] [INFO] epoch 11 train step time: 658.04 seconds
2025-11-19 09:05:54,450 DDP_Script [Rank 0] [INFO] epoch 11 끝 (local_steps=6250, global_steps=6250)
2025-11-19 09:06:04,349 DDP_Script [Rank 0] [INFO] val acc 48.06%
2025-11-19 09:06:04,365 DDP_Script [Rank 0] [INFO] Saving checkpoint to ./checkpoints/job-5c8277534b02/latest_checkpoint.pth ...
2025-11-19 09:06:04,825 DDP_Script [Rank 0] [INFO] Successfully reported epoch 11/20 (Acc: 48.06%) to global server.
2025-11-19 09:06:04,826 DDP_Script [Rank 0] [INFO] epoch 12 시작
2025-11-19 09:06:04,843 DDP_Script [Rank 0] [INFO] DataLoader created with batch_size=16, num_workers=4
2025-11-19 09:06:04,848 DDP_Script [Rank 0] [INFO] 모든 노드 중 max_steps = 6250
2025-11-19 09:06:04,849 DDP_Script [Rank 0] [INFO] local_steps=6250, global_steps=6250
2025-11-19 09:17:10,373 DDP_Script [Rank 0] [INFO] epoch 12 train step time: 665.52 seconds
2025-11-19 09:17:10,375 DDP_Script [Rank 0] [INFO] epoch 12 끝 (local_steps=6250, global_steps=6250)
2025-11-19 09:17:20,294 DDP_Script [Rank 0] [INFO] val acc 48.27%
2025-11-19 09:17:20,313 DDP_Script [Rank 0] [INFO] Saving checkpoint to ./checkpoints/job-5c8277534b02/latest_checkpoint.pth ...
2025-11-19 09:17:20,847 DDP_Script [Rank 0] [INFO] Successfully reported epoch 12/20 (Acc: 48.27%) to global server.
2025-11-19 09:17:20,849 DDP_Script [Rank 0] [INFO] epoch 13 시작
2025-11-19 09:17:20,857 DDP_Script [Rank 0] [INFO] DataLoader created with batch_size=16, num_workers=4
2025-11-19 09:17:20,860 DDP_Script [Rank 0] [INFO] 모든 노드 중 max_steps = 6250
2025-11-19 09:17:20,860 DDP_Script [Rank 0] [INFO] local_steps=6250, global_steps=6250
2025-11-19 09:28:29,003 DDP_Script [Rank 0] [INFO] epoch 13 train step time: 668.14 seconds
2025-11-19 09:28:29,005 DDP_Script [Rank 0] [INFO] epoch 13 끝 (local_steps=6250, global_steps=6250)
2025-11-19 09:28:39,070 DDP_Script [Rank 0] [INFO] val acc 50.51%
2025-11-19 09:28:39,091 DDP_Script [Rank 0] [INFO] Saving checkpoint to ./checkpoints/job-5c8277534b02/latest_checkpoint.pth ...
2025-11-19 09:28:39,554 DDP_Script [Rank 0] [INFO] Successfully reported epoch 13/20 (Acc: 50.51%) to global server.
2025-11-19 09:28:39,556 DDP_Script [Rank 0] [INFO] epoch 14 시작
2025-11-19 09:28:39,571 DDP_Script [Rank 0] [INFO] DataLoader created with batch_size=16, num_workers=4
2025-11-19 09:28:39,577 DDP_Script [Rank 0] [INFO] 모든 노드 중 max_steps = 6250
2025-11-19 09:28:39,577 DDP_Script [Rank 0] [INFO] local_steps=6250, global_steps=6250
2025-11-19 09:39:39,141 DDP_Script [Rank 0] [INFO] epoch 14 train step time: 659.56 seconds
2025-11-19 09:39:39,143 DDP_Script [Rank 0] [INFO] epoch 14 끝 (local_steps=6250, global_steps=6250)
2025-11-19 09:39:49,134 DDP_Script [Rank 0] [INFO] val acc 50.78%
2025-11-19 09:39:49,154 DDP_Script [Rank 0] [INFO] Saving checkpoint to ./checkpoints/job-5c8277534b02/latest_checkpoint.pth ...
2025-11-19 09:39:49,617 DDP_Script [Rank 0] [INFO] Successfully reported epoch 14/20 (Acc: 50.78%) to global server.
2025-11-19 09:39:49,618 DDP_Script [Rank 0] [INFO] epoch 15 시작
2025-11-19 09:39:49,633 DDP_Script [Rank 0] [INFO] DataLoader created with batch_size=16, num_workers=4
2025-11-19 09:39:49,639 DDP_Script [Rank 0] [INFO] 모든 노드 중 max_steps = 6250
2025-11-19 09:39:49,639 DDP_Script [Rank 0] [INFO] local_steps=6250, global_steps=6250
2025-11-19 09:51:40,104 DDP_Script [Rank 0] [INFO] epoch 15 train step time: 710.46 seconds
2025-11-19 09:51:40,106 DDP_Script [Rank 0] [INFO] epoch 15 끝 (local_steps=6250, global_steps=6250)
2025-11-19 09:51:51,083 DDP_Script [Rank 0] [INFO] val acc 51.22%
2025-11-19 09:51:51,101 DDP_Script [Rank 0] [INFO] Saving checkpoint to ./checkpoints/job-5c8277534b02/latest_checkpoint.pth ...
2025-11-19 09:51:51,597 DDP_Script [Rank 0] [INFO] Successfully reported epoch 15/20 (Acc: 51.22%) to global server.
2025-11-19 09:51:51,598 DDP_Script [Rank 0] [INFO] epoch 16 시작
2025-11-19 09:51:51,615 DDP_Script [Rank 0] [INFO] DataLoader created with batch_size=16, num_workers=4
2025-11-19 09:51:51,621 DDP_Script [Rank 0] [INFO] 모든 노드 중 max_steps = 6250
2025-11-19 09:51:51,621 DDP_Script [Rank 0] [INFO] local_steps=6250, global_steps=6250
2025-11-19 10:04:55,070 DDP_Script [Rank 0] [INFO] epoch 16 train step time: 783.45 seconds
2025-11-19 10:04:55,071 DDP_Script [Rank 0] [INFO] epoch 16 끝 (local_steps=6250, global_steps=6250)
2025-11-19 10:05:05,334 DDP_Script [Rank 0] [INFO] val acc 52.70%
2025-11-19 10:05:05,350 DDP_Script [Rank 0] [INFO] Saving checkpoint to ./checkpoints/job-5c8277534b02/latest_checkpoint.pth ...
2025-11-19 10:05:05,809 DDP_Script [Rank 0] [INFO] Successfully reported epoch 16/20 (Acc: 52.70%) to global server.
2025-11-19 10:05:05,810 DDP_Script [Rank 0] [INFO] epoch 17 시작
2025-11-19 10:05:05,826 DDP_Script [Rank 0] [INFO] DataLoader created with batch_size=16, num_workers=4
2025-11-19 10:05:05,831 DDP_Script [Rank 0] [INFO] 모든 노드 중 max_steps = 6250
2025-11-19 10:05:05,832 DDP_Script [Rank 0] [INFO] local_steps=6250, global_steps=6250
2025-11-19 10:16:06,700 DDP_Script [Rank 0] [INFO] epoch 17 train step time: 660.87 seconds
2025-11-19 10:16:06,702 DDP_Script [Rank 0] [INFO] epoch 17 끝 (local_steps=6250, global_steps=6250)
2025-11-19 10:16:16,858 DDP_Script [Rank 0] [INFO] val acc 52.87%
2025-11-19 10:16:16,875 DDP_Script [Rank 0] [INFO] Saving checkpoint to ./checkpoints/job-5c8277534b02/latest_checkpoint.pth ...
2025-11-19 10:16:17,334 DDP_Script [Rank 0] [INFO] Successfully reported epoch 17/20 (Acc: 52.87%) to global server.
2025-11-19 10:16:17,336 DDP_Script [Rank 0] [INFO] epoch 18 시작
2025-11-19 10:16:17,355 DDP_Script [Rank 0] [INFO] DataLoader created with batch_size=16, num_workers=4
2025-11-19 10:16:17,360 DDP_Script [Rank 0] [INFO] 모든 노드 중 max_steps = 6250
2025-11-19 10:16:17,360 DDP_Script [Rank 0] [INFO] local_steps=6250, global_steps=6250
2025-11-19 10:28:14,562 DDP_Script [Rank 0] [INFO] epoch 18 train step time: 717.20 seconds
2025-11-19 10:28:14,563 DDP_Script [Rank 0] [INFO] epoch 18 끝 (local_steps=6250, global_steps=6250)
2025-11-19 10:28:25,916 DDP_Script [Rank 0] [INFO] val acc 53.42%
2025-11-19 10:28:25,954 DDP_Script [Rank 0] [INFO] Saving checkpoint to ./checkpoints/job-5c8277534b02/latest_checkpoint.pth ...
2025-11-19 10:28:26,489 DDP_Script [Rank 0] [INFO] Successfully reported epoch 18/20 (Acc: 53.42%) to global server.
2025-11-19 10:28:26,490 DDP_Script [Rank 0] [INFO] epoch 19 시작
2025-11-19 10:28:26,504 DDP_Script [Rank 0] [INFO] DataLoader created with batch_size=16, num_workers=4
2025-11-19 10:28:26,509 DDP_Script [Rank 0] [INFO] 모든 노드 중 max_steps = 6250
2025-11-19 10:28:26,509 DDP_Script [Rank 0] [INFO] local_steps=6250, global_steps=6250
2025-11-19 10:40:49,192 DDP_Script [Rank 0] [INFO] epoch 19 train step time: 742.68 seconds
2025-11-19 10:40:49,194 DDP_Script [Rank 0] [INFO] epoch 19 끝 (local_steps=6250, global_steps=6250)
2025-11-19 10:41:01,552 DDP_Script [Rank 0] [INFO] val acc 53.89%
2025-11-19 10:41:01,570 DDP_Script [Rank 0] [INFO] Saving checkpoint to ./checkpoints/job-5c8277534b02/latest_checkpoint.pth ...
2025-11-19 10:41:02,080 DDP_Script [Rank 0] [INFO] Successfully reported epoch 19/20 (Acc: 53.89%) to global server.
2025-11-19 10:41:02,082 DDP_Script [Rank 0] [INFO] epoch 20 시작
2025-11-19 10:41:02,098 DDP_Script [Rank 0] [INFO] DataLoader created with batch_size=16, num_workers=4
2025-11-19 10:41:02,103 DDP_Script [Rank 0] [INFO] 모든 노드 중 max_steps = 6250
2025-11-19 10:41:02,103 DDP_Script [Rank 0] [INFO] local_steps=6250, global_steps=6250
2025-11-19 10:53:25,124 DDP_Script [Rank 0] [INFO] epoch 20 train step time: 743.02 seconds
2025-11-19 10:53:25,126 DDP_Script [Rank 0] [INFO] epoch 20 끝 (local_steps=6250, global_steps=6250)
2025-11-19 10:53:36,227 DDP_Script [Rank 0] [INFO] val acc 53.50%
2025-11-19 10:53:36,246 DDP_Script [Rank 0] [INFO] Saving checkpoint to ./checkpoints/job-5c8277534b02/latest_checkpoint.pth ...
2025-11-19 10:53:36,732 DDP_Script [Rank 0] [INFO] Successfully reported epoch 20/20 (Acc: 53.50%) to global server.
2025-11-19 10:53:36,733 DDP_Script [Rank 0] [INFO] Training completed successfully.
2025-11-19 10:53:36,734 DDP_Script [Rank 0] [INFO] Training loop finished.
