Current CUDA device index: 0
Current CUDA device name: NVIDIA GeForce RTX 5070 Ti
Master address: 163.180.117.216, port: 29513
2025-11-19 00:08:15,436 DDP_Script [Rank 1] [INFO] Node rank: 1, world size: 2
[Gloo] Rank 1 is connected to 1 peer ranks. Expected number of connected peer ranks is : 1
2025-11-19 00:08:15,995 DDP_Script [Rank 1] [INFO] Process group initialized: 163.180.117.216:29513
2025-11-19 00:08:15,996 DDP_Script [Rank 1] [INFO] Rank 1/2 initialized
/home/ubuntu216/anaconda3/envs/Dist4/lib/python3.9/site-packages/torchvision/models/_utils.py:208: UserWarning: The parameter 'pretrained' is deprecated since 0.13 and may be removed in the future, please use 'weights' instead.
  warnings.warn(
/home/ubuntu216/anaconda3/envs/Dist4/lib/python3.9/site-packages/torchvision/models/_utils.py:223: UserWarning: Arguments other than a weight enum or `None` for 'weights' are deprecated since 0.13 and may be removed in the future. The current behavior is equivalent to passing `weights=None`.
  warnings.warn(msg)
2025-11-19 00:08:16,708 DDP_Script [Rank 1] [INFO] Model, DDP, criterion, optimizer initialized
2025-11-19 00:08:16,712 DDP_Script [Rank 1] [INFO] Modules initialized
2025-11-19 00:08:16,712 DDP_Script [Rank 1] [INFO] Starting training from scratch (epoch 1).
2025-11-19 00:08:16,747 DDP_Script [Rank 1] [INFO] epoch 1 시작
2025-11-19 00:08:16,756 DDP_Script [Rank 1] [INFO] DataLoader created with batch_size=64, num_workers=4
2025-11-19 00:08:16,761 DDP_Script [Rank 1] [INFO] local_steps=469, global_steps=469
2025-11-19 00:10:08,492 DDP_Script [Rank 1] [INFO] epoch 1 train step time: 111.73 seconds
2025-11-19 00:10:08,497 DDP_Script [Rank 1] [INFO] epoch 1 끝 (local_steps=469, global_steps=469)
2025-11-19 00:10:13,716 DDP_Script [Rank 1] [INFO] val acc 98.28%
2025-11-19 00:10:14,322 DDP_Script [Rank 1] [INFO] epoch 2 시작
2025-11-19 00:10:14,336 DDP_Script [Rank 1] [INFO] DataLoader created with batch_size=64, num_workers=4
2025-11-19 00:10:14,346 DDP_Script [Rank 1] [INFO] local_steps=469, global_steps=469
2025-11-19 00:12:12,237 DDP_Script [Rank 1] [INFO] epoch 2 train step time: 117.89 seconds
2025-11-19 00:12:12,268 DDP_Script [Rank 1] [INFO] epoch 2 끝 (local_steps=469, global_steps=469)
2025-11-19 00:12:17,359 DDP_Script [Rank 1] [INFO] val acc 99.08%
2025-11-19 00:12:18,369 DDP_Script [Rank 1] [INFO] epoch 3 시작
2025-11-19 00:12:18,385 DDP_Script [Rank 1] [INFO] DataLoader created with batch_size=64, num_workers=4
2025-11-19 00:12:18,394 DDP_Script [Rank 1] [INFO] local_steps=469, global_steps=469
2025-11-19 00:14:13,903 DDP_Script [Rank 1] [INFO] epoch 3 train step time: 115.51 seconds
2025-11-19 00:14:13,915 DDP_Script [Rank 1] [INFO] epoch 3 끝 (local_steps=469, global_steps=469)
2025-11-19 00:14:18,939 DDP_Script [Rank 1] [INFO] val acc 98.83%
2025-11-19 00:14:20,066 DDP_Script [Rank 1] [INFO] epoch 4 시작
2025-11-19 00:14:20,080 DDP_Script [Rank 1] [INFO] DataLoader created with batch_size=64, num_workers=4
2025-11-19 00:14:20,097 DDP_Script [Rank 1] [INFO] local_steps=469, global_steps=469
2025-11-19 00:16:13,786 DDP_Script [Rank 1] [INFO] epoch 4 train step time: 113.69 seconds
2025-11-19 00:16:13,791 DDP_Script [Rank 1] [INFO] epoch 4 끝 (local_steps=469, global_steps=469)
2025-11-19 00:16:18,873 DDP_Script [Rank 1] [INFO] val acc 98.91%
2025-11-19 00:16:20,013 DDP_Script [Rank 1] [INFO] epoch 5 시작
2025-11-19 00:16:20,029 DDP_Script [Rank 1] [INFO] DataLoader created with batch_size=64, num_workers=4
2025-11-19 00:16:20,038 DDP_Script [Rank 1] [INFO] local_steps=469, global_steps=469
2025-11-19 00:18:20,540 DDP_Script [Rank 1] [INFO] epoch 5 train step time: 120.50 seconds
2025-11-19 00:18:20,543 DDP_Script [Rank 1] [INFO] epoch 5 끝 (local_steps=469, global_steps=469)
2025-11-19 00:18:25,706 DDP_Script [Rank 1] [INFO] val acc 99.08%
2025-11-19 00:18:26,747 DDP_Script [Rank 1] [INFO] epoch 6 시작
2025-11-19 00:18:26,763 DDP_Script [Rank 1] [INFO] DataLoader created with batch_size=64, num_workers=4
2025-11-19 00:18:26,773 DDP_Script [Rank 1] [INFO] local_steps=469, global_steps=469
2025-11-19 00:20:26,111 DDP_Script [Rank 1] [INFO] epoch 6 train step time: 119.34 seconds
2025-11-19 00:20:26,131 DDP_Script [Rank 1] [INFO] epoch 6 끝 (local_steps=469, global_steps=469)
2025-11-19 00:20:31,183 DDP_Script [Rank 1] [INFO] val acc 99.28%
2025-11-19 00:20:32,325 DDP_Script [Rank 1] [INFO] epoch 7 시작
2025-11-19 00:20:32,339 DDP_Script [Rank 1] [INFO] DataLoader created with batch_size=64, num_workers=4
2025-11-19 00:20:32,345 DDP_Script [Rank 1] [INFO] local_steps=469, global_steps=469
2025-11-19 00:22:32,257 DDP_Script [Rank 1] [INFO] epoch 7 train step time: 119.91 seconds
2025-11-19 00:22:32,270 DDP_Script [Rank 1] [INFO] epoch 7 끝 (local_steps=469, global_steps=469)
2025-11-19 00:22:37,336 DDP_Script [Rank 1] [INFO] val acc 99.19%
2025-11-19 00:22:38,341 DDP_Script [Rank 1] [INFO] epoch 8 시작
2025-11-19 00:22:38,356 DDP_Script [Rank 1] [INFO] DataLoader created with batch_size=64, num_workers=4
2025-11-19 00:22:38,367 DDP_Script [Rank 1] [INFO] local_steps=469, global_steps=469
2025-11-19 00:24:38,705 DDP_Script [Rank 1] [INFO] epoch 8 train step time: 120.34 seconds
2025-11-19 00:24:38,707 DDP_Script [Rank 1] [INFO] epoch 8 끝 (local_steps=469, global_steps=469)
2025-11-19 00:24:43,727 DDP_Script [Rank 1] [INFO] val acc 99.39%
2025-11-19 00:24:44,772 DDP_Script [Rank 1] [INFO] epoch 9 시작
2025-11-19 00:24:44,785 DDP_Script [Rank 1] [INFO] DataLoader created with batch_size=64, num_workers=4
2025-11-19 00:24:44,794 DDP_Script [Rank 1] [INFO] local_steps=469, global_steps=469
2025-11-19 00:26:43,782 DDP_Script [Rank 1] [INFO] epoch 9 train step time: 118.99 seconds
2025-11-19 00:26:43,786 DDP_Script [Rank 1] [INFO] epoch 9 끝 (local_steps=469, global_steps=469)
2025-11-19 00:26:48,892 DDP_Script [Rank 1] [INFO] val acc 99.21%
2025-11-19 00:26:49,879 DDP_Script [Rank 1] [INFO] epoch 10 시작
2025-11-19 00:26:49,895 DDP_Script [Rank 1] [INFO] DataLoader created with batch_size=64, num_workers=4
2025-11-19 00:26:49,905 DDP_Script [Rank 1] [INFO] local_steps=469, global_steps=469
2025-11-19 00:28:49,659 DDP_Script [Rank 1] [INFO] epoch 10 train step time: 119.75 seconds
2025-11-19 00:28:49,662 DDP_Script [Rank 1] [INFO] epoch 10 끝 (local_steps=469, global_steps=469)
2025-11-19 00:28:54,808 DDP_Script [Rank 1] [INFO] val acc 98.03%
2025-11-19 00:28:55,965 DDP_Script [Rank 1] [INFO] epoch 11 시작
2025-11-19 00:28:55,979 DDP_Script [Rank 1] [INFO] DataLoader created with batch_size=64, num_workers=4
2025-11-19 00:28:55,987 DDP_Script [Rank 1] [INFO] local_steps=469, global_steps=469
2025-11-19 00:30:55,349 DDP_Script [Rank 1] [INFO] epoch 11 train step time: 119.36 seconds
2025-11-19 00:30:55,366 DDP_Script [Rank 1] [INFO] epoch 11 끝 (local_steps=469, global_steps=469)
2025-11-19 00:31:00,594 DDP_Script [Rank 1] [INFO] val acc 99.11%
2025-11-19 00:31:01,595 DDP_Script [Rank 1] [INFO] epoch 12 시작
2025-11-19 00:31:01,612 DDP_Script [Rank 1] [INFO] DataLoader created with batch_size=64, num_workers=4
2025-11-19 00:31:01,622 DDP_Script [Rank 1] [INFO] local_steps=469, global_steps=469
2025-11-19 00:33:00,301 DDP_Script [Rank 1] [INFO] epoch 12 train step time: 118.68 seconds
2025-11-19 00:33:00,304 DDP_Script [Rank 1] [INFO] epoch 12 끝 (local_steps=469, global_steps=469)
2025-11-19 00:33:05,356 DDP_Script [Rank 1] [INFO] val acc 99.38%
2025-11-19 00:33:06,347 DDP_Script [Rank 1] [INFO] epoch 13 시작
2025-11-19 00:33:06,359 DDP_Script [Rank 1] [INFO] DataLoader created with batch_size=64, num_workers=4
2025-11-19 00:33:06,368 DDP_Script [Rank 1] [INFO] local_steps=469, global_steps=469
2025-11-19 00:35:07,121 DDP_Script [Rank 1] [INFO] epoch 13 train step time: 120.75 seconds
2025-11-19 00:35:07,143 DDP_Script [Rank 1] [INFO] epoch 13 끝 (local_steps=469, global_steps=469)
2025-11-19 00:35:12,309 DDP_Script [Rank 1] [INFO] val acc 99.21%
2025-11-19 00:35:13,351 DDP_Script [Rank 1] [INFO] epoch 14 시작
2025-11-19 00:35:13,367 DDP_Script [Rank 1] [INFO] DataLoader created with batch_size=64, num_workers=4
2025-11-19 00:35:13,376 DDP_Script [Rank 1] [INFO] local_steps=469, global_steps=469
2025-11-19 00:37:12,845 DDP_Script [Rank 1] [INFO] epoch 14 train step time: 119.47 seconds
2025-11-19 00:37:12,848 DDP_Script [Rank 1] [INFO] epoch 14 끝 (local_steps=469, global_steps=469)
2025-11-19 00:37:17,962 DDP_Script [Rank 1] [INFO] val acc 99.26%
2025-11-19 00:37:19,148 DDP_Script [Rank 1] [INFO] epoch 15 시작
2025-11-19 00:37:19,162 DDP_Script [Rank 1] [INFO] DataLoader created with batch_size=64, num_workers=4
2025-11-19 00:37:19,183 DDP_Script [Rank 1] [INFO] local_steps=469, global_steps=469
2025-11-19 00:39:18,484 DDP_Script [Rank 1] [INFO] epoch 15 train step time: 119.30 seconds
2025-11-19 00:39:18,511 DDP_Script [Rank 1] [INFO] epoch 15 끝 (local_steps=469, global_steps=469)
2025-11-19 00:39:23,713 DDP_Script [Rank 1] [INFO] val acc 99.32%
2025-11-19 00:39:24,745 DDP_Script [Rank 1] [INFO] epoch 16 시작
2025-11-19 00:39:24,757 DDP_Script [Rank 1] [INFO] DataLoader created with batch_size=64, num_workers=4
2025-11-19 00:39:24,771 DDP_Script [Rank 1] [INFO] local_steps=469, global_steps=469
2025-11-19 00:41:26,997 DDP_Script [Rank 1] [INFO] epoch 16 train step time: 122.22 seconds
2025-11-19 00:41:27,007 DDP_Script [Rank 1] [INFO] epoch 16 끝 (local_steps=469, global_steps=469)
2025-11-19 00:41:32,103 DDP_Script [Rank 1] [INFO] val acc 99.05%
2025-11-19 00:41:33,126 DDP_Script [Rank 1] [INFO] epoch 17 시작
2025-11-19 00:41:33,140 DDP_Script [Rank 1] [INFO] DataLoader created with batch_size=64, num_workers=4
2025-11-19 00:41:33,149 DDP_Script [Rank 1] [INFO] local_steps=469, global_steps=469
2025-11-19 00:43:34,651 DDP_Script [Rank 1] [INFO] epoch 17 train step time: 121.50 seconds
2025-11-19 00:43:34,720 DDP_Script [Rank 1] [INFO] epoch 17 끝 (local_steps=469, global_steps=469)
2025-11-19 00:43:39,948 DDP_Script [Rank 1] [INFO] val acc 99.60%
2025-11-19 00:43:41,018 DDP_Script [Rank 1] [INFO] epoch 18 시작
2025-11-19 00:43:41,029 DDP_Script [Rank 1] [INFO] DataLoader created with batch_size=64, num_workers=4
2025-11-19 00:43:41,035 DDP_Script [Rank 1] [INFO] local_steps=469, global_steps=469
2025-11-19 00:45:42,041 DDP_Script [Rank 1] [INFO] epoch 18 train step time: 121.01 seconds
2025-11-19 00:45:42,053 DDP_Script [Rank 1] [INFO] epoch 18 끝 (local_steps=469, global_steps=469)
2025-11-19 00:45:47,220 DDP_Script [Rank 1] [INFO] val acc 99.58%
2025-11-19 00:45:48,310 DDP_Script [Rank 1] [INFO] epoch 19 시작
2025-11-19 00:45:48,324 DDP_Script [Rank 1] [INFO] DataLoader created with batch_size=64, num_workers=4
2025-11-19 00:45:48,342 DDP_Script [Rank 1] [INFO] local_steps=469, global_steps=469
2025-11-19 00:47:41,909 DDP_Script [Rank 1] [INFO] epoch 19 train step time: 113.57 seconds
2025-11-19 00:47:41,920 DDP_Script [Rank 1] [INFO] epoch 19 끝 (local_steps=469, global_steps=469)
2025-11-19 00:47:46,991 DDP_Script [Rank 1] [INFO] val acc 99.40%
2025-11-19 00:47:48,137 DDP_Script [Rank 1] [INFO] epoch 20 시작
2025-11-19 00:47:48,152 DDP_Script [Rank 1] [INFO] DataLoader created with batch_size=64, num_workers=4
2025-11-19 00:47:48,160 DDP_Script [Rank 1] [INFO] local_steps=469, global_steps=469
2025-11-19 00:49:47,906 DDP_Script [Rank 1] [INFO] epoch 20 train step time: 119.75 seconds
2025-11-19 00:49:47,914 DDP_Script [Rank 1] [INFO] epoch 20 끝 (local_steps=469, global_steps=469)
2025-11-19 00:49:53,076 DDP_Script [Rank 1] [INFO] val acc 99.39%
2025-11-19 00:49:54,134 DDP_Script [Rank 1] [INFO] Training loop finished.
