Current CUDA device index: 0
Current CUDA device name: NVIDIA GeForce RTX 5070 Ti
Master address: 163.180.117.216, port: 29535
2025-11-19 03:22:30,417 DDP_Script [Rank 0] [INFO] Node rank: 0, world size: 1
[Gloo] Rank 0 is connected to 0 peer ranks. Expected number of connected peer ranks is : 0
2025-11-19 03:22:30,475 DDP_Script [Rank 0] [INFO] Process group initialized: 163.180.117.216:29535
2025-11-19 03:22:30,475 DDP_Script [Rank 0] [INFO] Rank 0/1 initialized
Val sample labels: tensor([  1,   2,  15,  28,  41,  46,  50,  54,  55,  64,  77,  79,  81, 102,
        117, 124, 129, 132, 135, 136, 144, 151, 163, 168, 169, 179, 180, 186])
Train samples: 100000
Val   samples: 10000
/home/ubuntu216/anaconda3/envs/Dist1/lib/python3.9/site-packages/torchvision/models/_utils.py:208: UserWarning: The parameter 'pretrained' is deprecated since 0.13 and may be removed in the future, please use 'weights' instead.
  warnings.warn(
/home/ubuntu216/anaconda3/envs/Dist1/lib/python3.9/site-packages/torchvision/models/_utils.py:223: UserWarning: Arguments other than a weight enum or `None` for 'weights' are deprecated since 0.13 and may be removed in the future. The current behavior is equivalent to passing `weights=None`.
  warnings.warn(msg)
2025-11-19 03:22:31,807 DDP_Script [Rank 0] [INFO] Model, DDP, criterion, optimizer initialized
2025-11-19 03:22:31,812 DDP_Script [Rank 0] [INFO] Modules initialized
2025-11-19 03:22:31,812 DDP_Script [Rank 0] [INFO] Checkpoint directory created: ./checkpoints/job-ff9420a3efeb
2025-11-19 03:22:31,812 DDP_Script [Rank 0] [INFO] Starting training from scratch (epoch 1).
2025-11-19 03:22:31,813 DDP_Script [Rank 0] [INFO] epoch 1 시작
2025-11-19 03:22:31,849 DDP_Script [Rank 0] [INFO] DataLoader created with batch_size=32, num_workers=4
2025-11-19 03:22:31,854 DDP_Script [Rank 0] [INFO] 모든 노드 중 max_steps = 3125
2025-11-19 03:22:31,854 DDP_Script [Rank 0] [INFO] local_steps=3125, global_steps=3125
2025-11-19 03:28:48,426 DDP_Script [Rank 0] [INFO] epoch 1 train step time: 376.57 seconds
2025-11-19 03:28:48,428 DDP_Script [Rank 0] [INFO] epoch 1 끝 (local_steps=3125, global_steps=3125)
2025-11-19 03:28:59,085 DDP_Script [Rank 0] [INFO] val acc 10.80%
2025-11-19 03:28:59,103 DDP_Script [Rank 0] [INFO] Saving checkpoint to ./checkpoints/job-ff9420a3efeb/latest_checkpoint.pth ...
2025-11-19 03:28:59,414 DDP_Script [Rank 0] [INFO] Successfully reported epoch 1/20 (Acc: 10.80%) to global server.
2025-11-19 03:28:59,415 DDP_Script [Rank 0] [INFO] epoch 2 시작
2025-11-19 03:28:59,425 DDP_Script [Rank 0] [INFO] DataLoader created with batch_size=32, num_workers=4
2025-11-19 03:28:59,428 DDP_Script [Rank 0] [INFO] 모든 노드 중 max_steps = 3125
2025-11-19 03:28:59,428 DDP_Script [Rank 0] [INFO] local_steps=3125, global_steps=3125
2025-11-19 03:35:49,950 DDP_Script [Rank 0] [INFO] epoch 2 train step time: 410.52 seconds
2025-11-19 03:35:49,952 DDP_Script [Rank 0] [INFO] epoch 2 끝 (local_steps=3125, global_steps=3125)
2025-11-19 03:36:00,947 DDP_Script [Rank 0] [INFO] val acc 21.71%
2025-11-19 03:36:00,981 DDP_Script [Rank 0] [INFO] Saving checkpoint to ./checkpoints/job-ff9420a3efeb/latest_checkpoint.pth ...
2025-11-19 03:36:01,562 DDP_Script [Rank 0] [INFO] Successfully reported epoch 2/20 (Acc: 21.71%) to global server.
2025-11-19 03:36:01,564 DDP_Script [Rank 0] [INFO] epoch 3 시작
2025-11-19 03:36:01,581 DDP_Script [Rank 0] [INFO] DataLoader created with batch_size=32, num_workers=4
2025-11-19 03:36:01,587 DDP_Script [Rank 0] [INFO] 모든 노드 중 max_steps = 3125
2025-11-19 03:36:01,587 DDP_Script [Rank 0] [INFO] local_steps=3125, global_steps=3125
2025-11-19 03:42:56,265 DDP_Script [Rank 0] [INFO] epoch 3 train step time: 414.68 seconds
2025-11-19 03:42:56,267 DDP_Script [Rank 0] [INFO] epoch 3 끝 (local_steps=3125, global_steps=3125)
2025-11-19 03:43:06,835 DDP_Script [Rank 0] [INFO] val acc 28.86%
2025-11-19 03:43:06,851 DDP_Script [Rank 0] [INFO] Saving checkpoint to ./checkpoints/job-ff9420a3efeb/latest_checkpoint.pth ...
2025-11-19 03:43:07,354 DDP_Script [Rank 0] [INFO] Successfully reported epoch 3/20 (Acc: 28.86%) to global server.
2025-11-19 03:43:07,355 DDP_Script [Rank 0] [INFO] epoch 4 시작
2025-11-19 03:43:07,376 DDP_Script [Rank 0] [INFO] DataLoader created with batch_size=32, num_workers=4
2025-11-19 03:43:07,382 DDP_Script [Rank 0] [INFO] 모든 노드 중 max_steps = 3125
2025-11-19 03:43:07,382 DDP_Script [Rank 0] [INFO] local_steps=3125, global_steps=3125
2025-11-19 03:50:07,118 DDP_Script [Rank 0] [INFO] epoch 4 train step time: 419.73 seconds
2025-11-19 03:50:07,119 DDP_Script [Rank 0] [INFO] epoch 4 끝 (local_steps=3125, global_steps=3125)
2025-11-19 03:50:17,348 DDP_Script [Rank 0] [INFO] val acc 33.45%
2025-11-19 03:50:17,365 DDP_Script [Rank 0] [INFO] Saving checkpoint to ./checkpoints/job-ff9420a3efeb/latest_checkpoint.pth ...
2025-11-19 03:50:17,840 DDP_Script [Rank 0] [INFO] Successfully reported epoch 4/20 (Acc: 33.45%) to global server.
2025-11-19 03:50:17,841 DDP_Script [Rank 0] [INFO] epoch 5 시작
2025-11-19 03:50:17,858 DDP_Script [Rank 0] [INFO] DataLoader created with batch_size=32, num_workers=4
2025-11-19 03:50:17,864 DDP_Script [Rank 0] [INFO] 모든 노드 중 max_steps = 3125
2025-11-19 03:50:17,864 DDP_Script [Rank 0] [INFO] local_steps=3125, global_steps=3125
2025-11-19 03:57:06,314 DDP_Script [Rank 0] [INFO] epoch 5 train step time: 408.45 seconds
2025-11-19 03:57:06,316 DDP_Script [Rank 0] [INFO] epoch 5 끝 (local_steps=3125, global_steps=3125)
2025-11-19 03:57:16,464 DDP_Script [Rank 0] [INFO] val acc 37.25%
2025-11-19 03:57:16,481 DDP_Script [Rank 0] [INFO] Saving checkpoint to ./checkpoints/job-ff9420a3efeb/latest_checkpoint.pth ...
2025-11-19 03:57:17,085 DDP_Script [Rank 0] [INFO] Successfully reported epoch 5/20 (Acc: 37.25%) to global server.
2025-11-19 03:57:17,087 DDP_Script [Rank 0] [INFO] epoch 6 시작
2025-11-19 03:57:17,104 DDP_Script [Rank 0] [INFO] DataLoader created with batch_size=32, num_workers=4
2025-11-19 03:57:17,110 DDP_Script [Rank 0] [INFO] 모든 노드 중 max_steps = 3125
2025-11-19 03:57:17,110 DDP_Script [Rank 0] [INFO] local_steps=3125, global_steps=3125
2025-11-19 04:04:10,991 DDP_Script [Rank 0] [INFO] epoch 6 train step time: 413.88 seconds
2025-11-19 04:04:10,992 DDP_Script [Rank 0] [INFO] epoch 6 끝 (local_steps=3125, global_steps=3125)
2025-11-19 04:04:21,251 DDP_Script [Rank 0] [INFO] val acc 41.08%
2025-11-19 04:04:21,269 DDP_Script [Rank 0] [INFO] Saving checkpoint to ./checkpoints/job-ff9420a3efeb/latest_checkpoint.pth ...
2025-11-19 04:04:21,744 DDP_Script [Rank 0] [INFO] Successfully reported epoch 6/20 (Acc: 41.08%) to global server.
2025-11-19 04:04:21,745 DDP_Script [Rank 0] [INFO] epoch 7 시작
2025-11-19 04:04:21,761 DDP_Script [Rank 0] [INFO] DataLoader created with batch_size=32, num_workers=4
2025-11-19 04:04:21,767 DDP_Script [Rank 0] [INFO] 모든 노드 중 max_steps = 3125
2025-11-19 04:04:21,767 DDP_Script [Rank 0] [INFO] local_steps=3125, global_steps=3125
2025-11-19 04:11:13,545 DDP_Script [Rank 0] [INFO] epoch 7 train step time: 411.78 seconds
2025-11-19 04:11:13,547 DDP_Script [Rank 0] [INFO] epoch 7 끝 (local_steps=3125, global_steps=3125)
2025-11-19 04:11:23,969 DDP_Script [Rank 0] [INFO] val acc 43.40%
2025-11-19 04:11:23,993 DDP_Script [Rank 0] [INFO] Saving checkpoint to ./checkpoints/job-ff9420a3efeb/latest_checkpoint.pth ...
2025-11-19 04:11:24,481 DDP_Script [Rank 0] [INFO] Successfully reported epoch 7/20 (Acc: 43.40%) to global server.
2025-11-19 04:11:24,482 DDP_Script [Rank 0] [INFO] epoch 8 시작
2025-11-19 04:11:24,499 DDP_Script [Rank 0] [INFO] DataLoader created with batch_size=32, num_workers=4
2025-11-19 04:11:24,504 DDP_Script [Rank 0] [INFO] 모든 노드 중 max_steps = 3125
2025-11-19 04:11:24,504 DDP_Script [Rank 0] [INFO] local_steps=3125, global_steps=3125
2025-11-19 04:18:15,519 DDP_Script [Rank 0] [INFO] epoch 8 train step time: 411.01 seconds
2025-11-19 04:18:15,521 DDP_Script [Rank 0] [INFO] epoch 8 끝 (local_steps=3125, global_steps=3125)
2025-11-19 04:18:26,093 DDP_Script [Rank 0] [INFO] val acc 44.54%
2025-11-19 04:18:26,116 DDP_Script [Rank 0] [INFO] Saving checkpoint to ./checkpoints/job-ff9420a3efeb/latest_checkpoint.pth ...
2025-11-19 04:18:26,664 DDP_Script [Rank 0] [INFO] Successfully reported epoch 8/20 (Acc: 44.54%) to global server.
2025-11-19 04:18:26,666 DDP_Script [Rank 0] [INFO] epoch 9 시작
2025-11-19 04:18:26,684 DDP_Script [Rank 0] [INFO] DataLoader created with batch_size=32, num_workers=4
2025-11-19 04:18:26,690 DDP_Script [Rank 0] [INFO] 모든 노드 중 max_steps = 3125
2025-11-19 04:18:26,690 DDP_Script [Rank 0] [INFO] local_steps=3125, global_steps=3125
2025-11-19 04:25:20,774 DDP_Script [Rank 0] [INFO] epoch 9 train step time: 414.08 seconds
2025-11-19 04:25:20,775 DDP_Script [Rank 0] [INFO] epoch 9 끝 (local_steps=3125, global_steps=3125)
2025-11-19 04:25:30,392 DDP_Script [Rank 0] [INFO] val acc 46.76%
2025-11-19 04:25:30,409 DDP_Script [Rank 0] [INFO] Saving checkpoint to ./checkpoints/job-ff9420a3efeb/latest_checkpoint.pth ...
2025-11-19 04:25:30,858 DDP_Script [Rank 0] [INFO] Successfully reported epoch 9/20 (Acc: 46.76%) to global server.
2025-11-19 04:25:30,859 DDP_Script [Rank 0] [INFO] epoch 10 시작
2025-11-19 04:25:30,876 DDP_Script [Rank 0] [INFO] DataLoader created with batch_size=32, num_workers=4
2025-11-19 04:25:30,881 DDP_Script [Rank 0] [INFO] 모든 노드 중 max_steps = 3125
2025-11-19 04:25:30,881 DDP_Script [Rank 0] [INFO] local_steps=3125, global_steps=3125
2025-11-19 04:32:14,070 DDP_Script [Rank 0] [INFO] epoch 10 train step time: 403.19 seconds
2025-11-19 04:32:14,072 DDP_Script [Rank 0] [INFO] epoch 10 끝 (local_steps=3125, global_steps=3125)
2025-11-19 04:32:24,374 DDP_Script [Rank 0] [INFO] val acc 47.98%
2025-11-19 04:32:24,393 DDP_Script [Rank 0] [INFO] Saving checkpoint to ./checkpoints/job-ff9420a3efeb/latest_checkpoint.pth ...
2025-11-19 04:32:24,877 DDP_Script [Rank 0] [INFO] Successfully reported epoch 10/20 (Acc: 47.98%) to global server.
2025-11-19 04:32:24,879 DDP_Script [Rank 0] [INFO] epoch 11 시작
2025-11-19 04:32:24,897 DDP_Script [Rank 0] [INFO] DataLoader created with batch_size=32, num_workers=4
2025-11-19 04:32:24,902 DDP_Script [Rank 0] [INFO] 모든 노드 중 max_steps = 3125
2025-11-19 04:32:24,902 DDP_Script [Rank 0] [INFO] local_steps=3125, global_steps=3125
2025-11-19 04:39:11,522 DDP_Script [Rank 0] [INFO] epoch 11 train step time: 406.62 seconds
2025-11-19 04:39:11,523 DDP_Script [Rank 0] [INFO] epoch 11 끝 (local_steps=3125, global_steps=3125)
2025-11-19 04:39:21,835 DDP_Script [Rank 0] [INFO] val acc 48.22%
2025-11-19 04:39:21,856 DDP_Script [Rank 0] [INFO] Saving checkpoint to ./checkpoints/job-ff9420a3efeb/latest_checkpoint.pth ...
2025-11-19 04:39:22,336 DDP_Script [Rank 0] [INFO] Successfully reported epoch 11/20 (Acc: 48.22%) to global server.
2025-11-19 04:39:22,337 DDP_Script [Rank 0] [INFO] epoch 12 시작
2025-11-19 04:39:22,354 DDP_Script [Rank 0] [INFO] DataLoader created with batch_size=32, num_workers=4
2025-11-19 04:39:22,360 DDP_Script [Rank 0] [INFO] 모든 노드 중 max_steps = 3125
2025-11-19 04:39:22,360 DDP_Script [Rank 0] [INFO] local_steps=3125, global_steps=3125
2025-11-19 04:46:10,709 DDP_Script [Rank 0] [INFO] epoch 12 train step time: 408.35 seconds
2025-11-19 04:46:10,711 DDP_Script [Rank 0] [INFO] epoch 12 끝 (local_steps=3125, global_steps=3125)
2025-11-19 04:46:20,321 DDP_Script [Rank 0] [INFO] val acc 50.33%
2025-11-19 04:46:20,352 DDP_Script [Rank 0] [INFO] Saving checkpoint to ./checkpoints/job-ff9420a3efeb/latest_checkpoint.pth ...
2025-11-19 04:46:20,883 DDP_Script [Rank 0] [INFO] Successfully reported epoch 12/20 (Acc: 50.33%) to global server.
2025-11-19 04:46:20,885 DDP_Script [Rank 0] [INFO] epoch 13 시작
2025-11-19 04:46:20,901 DDP_Script [Rank 0] [INFO] DataLoader created with batch_size=32, num_workers=4
2025-11-19 04:46:20,907 DDP_Script [Rank 0] [INFO] 모든 노드 중 max_steps = 3125
2025-11-19 04:46:20,907 DDP_Script [Rank 0] [INFO] local_steps=3125, global_steps=3125
2025-11-19 04:53:14,102 DDP_Script [Rank 0] [INFO] epoch 13 train step time: 413.19 seconds
2025-11-19 04:53:14,104 DDP_Script [Rank 0] [INFO] epoch 13 끝 (local_steps=3125, global_steps=3125)
2025-11-19 04:53:24,324 DDP_Script [Rank 0] [INFO] val acc 51.20%
2025-11-19 04:53:24,343 DDP_Script [Rank 0] [INFO] Saving checkpoint to ./checkpoints/job-ff9420a3efeb/latest_checkpoint.pth ...
2025-11-19 04:53:24,851 DDP_Script [Rank 0] [INFO] Successfully reported epoch 13/20 (Acc: 51.20%) to global server.
2025-11-19 04:53:24,853 DDP_Script [Rank 0] [INFO] epoch 14 시작
2025-11-19 04:53:24,869 DDP_Script [Rank 0] [INFO] DataLoader created with batch_size=32, num_workers=4
2025-11-19 04:53:24,875 DDP_Script [Rank 0] [INFO] 모든 노드 중 max_steps = 3125
2025-11-19 04:53:24,875 DDP_Script [Rank 0] [INFO] local_steps=3125, global_steps=3125
2025-11-19 05:00:17,389 DDP_Script [Rank 0] [INFO] epoch 14 train step time: 412.51 seconds
2025-11-19 05:00:17,391 DDP_Script [Rank 0] [INFO] epoch 14 끝 (local_steps=3125, global_steps=3125)
2025-11-19 05:00:27,673 DDP_Script [Rank 0] [INFO] val acc 51.63%
2025-11-19 05:00:27,689 DDP_Script [Rank 0] [INFO] Saving checkpoint to ./checkpoints/job-ff9420a3efeb/latest_checkpoint.pth ...
2025-11-19 05:00:28,179 DDP_Script [Rank 0] [INFO] Successfully reported epoch 14/20 (Acc: 51.63%) to global server.
2025-11-19 05:00:28,181 DDP_Script [Rank 0] [INFO] epoch 15 시작
2025-11-19 05:00:28,197 DDP_Script [Rank 0] [INFO] DataLoader created with batch_size=32, num_workers=4
2025-11-19 05:00:28,203 DDP_Script [Rank 0] [INFO] 모든 노드 중 max_steps = 3125
2025-11-19 05:00:28,203 DDP_Script [Rank 0] [INFO] local_steps=3125, global_steps=3125
2025-11-19 05:07:14,275 DDP_Script [Rank 0] [INFO] epoch 15 train step time: 406.07 seconds
2025-11-19 05:07:14,277 DDP_Script [Rank 0] [INFO] epoch 15 끝 (local_steps=3125, global_steps=3125)
2025-11-19 05:07:23,965 DDP_Script [Rank 0] [INFO] val acc 51.70%
2025-11-19 05:07:23,981 DDP_Script [Rank 0] [INFO] Saving checkpoint to ./checkpoints/job-ff9420a3efeb/latest_checkpoint.pth ...
2025-11-19 05:07:24,453 DDP_Script [Rank 0] [INFO] Successfully reported epoch 15/20 (Acc: 51.70%) to global server.
2025-11-19 05:07:24,455 DDP_Script [Rank 0] [INFO] epoch 16 시작
2025-11-19 05:07:24,471 DDP_Script [Rank 0] [INFO] DataLoader created with batch_size=32, num_workers=4
2025-11-19 05:07:24,477 DDP_Script [Rank 0] [INFO] 모든 노드 중 max_steps = 3125
2025-11-19 05:07:24,477 DDP_Script [Rank 0] [INFO] local_steps=3125, global_steps=3125
2025-11-19 05:14:20,159 DDP_Script [Rank 0] [INFO] epoch 16 train step time: 415.68 seconds
2025-11-19 05:14:20,160 DDP_Script [Rank 0] [INFO] epoch 16 끝 (local_steps=3125, global_steps=3125)
2025-11-19 05:14:30,768 DDP_Script [Rank 0] [INFO] val acc 53.54%
2025-11-19 05:14:30,791 DDP_Script [Rank 0] [INFO] Saving checkpoint to ./checkpoints/job-ff9420a3efeb/latest_checkpoint.pth ...
2025-11-19 05:14:31,332 DDP_Script [Rank 0] [INFO] Successfully reported epoch 16/20 (Acc: 53.54%) to global server.
2025-11-19 05:14:31,334 DDP_Script [Rank 0] [INFO] epoch 17 시작
2025-11-19 05:14:31,349 DDP_Script [Rank 0] [INFO] DataLoader created with batch_size=32, num_workers=4
2025-11-19 05:14:31,355 DDP_Script [Rank 0] [INFO] 모든 노드 중 max_steps = 3125
2025-11-19 05:14:31,355 DDP_Script [Rank 0] [INFO] local_steps=3125, global_steps=3125
2025-11-19 05:21:41,773 DDP_Script [Rank 0] [INFO] epoch 17 train step time: 430.42 seconds
2025-11-19 05:21:41,774 DDP_Script [Rank 0] [INFO] epoch 17 끝 (local_steps=3125, global_steps=3125)
2025-11-19 05:21:52,401 DDP_Script [Rank 0] [INFO] val acc 53.58%
2025-11-19 05:21:52,420 DDP_Script [Rank 0] [INFO] Saving checkpoint to ./checkpoints/job-ff9420a3efeb/latest_checkpoint.pth ...
2025-11-19 05:21:52,923 DDP_Script [Rank 0] [INFO] Successfully reported epoch 17/20 (Acc: 53.58%) to global server.
2025-11-19 05:21:52,924 DDP_Script [Rank 0] [INFO] epoch 18 시작
2025-11-19 05:21:52,940 DDP_Script [Rank 0] [INFO] DataLoader created with batch_size=32, num_workers=4
2025-11-19 05:21:52,946 DDP_Script [Rank 0] [INFO] 모든 노드 중 max_steps = 3125
2025-11-19 05:21:52,946 DDP_Script [Rank 0] [INFO] local_steps=3125, global_steps=3125
2025-11-19 05:28:59,634 DDP_Script [Rank 0] [INFO] epoch 18 train step time: 426.69 seconds
2025-11-19 05:28:59,636 DDP_Script [Rank 0] [INFO] epoch 18 끝 (local_steps=3125, global_steps=3125)
2025-11-19 05:29:09,919 DDP_Script [Rank 0] [INFO] val acc 54.47%
2025-11-19 05:29:09,941 DDP_Script [Rank 0] [INFO] Saving checkpoint to ./checkpoints/job-ff9420a3efeb/latest_checkpoint.pth ...
2025-11-19 05:29:10,439 DDP_Script [Rank 0] [INFO] Successfully reported epoch 18/20 (Acc: 54.47%) to global server.
2025-11-19 05:29:10,440 DDP_Script [Rank 0] [INFO] epoch 19 시작
2025-11-19 05:29:10,454 DDP_Script [Rank 0] [INFO] DataLoader created with batch_size=32, num_workers=4
2025-11-19 05:29:10,460 DDP_Script [Rank 0] [INFO] 모든 노드 중 max_steps = 3125
2025-11-19 05:29:10,460 DDP_Script [Rank 0] [INFO] local_steps=3125, global_steps=3125
2025-11-19 05:36:00,366 DDP_Script [Rank 0] [INFO] epoch 19 train step time: 409.90 seconds
2025-11-19 05:36:00,367 DDP_Script [Rank 0] [INFO] epoch 19 끝 (local_steps=3125, global_steps=3125)
2025-11-19 05:36:10,339 DDP_Script [Rank 0] [INFO] val acc 55.46%
2025-11-19 05:36:10,356 DDP_Script [Rank 0] [INFO] Saving checkpoint to ./checkpoints/job-ff9420a3efeb/latest_checkpoint.pth ...
2025-11-19 05:36:10,815 DDP_Script [Rank 0] [INFO] Successfully reported epoch 19/20 (Acc: 55.46%) to global server.
2025-11-19 05:36:10,816 DDP_Script [Rank 0] [INFO] epoch 20 시작
2025-11-19 05:36:10,831 DDP_Script [Rank 0] [INFO] DataLoader created with batch_size=32, num_workers=4
2025-11-19 05:36:10,836 DDP_Script [Rank 0] [INFO] 모든 노드 중 max_steps = 3125
2025-11-19 05:36:10,836 DDP_Script [Rank 0] [INFO] local_steps=3125, global_steps=3125
2025-11-19 05:42:46,784 DDP_Script [Rank 0] [INFO] epoch 20 train step time: 395.95 seconds
2025-11-19 05:42:46,786 DDP_Script [Rank 0] [INFO] epoch 20 끝 (local_steps=3125, global_steps=3125)
2025-11-19 05:42:56,757 DDP_Script [Rank 0] [INFO] val acc 55.28%
2025-11-19 05:42:56,791 DDP_Script [Rank 0] [INFO] Saving checkpoint to ./checkpoints/job-ff9420a3efeb/latest_checkpoint.pth ...
2025-11-19 05:42:57,288 DDP_Script [Rank 0] [INFO] Successfully reported epoch 20/20 (Acc: 55.28%) to global server.
2025-11-19 05:42:57,289 DDP_Script [Rank 0] [INFO] Training completed successfully.
2025-11-19 05:42:57,289 DDP_Script [Rank 0] [INFO] Training loop finished.
