Current CUDA device index: 0
Current CUDA device name: NVIDIA GeForce RTX 5070 Ti
Master address: 163.180.117.216, port: 29521
2025-12-03 19:11:48,649 DDP_Script [Rank 0] [INFO] Node rank: 0, world size: 1
[Gloo] Rank 0 is connected to 0 peer ranks. Expected number of connected peer ranks is : 0
2025-12-03 19:11:48,682 DDP_Script [Rank 0] [INFO] Process group initialized: 163.180.117.216:29521
2025-12-03 19:11:48,682 DDP_Script [Rank 0] [INFO] Rank 0/1 initialized
2025-12-03 19:11:48,682 DDP_Script [Rank 0] [INFO] Rank 0 downloading tokenizer: distilbert-base-uncased
2025-12-03 19:11:49,407 DDP_Script [Rank 0] [INFO] Rank 0 downloading dataset: glue/sst2
2025-12-03 19:11:53,758 DDP_Script [Rank 0] [INFO] Tokenizing datasets...
2025-12-03 19:11:53,812 DDP_Script [Rank 0] [INFO] SST-2 Dataset and Tokenizer loaded.
2025-12-03 19:11:53,813 DDP_Script [Rank 0] [INFO] Rank 0 downloading model: distilbert-base-uncased
Some weights of DistilBertForSequenceClassification were not initialized from the model checkpoint at distilbert-base-uncased and are newly initialized: ['classifier.bias', 'classifier.weight', 'pre_classifier.bias', 'pre_classifier.weight']
You should probably TRAIN this model on a down-stream task to be able to use it for predictions and inference.
2025-12-03 19:11:59,792 DDP_Script [Rank 0] [INFO] Model (DistilBert), DDP, optimizer (AdamW) initialized
2025-12-03 19:11:59,800 DDP_Script [Rank 0] [INFO] Modules initialized
2025-12-03 19:11:59,801 DDP_Script [Rank 0] [INFO] Checkpoint directory created: ./checkpoints/job-2063793ee62c
2025-12-03 19:11:59,802 DDP_Script [Rank 0] [INFO] Starting training from scratch (epoch 1).
2025-12-03 19:11:59,976 DDP_Script [Rank 0] [INFO] epoch 1 시작
2025-12-03 19:12:00,016 DDP_Script [Rank 0] [INFO] DataLoader created with batch_size=16, num_workers=4
2025-12-03 19:12:00,031 DDP_Script [Rank 0] [INFO] 모든 노드 중 max_steps = 4210
2025-12-03 19:12:00,031 DDP_Script [Rank 0] [INFO] local_steps=4210, global_steps=4210
2025-12-03 21:15:42,866 DDP_Script [Rank 0] [INFO] epoch 1 train step time: 7422.83 seconds
2025-12-03 21:15:42,871 DDP_Script [Rank 0] [INFO] epoch 1 끝 (local_steps=4210, global_steps=4210)
2025-12-03 21:15:48,818 DDP_Script [Rank 0] [INFO] val acc 89.91%
2025-12-03 21:15:48,916 DDP_Script [Rank 0] [INFO] Saving checkpoint to ./checkpoints/job-2063793ee62c/latest_checkpoint.pth ...
2025-12-03 21:16:09,054 DDP_Script [Rank 0] [INFO] Successfully reported epoch 1/20 (Acc: 89.91%) to global server.
2025-12-03 21:16:09,060 DDP_Script [Rank 0] [INFO] epoch 2 시작
2025-12-03 21:16:09,088 DDP_Script [Rank 0] [INFO] DataLoader created with batch_size=16, num_workers=4
2025-12-03 21:16:09,093 DDP_Script [Rank 0] [INFO] 모든 노드 중 max_steps = 4210
2025-12-03 21:16:09,093 DDP_Script [Rank 0] [INFO] local_steps=4210, global_steps=4210
2025-12-03 23:40:13,500 DDP_Script [Rank 0] [INFO] epoch 2 train step time: 8644.40 seconds
2025-12-03 23:40:13,518 DDP_Script [Rank 0] [INFO] epoch 2 끝 (local_steps=4210, global_steps=4210)
2025-12-03 23:40:20,199 DDP_Script [Rank 0] [INFO] val acc 90.37%
2025-12-03 23:40:20,326 DDP_Script [Rank 0] [INFO] Saving checkpoint to ./checkpoints/job-2063793ee62c/latest_checkpoint.pth ...
2025-12-03 23:40:54,762 DDP_Script [Rank 0] [INFO] Successfully reported epoch 2/20 (Acc: 90.37%) to global server.
2025-12-03 23:40:54,802 DDP_Script [Rank 0] [INFO] epoch 3 시작
2025-12-03 23:40:54,942 DDP_Script [Rank 0] [INFO] DataLoader created with batch_size=16, num_workers=4
2025-12-03 23:40:54,962 DDP_Script [Rank 0] [INFO] 모든 노드 중 max_steps = 4210
2025-12-03 23:40:54,962 DDP_Script [Rank 0] [INFO] local_steps=4210, global_steps=4210
2025-12-04 01:50:17,223 DDP_Script [Rank 0] [INFO] epoch 3 train step time: 7762.25 seconds
2025-12-04 01:50:17,242 DDP_Script [Rank 0] [INFO] epoch 3 끝 (local_steps=4210, global_steps=4210)
2025-12-04 01:50:22,023 DDP_Script [Rank 0] [INFO] val acc 89.91%
2025-12-04 01:50:22,097 DDP_Script [Rank 0] [INFO] Saving checkpoint to ./checkpoints/job-2063793ee62c/latest_checkpoint.pth ...
2025-12-04 01:50:56,104 DDP_Script [Rank 0] [INFO] Successfully reported epoch 3/20 (Acc: 89.91%) to global server.
2025-12-04 01:50:56,110 DDP_Script [Rank 0] [INFO] epoch 4 시작
2025-12-04 01:50:56,210 DDP_Script [Rank 0] [INFO] DataLoader created with batch_size=16, num_workers=4
2025-12-04 01:50:56,225 DDP_Script [Rank 0] [INFO] 모든 노드 중 max_steps = 4210
2025-12-04 01:50:56,225 DDP_Script [Rank 0] [INFO] local_steps=4210, global_steps=4210
2025-12-04 04:21:24,413 DDP_Script [Rank 0] [INFO] epoch 4 train step time: 9028.18 seconds
2025-12-04 04:21:24,431 DDP_Script [Rank 0] [INFO] epoch 4 끝 (local_steps=4210, global_steps=4210)
2025-12-04 04:21:28,939 DDP_Script [Rank 0] [INFO] val acc 89.33%
2025-12-04 04:21:29,080 DDP_Script [Rank 0] [INFO] Saving checkpoint to ./checkpoints/job-2063793ee62c/latest_checkpoint.pth ...
2025-12-04 04:22:01,072 DDP_Script [Rank 0] [INFO] Successfully reported epoch 4/20 (Acc: 89.33%) to global server.
2025-12-04 04:22:01,110 DDP_Script [Rank 0] [INFO] epoch 5 시작
2025-12-04 04:22:01,282 DDP_Script [Rank 0] [INFO] DataLoader created with batch_size=16, num_workers=4
2025-12-04 04:22:01,311 DDP_Script [Rank 0] [INFO] 모든 노드 중 max_steps = 4210
2025-12-04 04:22:01,312 DDP_Script [Rank 0] [INFO] local_steps=4210, global_steps=4210
2025-12-04 06:46:02,017 DDP_Script [Rank 0] [INFO] epoch 5 train step time: 8640.70 seconds
2025-12-04 06:46:02,039 DDP_Script [Rank 0] [INFO] epoch 5 끝 (local_steps=4210, global_steps=4210)
2025-12-04 06:46:07,561 DDP_Script [Rank 0] [INFO] val acc 90.60%
2025-12-04 06:46:07,609 DDP_Script [Rank 0] [INFO] Saving checkpoint to ./checkpoints/job-2063793ee62c/latest_checkpoint.pth ...
2025-12-04 06:46:33,867 DDP_Script [Rank 0] [INFO] Successfully reported epoch 5/20 (Acc: 90.60%) to global server.
2025-12-04 06:46:33,905 DDP_Script [Rank 0] [INFO] epoch 6 시작
2025-12-04 06:46:33,985 DDP_Script [Rank 0] [INFO] DataLoader created with batch_size=16, num_workers=4
2025-12-04 06:46:33,995 DDP_Script [Rank 0] [INFO] 모든 노드 중 max_steps = 4210
2025-12-04 06:46:33,995 DDP_Script [Rank 0] [INFO] local_steps=4210, global_steps=4210
2025-12-04 09:41:59,514 DDP_Script [Rank 0] [INFO] epoch 6 train step time: 10525.51 seconds
2025-12-04 09:41:59,523 DDP_Script [Rank 0] [INFO] epoch 6 끝 (local_steps=4210, global_steps=4210)
2025-12-04 09:42:08,968 DDP_Script [Rank 0] [INFO] val acc 89.33%
2025-12-04 09:42:09,078 DDP_Script [Rank 0] [INFO] Saving checkpoint to ./checkpoints/job-2063793ee62c/latest_checkpoint.pth ...
2025-12-04 09:42:30,691 DDP_Script [Rank 0] [INFO] Successfully reported epoch 6/20 (Acc: 89.33%) to global server.
2025-12-04 09:42:30,721 DDP_Script [Rank 0] [INFO] epoch 7 시작
2025-12-04 09:42:30,793 DDP_Script [Rank 0] [INFO] DataLoader created with batch_size=16, num_workers=4
2025-12-04 09:42:30,808 DDP_Script [Rank 0] [INFO] 모든 노드 중 max_steps = 4210
2025-12-04 09:42:30,808 DDP_Script [Rank 0] [INFO] local_steps=4210, global_steps=4210
2025-12-04 13:22:43,425 DDP_Script [Rank 0] [INFO] epoch 7 train step time: 13212.61 seconds
2025-12-04 13:22:43,428 DDP_Script [Rank 0] [INFO] epoch 7 끝 (local_steps=4210, global_steps=4210)
2025-12-04 13:22:48,376 DDP_Script [Rank 0] [INFO] val acc 89.22%
2025-12-04 13:22:48,481 DDP_Script [Rank 0] [INFO] Saving checkpoint to ./checkpoints/job-2063793ee62c/latest_checkpoint.pth ...
2025-12-04 13:23:00,688 DDP_Script [Rank 0] [INFO] Successfully reported epoch 7/20 (Acc: 89.22%) to global server.
2025-12-04 13:23:00,704 DDP_Script [Rank 0] [INFO] epoch 8 시작
2025-12-04 13:23:00,743 DDP_Script [Rank 0] [INFO] DataLoader created with batch_size=16, num_workers=4
2025-12-04 13:23:00,751 DDP_Script [Rank 0] [INFO] 모든 노드 중 max_steps = 4210
2025-12-04 13:23:00,751 DDP_Script [Rank 0] [INFO] local_steps=4210, global_steps=4210
2025-12-04 15:31:34,460 DDP_Script [Rank 0] [INFO] epoch 8 train step time: 7713.70 seconds
2025-12-04 15:31:34,500 DDP_Script [Rank 0] [INFO] epoch 8 끝 (local_steps=4210, global_steps=4210)
2025-12-04 15:31:37,940 DDP_Script [Rank 0] [INFO] val acc 89.33%
2025-12-04 15:31:37,989 DDP_Script [Rank 0] [INFO] Saving checkpoint to ./checkpoints/job-2063793ee62c/latest_checkpoint.pth ...
2025-12-04 15:32:05,279 DDP_Script [Rank 0] [INFO] Successfully reported epoch 8/20 (Acc: 89.33%) to global server.
2025-12-04 15:32:05,313 DDP_Script [Rank 0] [INFO] epoch 9 시작
2025-12-04 15:32:05,458 DDP_Script [Rank 0] [INFO] DataLoader created with batch_size=16, num_workers=4
2025-12-04 15:32:05,481 DDP_Script [Rank 0] [INFO] 모든 노드 중 max_steps = 4210
2025-12-04 15:32:05,482 DDP_Script [Rank 0] [INFO] local_steps=4210, global_steps=4210
2025-12-04 17:38:08,161 DDP_Script [Rank 0] [INFO] epoch 9 train step time: 7562.03 seconds
2025-12-04 17:38:08,174 DDP_Script [Rank 0] [INFO] epoch 9 끝 (local_steps=4210, global_steps=4210)
2025-12-04 17:38:12,520 DDP_Script [Rank 0] [INFO] val acc 88.76%
2025-12-04 17:38:12,581 DDP_Script [Rank 0] [INFO] Saving checkpoint to ./checkpoints/job-2063793ee62c/latest_checkpoint.pth ...
2025-12-04 17:38:40,582 DDP_Script [Rank 0] [INFO] Successfully reported epoch 9/20 (Acc: 88.76%) to global server.
2025-12-04 17:38:40,614 DDP_Script [Rank 0] [INFO] epoch 10 시작
2025-12-04 17:38:40,695 DDP_Script [Rank 0] [INFO] DataLoader created with batch_size=16, num_workers=4
2025-12-04 17:38:40,724 DDP_Script [Rank 0] [INFO] 모든 노드 중 max_steps = 4210
2025-12-04 17:38:40,725 DDP_Script [Rank 0] [INFO] local_steps=4210, global_steps=4210
2025-12-04 19:29:45,142 DDP_Script [Rank 0] [INFO] epoch 10 train step time: 6664.41 seconds
2025-12-04 19:29:45,145 DDP_Script [Rank 0] [INFO] epoch 10 끝 (local_steps=4210, global_steps=4210)
2025-12-04 19:29:49,267 DDP_Script [Rank 0] [INFO] val acc 89.79%
2025-12-04 19:29:49,284 DDP_Script [Rank 0] [INFO] Saving checkpoint to ./checkpoints/job-2063793ee62c/latest_checkpoint.pth ...
2025-12-04 19:30:18,765 DDP_Script [Rank 0] [INFO] Successfully reported epoch 10/20 (Acc: 89.79%) to global server.
2025-12-04 19:30:18,788 DDP_Script [Rank 0] [INFO] epoch 11 시작
2025-12-04 19:30:18,906 DDP_Script [Rank 0] [INFO] DataLoader created with batch_size=16, num_workers=4
2025-12-04 19:30:18,921 DDP_Script [Rank 0] [INFO] 모든 노드 중 max_steps = 4210
2025-12-04 19:30:18,921 DDP_Script [Rank 0] [INFO] local_steps=4210, global_steps=4210
[rank0]: Traceback (most recent call last):
[rank0]:   File "/home/ubuntu216/SUN/DDP_SST2_DistilBert.py", line 623, in <module>
[rank0]:     main()
[rank0]:   File "/home/ubuntu216/SUN/DDP_SST2_DistilBert.py", line 371, in main
[rank0]:     outputs = model(**batch)
[rank0]:   File "/home/ubuntu216/anaconda3/envs/Dist3/lib/python3.9/site-packages/torch/nn/modules/module.py", line 1773, in _wrapped_call_impl
[rank0]:     return self._call_impl(*args, **kwargs)
[rank0]:   File "/home/ubuntu216/anaconda3/envs/Dist3/lib/python3.9/site-packages/torch/nn/modules/module.py", line 1784, in _call_impl
[rank0]:     return forward_call(*args, **kwargs)
[rank0]:   File "/home/ubuntu216/anaconda3/envs/Dist3/lib/python3.9/site-packages/torch/nn/parallel/distributed.py", line 1644, in forward
[rank0]:     inputs, kwargs = self._pre_forward(*inputs, **kwargs)
[rank0]:   File "/home/ubuntu216/anaconda3/envs/Dist3/lib/python3.9/site-packages/torch/nn/parallel/distributed.py", line 1540, in _pre_forward
[rank0]:     self._sync_buffers()
[rank0]:   File "/home/ubuntu216/anaconda3/envs/Dist3/lib/python3.9/site-packages/torch/nn/parallel/distributed.py", line 2177, in _sync_buffers
[rank0]:     self._sync_module_buffers(authoritative_rank)
[rank0]:   File "/home/ubuntu216/anaconda3/envs/Dist3/lib/python3.9/site-packages/torch/nn/parallel/distributed.py", line 2181, in _sync_module_buffers
[rank0]:     self._default_broadcast_coalesced(authoritative_rank=authoritative_rank)
[rank0]:   File "/home/ubuntu216/anaconda3/envs/Dist3/lib/python3.9/site-packages/torch/nn/parallel/distributed.py", line 2203, in _default_broadcast_coalesced
[rank0]:     self._distributed_broadcast_coalesced(bufs, bucket_size, authoritative_rank)
[rank0]:   File "/home/ubuntu216/anaconda3/envs/Dist3/lib/python3.9/site-packages/torch/nn/parallel/distributed.py", line 2118, in _distributed_broadcast_coalesced
[rank0]:     dist._broadcast_coalesced(
[rank0]: KeyboardInterrupt
