Current CUDA device index: 0
Current CUDA device name: NVIDIA GeForce RTX 5070 Ti
Master address: 163.180.117.216, port: 29509
2025-12-03 16:19:24,161 DDP_Script [Rank 2] [INFO] Node rank: 2, world size: 4
[Gloo] Rank 2 is connected to 3 peer ranks. Expected number of connected peer ranks is : 3
2025-12-03 16:19:24,203 DDP_Script [Rank 2] [INFO] Process group initialized: 163.180.117.216:29509
2025-12-03 16:19:24,204 DDP_Script [Rank 2] [INFO] Rank 2/4 initialized
Val sample labels: tensor([  2,   3,   4,  13,  20,  21,  34,  41,  43,  60,  64,  76,  84,  87,
         92,  95, 113, 117, 123, 125, 127, 129, 132, 133, 135, 136, 151, 152,
        162, 173, 197])
Train samples: 100000
Val   samples: 10000
/home/ubuntu216/anaconda3/envs/Dist3/lib/python3.9/site-packages/torchvision/models/_utils.py:208: UserWarning: The parameter 'pretrained' is deprecated since 0.13 and may be removed in the future, please use 'weights' instead.
  warnings.warn(
/home/ubuntu216/anaconda3/envs/Dist3/lib/python3.9/site-packages/torchvision/models/_utils.py:223: UserWarning: Arguments other than a weight enum or `None` for 'weights' are deprecated since 0.13 and may be removed in the future. The current behavior is equivalent to passing `weights=None`.
  warnings.warn(msg)
2025-12-03 16:19:28,246 DDP_Script [Rank 2] [INFO] Model, DDP, criterion, optimizer initialized
2025-12-03 16:19:28,256 DDP_Script [Rank 2] [INFO] Modules initialized
2025-12-03 16:19:28,256 DDP_Script [Rank 2] [INFO] Starting training from scratch (epoch 1).
2025-12-03 16:19:28,260 DDP_Script [Rank 2] [INFO] epoch 1 시작
2025-12-03 16:19:28,387 DDP_Script [Rank 2] [INFO] DataLoader created with batch_size=64, num_workers=4
2025-12-03 16:19:28,410 DDP_Script [Rank 2] [INFO] local_steps=391, global_steps=391
2025-12-03 16:28:02,446 DDP_Script [Rank 2] [INFO] epoch 1 train step time: 514.03 seconds
2025-12-03 16:28:02,460 DDP_Script [Rank 2] [INFO] epoch 1 끝 (local_steps=391, global_steps=391)
2025-12-03 16:28:35,146 DDP_Script [Rank 2] [INFO] val acc 11.22%
2025-12-03 16:28:35,503 DDP_Script [Rank 2] [INFO] epoch 2 시작
2025-12-03 16:28:35,539 DDP_Script [Rank 2] [INFO] DataLoader created with batch_size=64, num_workers=4
2025-12-03 16:28:35,547 DDP_Script [Rank 2] [INFO] local_steps=391, global_steps=391
2025-12-03 16:37:12,032 DDP_Script [Rank 2] [INFO] epoch 2 train step time: 516.48 seconds
2025-12-03 16:37:12,220 DDP_Script [Rank 2] [INFO] epoch 2 끝 (local_steps=391, global_steps=391)
2025-12-03 16:37:49,942 DDP_Script [Rank 2] [INFO] val acc 18.53%
2025-12-03 16:37:50,558 DDP_Script [Rank 2] [INFO] epoch 3 시작
2025-12-03 16:37:50,602 DDP_Script [Rank 2] [INFO] DataLoader created with batch_size=64, num_workers=4
2025-12-03 16:37:50,620 DDP_Script [Rank 2] [INFO] local_steps=391, global_steps=391
2025-12-03 16:46:22,440 DDP_Script [Rank 2] [INFO] epoch 3 train step time: 511.82 seconds
2025-12-03 16:46:22,452 DDP_Script [Rank 2] [INFO] epoch 3 끝 (local_steps=391, global_steps=391)
2025-12-03 16:47:03,441 DDP_Script [Rank 2] [INFO] val acc 23.50%
2025-12-03 16:47:04,194 DDP_Script [Rank 2] [INFO] epoch 4 시작
2025-12-03 16:47:04,305 DDP_Script [Rank 2] [INFO] DataLoader created with batch_size=64, num_workers=4
2025-12-03 16:47:04,315 DDP_Script [Rank 2] [INFO] local_steps=391, global_steps=391
2025-12-03 16:57:21,539 DDP_Script [Rank 2] [INFO] epoch 4 train step time: 617.22 seconds
2025-12-03 16:57:21,580 DDP_Script [Rank 2] [INFO] epoch 4 끝 (local_steps=391, global_steps=391)
2025-12-03 16:57:53,792 DDP_Script [Rank 2] [INFO] val acc 30.01%
2025-12-03 16:57:54,587 DDP_Script [Rank 2] [INFO] epoch 5 시작
2025-12-03 16:57:54,647 DDP_Script [Rank 2] [INFO] DataLoader created with batch_size=64, num_workers=4
2025-12-03 16:57:54,731 DDP_Script [Rank 2] [INFO] local_steps=391, global_steps=391
2025-12-03 17:07:00,205 DDP_Script [Rank 2] [INFO] epoch 5 train step time: 545.47 seconds
2025-12-03 17:07:00,322 DDP_Script [Rank 2] [INFO] epoch 5 끝 (local_steps=391, global_steps=391)
2025-12-03 17:07:27,729 DDP_Script [Rank 2] [INFO] val acc 33.92%
2025-12-03 17:07:28,432 DDP_Script [Rank 2] [INFO] epoch 6 시작
2025-12-03 17:07:28,467 DDP_Script [Rank 2] [INFO] DataLoader created with batch_size=64, num_workers=4
2025-12-03 17:07:28,488 DDP_Script [Rank 2] [INFO] local_steps=391, global_steps=391
2025-12-03 17:14:41,587 DDP_Script [Rank 2] [INFO] epoch 6 train step time: 433.10 seconds
2025-12-03 17:14:41,662 DDP_Script [Rank 2] [INFO] epoch 6 끝 (local_steps=391, global_steps=391)
2025-12-03 17:15:18,025 DDP_Script [Rank 2] [INFO] val acc 36.75%
2025-12-03 17:15:18,760 DDP_Script [Rank 2] [INFO] epoch 7 시작
2025-12-03 17:15:18,798 DDP_Script [Rank 2] [INFO] DataLoader created with batch_size=64, num_workers=4
2025-12-03 17:15:18,814 DDP_Script [Rank 2] [INFO] local_steps=391, global_steps=391
2025-12-03 17:22:53,131 DDP_Script [Rank 2] [INFO] epoch 7 train step time: 454.31 seconds
2025-12-03 17:22:53,257 DDP_Script [Rank 2] [INFO] epoch 7 끝 (local_steps=391, global_steps=391)
2025-12-03 17:23:26,113 DDP_Script [Rank 2] [INFO] val acc 40.40%
2025-12-03 17:23:26,882 DDP_Script [Rank 2] [INFO] epoch 8 시작
2025-12-03 17:23:26,919 DDP_Script [Rank 2] [INFO] DataLoader created with batch_size=64, num_workers=4
2025-12-03 17:23:26,939 DDP_Script [Rank 2] [INFO] local_steps=391, global_steps=391
2025-12-03 17:32:23,376 DDP_Script [Rank 2] [INFO] epoch 8 train step time: 536.44 seconds
2025-12-03 17:32:23,538 DDP_Script [Rank 2] [INFO] epoch 8 끝 (local_steps=391, global_steps=391)
2025-12-03 17:32:54,840 DDP_Script [Rank 2] [INFO] val acc 41.13%
2025-12-03 17:32:55,473 DDP_Script [Rank 2] [INFO] epoch 9 시작
2025-12-03 17:32:55,495 DDP_Script [Rank 2] [INFO] DataLoader created with batch_size=64, num_workers=4
2025-12-03 17:32:55,539 DDP_Script [Rank 2] [INFO] local_steps=391, global_steps=391
2025-12-03 17:40:57,813 DDP_Script [Rank 2] [INFO] epoch 9 train step time: 482.27 seconds
2025-12-03 17:40:57,825 DDP_Script [Rank 2] [INFO] epoch 9 끝 (local_steps=391, global_steps=391)
2025-12-03 17:41:30,500 DDP_Script [Rank 2] [INFO] val acc 43.77%
2025-12-03 17:41:31,275 DDP_Script [Rank 2] [INFO] epoch 10 시작
2025-12-03 17:41:31,298 DDP_Script [Rank 2] [INFO] DataLoader created with batch_size=64, num_workers=4
2025-12-03 17:41:31,334 DDP_Script [Rank 2] [INFO] local_steps=391, global_steps=391
2025-12-03 17:50:55,888 DDP_Script [Rank 2] [INFO] epoch 10 train step time: 564.55 seconds
2025-12-03 17:50:55,974 DDP_Script [Rank 2] [INFO] epoch 10 끝 (local_steps=391, global_steps=391)
2025-12-03 17:51:24,045 DDP_Script [Rank 2] [INFO] val acc 44.90%
2025-12-03 17:51:24,679 DDP_Script [Rank 2] [INFO] epoch 11 시작
2025-12-03 17:51:24,702 DDP_Script [Rank 2] [INFO] DataLoader created with batch_size=64, num_workers=4
2025-12-03 17:51:24,738 DDP_Script [Rank 2] [INFO] local_steps=391, global_steps=391
2025-12-03 17:59:03,005 DDP_Script [Rank 2] [INFO] epoch 11 train step time: 458.27 seconds
2025-12-03 17:59:03,116 DDP_Script [Rank 2] [INFO] epoch 11 끝 (local_steps=391, global_steps=391)
2025-12-03 17:59:30,548 DDP_Script [Rank 2] [INFO] val acc 47.84%
2025-12-03 17:59:31,212 DDP_Script [Rank 2] [INFO] epoch 12 시작
2025-12-03 17:59:31,235 DDP_Script [Rank 2] [INFO] DataLoader created with batch_size=64, num_workers=4
2025-12-03 17:59:31,268 DDP_Script [Rank 2] [INFO] local_steps=391, global_steps=391
2025-12-03 18:06:29,647 DDP_Script [Rank 2] [INFO] epoch 12 train step time: 418.38 seconds
2025-12-03 18:06:29,724 DDP_Script [Rank 2] [INFO] epoch 12 끝 (local_steps=391, global_steps=391)
2025-12-03 18:06:58,936 DDP_Script [Rank 2] [INFO] val acc 47.12%
2025-12-03 18:06:59,799 DDP_Script [Rank 2] [INFO] epoch 13 시작
2025-12-03 18:06:59,821 DDP_Script [Rank 2] [INFO] DataLoader created with batch_size=64, num_workers=4
2025-12-03 18:06:59,855 DDP_Script [Rank 2] [INFO] local_steps=391, global_steps=391
2025-12-03 18:14:18,881 DDP_Script [Rank 2] [INFO] epoch 13 train step time: 439.02 seconds
2025-12-03 18:14:18,895 DDP_Script [Rank 2] [INFO] epoch 13 끝 (local_steps=391, global_steps=391)
2025-12-03 18:14:51,861 DDP_Script [Rank 2] [INFO] val acc 49.84%
2025-12-03 18:14:52,694 DDP_Script [Rank 2] [INFO] epoch 14 시작
2025-12-03 18:14:52,718 DDP_Script [Rank 2] [INFO] DataLoader created with batch_size=64, num_workers=4
2025-12-03 18:14:52,756 DDP_Script [Rank 2] [INFO] local_steps=391, global_steps=391
2025-12-03 18:21:55,861 DDP_Script [Rank 2] [INFO] epoch 14 train step time: 423.10 seconds
2025-12-03 18:21:55,986 DDP_Script [Rank 2] [INFO] epoch 14 끝 (local_steps=391, global_steps=391)
2025-12-03 18:22:26,522 DDP_Script [Rank 2] [INFO] val acc 50.14%
2025-12-03 18:22:27,324 DDP_Script [Rank 2] [INFO] epoch 15 시작
2025-12-03 18:22:27,355 DDP_Script [Rank 2] [INFO] DataLoader created with batch_size=64, num_workers=4
2025-12-03 18:22:27,391 DDP_Script [Rank 2] [INFO] local_steps=391, global_steps=391
2025-12-03 18:30:11,873 DDP_Script [Rank 2] [INFO] epoch 15 train step time: 464.48 seconds
2025-12-03 18:30:11,939 DDP_Script [Rank 2] [INFO] epoch 15 끝 (local_steps=391, global_steps=391)
2025-12-03 18:30:44,123 DDP_Script [Rank 2] [INFO] val acc 50.64%
2025-12-03 18:30:44,846 DDP_Script [Rank 2] [INFO] epoch 16 시작
2025-12-03 18:30:44,878 DDP_Script [Rank 2] [INFO] DataLoader created with batch_size=64, num_workers=4
2025-12-03 18:30:44,916 DDP_Script [Rank 2] [INFO] local_steps=391, global_steps=391
2025-12-03 18:37:43,364 DDP_Script [Rank 2] [INFO] epoch 16 train step time: 418.44 seconds
2025-12-03 18:37:43,453 DDP_Script [Rank 2] [INFO] epoch 16 끝 (local_steps=391, global_steps=391)
2025-12-03 18:38:21,150 DDP_Script [Rank 2] [INFO] val acc 52.84%
2025-12-03 18:38:21,827 DDP_Script [Rank 2] [INFO] epoch 17 시작
2025-12-03 18:38:21,884 DDP_Script [Rank 2] [INFO] DataLoader created with batch_size=64, num_workers=4
2025-12-03 18:38:21,902 DDP_Script [Rank 2] [INFO] local_steps=391, global_steps=391
2025-12-03 18:45:36,451 DDP_Script [Rank 2] [INFO] epoch 17 train step time: 434.55 seconds
2025-12-03 18:45:36,532 DDP_Script [Rank 2] [INFO] epoch 17 끝 (local_steps=391, global_steps=391)
2025-12-03 18:46:08,077 DDP_Script [Rank 2] [INFO] val acc 52.51%
2025-12-03 18:46:08,849 DDP_Script [Rank 2] [INFO] epoch 18 시작
2025-12-03 18:46:08,882 DDP_Script [Rank 2] [INFO] DataLoader created with batch_size=64, num_workers=4
2025-12-03 18:46:08,913 DDP_Script [Rank 2] [INFO] local_steps=391, global_steps=391
2025-12-03 18:54:27,995 DDP_Script [Rank 2] [INFO] epoch 18 train step time: 499.08 seconds
2025-12-03 18:54:28,163 DDP_Script [Rank 2] [INFO] epoch 18 끝 (local_steps=391, global_steps=391)
2025-12-03 18:55:02,058 DDP_Script [Rank 2] [INFO] val acc 53.28%
2025-12-03 18:55:02,762 DDP_Script [Rank 2] [INFO] epoch 19 시작
2025-12-03 18:55:02,799 DDP_Script [Rank 2] [INFO] DataLoader created with batch_size=64, num_workers=4
2025-12-03 18:55:02,835 DDP_Script [Rank 2] [INFO] local_steps=391, global_steps=391
2025-12-03 19:01:53,221 DDP_Script [Rank 2] [INFO] epoch 19 train step time: 410.38 seconds
2025-12-03 19:01:53,413 DDP_Script [Rank 2] [INFO] epoch 19 끝 (local_steps=391, global_steps=391)
2025-12-03 19:02:23,944 DDP_Script [Rank 2] [INFO] val acc 53.70%
2025-12-03 19:02:24,944 DDP_Script [Rank 2] [INFO] epoch 20 시작
2025-12-03 19:02:24,973 DDP_Script [Rank 2] [INFO] DataLoader created with batch_size=64, num_workers=4
2025-12-03 19:02:25,016 DDP_Script [Rank 2] [INFO] local_steps=391, global_steps=391
2025-12-03 19:10:50,436 DDP_Script [Rank 2] [INFO] epoch 20 train step time: 505.42 seconds
2025-12-03 19:10:50,541 DDP_Script [Rank 2] [INFO] epoch 20 끝 (local_steps=391, global_steps=391)
2025-12-03 19:11:27,793 DDP_Script [Rank 2] [INFO] val acc 54.75%
2025-12-03 19:11:28,540 DDP_Script [Rank 2] [INFO] Training loop finished.
