Current CUDA device index: 0
Current CUDA device name: NVIDIA GeForce RTX 5070 Ti
Master address: 163.180.117.216, port: 29581
2025-12-04 07:38:10,684 DDP_Script [Rank 1] [INFO] Node rank: 1, world size: 2
[Gloo] Rank 1 is connected to 1 peer ranks. Expected number of connected peer ranks is : 1
2025-12-04 07:38:50,395 DDP_Script [Rank 1] [INFO] Process group initialized: 163.180.117.216:29581
2025-12-04 07:38:50,396 DDP_Script [Rank 1] [INFO] Rank 1/2 initialized
/home/ubuntu216/anaconda3/envs/Dist2/lib/python3.9/site-packages/torchvision/models/_utils.py:208: UserWarning: The parameter 'pretrained' is deprecated since 0.13 and may be removed in the future, please use 'weights' instead.
  warnings.warn(
/home/ubuntu216/anaconda3/envs/Dist2/lib/python3.9/site-packages/torchvision/models/_utils.py:223: UserWarning: Arguments other than a weight enum or `None` for 'weights' are deprecated since 0.13 and may be removed in the future. The current behavior is equivalent to passing `weights=None`.
  warnings.warn(msg)
2025-12-04 07:39:17,711 DDP_Script [Rank 1] [INFO] Model, DDP, criterion, optimizer initialized
2025-12-04 07:39:17,741 DDP_Script [Rank 1] [INFO] Modules initialized
2025-12-04 07:39:17,741 DDP_Script [Rank 1] [INFO] Starting training from scratch (epoch 1).
2025-12-04 07:39:17,927 DDP_Script [Rank 1] [INFO] epoch 1 시작
2025-12-04 07:39:17,944 DDP_Script [Rank 1] [INFO] DataLoader created with batch_size=64, num_workers=4
2025-12-04 07:39:18,356 DDP_Script [Rank 1] [INFO] local_steps=391, global_steps=391
2025-12-04 07:54:04,468 DDP_Script [Rank 1] [INFO] epoch 1 train step time: 886.11 seconds
2025-12-04 07:54:05,037 DDP_Script [Rank 1] [INFO] epoch 1 끝 (local_steps=391, global_steps=391)
2025-12-04 07:55:21,019 DDP_Script [Rank 1] [INFO] val acc 12.69%
2025-12-04 07:55:27,679 DDP_Script [Rank 1] [INFO] epoch 2 시작
2025-12-04 07:55:27,707 DDP_Script [Rank 1] [INFO] DataLoader created with batch_size=64, num_workers=4
2025-12-04 07:55:27,807 DDP_Script [Rank 1] [INFO] local_steps=391, global_steps=391
2025-12-04 08:09:53,699 DDP_Script [Rank 1] [INFO] epoch 2 train step time: 865.89 seconds
2025-12-04 08:09:55,802 DDP_Script [Rank 1] [INFO] epoch 2 끝 (local_steps=391, global_steps=391)
2025-12-04 08:11:07,787 DDP_Script [Rank 1] [INFO] val acc 19.25%
2025-12-04 08:11:15,523 DDP_Script [Rank 1] [INFO] epoch 3 시작
2025-12-04 08:11:15,551 DDP_Script [Rank 1] [INFO] DataLoader created with batch_size=64, num_workers=4
2025-12-04 08:11:15,628 DDP_Script [Rank 1] [INFO] local_steps=391, global_steps=391
2025-12-04 08:25:52,805 DDP_Script [Rank 1] [INFO] epoch 3 train step time: 877.17 seconds
2025-12-04 08:25:53,759 DDP_Script [Rank 1] [INFO] epoch 3 끝 (local_steps=391, global_steps=391)
2025-12-04 08:27:07,487 DDP_Script [Rank 1] [INFO] val acc 25.46%
2025-12-04 08:27:15,681 DDP_Script [Rank 1] [INFO] epoch 4 시작
2025-12-04 08:27:15,698 DDP_Script [Rank 1] [INFO] DataLoader created with batch_size=64, num_workers=4
2025-12-04 08:27:15,707 DDP_Script [Rank 1] [INFO] local_steps=391, global_steps=391
2025-12-04 08:42:08,259 DDP_Script [Rank 1] [INFO] epoch 4 train step time: 892.55 seconds
2025-12-04 08:42:08,802 DDP_Script [Rank 1] [INFO] epoch 4 끝 (local_steps=391, global_steps=391)
2025-12-04 08:43:42,179 DDP_Script [Rank 1] [INFO] val acc 28.05%
2025-12-04 08:43:50,603 DDP_Script [Rank 1] [INFO] epoch 5 시작
2025-12-04 08:43:50,653 DDP_Script [Rank 1] [INFO] DataLoader created with batch_size=64, num_workers=4
2025-12-04 08:43:50,755 DDP_Script [Rank 1] [INFO] local_steps=391, global_steps=391
2025-12-04 08:59:03,746 DDP_Script [Rank 1] [INFO] epoch 5 train step time: 912.98 seconds
2025-12-04 08:59:04,800 DDP_Script [Rank 1] [INFO] epoch 5 끝 (local_steps=391, global_steps=391)
2025-12-04 09:00:32,584 DDP_Script [Rank 1] [INFO] val acc 36.43%
2025-12-04 09:00:40,623 DDP_Script [Rank 1] [INFO] epoch 6 시작
2025-12-04 09:00:40,711 DDP_Script [Rank 1] [INFO] DataLoader created with batch_size=64, num_workers=4
2025-12-04 09:00:40,720 DDP_Script [Rank 1] [INFO] local_steps=391, global_steps=391
2025-12-04 09:18:31,436 DDP_Script [Rank 1] [INFO] epoch 6 train step time: 1070.71 seconds
2025-12-04 09:18:31,762 DDP_Script [Rank 1] [INFO] epoch 6 끝 (local_steps=391, global_steps=391)
2025-12-04 09:19:41,111 DDP_Script [Rank 1] [INFO] val acc 42.05%
2025-12-04 09:19:46,648 DDP_Script [Rank 1] [INFO] epoch 7 시작
2025-12-04 09:19:46,697 DDP_Script [Rank 1] [INFO] DataLoader created with batch_size=64, num_workers=4
2025-12-04 09:19:46,722 DDP_Script [Rank 1] [INFO] local_steps=391, global_steps=391
2025-12-04 09:35:57,094 DDP_Script [Rank 1] [INFO] epoch 7 train step time: 970.37 seconds
2025-12-04 09:35:57,597 DDP_Script [Rank 1] [INFO] epoch 7 끝 (local_steps=391, global_steps=391)
2025-12-04 09:37:28,977 DDP_Script [Rank 1] [INFO] val acc 47.37%
2025-12-04 09:37:40,180 DDP_Script [Rank 1] [INFO] epoch 8 시작
2025-12-04 09:37:40,268 DDP_Script [Rank 1] [INFO] DataLoader created with batch_size=64, num_workers=4
2025-12-04 09:37:40,304 DDP_Script [Rank 1] [INFO] local_steps=391, global_steps=391
2025-12-04 09:55:57,104 DDP_Script [Rank 1] [INFO] epoch 8 train step time: 1096.79 seconds
2025-12-04 09:55:57,651 DDP_Script [Rank 1] [INFO] epoch 8 끝 (local_steps=391, global_steps=391)
2025-12-04 09:57:18,383 DDP_Script [Rank 1] [INFO] val acc 49.84%
2025-12-04 09:57:25,759 DDP_Script [Rank 1] [INFO] epoch 9 시작
2025-12-04 09:57:25,808 DDP_Script [Rank 1] [INFO] DataLoader created with batch_size=64, num_workers=4
2025-12-04 09:57:25,816 DDP_Script [Rank 1] [INFO] local_steps=391, global_steps=391
2025-12-04 10:15:36,560 DDP_Script [Rank 1] [INFO] epoch 9 train step time: 1090.74 seconds
2025-12-04 10:15:37,167 DDP_Script [Rank 1] [INFO] epoch 9 끝 (local_steps=391, global_steps=391)
2025-12-04 10:17:09,706 DDP_Script [Rank 1] [INFO] val acc 52.74%
2025-12-04 10:17:18,398 DDP_Script [Rank 1] [INFO] epoch 10 시작
2025-12-04 10:17:18,463 DDP_Script [Rank 1] [INFO] DataLoader created with batch_size=64, num_workers=4
2025-12-04 10:17:18,477 DDP_Script [Rank 1] [INFO] local_steps=391, global_steps=391
2025-12-04 10:34:07,384 DDP_Script [Rank 1] [INFO] epoch 10 train step time: 1008.90 seconds
2025-12-04 10:34:07,521 DDP_Script [Rank 1] [INFO] epoch 10 끝 (local_steps=391, global_steps=391)
2025-12-04 10:35:44,039 DDP_Script [Rank 1] [INFO] val acc 54.51%
2025-12-04 10:35:47,596 DDP_Script [Rank 1] [INFO] epoch 11 시작
2025-12-04 10:35:47,748 DDP_Script [Rank 1] [INFO] DataLoader created with batch_size=64, num_workers=4
2025-12-04 10:35:47,788 DDP_Script [Rank 1] [INFO] local_steps=391, global_steps=391
2025-12-04 10:53:37,102 DDP_Script [Rank 1] [INFO] epoch 11 train step time: 1069.31 seconds
2025-12-04 10:53:37,729 DDP_Script [Rank 1] [INFO] epoch 11 끝 (local_steps=391, global_steps=391)
2025-12-04 10:54:59,631 DDP_Script [Rank 1] [INFO] val acc 56.90%
2025-12-04 10:55:06,937 DDP_Script [Rank 1] [INFO] epoch 12 시작
2025-12-04 10:55:07,050 DDP_Script [Rank 1] [INFO] DataLoader created with batch_size=64, num_workers=4
2025-12-04 10:55:07,065 DDP_Script [Rank 1] [INFO] local_steps=391, global_steps=391
2025-12-04 11:07:44,610 DDP_Script [Rank 1] [INFO] epoch 12 train step time: 757.54 seconds
2025-12-04 11:07:45,910 DDP_Script [Rank 1] [INFO] epoch 12 끝 (local_steps=391, global_steps=391)
2025-12-04 11:09:16,609 DDP_Script [Rank 1] [INFO] val acc 58.65%
2025-12-04 11:09:17,781 DDP_Script [Rank 1] [INFO] epoch 13 시작
2025-12-04 11:09:17,883 DDP_Script [Rank 1] [INFO] DataLoader created with batch_size=64, num_workers=4
2025-12-04 11:09:17,896 DDP_Script [Rank 1] [INFO] local_steps=391, global_steps=391
2025-12-04 11:22:20,775 DDP_Script [Rank 1] [INFO] epoch 13 train step time: 782.87 seconds
2025-12-04 11:22:20,839 DDP_Script [Rank 1] [INFO] epoch 13 끝 (local_steps=391, global_steps=391)
2025-12-04 11:23:59,001 DDP_Script [Rank 1] [INFO] val acc 60.29%
2025-12-04 11:24:01,162 DDP_Script [Rank 1] [INFO] epoch 14 시작
2025-12-04 11:24:01,273 DDP_Script [Rank 1] [INFO] DataLoader created with batch_size=64, num_workers=4
2025-12-04 11:24:01,432 DDP_Script [Rank 1] [INFO] local_steps=391, global_steps=391
2025-12-04 11:36:53,061 DDP_Script [Rank 1] [INFO] epoch 14 train step time: 771.62 seconds
2025-12-04 11:36:53,104 DDP_Script [Rank 1] [INFO] epoch 14 끝 (local_steps=391, global_steps=391)
2025-12-04 11:38:03,572 DDP_Script [Rank 1] [INFO] val acc 60.53%
2025-12-04 11:38:04,629 DDP_Script [Rank 1] [INFO] epoch 15 시작
2025-12-04 11:38:04,727 DDP_Script [Rank 1] [INFO] DataLoader created with batch_size=64, num_workers=4
2025-12-04 11:38:05,588 DDP_Script [Rank 1] [INFO] local_steps=391, global_steps=391
2025-12-04 11:50:47,956 DDP_Script [Rank 1] [INFO] epoch 15 train step time: 762.36 seconds
2025-12-04 11:50:48,918 DDP_Script [Rank 1] [INFO] epoch 15 끝 (local_steps=391, global_steps=391)
2025-12-04 11:51:53,714 DDP_Script [Rank 1] [INFO] val acc 63.00%
2025-12-04 11:51:55,715 DDP_Script [Rank 1] [INFO] epoch 16 시작
2025-12-04 11:51:55,800 DDP_Script [Rank 1] [INFO] DataLoader created with batch_size=64, num_workers=4
2025-12-04 11:51:55,818 DDP_Script [Rank 1] [INFO] local_steps=391, global_steps=391
2025-12-04 12:05:50,166 DDP_Script [Rank 1] [INFO] epoch 16 train step time: 834.33 seconds
2025-12-04 12:05:50,444 DDP_Script [Rank 1] [INFO] epoch 16 끝 (local_steps=391, global_steps=391)
2025-12-04 12:07:26,024 DDP_Script [Rank 1] [INFO] val acc 63.21%
2025-12-04 12:07:28,502 DDP_Script [Rank 1] [INFO] epoch 17 시작
2025-12-04 12:07:28,617 DDP_Script [Rank 1] [INFO] DataLoader created with batch_size=64, num_workers=4
2025-12-04 12:07:28,633 DDP_Script [Rank 1] [INFO] local_steps=391, global_steps=391
2025-12-04 12:18:29,021 DDP_Script [Rank 1] [INFO] epoch 17 train step time: 660.38 seconds
2025-12-04 12:18:29,267 DDP_Script [Rank 1] [INFO] epoch 17 끝 (local_steps=391, global_steps=391)
2025-12-04 12:19:52,087 DDP_Script [Rank 1] [INFO] val acc 62.32%
2025-12-04 12:19:54,885 DDP_Script [Rank 1] [INFO] epoch 18 시작
2025-12-04 12:19:55,061 DDP_Script [Rank 1] [INFO] DataLoader created with batch_size=64, num_workers=4
2025-12-04 12:19:55,336 DDP_Script [Rank 1] [INFO] local_steps=391, global_steps=391
2025-12-04 12:32:52,250 DDP_Script [Rank 1] [INFO] epoch 18 train step time: 776.89 seconds
2025-12-04 12:32:52,366 DDP_Script [Rank 1] [INFO] epoch 18 끝 (local_steps=391, global_steps=391)
2025-12-04 12:34:23,374 DDP_Script [Rank 1] [INFO] val acc 63.56%
2025-12-04 12:34:25,773 DDP_Script [Rank 1] [INFO] epoch 19 시작
2025-12-04 12:34:25,881 DDP_Script [Rank 1] [INFO] DataLoader created with batch_size=64, num_workers=4
2025-12-04 12:34:25,892 DDP_Script [Rank 1] [INFO] local_steps=391, global_steps=391
2025-12-04 12:47:36,900 DDP_Script [Rank 1] [INFO] epoch 19 train step time: 791.00 seconds
2025-12-04 12:47:37,760 DDP_Script [Rank 1] [INFO] epoch 19 끝 (local_steps=391, global_steps=391)
2025-12-04 12:49:10,594 DDP_Script [Rank 1] [INFO] val acc 65.11%
2025-12-04 12:49:11,601 DDP_Script [Rank 1] [INFO] epoch 20 시작
2025-12-04 12:49:11,729 DDP_Script [Rank 1] [INFO] DataLoader created with batch_size=64, num_workers=4
2025-12-04 12:49:11,750 DDP_Script [Rank 1] [INFO] local_steps=391, global_steps=391
2025-12-04 13:02:10,146 DDP_Script [Rank 1] [INFO] epoch 20 train step time: 778.39 seconds
2025-12-04 13:02:10,769 DDP_Script [Rank 1] [INFO] epoch 20 끝 (local_steps=391, global_steps=391)
2025-12-04 13:03:47,066 DDP_Script [Rank 1] [INFO] val acc 65.68%
2025-12-04 13:03:49,108 DDP_Script [Rank 1] [INFO] Training loop finished.
