Current CUDA device index: 0
Current CUDA device name: NVIDIA GeForce RTX 5070 Ti
Master address: 163.180.117.216, port: 29509
2025-12-03 16:19:24,094 DDP_Script [Rank 3] [INFO] Node rank: 3, world size: 4
[Gloo] Rank 3 is connected to 3 peer ranks. Expected number of connected peer ranks is : 3
2025-12-03 16:19:24,205 DDP_Script [Rank 3] [INFO] Process group initialized: 163.180.117.216:29509
2025-12-03 16:19:24,205 DDP_Script [Rank 3] [INFO] Rank 3/4 initialized
Val sample labels: tensor([  9,  10,  15,  21,  24,  27,  28,  46,  50,  55,  57,  65,  71,  75,
         98, 100, 106, 115, 116, 124, 136, 150, 169, 175, 177, 179, 181, 184,
        188, 195])
Train samples: 100000
Val   samples: 10000
/home/ubuntu216/anaconda3/envs/Dist4/lib/python3.9/site-packages/torchvision/models/_utils.py:208: UserWarning: The parameter 'pretrained' is deprecated since 0.13 and may be removed in the future, please use 'weights' instead.
  warnings.warn(
/home/ubuntu216/anaconda3/envs/Dist4/lib/python3.9/site-packages/torchvision/models/_utils.py:223: UserWarning: Arguments other than a weight enum or `None` for 'weights' are deprecated since 0.13 and may be removed in the future. The current behavior is equivalent to passing `weights=None`.
  warnings.warn(msg)
2025-12-03 16:19:28,237 DDP_Script [Rank 3] [INFO] Model, DDP, criterion, optimizer initialized
2025-12-03 16:19:28,250 DDP_Script [Rank 3] [INFO] Modules initialized
2025-12-03 16:19:28,250 DDP_Script [Rank 3] [INFO] Starting training from scratch (epoch 1).
2025-12-03 16:19:28,354 DDP_Script [Rank 3] [INFO] epoch 1 시작
2025-12-03 16:19:28,394 DDP_Script [Rank 3] [INFO] DataLoader created with batch_size=64, num_workers=4
2025-12-03 16:19:28,410 DDP_Script [Rank 3] [INFO] local_steps=391, global_steps=391
2025-12-03 16:28:02,452 DDP_Script [Rank 3] [INFO] epoch 1 train step time: 514.04 seconds
2025-12-03 16:28:02,460 DDP_Script [Rank 3] [INFO] epoch 1 끝 (local_steps=391, global_steps=391)
2025-12-03 16:28:35,146 DDP_Script [Rank 3] [INFO] val acc 11.22%
2025-12-03 16:28:35,501 DDP_Script [Rank 3] [INFO] epoch 2 시작
2025-12-03 16:28:35,539 DDP_Script [Rank 3] [INFO] DataLoader created with batch_size=64, num_workers=4
2025-12-03 16:28:35,546 DDP_Script [Rank 3] [INFO] local_steps=391, global_steps=391
2025-12-03 16:37:12,071 DDP_Script [Rank 3] [INFO] epoch 2 train step time: 516.52 seconds
2025-12-03 16:37:12,222 DDP_Script [Rank 3] [INFO] epoch 2 끝 (local_steps=391, global_steps=391)
2025-12-03 16:37:49,942 DDP_Script [Rank 3] [INFO] val acc 18.53%
2025-12-03 16:37:50,561 DDP_Script [Rank 3] [INFO] epoch 3 시작
2025-12-03 16:37:50,612 DDP_Script [Rank 3] [INFO] DataLoader created with batch_size=64, num_workers=4
2025-12-03 16:37:50,620 DDP_Script [Rank 3] [INFO] local_steps=391, global_steps=391
2025-12-03 16:46:22,437 DDP_Script [Rank 3] [INFO] epoch 3 train step time: 511.82 seconds
2025-12-03 16:46:22,452 DDP_Script [Rank 3] [INFO] epoch 3 끝 (local_steps=391, global_steps=391)
2025-12-03 16:47:03,440 DDP_Script [Rank 3] [INFO] val acc 23.50%
2025-12-03 16:47:04,198 DDP_Script [Rank 3] [INFO] epoch 4 시작
2025-12-03 16:47:04,307 DDP_Script [Rank 3] [INFO] DataLoader created with batch_size=64, num_workers=4
2025-12-03 16:47:04,315 DDP_Script [Rank 3] [INFO] local_steps=391, global_steps=391
2025-12-03 16:57:21,571 DDP_Script [Rank 3] [INFO] epoch 4 train step time: 617.25 seconds
2025-12-03 16:57:21,581 DDP_Script [Rank 3] [INFO] epoch 4 끝 (local_steps=391, global_steps=391)
2025-12-03 16:57:53,791 DDP_Script [Rank 3] [INFO] val acc 30.01%
2025-12-03 16:57:54,587 DDP_Script [Rank 3] [INFO] epoch 5 시작
2025-12-03 16:57:54,655 DDP_Script [Rank 3] [INFO] DataLoader created with batch_size=64, num_workers=4
2025-12-03 16:57:54,731 DDP_Script [Rank 3] [INFO] local_steps=391, global_steps=391
2025-12-03 17:07:00,305 DDP_Script [Rank 3] [INFO] epoch 5 train step time: 545.57 seconds
2025-12-03 17:07:00,322 DDP_Script [Rank 3] [INFO] epoch 5 끝 (local_steps=391, global_steps=391)
2025-12-03 17:07:27,728 DDP_Script [Rank 3] [INFO] val acc 33.92%
2025-12-03 17:07:28,431 DDP_Script [Rank 3] [INFO] epoch 6 시작
2025-12-03 17:07:28,481 DDP_Script [Rank 3] [INFO] DataLoader created with batch_size=64, num_workers=4
2025-12-03 17:07:28,487 DDP_Script [Rank 3] [INFO] local_steps=391, global_steps=391
2025-12-03 17:14:41,651 DDP_Script [Rank 3] [INFO] epoch 6 train step time: 433.16 seconds
2025-12-03 17:14:41,662 DDP_Script [Rank 3] [INFO] epoch 6 끝 (local_steps=391, global_steps=391)
2025-12-03 17:15:18,024 DDP_Script [Rank 3] [INFO] val acc 36.75%
2025-12-03 17:15:18,759 DDP_Script [Rank 3] [INFO] epoch 7 시작
2025-12-03 17:15:18,806 DDP_Script [Rank 3] [INFO] DataLoader created with batch_size=64, num_workers=4
2025-12-03 17:15:18,814 DDP_Script [Rank 3] [INFO] local_steps=391, global_steps=391
2025-12-03 17:22:53,248 DDP_Script [Rank 3] [INFO] epoch 7 train step time: 454.43 seconds
2025-12-03 17:22:53,257 DDP_Script [Rank 3] [INFO] epoch 7 끝 (local_steps=391, global_steps=391)
2025-12-03 17:23:26,112 DDP_Script [Rank 3] [INFO] val acc 40.40%
2025-12-03 17:23:26,880 DDP_Script [Rank 3] [INFO] epoch 8 시작
2025-12-03 17:23:26,931 DDP_Script [Rank 3] [INFO] DataLoader created with batch_size=64, num_workers=4
2025-12-03 17:23:26,938 DDP_Script [Rank 3] [INFO] local_steps=391, global_steps=391
2025-12-03 17:32:23,524 DDP_Script [Rank 3] [INFO] epoch 8 train step time: 536.58 seconds
2025-12-03 17:32:23,538 DDP_Script [Rank 3] [INFO] epoch 8 끝 (local_steps=391, global_steps=391)
2025-12-03 17:32:54,839 DDP_Script [Rank 3] [INFO] val acc 41.13%
2025-12-03 17:32:55,472 DDP_Script [Rank 3] [INFO] epoch 9 시작
2025-12-03 17:32:55,532 DDP_Script [Rank 3] [INFO] DataLoader created with batch_size=64, num_workers=4
2025-12-03 17:32:55,538 DDP_Script [Rank 3] [INFO] local_steps=391, global_steps=391
2025-12-03 17:40:57,743 DDP_Script [Rank 3] [INFO] epoch 9 train step time: 482.20 seconds
2025-12-03 17:40:57,825 DDP_Script [Rank 3] [INFO] epoch 9 끝 (local_steps=391, global_steps=391)
2025-12-03 17:41:30,499 DDP_Script [Rank 3] [INFO] val acc 43.77%
2025-12-03 17:41:31,275 DDP_Script [Rank 3] [INFO] epoch 10 시작
2025-12-03 17:41:31,326 DDP_Script [Rank 3] [INFO] DataLoader created with batch_size=64, num_workers=4
2025-12-03 17:41:31,334 DDP_Script [Rank 3] [INFO] local_steps=391, global_steps=391
2025-12-03 17:50:55,963 DDP_Script [Rank 3] [INFO] epoch 10 train step time: 564.63 seconds
2025-12-03 17:50:55,974 DDP_Script [Rank 3] [INFO] epoch 10 끝 (local_steps=391, global_steps=391)
2025-12-03 17:51:24,044 DDP_Script [Rank 3] [INFO] val acc 44.90%
2025-12-03 17:51:24,679 DDP_Script [Rank 3] [INFO] epoch 11 시작
2025-12-03 17:51:24,731 DDP_Script [Rank 3] [INFO] DataLoader created with batch_size=64, num_workers=4
2025-12-03 17:51:24,738 DDP_Script [Rank 3] [INFO] local_steps=391, global_steps=391
2025-12-03 17:59:03,105 DDP_Script [Rank 3] [INFO] epoch 11 train step time: 458.37 seconds
2025-12-03 17:59:03,117 DDP_Script [Rank 3] [INFO] epoch 11 끝 (local_steps=391, global_steps=391)
2025-12-03 17:59:30,547 DDP_Script [Rank 3] [INFO] val acc 47.84%
2025-12-03 17:59:31,211 DDP_Script [Rank 3] [INFO] epoch 12 시작
2025-12-03 17:59:31,261 DDP_Script [Rank 3] [INFO] DataLoader created with batch_size=64, num_workers=4
2025-12-03 17:59:31,267 DDP_Script [Rank 3] [INFO] local_steps=391, global_steps=391
2025-12-03 18:06:29,715 DDP_Script [Rank 3] [INFO] epoch 12 train step time: 418.45 seconds
2025-12-03 18:06:29,724 DDP_Script [Rank 3] [INFO] epoch 12 끝 (local_steps=391, global_steps=391)
2025-12-03 18:06:58,935 DDP_Script [Rank 3] [INFO] val acc 47.12%
2025-12-03 18:06:59,800 DDP_Script [Rank 3] [INFO] epoch 13 시작
2025-12-03 18:06:59,848 DDP_Script [Rank 3] [INFO] DataLoader created with batch_size=64, num_workers=4
2025-12-03 18:06:59,855 DDP_Script [Rank 3] [INFO] local_steps=391, global_steps=391
2025-12-03 18:14:18,836 DDP_Script [Rank 3] [INFO] epoch 13 train step time: 438.98 seconds
2025-12-03 18:14:18,895 DDP_Script [Rank 3] [INFO] epoch 13 끝 (local_steps=391, global_steps=391)
2025-12-03 18:14:51,861 DDP_Script [Rank 3] [INFO] val acc 49.84%
2025-12-03 18:14:52,701 DDP_Script [Rank 3] [INFO] epoch 14 시작
2025-12-03 18:14:52,747 DDP_Script [Rank 3] [INFO] DataLoader created with batch_size=64, num_workers=4
2025-12-03 18:14:52,755 DDP_Script [Rank 3] [INFO] local_steps=391, global_steps=391
2025-12-03 18:21:55,976 DDP_Script [Rank 3] [INFO] epoch 14 train step time: 423.22 seconds
2025-12-03 18:21:55,987 DDP_Script [Rank 3] [INFO] epoch 14 끝 (local_steps=391, global_steps=391)
2025-12-03 18:22:26,521 DDP_Script [Rank 3] [INFO] val acc 50.14%
2025-12-03 18:22:27,322 DDP_Script [Rank 3] [INFO] epoch 15 시작
2025-12-03 18:22:27,380 DDP_Script [Rank 3] [INFO] DataLoader created with batch_size=64, num_workers=4
2025-12-03 18:22:27,390 DDP_Script [Rank 3] [INFO] local_steps=391, global_steps=391
2025-12-03 18:30:11,927 DDP_Script [Rank 3] [INFO] epoch 15 train step time: 464.54 seconds
2025-12-03 18:30:11,939 DDP_Script [Rank 3] [INFO] epoch 15 끝 (local_steps=391, global_steps=391)
2025-12-03 18:30:44,122 DDP_Script [Rank 3] [INFO] val acc 50.64%
2025-12-03 18:30:44,845 DDP_Script [Rank 3] [INFO] epoch 16 시작
2025-12-03 18:30:44,909 DDP_Script [Rank 3] [INFO] DataLoader created with batch_size=64, num_workers=4
2025-12-03 18:30:44,916 DDP_Script [Rank 3] [INFO] local_steps=391, global_steps=391
2025-12-03 18:37:43,443 DDP_Script [Rank 3] [INFO] epoch 16 train step time: 418.53 seconds
2025-12-03 18:37:43,454 DDP_Script [Rank 3] [INFO] epoch 16 끝 (local_steps=391, global_steps=391)
2025-12-03 18:38:21,149 DDP_Script [Rank 3] [INFO] val acc 52.84%
2025-12-03 18:38:21,827 DDP_Script [Rank 3] [INFO] epoch 17 시작
2025-12-03 18:38:21,896 DDP_Script [Rank 3] [INFO] DataLoader created with batch_size=64, num_workers=4
2025-12-03 18:38:21,901 DDP_Script [Rank 3] [INFO] local_steps=391, global_steps=391
2025-12-03 18:45:36,522 DDP_Script [Rank 3] [INFO] epoch 17 train step time: 434.62 seconds
2025-12-03 18:45:36,532 DDP_Script [Rank 3] [INFO] epoch 17 끝 (local_steps=391, global_steps=391)
2025-12-03 18:46:08,076 DDP_Script [Rank 3] [INFO] val acc 52.51%
2025-12-03 18:46:08,849 DDP_Script [Rank 3] [INFO] epoch 18 시작
2025-12-03 18:46:08,905 DDP_Script [Rank 3] [INFO] DataLoader created with batch_size=64, num_workers=4
2025-12-03 18:46:08,912 DDP_Script [Rank 3] [INFO] local_steps=391, global_steps=391
2025-12-03 18:54:28,070 DDP_Script [Rank 3] [INFO] epoch 18 train step time: 499.16 seconds
2025-12-03 18:54:28,164 DDP_Script [Rank 3] [INFO] epoch 18 끝 (local_steps=391, global_steps=391)
2025-12-03 18:55:02,058 DDP_Script [Rank 3] [INFO] val acc 53.28%
2025-12-03 18:55:02,761 DDP_Script [Rank 3] [INFO] epoch 19 시작
2025-12-03 18:55:02,829 DDP_Script [Rank 3] [INFO] DataLoader created with batch_size=64, num_workers=4
2025-12-03 18:55:02,834 DDP_Script [Rank 3] [INFO] local_steps=391, global_steps=391
2025-12-03 19:01:53,398 DDP_Script [Rank 3] [INFO] epoch 19 train step time: 410.56 seconds
2025-12-03 19:01:53,413 DDP_Script [Rank 3] [INFO] epoch 19 끝 (local_steps=391, global_steps=391)
2025-12-03 19:02:23,943 DDP_Script [Rank 3] [INFO] val acc 53.70%
2025-12-03 19:02:24,949 DDP_Script [Rank 3] [INFO] epoch 20 시작
2025-12-03 19:02:25,009 DDP_Script [Rank 3] [INFO] DataLoader created with batch_size=64, num_workers=4
2025-12-03 19:02:25,016 DDP_Script [Rank 3] [INFO] local_steps=391, global_steps=391
2025-12-03 19:10:50,530 DDP_Script [Rank 3] [INFO] epoch 20 train step time: 505.51 seconds
2025-12-03 19:10:50,541 DDP_Script [Rank 3] [INFO] epoch 20 끝 (local_steps=391, global_steps=391)
2025-12-03 19:11:27,793 DDP_Script [Rank 3] [INFO] val acc 54.75%
2025-12-03 19:11:28,540 DDP_Script [Rank 3] [INFO] Training loop finished.
