Current CUDA device index: 0
Current CUDA device name: NVIDIA GeForce RTX 5070 Ti
Master address: 163.180.117.216, port: 29551
2025-12-04 00:35:06,506 DDP_Script [Rank 1] [INFO] Node rank: 1, world size: 2
[Gloo] Rank 1 is connected to 1 peer ranks. Expected number of connected peer ranks is : 1
2025-12-04 00:35:08,968 DDP_Script [Rank 1] [INFO] Process group initialized: 163.180.117.216:29551
2025-12-04 00:35:08,969 DDP_Script [Rank 1] [INFO] Rank 1/2 initialized
2025-12-04 00:35:10,074 DDP_Script [Rank 1] [INFO] Rank 1 loading tokenizer from cache: distilbert-base-uncased
2025-12-04 00:35:15,432 DDP_Script [Rank 1] [INFO] Rank 1 loading dataset from cache: glue/sst2
2025-12-04 00:35:20,324 DDP_Script [Rank 1] [INFO] Tokenizing datasets...
2025-12-04 00:35:20,385 DDP_Script [Rank 1] [INFO] SST-2 Dataset and Tokenizer loaded.
2025-12-04 00:35:20,393 DDP_Script [Rank 1] [INFO] Rank 1 loading model from cache: distilbert-base-uncased
Some weights of DistilBertForSequenceClassification were not initialized from the model checkpoint at distilbert-base-uncased and are newly initialized: ['classifier.bias', 'classifier.weight', 'pre_classifier.bias', 'pre_classifier.weight']
You should probably TRAIN this model on a down-stream task to be able to use it for predictions and inference.
2025-12-04 00:35:24,484 DDP_Script [Rank 1] [INFO] Model (DistilBert), DDP, optimizer (AdamW) initialized
2025-12-04 00:35:24,505 DDP_Script [Rank 1] [INFO] Modules initialized
2025-12-04 00:35:24,505 DDP_Script [Rank 1] [INFO] Starting training from scratch (epoch 1).
2025-12-04 00:35:24,586 DDP_Script [Rank 1] [INFO] epoch 1 시작
2025-12-04 00:35:24,609 DDP_Script [Rank 1] [INFO] DataLoader created with batch_size=16, num_workers=4
2025-12-04 00:35:24,628 DDP_Script [Rank 1] [INFO] local_steps=2105, global_steps=2105
2025-12-04 00:50:13,576 DDP_Script [Rank 1] [INFO] epoch 1 train step time: 888.94 seconds
2025-12-04 00:50:13,594 DDP_Script [Rank 1] [INFO] epoch 1 끝 (local_steps=2105, global_steps=2105)
2025-12-04 00:50:14,678 DDP_Script [Rank 1] [INFO] val acc 90.02%
2025-12-04 00:50:16,345 DDP_Script [Rank 1] [INFO] epoch 2 시작
2025-12-04 00:50:16,452 DDP_Script [Rank 1] [INFO] DataLoader created with batch_size=16, num_workers=4
2025-12-04 00:50:16,469 DDP_Script [Rank 1] [INFO] local_steps=2105, global_steps=2105
2025-12-04 01:05:48,175 DDP_Script [Rank 1] [INFO] epoch 2 train step time: 931.70 seconds
2025-12-04 01:05:48,185 DDP_Script [Rank 1] [INFO] epoch 2 끝 (local_steps=2105, global_steps=2105)
2025-12-04 01:05:49,015 DDP_Script [Rank 1] [INFO] val acc 91.17%
2025-12-04 01:05:52,739 DDP_Script [Rank 1] [INFO] epoch 3 시작
2025-12-04 01:05:52,796 DDP_Script [Rank 1] [INFO] DataLoader created with batch_size=16, num_workers=4
2025-12-04 01:05:52,801 DDP_Script [Rank 1] [INFO] local_steps=2105, global_steps=2105
2025-12-04 01:21:26,285 DDP_Script [Rank 1] [INFO] epoch 3 train step time: 933.48 seconds
2025-12-04 01:21:26,297 DDP_Script [Rank 1] [INFO] epoch 3 끝 (local_steps=2105, global_steps=2105)
2025-12-04 01:21:27,314 DDP_Script [Rank 1] [INFO] val acc 90.60%
2025-12-04 01:21:30,558 DDP_Script [Rank 1] [INFO] epoch 4 시작
2025-12-04 01:21:30,597 DDP_Script [Rank 1] [INFO] DataLoader created with batch_size=16, num_workers=4
2025-12-04 01:21:30,601 DDP_Script [Rank 1] [INFO] local_steps=2105, global_steps=2105
2025-12-04 01:37:25,518 DDP_Script [Rank 1] [INFO] epoch 4 train step time: 954.91 seconds
2025-12-04 01:37:25,535 DDP_Script [Rank 1] [INFO] epoch 4 끝 (local_steps=2105, global_steps=2105)
2025-12-04 01:37:26,461 DDP_Script [Rank 1] [INFO] val acc 90.94%
2025-12-04 01:37:29,708 DDP_Script [Rank 1] [INFO] epoch 5 시작
2025-12-04 01:37:29,764 DDP_Script [Rank 1] [INFO] DataLoader created with batch_size=16, num_workers=4
2025-12-04 01:37:29,814 DDP_Script [Rank 1] [INFO] local_steps=2105, global_steps=2105
2025-12-04 01:52:59,731 DDP_Script [Rank 1] [INFO] epoch 5 train step time: 929.91 seconds
2025-12-04 01:52:59,761 DDP_Script [Rank 1] [INFO] epoch 5 끝 (local_steps=2105, global_steps=2105)
2025-12-04 01:53:00,840 DDP_Script [Rank 1] [INFO] val acc 90.60%
2025-12-04 01:53:04,137 DDP_Script [Rank 1] [INFO] epoch 6 시작
2025-12-04 01:53:04,191 DDP_Script [Rank 1] [INFO] DataLoader created with batch_size=16, num_workers=4
2025-12-04 01:53:04,196 DDP_Script [Rank 1] [INFO] local_steps=2105, global_steps=2105
2025-12-04 02:09:14,664 DDP_Script [Rank 1] [INFO] epoch 6 train step time: 970.47 seconds
2025-12-04 02:09:14,676 DDP_Script [Rank 1] [INFO] epoch 6 끝 (local_steps=2105, global_steps=2105)
2025-12-04 02:09:15,573 DDP_Script [Rank 1] [INFO] val acc 90.71%
2025-12-04 02:09:19,017 DDP_Script [Rank 1] [INFO] epoch 7 시작
2025-12-04 02:09:19,045 DDP_Script [Rank 1] [INFO] DataLoader created with batch_size=16, num_workers=4
2025-12-04 02:09:19,050 DDP_Script [Rank 1] [INFO] local_steps=2105, global_steps=2105
2025-12-04 02:25:26,116 DDP_Script [Rank 1] [INFO] epoch 7 train step time: 967.06 seconds
2025-12-04 02:25:26,132 DDP_Script [Rank 1] [INFO] epoch 7 끝 (local_steps=2105, global_steps=2105)
2025-12-04 02:25:27,387 DDP_Script [Rank 1] [INFO] val acc 89.79%
2025-12-04 02:25:31,094 DDP_Script [Rank 1] [INFO] epoch 8 시작
2025-12-04 02:25:31,132 DDP_Script [Rank 1] [INFO] DataLoader created with batch_size=16, num_workers=4
2025-12-04 02:25:31,139 DDP_Script [Rank 1] [INFO] local_steps=2105, global_steps=2105
2025-12-04 02:41:29,779 DDP_Script [Rank 1] [INFO] epoch 8 train step time: 958.64 seconds
2025-12-04 02:41:29,789 DDP_Script [Rank 1] [INFO] epoch 8 끝 (local_steps=2105, global_steps=2105)
2025-12-04 02:41:30,875 DDP_Script [Rank 1] [INFO] val acc 89.68%
2025-12-04 02:41:34,581 DDP_Script [Rank 1] [INFO] epoch 9 시작
2025-12-04 02:41:34,628 DDP_Script [Rank 1] [INFO] DataLoader created with batch_size=16, num_workers=4
2025-12-04 02:41:34,636 DDP_Script [Rank 1] [INFO] local_steps=2105, global_steps=2105
2025-12-04 02:57:32,778 DDP_Script [Rank 1] [INFO] epoch 9 train step time: 958.14 seconds
2025-12-04 02:57:32,878 DDP_Script [Rank 1] [INFO] epoch 9 끝 (local_steps=2105, global_steps=2105)
2025-12-04 02:57:33,871 DDP_Script [Rank 1] [INFO] val acc 88.07%
2025-12-04 02:57:37,478 DDP_Script [Rank 1] [INFO] epoch 10 시작
2025-12-04 02:57:37,523 DDP_Script [Rank 1] [INFO] DataLoader created with batch_size=16, num_workers=4
2025-12-04 02:57:37,535 DDP_Script [Rank 1] [INFO] local_steps=2105, global_steps=2105
2025-12-04 03:12:41,670 DDP_Script [Rank 1] [INFO] epoch 10 train step time: 904.13 seconds
2025-12-04 03:12:41,691 DDP_Script [Rank 1] [INFO] epoch 10 끝 (local_steps=2105, global_steps=2105)
2025-12-04 03:12:42,816 DDP_Script [Rank 1] [INFO] val acc 88.53%
2025-12-04 03:12:46,008 DDP_Script [Rank 1] [INFO] epoch 11 시작
2025-12-04 03:12:46,044 DDP_Script [Rank 1] [INFO] DataLoader created with batch_size=16, num_workers=4
2025-12-04 03:12:46,052 DDP_Script [Rank 1] [INFO] local_steps=2105, global_steps=2105
2025-12-04 03:29:13,402 DDP_Script [Rank 1] [INFO] epoch 11 train step time: 987.35 seconds
2025-12-04 03:29:13,420 DDP_Script [Rank 1] [INFO] epoch 11 끝 (local_steps=2105, global_steps=2105)
2025-12-04 03:29:14,384 DDP_Script [Rank 1] [INFO] val acc 90.48%
2025-12-04 03:29:17,644 DDP_Script [Rank 1] [INFO] epoch 12 시작
2025-12-04 03:29:17,667 DDP_Script [Rank 1] [INFO] DataLoader created with batch_size=16, num_workers=4
2025-12-04 03:29:17,671 DDP_Script [Rank 1] [INFO] local_steps=2105, global_steps=2105
2025-12-04 03:45:22,044 DDP_Script [Rank 1] [INFO] epoch 12 train step time: 964.37 seconds
2025-12-04 03:45:22,220 DDP_Script [Rank 1] [INFO] epoch 12 끝 (local_steps=2105, global_steps=2105)
2025-12-04 03:45:23,524 DDP_Script [Rank 1] [INFO] val acc 91.97%
2025-12-04 03:45:27,065 DDP_Script [Rank 1] [INFO] epoch 13 시작
2025-12-04 03:45:27,084 DDP_Script [Rank 1] [INFO] DataLoader created with batch_size=16, num_workers=4
2025-12-04 03:45:27,087 DDP_Script [Rank 1] [INFO] local_steps=2105, global_steps=2105
2025-12-04 04:02:18,337 DDP_Script [Rank 1] [INFO] epoch 13 train step time: 1011.25 seconds
2025-12-04 04:02:18,790 DDP_Script [Rank 1] [INFO] epoch 13 끝 (local_steps=2105, global_steps=2105)
2025-12-04 04:02:19,739 DDP_Script [Rank 1] [INFO] val acc 90.14%
2025-12-04 04:02:22,850 DDP_Script [Rank 1] [INFO] epoch 14 시작
2025-12-04 04:02:22,871 DDP_Script [Rank 1] [INFO] DataLoader created with batch_size=16, num_workers=4
2025-12-04 04:02:22,892 DDP_Script [Rank 1] [INFO] local_steps=2105, global_steps=2105
2025-12-04 04:18:17,874 DDP_Script [Rank 1] [INFO] epoch 14 train step time: 954.98 seconds
2025-12-04 04:18:17,889 DDP_Script [Rank 1] [INFO] epoch 14 끝 (local_steps=2105, global_steps=2105)
2025-12-04 04:18:19,038 DDP_Script [Rank 1] [INFO] val acc 90.25%
2025-12-04 04:18:22,200 DDP_Script [Rank 1] [INFO] epoch 15 시작
2025-12-04 04:18:22,224 DDP_Script [Rank 1] [INFO] DataLoader created with batch_size=16, num_workers=4
2025-12-04 04:18:22,230 DDP_Script [Rank 1] [INFO] local_steps=2105, global_steps=2105
2025-12-04 04:34:41,636 DDP_Script [Rank 1] [INFO] epoch 15 train step time: 979.40 seconds
2025-12-04 04:34:41,661 DDP_Script [Rank 1] [INFO] epoch 15 끝 (local_steps=2105, global_steps=2105)
2025-12-04 04:34:42,512 DDP_Script [Rank 1] [INFO] val acc 88.30%
2025-12-04 04:34:45,924 DDP_Script [Rank 1] [INFO] epoch 16 시작
2025-12-04 04:34:45,957 DDP_Script [Rank 1] [INFO] DataLoader created with batch_size=16, num_workers=4
2025-12-04 04:34:45,986 DDP_Script [Rank 1] [INFO] local_steps=2105, global_steps=2105
2025-12-04 04:51:06,980 DDP_Script [Rank 1] [INFO] epoch 16 train step time: 980.99 seconds
2025-12-04 04:51:07,076 DDP_Script [Rank 1] [INFO] epoch 16 끝 (local_steps=2105, global_steps=2105)
2025-12-04 04:51:08,164 DDP_Script [Rank 1] [INFO] val acc 88.99%
2025-12-04 04:51:11,387 DDP_Script [Rank 1] [INFO] epoch 17 시작
2025-12-04 04:51:11,419 DDP_Script [Rank 1] [INFO] DataLoader created with batch_size=16, num_workers=4
2025-12-04 04:51:11,428 DDP_Script [Rank 1] [INFO] local_steps=2105, global_steps=2105
2025-12-04 05:07:17,650 DDP_Script [Rank 1] [INFO] epoch 17 train step time: 966.22 seconds
2025-12-04 05:07:17,665 DDP_Script [Rank 1] [INFO] epoch 17 끝 (local_steps=2105, global_steps=2105)
2025-12-04 05:07:18,582 DDP_Script [Rank 1] [INFO] val acc 90.94%
2025-12-04 05:07:22,181 DDP_Script [Rank 1] [INFO] epoch 18 시작
2025-12-04 05:07:22,217 DDP_Script [Rank 1] [INFO] DataLoader created with batch_size=16, num_workers=4
2025-12-04 05:07:22,232 DDP_Script [Rank 1] [INFO] local_steps=2105, global_steps=2105
2025-12-04 05:23:40,017 DDP_Script [Rank 1] [INFO] epoch 18 train step time: 977.78 seconds
2025-12-04 05:23:40,026 DDP_Script [Rank 1] [INFO] epoch 18 끝 (local_steps=2105, global_steps=2105)
2025-12-04 05:23:41,339 DDP_Script [Rank 1] [INFO] val acc 89.33%
2025-12-04 05:23:44,476 DDP_Script [Rank 1] [INFO] epoch 19 시작
2025-12-04 05:23:44,508 DDP_Script [Rank 1] [INFO] DataLoader created with batch_size=16, num_workers=4
2025-12-04 05:23:44,516 DDP_Script [Rank 1] [INFO] local_steps=2105, global_steps=2105
2025-12-04 05:40:16,836 DDP_Script [Rank 1] [INFO] epoch 19 train step time: 992.32 seconds
2025-12-04 05:40:16,861 DDP_Script [Rank 1] [INFO] epoch 19 끝 (local_steps=2105, global_steps=2105)
2025-12-04 05:40:18,013 DDP_Script [Rank 1] [INFO] val acc 89.79%
2025-12-04 05:40:21,636 DDP_Script [Rank 1] [INFO] epoch 20 시작
2025-12-04 05:40:21,670 DDP_Script [Rank 1] [INFO] DataLoader created with batch_size=16, num_workers=4
2025-12-04 05:40:21,679 DDP_Script [Rank 1] [INFO] local_steps=2105, global_steps=2105
2025-12-04 05:56:27,140 DDP_Script [Rank 1] [INFO] epoch 20 train step time: 965.46 seconds
2025-12-04 05:56:27,349 DDP_Script [Rank 1] [INFO] epoch 20 끝 (local_steps=2105, global_steps=2105)
2025-12-04 05:56:28,457 DDP_Script [Rank 1] [INFO] val acc 89.91%
2025-12-04 05:56:31,810 DDP_Script [Rank 1] [INFO] Training loop finished.
