Current CUDA device index: 0
Current CUDA device name: NVIDIA GeForce RTX 5070 Ti
Master address: 163.180.117.216, port: 29581
2025-12-04 07:38:41,235 DDP_Script [Rank 0] [INFO] Node rank: 0, world size: 2
[Gloo] Rank 0 is connected to 1 peer ranks. Expected number of connected peer ranks is : 1
2025-12-04 07:38:50,396 DDP_Script [Rank 0] [INFO] Process group initialized: 163.180.117.216:29581
2025-12-04 07:38:50,400 DDP_Script [Rank 0] [INFO] Rank 0/2 initialized
/home/ubuntu216/anaconda3/envs/Dist1/lib/python3.9/site-packages/torchvision/models/_utils.py:208: UserWarning: The parameter 'pretrained' is deprecated since 0.13 and may be removed in the future, please use 'weights' instead.
  warnings.warn(
/home/ubuntu216/anaconda3/envs/Dist1/lib/python3.9/site-packages/torchvision/models/_utils.py:223: UserWarning: Arguments other than a weight enum or `None` for 'weights' are deprecated since 0.13 and may be removed in the future. The current behavior is equivalent to passing `weights=None`.
  warnings.warn(msg)
2025-12-04 07:39:17,813 DDP_Script [Rank 0] [INFO] Model, DDP, criterion, optimizer initialized
2025-12-04 07:39:17,888 DDP_Script [Rank 0] [INFO] Modules initialized
2025-12-04 07:39:17,902 DDP_Script [Rank 0] [INFO] Checkpoint directory created: ./checkpoints/job-8841f6408641
2025-12-04 07:39:17,905 DDP_Script [Rank 0] [INFO] Starting training from scratch (epoch 1).
2025-12-04 07:39:18,214 DDP_Script [Rank 0] [INFO] epoch 1 시작
2025-12-04 07:39:18,313 DDP_Script [Rank 0] [INFO] DataLoader created with batch_size=64, num_workers=4
2025-12-04 07:39:18,354 DDP_Script [Rank 0] [INFO] 모든 노드 중 max_steps = 391
2025-12-04 07:39:18,354 DDP_Script [Rank 0] [INFO] local_steps=391, global_steps=391
2025-12-04 07:54:05,007 DDP_Script [Rank 0] [INFO] epoch 1 train step time: 886.64 seconds
2025-12-04 07:54:05,037 DDP_Script [Rank 0] [INFO] epoch 1 끝 (local_steps=391, global_steps=391)
2025-12-04 07:55:21,019 DDP_Script [Rank 0] [INFO] val acc 12.69%
2025-12-04 07:55:21,106 DDP_Script [Rank 0] [INFO] Saving checkpoint to ./checkpoints/job-8841f6408641/latest_checkpoint.pth ...
2025-12-04 07:55:27,638 DDP_Script [Rank 0] [INFO] Successfully reported epoch 1/20 (Acc: 12.69%) to global server.
2025-12-04 07:55:27,679 DDP_Script [Rank 0] [INFO] epoch 2 시작
2025-12-04 07:55:27,788 DDP_Script [Rank 0] [INFO] DataLoader created with batch_size=64, num_workers=4
2025-12-04 07:55:27,806 DDP_Script [Rank 0] [INFO] 모든 노드 중 max_steps = 391
2025-12-04 07:55:27,806 DDP_Script [Rank 0] [INFO] local_steps=391, global_steps=391
2025-12-04 08:09:55,755 DDP_Script [Rank 0] [INFO] epoch 2 train step time: 867.94 seconds
2025-12-04 08:09:55,802 DDP_Script [Rank 0] [INFO] epoch 2 끝 (local_steps=391, global_steps=391)
2025-12-04 08:11:07,787 DDP_Script [Rank 0] [INFO] val acc 19.25%
2025-12-04 08:11:07,880 DDP_Script [Rank 0] [INFO] Saving checkpoint to ./checkpoints/job-8841f6408641/latest_checkpoint.pth ...
2025-12-04 08:11:15,491 DDP_Script [Rank 0] [INFO] Successfully reported epoch 2/20 (Acc: 19.25%) to global server.
2025-12-04 08:11:15,522 DDP_Script [Rank 0] [INFO] epoch 3 시작
2025-12-04 08:11:15,610 DDP_Script [Rank 0] [INFO] DataLoader created with batch_size=64, num_workers=4
2025-12-04 08:11:15,628 DDP_Script [Rank 0] [INFO] 모든 노드 중 max_steps = 391
2025-12-04 08:11:15,628 DDP_Script [Rank 0] [INFO] local_steps=391, global_steps=391
2025-12-04 08:25:53,748 DDP_Script [Rank 0] [INFO] epoch 3 train step time: 878.12 seconds
2025-12-04 08:25:53,759 DDP_Script [Rank 0] [INFO] epoch 3 끝 (local_steps=391, global_steps=391)
2025-12-04 08:27:07,487 DDP_Script [Rank 0] [INFO] val acc 25.46%
2025-12-04 08:27:07,555 DDP_Script [Rank 0] [INFO] Saving checkpoint to ./checkpoints/job-8841f6408641/latest_checkpoint.pth ...
2025-12-04 08:27:15,667 DDP_Script [Rank 0] [INFO] Successfully reported epoch 3/20 (Acc: 25.46%) to global server.
2025-12-04 08:27:15,680 DDP_Script [Rank 0] [INFO] epoch 4 시작
2025-12-04 08:27:15,703 DDP_Script [Rank 0] [INFO] DataLoader created with batch_size=64, num_workers=4
2025-12-04 08:27:15,707 DDP_Script [Rank 0] [INFO] 모든 노드 중 max_steps = 391
2025-12-04 08:27:15,707 DDP_Script [Rank 0] [INFO] local_steps=391, global_steps=391
2025-12-04 08:42:08,786 DDP_Script [Rank 0] [INFO] epoch 4 train step time: 893.08 seconds
2025-12-04 08:42:08,802 DDP_Script [Rank 0] [INFO] epoch 4 끝 (local_steps=391, global_steps=391)
2025-12-04 08:43:42,180 DDP_Script [Rank 0] [INFO] val acc 28.05%
2025-12-04 08:43:42,305 DDP_Script [Rank 0] [INFO] Saving checkpoint to ./checkpoints/job-8841f6408641/latest_checkpoint.pth ...
2025-12-04 08:43:50,565 DDP_Script [Rank 0] [INFO] Successfully reported epoch 4/20 (Acc: 28.05%) to global server.
2025-12-04 08:43:50,603 DDP_Script [Rank 0] [INFO] epoch 5 시작
2025-12-04 08:43:50,736 DDP_Script [Rank 0] [INFO] DataLoader created with batch_size=64, num_workers=4
2025-12-04 08:43:50,754 DDP_Script [Rank 0] [INFO] 모든 노드 중 max_steps = 391
2025-12-04 08:43:50,755 DDP_Script [Rank 0] [INFO] local_steps=391, global_steps=391
2025-12-04 08:59:04,759 DDP_Script [Rank 0] [INFO] epoch 5 train step time: 914.00 seconds
2025-12-04 08:59:04,799 DDP_Script [Rank 0] [INFO] epoch 5 끝 (local_steps=391, global_steps=391)
2025-12-04 09:00:32,586 DDP_Script [Rank 0] [INFO] val acc 36.43%
2025-12-04 09:00:32,707 DDP_Script [Rank 0] [INFO] Saving checkpoint to ./checkpoints/job-8841f6408641/latest_checkpoint.pth ...
2025-12-04 09:00:40,581 DDP_Script [Rank 0] [INFO] Successfully reported epoch 5/20 (Acc: 36.43%) to global server.
2025-12-04 09:00:40,622 DDP_Script [Rank 0] [INFO] epoch 6 시작
2025-12-04 09:00:40,709 DDP_Script [Rank 0] [INFO] DataLoader created with batch_size=64, num_workers=4
2025-12-04 09:00:40,720 DDP_Script [Rank 0] [INFO] 모든 노드 중 max_steps = 391
2025-12-04 09:00:40,720 DDP_Script [Rank 0] [INFO] local_steps=391, global_steps=391
2025-12-04 09:18:31,753 DDP_Script [Rank 0] [INFO] epoch 6 train step time: 1071.03 seconds
2025-12-04 09:18:31,762 DDP_Script [Rank 0] [INFO] epoch 6 끝 (local_steps=391, global_steps=391)
2025-12-04 09:19:41,113 DDP_Script [Rank 0] [INFO] val acc 42.05%
2025-12-04 09:19:41,215 DDP_Script [Rank 0] [INFO] Saving checkpoint to ./checkpoints/job-8841f6408641/latest_checkpoint.pth ...
2025-12-04 09:19:46,610 DDP_Script [Rank 0] [INFO] Successfully reported epoch 6/20 (Acc: 42.05%) to global server.
2025-12-04 09:19:46,647 DDP_Script [Rank 0] [INFO] epoch 7 시작
2025-12-04 09:19:46,714 DDP_Script [Rank 0] [INFO] DataLoader created with batch_size=64, num_workers=4
2025-12-04 09:19:46,723 DDP_Script [Rank 0] [INFO] 모든 노드 중 max_steps = 391
2025-12-04 09:19:46,723 DDP_Script [Rank 0] [INFO] local_steps=391, global_steps=391
2025-12-04 09:35:57,586 DDP_Script [Rank 0] [INFO] epoch 7 train step time: 970.86 seconds
2025-12-04 09:35:57,597 DDP_Script [Rank 0] [INFO] epoch 7 끝 (local_steps=391, global_steps=391)
2025-12-04 09:37:28,976 DDP_Script [Rank 0] [INFO] val acc 47.37%
2025-12-04 09:37:29,102 DDP_Script [Rank 0] [INFO] Saving checkpoint to ./checkpoints/job-8841f6408641/latest_checkpoint.pth ...
2025-12-04 09:37:40,154 DDP_Script [Rank 0] [INFO] Successfully reported epoch 7/20 (Acc: 47.37%) to global server.
2025-12-04 09:37:40,179 DDP_Script [Rank 0] [INFO] epoch 8 시작
2025-12-04 09:37:40,291 DDP_Script [Rank 0] [INFO] DataLoader created with batch_size=64, num_workers=4
2025-12-04 09:37:40,304 DDP_Script [Rank 0] [INFO] 모든 노드 중 max_steps = 391
2025-12-04 09:37:40,304 DDP_Script [Rank 0] [INFO] local_steps=391, global_steps=391
2025-12-04 09:55:57,595 DDP_Script [Rank 0] [INFO] epoch 8 train step time: 1097.28 seconds
2025-12-04 09:55:57,650 DDP_Script [Rank 0] [INFO] epoch 8 끝 (local_steps=391, global_steps=391)
2025-12-04 09:57:18,381 DDP_Script [Rank 0] [INFO] val acc 49.84%
2025-12-04 09:57:18,455 DDP_Script [Rank 0] [INFO] Saving checkpoint to ./checkpoints/job-8841f6408641/latest_checkpoint.pth ...
2025-12-04 09:57:25,723 DDP_Script [Rank 0] [INFO] Successfully reported epoch 8/20 (Acc: 49.84%) to global server.
2025-12-04 09:57:25,757 DDP_Script [Rank 0] [INFO] epoch 9 시작
2025-12-04 09:57:25,801 DDP_Script [Rank 0] [INFO] DataLoader created with batch_size=64, num_workers=4
2025-12-04 09:57:25,816 DDP_Script [Rank 0] [INFO] 모든 노드 중 max_steps = 391
2025-12-04 09:57:25,817 DDP_Script [Rank 0] [INFO] local_steps=391, global_steps=391
2025-12-04 10:15:37,132 DDP_Script [Rank 0] [INFO] epoch 9 train step time: 1091.30 seconds
2025-12-04 10:15:37,167 DDP_Script [Rank 0] [INFO] epoch 9 끝 (local_steps=391, global_steps=391)
2025-12-04 10:17:09,705 DDP_Script [Rank 0] [INFO] val acc 52.74%
2025-12-04 10:17:09,788 DDP_Script [Rank 0] [INFO] Saving checkpoint to ./checkpoints/job-8841f6408641/latest_checkpoint.pth ...
2025-12-04 10:17:18,374 DDP_Script [Rank 0] [INFO] Successfully reported epoch 9/20 (Acc: 52.74%) to global server.
2025-12-04 10:17:18,396 DDP_Script [Rank 0] [INFO] epoch 10 시작
2025-12-04 10:17:18,466 DDP_Script [Rank 0] [INFO] DataLoader created with batch_size=64, num_workers=4
2025-12-04 10:17:18,476 DDP_Script [Rank 0] [INFO] 모든 노드 중 max_steps = 391
2025-12-04 10:17:18,476 DDP_Script [Rank 0] [INFO] local_steps=391, global_steps=391
2025-12-04 10:34:07,496 DDP_Script [Rank 0] [INFO] epoch 10 train step time: 1009.02 seconds
2025-12-04 10:34:07,521 DDP_Script [Rank 0] [INFO] epoch 10 끝 (local_steps=391, global_steps=391)
2025-12-04 10:35:44,041 DDP_Script [Rank 0] [INFO] val acc 54.51%
2025-12-04 10:35:44,109 DDP_Script [Rank 0] [INFO] Saving checkpoint to ./checkpoints/job-8841f6408641/latest_checkpoint.pth ...
2025-12-04 10:35:47,557 DDP_Script [Rank 0] [INFO] Successfully reported epoch 10/20 (Acc: 54.51%) to global server.
2025-12-04 10:35:47,593 DDP_Script [Rank 0] [INFO] epoch 11 시작
2025-12-04 10:35:47,678 DDP_Script [Rank 0] [INFO] DataLoader created with batch_size=64, num_workers=4
2025-12-04 10:35:47,789 DDP_Script [Rank 0] [INFO] 모든 노드 중 max_steps = 391
2025-12-04 10:35:47,791 DDP_Script [Rank 0] [INFO] local_steps=391, global_steps=391
2025-12-04 10:53:37,706 DDP_Script [Rank 0] [INFO] epoch 11 train step time: 1069.91 seconds
2025-12-04 10:53:37,728 DDP_Script [Rank 0] [INFO] epoch 11 끝 (local_steps=391, global_steps=391)
2025-12-04 10:54:59,633 DDP_Script [Rank 0] [INFO] val acc 56.90%
2025-12-04 10:54:59,796 DDP_Script [Rank 0] [INFO] Saving checkpoint to ./checkpoints/job-8841f6408641/latest_checkpoint.pth ...
2025-12-04 10:55:06,898 DDP_Script [Rank 0] [INFO] Successfully reported epoch 11/20 (Acc: 56.90%) to global server.
2025-12-04 10:55:06,936 DDP_Script [Rank 0] [INFO] epoch 12 시작
2025-12-04 10:55:07,037 DDP_Script [Rank 0] [INFO] DataLoader created with batch_size=64, num_workers=4
2025-12-04 10:55:07,065 DDP_Script [Rank 0] [INFO] 모든 노드 중 max_steps = 391
2025-12-04 10:55:07,066 DDP_Script [Rank 0] [INFO] local_steps=391, global_steps=391
2025-12-04 11:07:45,864 DDP_Script [Rank 0] [INFO] epoch 12 train step time: 758.79 seconds
2025-12-04 11:07:45,908 DDP_Script [Rank 0] [INFO] epoch 12 끝 (local_steps=391, global_steps=391)
2025-12-04 11:09:16,610 DDP_Script [Rank 0] [INFO] val acc 58.65%
2025-12-04 11:09:16,718 DDP_Script [Rank 0] [INFO] Saving checkpoint to ./checkpoints/job-8841f6408641/latest_checkpoint.pth ...
2025-12-04 11:09:17,743 DDP_Script [Rank 0] [INFO] Successfully reported epoch 12/20 (Acc: 58.65%) to global server.
2025-12-04 11:09:17,779 DDP_Script [Rank 0] [INFO] epoch 13 시작
2025-12-04 11:09:17,873 DDP_Script [Rank 0] [INFO] DataLoader created with batch_size=64, num_workers=4
2025-12-04 11:09:17,896 DDP_Script [Rank 0] [INFO] 모든 노드 중 max_steps = 391
2025-12-04 11:09:17,896 DDP_Script [Rank 0] [INFO] local_steps=391, global_steps=391
2025-12-04 11:22:20,831 DDP_Script [Rank 0] [INFO] epoch 13 train step time: 782.93 seconds
2025-12-04 11:22:20,839 DDP_Script [Rank 0] [INFO] epoch 13 끝 (local_steps=391, global_steps=391)
2025-12-04 11:23:59,001 DDP_Script [Rank 0] [INFO] val acc 60.29%
2025-12-04 11:23:59,093 DDP_Script [Rank 0] [INFO] Saving checkpoint to ./checkpoints/job-8841f6408641/latest_checkpoint.pth ...
2025-12-04 11:24:01,105 DDP_Script [Rank 0] [INFO] Successfully reported epoch 13/20 (Acc: 60.29%) to global server.
2025-12-04 11:24:01,160 DDP_Script [Rank 0] [INFO] epoch 14 시작
2025-12-04 11:24:01,264 DDP_Script [Rank 0] [INFO] DataLoader created with batch_size=64, num_workers=4
2025-12-04 11:24:01,427 DDP_Script [Rank 0] [INFO] 모든 노드 중 max_steps = 391
2025-12-04 11:24:01,427 DDP_Script [Rank 0] [INFO] local_steps=391, global_steps=391
2025-12-04 11:36:53,077 DDP_Script [Rank 0] [INFO] epoch 14 train step time: 771.65 seconds
2025-12-04 11:36:53,102 DDP_Script [Rank 0] [INFO] epoch 14 끝 (local_steps=391, global_steps=391)
2025-12-04 11:38:03,572 DDP_Script [Rank 0] [INFO] val acc 60.53%
2025-12-04 11:38:03,664 DDP_Script [Rank 0] [INFO] Saving checkpoint to ./checkpoints/job-8841f6408641/latest_checkpoint.pth ...
2025-12-04 11:38:04,567 DDP_Script [Rank 0] [INFO] Successfully reported epoch 14/20 (Acc: 60.53%) to global server.
2025-12-04 11:38:04,621 DDP_Script [Rank 0] [INFO] epoch 15 시작
2025-12-04 11:38:04,663 DDP_Script [Rank 0] [INFO] DataLoader created with batch_size=64, num_workers=4
2025-12-04 11:38:05,589 DDP_Script [Rank 0] [INFO] 모든 노드 중 max_steps = 391
2025-12-04 11:38:05,592 DDP_Script [Rank 0] [INFO] local_steps=391, global_steps=391
2025-12-04 11:50:48,871 DDP_Script [Rank 0] [INFO] epoch 15 train step time: 763.27 seconds
2025-12-04 11:50:48,916 DDP_Script [Rank 0] [INFO] epoch 15 끝 (local_steps=391, global_steps=391)
2025-12-04 11:51:53,714 DDP_Script [Rank 0] [INFO] val acc 63.00%
2025-12-04 11:51:53,825 DDP_Script [Rank 0] [INFO] Saving checkpoint to ./checkpoints/job-8841f6408641/latest_checkpoint.pth ...
2025-12-04 11:51:55,670 DDP_Script [Rank 0] [INFO] Successfully reported epoch 15/20 (Acc: 63.00%) to global server.
2025-12-04 11:51:55,714 DDP_Script [Rank 0] [INFO] epoch 16 시작
2025-12-04 11:51:55,770 DDP_Script [Rank 0] [INFO] DataLoader created with batch_size=64, num_workers=4
2025-12-04 11:51:55,817 DDP_Script [Rank 0] [INFO] 모든 노드 중 max_steps = 391
2025-12-04 11:51:55,818 DDP_Script [Rank 0] [INFO] local_steps=391, global_steps=391
2025-12-04 12:05:50,415 DDP_Script [Rank 0] [INFO] epoch 16 train step time: 834.59 seconds
2025-12-04 12:05:50,444 DDP_Script [Rank 0] [INFO] epoch 16 끝 (local_steps=391, global_steps=391)
2025-12-04 12:07:26,024 DDP_Script [Rank 0] [INFO] val acc 63.21%
2025-12-04 12:07:26,110 DDP_Script [Rank 0] [INFO] Saving checkpoint to ./checkpoints/job-8841f6408641/latest_checkpoint.pth ...
2025-12-04 12:07:28,470 DDP_Script [Rank 0] [INFO] Successfully reported epoch 16/20 (Acc: 63.21%) to global server.
2025-12-04 12:07:28,499 DDP_Script [Rank 0] [INFO] epoch 17 시작
2025-12-04 12:07:28,561 DDP_Script [Rank 0] [INFO] DataLoader created with batch_size=64, num_workers=4
2025-12-04 12:07:28,633 DDP_Script [Rank 0] [INFO] 모든 노드 중 max_steps = 391
2025-12-04 12:07:28,633 DDP_Script [Rank 0] [INFO] local_steps=391, global_steps=391
2025-12-04 12:18:29,221 DDP_Script [Rank 0] [INFO] epoch 17 train step time: 660.58 seconds
2025-12-04 12:18:29,266 DDP_Script [Rank 0] [INFO] epoch 17 끝 (local_steps=391, global_steps=391)
2025-12-04 12:19:52,077 DDP_Script [Rank 0] [INFO] val acc 62.32%
2025-12-04 12:19:52,246 DDP_Script [Rank 0] [INFO] Saving checkpoint to ./checkpoints/job-8841f6408641/latest_checkpoint.pth ...
2025-12-04 12:19:53,475 DDP_Script [Rank 0] [INFO] Successfully reported epoch 17/20 (Acc: 62.32%) to global server.
2025-12-04 12:19:54,883 DDP_Script [Rank 0] [INFO] epoch 18 시작
2025-12-04 12:19:54,930 DDP_Script [Rank 0] [INFO] DataLoader created with batch_size=64, num_workers=4
2025-12-04 12:19:55,335 DDP_Script [Rank 0] [INFO] 모든 노드 중 max_steps = 391
2025-12-04 12:19:55,339 DDP_Script [Rank 0] [INFO] local_steps=391, global_steps=391
2025-12-04 12:32:52,356 DDP_Script [Rank 0] [INFO] epoch 18 train step time: 777.01 seconds
2025-12-04 12:32:52,366 DDP_Script [Rank 0] [INFO] epoch 18 끝 (local_steps=391, global_steps=391)
2025-12-04 12:34:23,374 DDP_Script [Rank 0] [INFO] val acc 63.56%
2025-12-04 12:34:23,469 DDP_Script [Rank 0] [INFO] Saving checkpoint to ./checkpoints/job-8841f6408641/latest_checkpoint.pth ...
2025-12-04 12:34:25,745 DDP_Script [Rank 0] [INFO] Successfully reported epoch 18/20 (Acc: 63.56%) to global server.
2025-12-04 12:34:25,772 DDP_Script [Rank 0] [INFO] epoch 19 시작
2025-12-04 12:34:25,812 DDP_Script [Rank 0] [INFO] DataLoader created with batch_size=64, num_workers=4
2025-12-04 12:34:25,891 DDP_Script [Rank 0] [INFO] 모든 노드 중 max_steps = 391
2025-12-04 12:34:25,891 DDP_Script [Rank 0] [INFO] local_steps=391, global_steps=391
2025-12-04 12:47:37,730 DDP_Script [Rank 0] [INFO] epoch 19 train step time: 791.83 seconds
2025-12-04 12:47:37,760 DDP_Script [Rank 0] [INFO] epoch 19 끝 (local_steps=391, global_steps=391)
2025-12-04 12:49:10,593 DDP_Script [Rank 0] [INFO] val acc 65.11%
2025-12-04 12:49:10,691 DDP_Script [Rank 0] [INFO] Saving checkpoint to ./checkpoints/job-8841f6408641/latest_checkpoint.pth ...
2025-12-04 12:49:11,581 DDP_Script [Rank 0] [INFO] Successfully reported epoch 19/20 (Acc: 65.11%) to global server.
2025-12-04 12:49:11,599 DDP_Script [Rank 0] [INFO] epoch 20 시작
2025-12-04 12:49:11,729 DDP_Script [Rank 0] [INFO] DataLoader created with batch_size=64, num_workers=4
2025-12-04 12:49:11,749 DDP_Script [Rank 0] [INFO] 모든 노드 중 max_steps = 391
2025-12-04 12:49:11,749 DDP_Script [Rank 0] [INFO] local_steps=391, global_steps=391
2025-12-04 13:02:10,746 DDP_Script [Rank 0] [INFO] epoch 20 train step time: 778.99 seconds
2025-12-04 13:02:10,768 DDP_Script [Rank 0] [INFO] epoch 20 끝 (local_steps=391, global_steps=391)
2025-12-04 13:03:47,061 DDP_Script [Rank 0] [INFO] val acc 65.68%
2025-12-04 13:03:47,149 DDP_Script [Rank 0] [INFO] Saving checkpoint to ./checkpoints/job-8841f6408641/latest_checkpoint.pth ...
2025-12-04 13:03:49,067 DDP_Script [Rank 0] [INFO] Successfully reported epoch 20/20 (Acc: 65.68%) to global server.
2025-12-04 13:03:49,104 DDP_Script [Rank 0] [INFO] Training completed successfully.
2025-12-04 13:03:49,105 DDP_Script [Rank 0] [INFO] Training loop finished.
