Current CUDA device index: 0
Current CUDA device name: NVIDIA GeForce RTX 5070 Ti
Master address: 163.180.117.216, port: 29501
2025-12-03 15:09:15,747 DDP_Script [Rank 2] [INFO] Node rank: 2, world size: 4
[Gloo] Rank 2 is connected to 3 peer ranks. Expected number of connected peer ranks is : 3
2025-12-03 15:09:17,328 DDP_Script [Rank 2] [INFO] Process group initialized: 163.180.117.216:29501
2025-12-03 15:09:17,328 DDP_Script [Rank 2] [INFO] Rank 2/4 initialized
/home/ubuntu216/anaconda3/envs/Dist3/lib/python3.9/site-packages/torchvision/models/_utils.py:208: UserWarning: The parameter 'pretrained' is deprecated since 0.13 and may be removed in the future, please use 'weights' instead.
  warnings.warn(
/home/ubuntu216/anaconda3/envs/Dist3/lib/python3.9/site-packages/torchvision/models/_utils.py:223: UserWarning: Arguments other than a weight enum or `None` for 'weights' are deprecated since 0.13 and may be removed in the future. The current behavior is equivalent to passing `weights=None`.
  warnings.warn(msg)
2025-12-03 15:09:24,713 DDP_Script [Rank 2] [INFO] Model, DDP, criterion, optimizer initialized
2025-12-03 15:09:24,723 DDP_Script [Rank 2] [INFO] Modules initialized
2025-12-03 15:09:24,724 DDP_Script [Rank 2] [INFO] Starting training from scratch (epoch 1).
2025-12-03 15:09:24,929 DDP_Script [Rank 2] [INFO] epoch 1 시작
2025-12-03 15:09:24,947 DDP_Script [Rank 2] [INFO] DataLoader created with batch_size=128, num_workers=4
2025-12-03 15:09:25,050 DDP_Script [Rank 2] [INFO] local_steps=98, global_steps=98
2025-12-03 15:12:33,853 DDP_Script [Rank 2] [INFO] epoch 1 train step time: 188.80 seconds
2025-12-03 15:12:34,075 DDP_Script [Rank 2] [INFO] epoch 1 끝 (local_steps=98, global_steps=98)
2025-12-03 15:13:02,185 DDP_Script [Rank 2] [INFO] val acc 12.67%
2025-12-03 15:13:02,461 DDP_Script [Rank 2] [INFO] epoch 2 시작
2025-12-03 15:13:02,481 DDP_Script [Rank 2] [INFO] DataLoader created with batch_size=128, num_workers=4
2025-12-03 15:13:02,484 DDP_Script [Rank 2] [INFO] local_steps=98, global_steps=98
2025-12-03 15:15:55,498 DDP_Script [Rank 2] [INFO] epoch 2 train step time: 173.01 seconds
2025-12-03 15:15:55,828 DDP_Script [Rank 2] [INFO] epoch 2 끝 (local_steps=98, global_steps=98)
2025-12-03 15:16:18,540 DDP_Script [Rank 2] [INFO] val acc 18.17%
2025-12-03 15:16:19,581 DDP_Script [Rank 2] [INFO] epoch 3 시작
2025-12-03 15:16:19,600 DDP_Script [Rank 2] [INFO] DataLoader created with batch_size=128, num_workers=4
2025-12-03 15:16:19,626 DDP_Script [Rank 2] [INFO] local_steps=98, global_steps=98
2025-12-03 15:19:50,137 DDP_Script [Rank 2] [INFO] epoch 3 train step time: 210.51 seconds
2025-12-03 15:19:50,396 DDP_Script [Rank 2] [INFO] epoch 3 끝 (local_steps=98, global_steps=98)
2025-12-03 15:20:16,449 DDP_Script [Rank 2] [INFO] val acc 21.60%
2025-12-03 15:20:17,182 DDP_Script [Rank 2] [INFO] epoch 4 시작
2025-12-03 15:20:17,203 DDP_Script [Rank 2] [INFO] DataLoader created with batch_size=128, num_workers=4
2025-12-03 15:20:17,220 DDP_Script [Rank 2] [INFO] local_steps=98, global_steps=98
2025-12-03 15:23:31,961 DDP_Script [Rank 2] [INFO] epoch 4 train step time: 194.74 seconds
2025-12-03 15:23:32,233 DDP_Script [Rank 2] [INFO] epoch 4 끝 (local_steps=98, global_steps=98)
2025-12-03 15:24:00,144 DDP_Script [Rank 2] [INFO] val acc 26.78%
2025-12-03 15:24:00,955 DDP_Script [Rank 2] [INFO] epoch 5 시작
2025-12-03 15:24:00,979 DDP_Script [Rank 2] [INFO] DataLoader created with batch_size=128, num_workers=4
2025-12-03 15:24:00,995 DDP_Script [Rank 2] [INFO] local_steps=98, global_steps=98
2025-12-03 15:27:27,945 DDP_Script [Rank 2] [INFO] epoch 5 train step time: 206.95 seconds
2025-12-03 15:27:28,326 DDP_Script [Rank 2] [INFO] epoch 5 끝 (local_steps=98, global_steps=98)
2025-12-03 15:28:01,854 DDP_Script [Rank 2] [INFO] val acc 33.91%
2025-12-03 15:28:02,775 DDP_Script [Rank 2] [INFO] epoch 6 시작
2025-12-03 15:28:02,798 DDP_Script [Rank 2] [INFO] DataLoader created with batch_size=128, num_workers=4
2025-12-03 15:28:02,818 DDP_Script [Rank 2] [INFO] local_steps=98, global_steps=98
2025-12-03 15:31:13,462 DDP_Script [Rank 2] [INFO] epoch 6 train step time: 190.64 seconds
2025-12-03 15:31:13,657 DDP_Script [Rank 2] [INFO] epoch 6 끝 (local_steps=98, global_steps=98)
2025-12-03 15:31:36,114 DDP_Script [Rank 2] [INFO] val acc 36.10%
2025-12-03 15:31:36,741 DDP_Script [Rank 2] [INFO] epoch 7 시작
2025-12-03 15:31:36,766 DDP_Script [Rank 2] [INFO] DataLoader created with batch_size=128, num_workers=4
2025-12-03 15:31:36,779 DDP_Script [Rank 2] [INFO] local_steps=98, global_steps=98
2025-12-03 15:35:01,762 DDP_Script [Rank 2] [INFO] epoch 7 train step time: 204.98 seconds
2025-12-03 15:35:02,108 DDP_Script [Rank 2] [INFO] epoch 7 끝 (local_steps=98, global_steps=98)
2025-12-03 15:35:29,441 DDP_Script [Rank 2] [INFO] val acc 41.45%
2025-12-03 15:35:30,365 DDP_Script [Rank 2] [INFO] epoch 8 시작
2025-12-03 15:35:30,391 DDP_Script [Rank 2] [INFO] DataLoader created with batch_size=128, num_workers=4
2025-12-03 15:35:30,403 DDP_Script [Rank 2] [INFO] local_steps=98, global_steps=98
2025-12-03 15:38:18,037 DDP_Script [Rank 2] [INFO] epoch 8 train step time: 167.63 seconds
2025-12-03 15:38:18,153 DDP_Script [Rank 2] [INFO] epoch 8 끝 (local_steps=98, global_steps=98)
2025-12-03 15:38:46,702 DDP_Script [Rank 2] [INFO] val acc 43.19%
2025-12-03 15:38:47,693 DDP_Script [Rank 2] [INFO] epoch 9 시작
2025-12-03 15:38:47,709 DDP_Script [Rank 2] [INFO] DataLoader created with batch_size=128, num_workers=4
2025-12-03 15:38:47,725 DDP_Script [Rank 2] [INFO] local_steps=98, global_steps=98
2025-12-03 15:41:38,725 DDP_Script [Rank 2] [INFO] epoch 9 train step time: 171.00 seconds
2025-12-03 15:41:39,034 DDP_Script [Rank 2] [INFO] epoch 9 끝 (local_steps=98, global_steps=98)
2025-12-03 15:42:08,700 DDP_Script [Rank 2] [INFO] val acc 46.71%
2025-12-03 15:42:09,464 DDP_Script [Rank 2] [INFO] epoch 10 시작
2025-12-03 15:42:09,494 DDP_Script [Rank 2] [INFO] DataLoader created with batch_size=128, num_workers=4
2025-12-03 15:42:09,506 DDP_Script [Rank 2] [INFO] local_steps=98, global_steps=98
2025-12-03 15:45:01,094 DDP_Script [Rank 2] [INFO] epoch 10 train step time: 171.59 seconds
2025-12-03 15:45:01,291 DDP_Script [Rank 2] [INFO] epoch 10 끝 (local_steps=98, global_steps=98)
2025-12-03 15:45:31,114 DDP_Script [Rank 2] [INFO] val acc 46.87%
2025-12-03 15:45:32,098 DDP_Script [Rank 2] [INFO] epoch 11 시작
2025-12-03 15:45:32,125 DDP_Script [Rank 2] [INFO] DataLoader created with batch_size=128, num_workers=4
2025-12-03 15:45:32,229 DDP_Script [Rank 2] [INFO] local_steps=98, global_steps=98
2025-12-03 15:48:25,612 DDP_Script [Rank 2] [INFO] epoch 11 train step time: 173.38 seconds
2025-12-03 15:48:26,094 DDP_Script [Rank 2] [INFO] epoch 11 끝 (local_steps=98, global_steps=98)
2025-12-03 15:49:02,752 DDP_Script [Rank 2] [INFO] val acc 51.29%
2025-12-03 15:49:03,786 DDP_Script [Rank 2] [INFO] epoch 12 시작
2025-12-03 15:49:03,810 DDP_Script [Rank 2] [INFO] DataLoader created with batch_size=128, num_workers=4
2025-12-03 15:49:03,823 DDP_Script [Rank 2] [INFO] local_steps=98, global_steps=98
2025-12-03 15:51:54,990 DDP_Script [Rank 2] [INFO] epoch 12 train step time: 171.16 seconds
2025-12-03 15:51:55,132 DDP_Script [Rank 2] [INFO] epoch 12 끝 (local_steps=98, global_steps=98)
2025-12-03 15:52:25,705 DDP_Script [Rank 2] [INFO] val acc 54.18%
2025-12-03 15:52:26,822 DDP_Script [Rank 2] [INFO] epoch 13 시작
2025-12-03 15:52:26,843 DDP_Script [Rank 2] [INFO] DataLoader created with batch_size=128, num_workers=4
2025-12-03 15:52:26,875 DDP_Script [Rank 2] [INFO] local_steps=98, global_steps=98
2025-12-03 15:55:09,768 DDP_Script [Rank 2] [INFO] epoch 13 train step time: 162.89 seconds
2025-12-03 15:55:10,035 DDP_Script [Rank 2] [INFO] epoch 13 끝 (local_steps=98, global_steps=98)
2025-12-03 15:55:33,160 DDP_Script [Rank 2] [INFO] val acc 54.54%
2025-12-03 15:55:34,323 DDP_Script [Rank 2] [INFO] epoch 14 시작
2025-12-03 15:55:34,344 DDP_Script [Rank 2] [INFO] DataLoader created with batch_size=128, num_workers=4
2025-12-03 15:55:34,354 DDP_Script [Rank 2] [INFO] local_steps=98, global_steps=98
2025-12-03 15:58:29,281 DDP_Script [Rank 2] [INFO] epoch 14 train step time: 174.93 seconds
2025-12-03 15:58:29,408 DDP_Script [Rank 2] [INFO] epoch 14 끝 (local_steps=98, global_steps=98)
2025-12-03 15:58:57,830 DDP_Script [Rank 2] [INFO] val acc 54.26%
2025-12-03 15:58:58,807 DDP_Script [Rank 2] [INFO] epoch 15 시작
2025-12-03 15:58:58,827 DDP_Script [Rank 2] [INFO] DataLoader created with batch_size=128, num_workers=4
2025-12-03 15:58:58,840 DDP_Script [Rank 2] [INFO] local_steps=98, global_steps=98
2025-12-03 16:01:52,896 DDP_Script [Rank 2] [INFO] epoch 15 train step time: 174.05 seconds
2025-12-03 16:01:53,180 DDP_Script [Rank 2] [INFO] epoch 15 끝 (local_steps=98, global_steps=98)
2025-12-03 16:02:21,487 DDP_Script [Rank 2] [INFO] val acc 56.12%
2025-12-03 16:02:22,457 DDP_Script [Rank 2] [INFO] epoch 16 시작
2025-12-03 16:02:22,486 DDP_Script [Rank 2] [INFO] DataLoader created with batch_size=128, num_workers=4
2025-12-03 16:02:22,491 DDP_Script [Rank 2] [INFO] local_steps=98, global_steps=98
2025-12-03 16:05:22,562 DDP_Script [Rank 2] [INFO] epoch 16 train step time: 180.07 seconds
2025-12-03 16:05:22,734 DDP_Script [Rank 2] [INFO] epoch 16 끝 (local_steps=98, global_steps=98)
2025-12-03 16:05:51,551 DDP_Script [Rank 2] [INFO] val acc 58.54%
2025-12-03 16:05:52,635 DDP_Script [Rank 2] [INFO] epoch 17 시작
2025-12-03 16:05:52,652 DDP_Script [Rank 2] [INFO] DataLoader created with batch_size=128, num_workers=4
2025-12-03 16:05:52,674 DDP_Script [Rank 2] [INFO] local_steps=98, global_steps=98
2025-12-03 16:08:36,573 DDP_Script [Rank 2] [INFO] epoch 17 train step time: 163.90 seconds
2025-12-03 16:08:36,757 DDP_Script [Rank 2] [INFO] epoch 17 끝 (local_steps=98, global_steps=98)
2025-12-03 16:09:01,516 DDP_Script [Rank 2] [INFO] val acc 60.21%
2025-12-03 16:09:02,143 DDP_Script [Rank 2] [INFO] epoch 18 시작
2025-12-03 16:09:02,166 DDP_Script [Rank 2] [INFO] DataLoader created with batch_size=128, num_workers=4
2025-12-03 16:09:02,176 DDP_Script [Rank 2] [INFO] local_steps=98, global_steps=98
2025-12-03 16:11:55,290 DDP_Script [Rank 2] [INFO] epoch 18 train step time: 173.11 seconds
2025-12-03 16:11:55,488 DDP_Script [Rank 2] [INFO] epoch 18 끝 (local_steps=98, global_steps=98)
2025-12-03 16:12:28,550 DDP_Script [Rank 2] [INFO] val acc 58.75%
2025-12-03 16:12:29,243 DDP_Script [Rank 2] [INFO] epoch 19 시작
2025-12-03 16:12:29,255 DDP_Script [Rank 2] [INFO] DataLoader created with batch_size=128, num_workers=4
2025-12-03 16:12:29,310 DDP_Script [Rank 2] [INFO] local_steps=98, global_steps=98
2025-12-03 16:15:25,038 DDP_Script [Rank 2] [INFO] epoch 19 train step time: 175.73 seconds
2025-12-03 16:15:25,194 DDP_Script [Rank 2] [INFO] epoch 19 끝 (local_steps=98, global_steps=98)
2025-12-03 16:15:51,231 DDP_Script [Rank 2] [INFO] val acc 61.17%
2025-12-03 16:15:51,973 DDP_Script [Rank 2] [INFO] epoch 20 시작
2025-12-03 16:15:52,000 DDP_Script [Rank 2] [INFO] DataLoader created with batch_size=128, num_workers=4
2025-12-03 16:15:52,190 DDP_Script [Rank 2] [INFO] local_steps=98, global_steps=98
2025-12-03 16:18:35,850 DDP_Script [Rank 2] [INFO] epoch 20 train step time: 163.66 seconds
2025-12-03 16:18:36,021 DDP_Script [Rank 2] [INFO] epoch 20 끝 (local_steps=98, global_steps=98)
2025-12-03 16:19:05,763 DDP_Script [Rank 2] [INFO] val acc 60.08%
2025-12-03 16:19:06,535 DDP_Script [Rank 2] [INFO] Training loop finished.
