/nas2/data/dlwmznzl1/anaconda3/envs/Dist1/lib/python3.9/site-packages/torch/cuda/__init__.py:63: FutureWarning: The pynvml package is deprecated. Please install nvidia-ml-py instead. If you did not install pynvml directly, please report this to the maintainers of the package that installed pynvml for you.
  import pynvml  # type: ignore[import]
Current CUDA device index: 0
Current CUDA device name: NVIDIA RTX A5000
Master address: 163.180.160.62, port: 29595
2025-11-19 10:52:48,293 DDP_Script [Rank 0] [INFO] Node rank: 0, world size: 1
[Gloo] Rank 0 is connected to 0 peer ranks. Expected number of connected peer ranks is : 0
2025-11-19 10:52:48,301 DDP_Script [Rank 0] [INFO] Process group initialized: 163.180.160.62:29595
2025-11-19 10:52:48,301 DDP_Script [Rank 0] [INFO] Rank 0/1 initialized
2025-11-19 10:52:48,301 DDP_Script [Rank 0] [INFO] Rank 0 downloading tokenizer: distilbert-base-uncased
2025-11-19 10:52:49,039 DDP_Script [Rank 0] [INFO] Rank 0 downloading dataset: glue/sst2
2025-11-19 10:52:54,000 DDP_Script [Rank 0] [INFO] Tokenizing datasets...
2025-11-19 10:52:54,027 DDP_Script [Rank 0] [INFO] SST-2 Dataset and Tokenizer loaded.
2025-11-19 10:52:54,027 DDP_Script [Rank 0] [INFO] Rank 0 downloading model: distilbert-base-uncased
Some weights of DistilBertForSequenceClassification were not initialized from the model checkpoint at distilbert-base-uncased and are newly initialized: ['classifier.bias', 'classifier.weight', 'pre_classifier.bias', 'pre_classifier.weight']
You should probably TRAIN this model on a down-stream task to be able to use it for predictions and inference.
2025-11-19 10:52:54,913 DDP_Script [Rank 0] [INFO] Model (DistilBert), DDP, optimizer (AdamW) initialized
2025-11-19 10:52:54,953 DDP_Script [Rank 0] [INFO] Modules initialized
2025-11-19 10:52:54,957 DDP_Script [Rank 0] [INFO] Checkpoint directory created: ./checkpoints/job-bd348cbbeb29
2025-11-19 10:52:54,957 DDP_Script [Rank 0] [INFO] Starting training from scratch (epoch 1).
2025-11-19 10:52:54,958 DDP_Script [Rank 0] [INFO] epoch 1 시작
2025-11-19 10:52:54,999 DDP_Script [Rank 0] [INFO] DataLoader created with batch_size=64, num_workers=4
2025-11-19 10:52:55,003 DDP_Script [Rank 0] [INFO] 모든 노드 중 max_steps = 1053
2025-11-19 10:52:55,003 DDP_Script [Rank 0] [INFO] local_steps=1053, global_steps=1053
2025-11-19 10:54:36,239 DDP_Script [Rank 0] [INFO] epoch 1 train step time: 101.24 seconds
2025-11-19 10:54:36,240 DDP_Script [Rank 0] [INFO] epoch 1 끝 (local_steps=1053, global_steps=1053)
2025-11-19 10:54:36,982 DDP_Script [Rank 0] [INFO] val acc 89.11%
2025-11-19 10:54:37,014 DDP_Script [Rank 0] [INFO] Saving checkpoint to ./checkpoints/job-bd348cbbeb29/latest_checkpoint.pth ...
2025-11-19 10:54:42,200 DDP_Script [Rank 0] [INFO] Successfully reported epoch 1/20 (Acc: 89.11%) to global server.
2025-11-19 10:54:42,203 DDP_Script [Rank 0] [INFO] epoch 2 시작
2025-11-19 10:54:42,219 DDP_Script [Rank 0] [INFO] DataLoader created with batch_size=64, num_workers=4
2025-11-19 10:54:42,221 DDP_Script [Rank 0] [INFO] 모든 노드 중 max_steps = 1053
2025-11-19 10:54:42,221 DDP_Script [Rank 0] [INFO] local_steps=1053, global_steps=1053
2025-11-19 10:56:23,296 DDP_Script [Rank 0] [INFO] epoch 2 train step time: 101.07 seconds
2025-11-19 10:56:23,298 DDP_Script [Rank 0] [INFO] epoch 2 끝 (local_steps=1053, global_steps=1053)
2025-11-19 10:56:23,898 DDP_Script [Rank 0] [INFO] val acc 90.48%
2025-11-19 10:56:23,913 DDP_Script [Rank 0] [INFO] Saving checkpoint to ./checkpoints/job-bd348cbbeb29/latest_checkpoint.pth ...
2025-11-19 10:56:47,650 DDP_Script [Rank 0] [INFO] Successfully reported epoch 2/20 (Acc: 90.48%) to global server.
2025-11-19 10:56:47,668 DDP_Script [Rank 0] [INFO] epoch 3 시작
2025-11-19 10:56:47,716 DDP_Script [Rank 0] [INFO] DataLoader created with batch_size=64, num_workers=4
2025-11-19 10:56:47,719 DDP_Script [Rank 0] [INFO] 모든 노드 중 max_steps = 1053
2025-11-19 10:56:47,719 DDP_Script [Rank 0] [INFO] local_steps=1053, global_steps=1053
2025-11-19 10:58:28,592 DDP_Script [Rank 0] [INFO] epoch 3 train step time: 100.87 seconds
2025-11-19 10:58:28,594 DDP_Script [Rank 0] [INFO] epoch 3 끝 (local_steps=1053, global_steps=1053)
2025-11-19 10:58:29,158 DDP_Script [Rank 0] [INFO] val acc 89.68%
2025-11-19 10:58:29,250 DDP_Script [Rank 0] [INFO] Saving checkpoint to ./checkpoints/job-bd348cbbeb29/latest_checkpoint.pth ...
2025-11-19 10:58:36,378 DDP_Script [Rank 0] [INFO] Successfully reported epoch 3/20 (Acc: 89.68%) to global server.
2025-11-19 10:58:36,380 DDP_Script [Rank 0] [INFO] epoch 4 시작
2025-11-19 10:58:36,409 DDP_Script [Rank 0] [INFO] DataLoader created with batch_size=64, num_workers=4
2025-11-19 10:58:36,411 DDP_Script [Rank 0] [INFO] 모든 노드 중 max_steps = 1053
2025-11-19 10:58:36,411 DDP_Script [Rank 0] [INFO] local_steps=1053, global_steps=1053
2025-11-19 11:00:17,286 DDP_Script [Rank 0] [INFO] epoch 4 train step time: 100.88 seconds
2025-11-19 11:00:17,288 DDP_Script [Rank 0] [INFO] epoch 4 끝 (local_steps=1053, global_steps=1053)
2025-11-19 11:00:18,033 DDP_Script [Rank 0] [INFO] val acc 90.14%
2025-11-19 11:00:18,100 DDP_Script [Rank 0] [INFO] Saving checkpoint to ./checkpoints/job-bd348cbbeb29/latest_checkpoint.pth ...
2025-11-19 11:00:35,066 DDP_Script [Rank 0] [INFO] Successfully reported epoch 4/20 (Acc: 90.14%) to global server.
2025-11-19 11:00:35,068 DDP_Script [Rank 0] [INFO] epoch 5 시작
2025-11-19 11:00:35,087 DDP_Script [Rank 0] [INFO] DataLoader created with batch_size=64, num_workers=4
2025-11-19 11:00:35,088 DDP_Script [Rank 0] [INFO] 모든 노드 중 max_steps = 1053
2025-11-19 11:00:35,089 DDP_Script [Rank 0] [INFO] local_steps=1053, global_steps=1053
2025-11-19 11:02:15,474 DDP_Script [Rank 0] [INFO] epoch 5 train step time: 100.38 seconds
2025-11-19 11:02:15,475 DDP_Script [Rank 0] [INFO] epoch 5 끝 (local_steps=1053, global_steps=1053)
2025-11-19 11:02:16,086 DDP_Script [Rank 0] [INFO] val acc 90.25%
2025-11-19 11:02:16,136 DDP_Script [Rank 0] [INFO] Saving checkpoint to ./checkpoints/job-bd348cbbeb29/latest_checkpoint.pth ...
2025-11-19 11:02:29,796 DDP_Script [Rank 0] [INFO] Successfully reported epoch 5/20 (Acc: 90.25%) to global server.
2025-11-19 11:02:29,797 DDP_Script [Rank 0] [INFO] epoch 6 시작
2025-11-19 11:02:29,809 DDP_Script [Rank 0] [INFO] DataLoader created with batch_size=64, num_workers=4
2025-11-19 11:02:29,811 DDP_Script [Rank 0] [INFO] 모든 노드 중 max_steps = 1053
2025-11-19 11:02:29,811 DDP_Script [Rank 0] [INFO] local_steps=1053, global_steps=1053
2025-11-19 11:04:10,146 DDP_Script [Rank 0] [INFO] epoch 6 train step time: 100.33 seconds
2025-11-19 11:04:10,147 DDP_Script [Rank 0] [INFO] epoch 6 끝 (local_steps=1053, global_steps=1053)
2025-11-19 11:04:11,869 DDP_Script [Rank 0] [INFO] val acc 90.83%
2025-11-19 11:04:11,966 DDP_Script [Rank 0] [INFO] Saving checkpoint to ./checkpoints/job-bd348cbbeb29/latest_checkpoint.pth ...
2025-11-19 11:04:31,415 DDP_Script [Rank 0] [INFO] Successfully reported epoch 6/20 (Acc: 90.83%) to global server.
2025-11-19 11:04:31,418 DDP_Script [Rank 0] [INFO] epoch 7 시작
2025-11-19 11:04:31,429 DDP_Script [Rank 0] [INFO] DataLoader created with batch_size=64, num_workers=4
2025-11-19 11:04:31,431 DDP_Script [Rank 0] [INFO] 모든 노드 중 max_steps = 1053
2025-11-19 11:04:31,431 DDP_Script [Rank 0] [INFO] local_steps=1053, global_steps=1053
2025-11-19 11:06:12,381 DDP_Script [Rank 0] [INFO] epoch 7 train step time: 100.95 seconds
2025-11-19 11:06:12,383 DDP_Script [Rank 0] [INFO] epoch 7 끝 (local_steps=1053, global_steps=1053)
2025-11-19 11:06:12,939 DDP_Script [Rank 0] [INFO] val acc 90.83%
2025-11-19 11:06:12,955 DDP_Script [Rank 0] [INFO] Saving checkpoint to ./checkpoints/job-bd348cbbeb29/latest_checkpoint.pth ...
2025-11-19 11:06:26,835 DDP_Script [Rank 0] [INFO] Successfully reported epoch 7/20 (Acc: 90.83%) to global server.
2025-11-19 11:06:26,836 DDP_Script [Rank 0] [INFO] epoch 8 시작
2025-11-19 11:06:26,848 DDP_Script [Rank 0] [INFO] DataLoader created with batch_size=64, num_workers=4
2025-11-19 11:06:26,849 DDP_Script [Rank 0] [INFO] 모든 노드 중 max_steps = 1053
2025-11-19 11:06:26,850 DDP_Script [Rank 0] [INFO] local_steps=1053, global_steps=1053
2025-11-19 11:08:07,259 DDP_Script [Rank 0] [INFO] epoch 8 train step time: 100.41 seconds
2025-11-19 11:08:07,260 DDP_Script [Rank 0] [INFO] epoch 8 끝 (local_steps=1053, global_steps=1053)
2025-11-19 11:08:07,817 DDP_Script [Rank 0] [INFO] val acc 89.91%
2025-11-19 11:08:07,834 DDP_Script [Rank 0] [INFO] Saving checkpoint to ./checkpoints/job-bd348cbbeb29/latest_checkpoint.pth ...
2025-11-19 11:08:23,530 DDP_Script [Rank 0] [INFO] Successfully reported epoch 8/20 (Acc: 89.91%) to global server.
2025-11-19 11:08:23,533 DDP_Script [Rank 0] [INFO] epoch 9 시작
2025-11-19 11:08:23,551 DDP_Script [Rank 0] [INFO] DataLoader created with batch_size=64, num_workers=4
2025-11-19 11:08:23,552 DDP_Script [Rank 0] [INFO] 모든 노드 중 max_steps = 1053
2025-11-19 11:08:23,552 DDP_Script [Rank 0] [INFO] local_steps=1053, global_steps=1053
2025-11-19 11:10:04,502 DDP_Script [Rank 0] [INFO] epoch 9 train step time: 100.95 seconds
2025-11-19 11:10:04,503 DDP_Script [Rank 0] [INFO] epoch 9 끝 (local_steps=1053, global_steps=1053)
2025-11-19 11:10:05,047 DDP_Script [Rank 0] [INFO] val acc 89.33%
2025-11-19 11:10:05,061 DDP_Script [Rank 0] [INFO] Saving checkpoint to ./checkpoints/job-bd348cbbeb29/latest_checkpoint.pth ...
2025-11-19 11:10:20,854 DDP_Script [Rank 0] [INFO] Successfully reported epoch 9/20 (Acc: 89.33%) to global server.
2025-11-19 11:10:20,856 DDP_Script [Rank 0] [INFO] epoch 10 시작
2025-11-19 11:10:20,877 DDP_Script [Rank 0] [INFO] DataLoader created with batch_size=64, num_workers=4
2025-11-19 11:10:20,878 DDP_Script [Rank 0] [INFO] 모든 노드 중 max_steps = 1053
2025-11-19 11:10:20,878 DDP_Script [Rank 0] [INFO] local_steps=1053, global_steps=1053
2025-11-19 11:12:01,493 DDP_Script [Rank 0] [INFO] epoch 10 train step time: 100.61 seconds
2025-11-19 11:12:01,494 DDP_Script [Rank 0] [INFO] epoch 10 끝 (local_steps=1053, global_steps=1053)
2025-11-19 11:12:02,028 DDP_Script [Rank 0] [INFO] val acc 89.33%
2025-11-19 11:12:02,042 DDP_Script [Rank 0] [INFO] Saving checkpoint to ./checkpoints/job-bd348cbbeb29/latest_checkpoint.pth ...
2025-11-19 11:12:16,083 DDP_Script [Rank 0] [INFO] Successfully reported epoch 10/20 (Acc: 89.33%) to global server.
2025-11-19 11:12:16,085 DDP_Script [Rank 0] [INFO] epoch 11 시작
2025-11-19 11:12:16,103 DDP_Script [Rank 0] [INFO] DataLoader created with batch_size=64, num_workers=4
2025-11-19 11:12:16,105 DDP_Script [Rank 0] [INFO] 모든 노드 중 max_steps = 1053
2025-11-19 11:12:16,105 DDP_Script [Rank 0] [INFO] local_steps=1053, global_steps=1053
2025-11-19 11:13:55,739 DDP_Script [Rank 0] [INFO] epoch 11 train step time: 99.63 seconds
2025-11-19 11:13:55,740 DDP_Script [Rank 0] [INFO] epoch 11 끝 (local_steps=1053, global_steps=1053)
2025-11-19 11:13:56,294 DDP_Script [Rank 0] [INFO] val acc 88.76%
2025-11-19 11:13:56,310 DDP_Script [Rank 0] [INFO] Saving checkpoint to ./checkpoints/job-bd348cbbeb29/latest_checkpoint.pth ...
2025-11-19 11:14:12,937 DDP_Script [Rank 0] [INFO] Successfully reported epoch 11/20 (Acc: 88.76%) to global server.
2025-11-19 11:14:12,940 DDP_Script [Rank 0] [INFO] epoch 12 시작
2025-11-19 11:14:12,959 DDP_Script [Rank 0] [INFO] DataLoader created with batch_size=64, num_workers=4
2025-11-19 11:14:12,960 DDP_Script [Rank 0] [INFO] 모든 노드 중 max_steps = 1053
2025-11-19 11:14:12,960 DDP_Script [Rank 0] [INFO] local_steps=1053, global_steps=1053
2025-11-19 11:15:54,328 DDP_Script [Rank 0] [INFO] epoch 12 train step time: 101.37 seconds
2025-11-19 11:15:54,330 DDP_Script [Rank 0] [INFO] epoch 12 끝 (local_steps=1053, global_steps=1053)
2025-11-19 11:15:54,866 DDP_Script [Rank 0] [INFO] val acc 88.99%
2025-11-19 11:15:54,882 DDP_Script [Rank 0] [INFO] Saving checkpoint to ./checkpoints/job-bd348cbbeb29/latest_checkpoint.pth ...
2025-11-19 11:16:09,120 DDP_Script [Rank 0] [INFO] Successfully reported epoch 12/20 (Acc: 88.99%) to global server.
2025-11-19 11:16:09,122 DDP_Script [Rank 0] [INFO] epoch 13 시작
2025-11-19 11:16:09,140 DDP_Script [Rank 0] [INFO] DataLoader created with batch_size=64, num_workers=4
2025-11-19 11:16:09,141 DDP_Script [Rank 0] [INFO] 모든 노드 중 max_steps = 1053
2025-11-19 11:16:09,142 DDP_Script [Rank 0] [INFO] local_steps=1053, global_steps=1053
2025-11-19 11:17:50,536 DDP_Script [Rank 0] [INFO] epoch 13 train step time: 101.39 seconds
2025-11-19 11:17:50,538 DDP_Script [Rank 0] [INFO] epoch 13 끝 (local_steps=1053, global_steps=1053)
2025-11-19 11:17:51,088 DDP_Script [Rank 0] [INFO] val acc 89.33%
2025-11-19 11:17:51,109 DDP_Script [Rank 0] [INFO] Saving checkpoint to ./checkpoints/job-bd348cbbeb29/latest_checkpoint.pth ...
2025-11-19 11:18:00,519 DDP_Script [Rank 0] [INFO] Successfully reported epoch 13/20 (Acc: 89.33%) to global server.
2025-11-19 11:18:00,521 DDP_Script [Rank 0] [INFO] epoch 14 시작
2025-11-19 11:18:00,539 DDP_Script [Rank 0] [INFO] DataLoader created with batch_size=64, num_workers=4
2025-11-19 11:18:00,541 DDP_Script [Rank 0] [INFO] 모든 노드 중 max_steps = 1053
2025-11-19 11:18:00,541 DDP_Script [Rank 0] [INFO] local_steps=1053, global_steps=1053
2025-11-19 11:19:41,170 DDP_Script [Rank 0] [INFO] epoch 14 train step time: 100.63 seconds
2025-11-19 11:19:41,171 DDP_Script [Rank 0] [INFO] epoch 14 끝 (local_steps=1053, global_steps=1053)
2025-11-19 11:19:41,744 DDP_Script [Rank 0] [INFO] val acc 89.22%
2025-11-19 11:19:41,812 DDP_Script [Rank 0] [INFO] Saving checkpoint to ./checkpoints/job-bd348cbbeb29/latest_checkpoint.pth ...
2025-11-19 11:19:54,206 DDP_Script [Rank 0] [INFO] Successfully reported epoch 14/20 (Acc: 89.22%) to global server.
2025-11-19 11:19:54,208 DDP_Script [Rank 0] [INFO] epoch 15 시작
2025-11-19 11:19:54,226 DDP_Script [Rank 0] [INFO] DataLoader created with batch_size=64, num_workers=4
2025-11-19 11:19:54,228 DDP_Script [Rank 0] [INFO] 모든 노드 중 max_steps = 1053
2025-11-19 11:19:54,228 DDP_Script [Rank 0] [INFO] local_steps=1053, global_steps=1053
2025-11-19 11:21:35,523 DDP_Script [Rank 0] [INFO] epoch 15 train step time: 101.30 seconds
2025-11-19 11:21:35,525 DDP_Script [Rank 0] [INFO] epoch 15 끝 (local_steps=1053, global_steps=1053)
2025-11-19 11:21:36,187 DDP_Script [Rank 0] [INFO] val acc 89.79%
2025-11-19 11:21:36,219 DDP_Script [Rank 0] [INFO] Saving checkpoint to ./checkpoints/job-bd348cbbeb29/latest_checkpoint.pth ...
2025-11-19 11:21:51,683 DDP_Script [Rank 0] [INFO] Successfully reported epoch 15/20 (Acc: 89.79%) to global server.
2025-11-19 11:21:51,685 DDP_Script [Rank 0] [INFO] epoch 16 시작
2025-11-19 11:21:51,700 DDP_Script [Rank 0] [INFO] DataLoader created with batch_size=64, num_workers=4
2025-11-19 11:21:51,702 DDP_Script [Rank 0] [INFO] 모든 노드 중 max_steps = 1053
2025-11-19 11:21:51,702 DDP_Script [Rank 0] [INFO] local_steps=1053, global_steps=1053
2025-11-19 11:23:31,123 DDP_Script [Rank 0] [INFO] epoch 16 train step time: 99.42 seconds
2025-11-19 11:23:31,124 DDP_Script [Rank 0] [INFO] epoch 16 끝 (local_steps=1053, global_steps=1053)
2025-11-19 11:23:31,679 DDP_Script [Rank 0] [INFO] val acc 88.99%
2025-11-19 11:23:31,705 DDP_Script [Rank 0] [INFO] Saving checkpoint to ./checkpoints/job-bd348cbbeb29/latest_checkpoint.pth ...
2025-11-19 11:23:40,201 DDP_Script [Rank 0] [INFO] Successfully reported epoch 16/20 (Acc: 88.99%) to global server.
2025-11-19 11:23:40,203 DDP_Script [Rank 0] [INFO] epoch 17 시작
2025-11-19 11:23:40,221 DDP_Script [Rank 0] [INFO] DataLoader created with batch_size=64, num_workers=4
2025-11-19 11:23:40,223 DDP_Script [Rank 0] [INFO] 모든 노드 중 max_steps = 1053
2025-11-19 11:23:40,223 DDP_Script [Rank 0] [INFO] local_steps=1053, global_steps=1053
2025-11-19 11:25:21,407 DDP_Script [Rank 0] [INFO] epoch 17 train step time: 101.18 seconds
2025-11-19 11:25:21,409 DDP_Script [Rank 0] [INFO] epoch 17 끝 (local_steps=1053, global_steps=1053)
2025-11-19 11:25:21,963 DDP_Script [Rank 0] [INFO] val acc 88.99%
2025-11-19 11:25:21,995 DDP_Script [Rank 0] [INFO] Saving checkpoint to ./checkpoints/job-bd348cbbeb29/latest_checkpoint.pth ...
2025-11-19 11:25:40,516 DDP_Script [Rank 0] [INFO] Successfully reported epoch 17/20 (Acc: 88.99%) to global server.
2025-11-19 11:25:40,518 DDP_Script [Rank 0] [INFO] epoch 18 시작
2025-11-19 11:25:40,539 DDP_Script [Rank 0] [INFO] DataLoader created with batch_size=64, num_workers=4
2025-11-19 11:25:40,541 DDP_Script [Rank 0] [INFO] 모든 노드 중 max_steps = 1053
2025-11-19 11:25:40,541 DDP_Script [Rank 0] [INFO] local_steps=1053, global_steps=1053
2025-11-19 11:27:20,733 DDP_Script [Rank 0] [INFO] epoch 18 train step time: 100.19 seconds
2025-11-19 11:27:20,734 DDP_Script [Rank 0] [INFO] epoch 18 끝 (local_steps=1053, global_steps=1053)
2025-11-19 11:27:21,297 DDP_Script [Rank 0] [INFO] val acc 88.53%
2025-11-19 11:27:21,335 DDP_Script [Rank 0] [INFO] Saving checkpoint to ./checkpoints/job-bd348cbbeb29/latest_checkpoint.pth ...
2025-11-19 11:27:37,939 DDP_Script [Rank 0] [INFO] Successfully reported epoch 18/20 (Acc: 88.53%) to global server.
2025-11-19 11:27:37,941 DDP_Script [Rank 0] [INFO] epoch 19 시작
2025-11-19 11:27:37,952 DDP_Script [Rank 0] [INFO] DataLoader created with batch_size=64, num_workers=4
2025-11-19 11:27:37,954 DDP_Script [Rank 0] [INFO] 모든 노드 중 max_steps = 1053
2025-11-19 11:27:37,954 DDP_Script [Rank 0] [INFO] local_steps=1053, global_steps=1053
2025-11-19 11:29:17,186 DDP_Script [Rank 0] [INFO] epoch 19 train step time: 99.23 seconds
2025-11-19 11:29:17,187 DDP_Script [Rank 0] [INFO] epoch 19 끝 (local_steps=1053, global_steps=1053)
2025-11-19 11:29:17,789 DDP_Script [Rank 0] [INFO] val acc 89.33%
2025-11-19 11:29:17,807 DDP_Script [Rank 0] [INFO] Saving checkpoint to ./checkpoints/job-bd348cbbeb29/latest_checkpoint.pth ...
2025-11-19 11:29:34,789 DDP_Script [Rank 0] [INFO] Successfully reported epoch 19/20 (Acc: 89.33%) to global server.
2025-11-19 11:29:34,791 DDP_Script [Rank 0] [INFO] epoch 20 시작
2025-11-19 11:29:34,829 DDP_Script [Rank 0] [INFO] DataLoader created with batch_size=64, num_workers=4
2025-11-19 11:29:34,831 DDP_Script [Rank 0] [INFO] 모든 노드 중 max_steps = 1053
2025-11-19 11:29:34,831 DDP_Script [Rank 0] [INFO] local_steps=1053, global_steps=1053
2025-11-19 11:31:15,402 DDP_Script [Rank 0] [INFO] epoch 20 train step time: 100.57 seconds
2025-11-19 11:31:15,403 DDP_Script [Rank 0] [INFO] epoch 20 끝 (local_steps=1053, global_steps=1053)
2025-11-19 11:31:15,995 DDP_Script [Rank 0] [INFO] val acc 90.14%
2025-11-19 11:31:16,008 DDP_Script [Rank 0] [INFO] Saving checkpoint to ./checkpoints/job-bd348cbbeb29/latest_checkpoint.pth ...
2025-11-19 11:31:34,310 DDP_Script [Rank 0] [INFO] Successfully reported epoch 20/20 (Acc: 90.14%) to global server.
2025-11-19 11:31:34,312 DDP_Script [Rank 0] [INFO] Training completed successfully.
2025-11-19 11:31:34,441 DDP_Script [Rank 0] [INFO] Reported job completion to global server.
2025-11-19 11:31:34,441 DDP_Script [Rank 0] [INFO] Training loop finished.
