Current CUDA device index: 0
Current CUDA device name: NVIDIA RTX A5000
Master address: 163.180.160.62, port: 29569
2025-12-04 05:26:21,993 DDP_Script [Rank 1] [INFO] Node rank: 1, world size: 4
[Gloo] Rank 1 is connected to 3 peer ranks. Expected number of connected peer ranks is : 3
2025-12-04 05:26:23,157 DDP_Script [Rank 1] [INFO] Process group initialized: 163.180.160.62:29569
2025-12-04 05:26:23,157 DDP_Script [Rank 1] [INFO] Rank 1/4 initialized
Val sample labels: tensor([  1,  14,  30,  38,  51,  54,  61,  76,  77,  79,  98, 102, 103, 109,
        116, 118, 127, 135, 143, 144, 150, 153, 160, 164, 180, 181, 186, 190])
Train samples: 100000
Val   samples: 10000
/nas2/data/dlwmznzl1/anaconda3/envs/Dist2/lib/python3.9/site-packages/torchvision/models/_utils.py:208: UserWarning: The parameter 'pretrained' is deprecated since 0.13 and may be removed in the future, please use 'weights' instead.
  warnings.warn(
/nas2/data/dlwmznzl1/anaconda3/envs/Dist2/lib/python3.9/site-packages/torchvision/models/_utils.py:223: UserWarning: Arguments other than a weight enum or `None` for 'weights' are deprecated since 0.13 and may be removed in the future. The current behavior is equivalent to passing `weights=None`.
  warnings.warn(msg)
2025-12-04 05:26:24,168 DDP_Script [Rank 1] [INFO] Model, DDP, criterion, optimizer initialized
2025-12-04 05:26:24,192 DDP_Script [Rank 1] [INFO] Modules initialized
2025-12-04 05:26:24,192 DDP_Script [Rank 1] [INFO] Starting training from scratch (epoch 1).
2025-12-04 05:26:24,209 DDP_Script [Rank 1] [INFO] epoch 1 시작
2025-12-04 05:26:24,218 DDP_Script [Rank 1] [INFO] DataLoader created with batch_size=32, num_workers=4
2025-12-04 05:26:24,244 DDP_Script [Rank 1] [INFO] local_steps=782, global_steps=782
2025-12-04 05:28:21,604 DDP_Script [Rank 1] [INFO] epoch 1 train step time: 117.36 seconds
2025-12-04 05:28:21,614 DDP_Script [Rank 1] [INFO] epoch 1 끝 (local_steps=782, global_steps=782)
2025-12-04 05:28:24,462 DDP_Script [Rank 1] [INFO] val acc 11.08%
2025-12-04 05:28:24,906 DDP_Script [Rank 1] [INFO] epoch 2 시작
2025-12-04 05:28:24,921 DDP_Script [Rank 1] [INFO] DataLoader created with batch_size=32, num_workers=4
2025-12-04 05:28:24,926 DDP_Script [Rank 1] [INFO] local_steps=782, global_steps=782
2025-12-04 05:30:20,521 DDP_Script [Rank 1] [INFO] epoch 2 train step time: 115.59 seconds
2025-12-04 05:30:20,524 DDP_Script [Rank 1] [INFO] epoch 2 끝 (local_steps=782, global_steps=782)
2025-12-04 05:30:23,229 DDP_Script [Rank 1] [INFO] val acc 18.82%
2025-12-04 05:30:23,643 DDP_Script [Rank 1] [INFO] epoch 3 시작
2025-12-04 05:30:23,658 DDP_Script [Rank 1] [INFO] DataLoader created with batch_size=32, num_workers=4
2025-12-04 05:30:23,662 DDP_Script [Rank 1] [INFO] local_steps=782, global_steps=782
2025-12-04 05:32:19,312 DDP_Script [Rank 1] [INFO] epoch 3 train step time: 115.65 seconds
2025-12-04 05:32:19,319 DDP_Script [Rank 1] [INFO] epoch 3 끝 (local_steps=782, global_steps=782)
2025-12-04 05:32:22,031 DDP_Script [Rank 1] [INFO] val acc 26.05%
2025-12-04 05:32:22,461 DDP_Script [Rank 1] [INFO] epoch 4 시작
2025-12-04 05:32:22,477 DDP_Script [Rank 1] [INFO] DataLoader created with batch_size=32, num_workers=4
2025-12-04 05:32:22,481 DDP_Script [Rank 1] [INFO] local_steps=782, global_steps=782
2025-12-04 05:34:17,889 DDP_Script [Rank 1] [INFO] epoch 4 train step time: 115.41 seconds
2025-12-04 05:34:17,896 DDP_Script [Rank 1] [INFO] epoch 4 끝 (local_steps=782, global_steps=782)
2025-12-04 05:34:20,577 DDP_Script [Rank 1] [INFO] val acc 31.76%
2025-12-04 05:34:20,989 DDP_Script [Rank 1] [INFO] epoch 5 시작
2025-12-04 05:34:21,003 DDP_Script [Rank 1] [INFO] DataLoader created with batch_size=32, num_workers=4
2025-12-04 05:34:21,008 DDP_Script [Rank 1] [INFO] local_steps=782, global_steps=782
2025-12-04 05:36:20,034 DDP_Script [Rank 1] [INFO] epoch 5 train step time: 119.03 seconds
2025-12-04 05:36:20,038 DDP_Script [Rank 1] [INFO] epoch 5 끝 (local_steps=782, global_steps=782)
2025-12-04 05:36:22,795 DDP_Script [Rank 1] [INFO] val acc 34.93%
2025-12-04 05:36:23,216 DDP_Script [Rank 1] [INFO] epoch 6 시작
2025-12-04 05:36:23,231 DDP_Script [Rank 1] [INFO] DataLoader created with batch_size=32, num_workers=4
2025-12-04 05:36:23,236 DDP_Script [Rank 1] [INFO] local_steps=782, global_steps=782
2025-12-04 05:38:21,314 DDP_Script [Rank 1] [INFO] epoch 6 train step time: 118.08 seconds
2025-12-04 05:38:21,318 DDP_Script [Rank 1] [INFO] epoch 6 끝 (local_steps=782, global_steps=782)
2025-12-04 05:38:23,994 DDP_Script [Rank 1] [INFO] val acc 38.95%
2025-12-04 05:38:24,419 DDP_Script [Rank 1] [INFO] epoch 7 시작
2025-12-04 05:38:24,433 DDP_Script [Rank 1] [INFO] DataLoader created with batch_size=32, num_workers=4
2025-12-04 05:38:24,439 DDP_Script [Rank 1] [INFO] local_steps=782, global_steps=782
2025-12-04 05:40:22,243 DDP_Script [Rank 1] [INFO] epoch 7 train step time: 117.80 seconds
2025-12-04 05:40:22,247 DDP_Script [Rank 1] [INFO] epoch 7 끝 (local_steps=782, global_steps=782)
2025-12-04 05:40:24,983 DDP_Script [Rank 1] [INFO] val acc 40.54%
2025-12-04 05:40:25,417 DDP_Script [Rank 1] [INFO] epoch 8 시작
2025-12-04 05:40:25,432 DDP_Script [Rank 1] [INFO] DataLoader created with batch_size=32, num_workers=4
2025-12-04 05:40:25,437 DDP_Script [Rank 1] [INFO] local_steps=782, global_steps=782
2025-12-04 05:42:23,778 DDP_Script [Rank 1] [INFO] epoch 8 train step time: 118.34 seconds
2025-12-04 05:42:23,781 DDP_Script [Rank 1] [INFO] epoch 8 끝 (local_steps=782, global_steps=782)
2025-12-04 05:42:26,462 DDP_Script [Rank 1] [INFO] val acc 42.39%
2025-12-04 05:42:26,871 DDP_Script [Rank 1] [INFO] epoch 9 시작
2025-12-04 05:42:26,885 DDP_Script [Rank 1] [INFO] DataLoader created with batch_size=32, num_workers=4
2025-12-04 05:42:26,890 DDP_Script [Rank 1] [INFO] local_steps=782, global_steps=782
2025-12-04 05:44:24,183 DDP_Script [Rank 1] [INFO] epoch 9 train step time: 117.29 seconds
2025-12-04 05:44:24,185 DDP_Script [Rank 1] [INFO] epoch 9 끝 (local_steps=782, global_steps=782)
2025-12-04 05:44:26,877 DDP_Script [Rank 1] [INFO] val acc 44.60%
2025-12-04 05:44:27,283 DDP_Script [Rank 1] [INFO] epoch 10 시작
2025-12-04 05:44:27,297 DDP_Script [Rank 1] [INFO] DataLoader created with batch_size=32, num_workers=4
2025-12-04 05:44:27,304 DDP_Script [Rank 1] [INFO] local_steps=782, global_steps=782
2025-12-04 05:46:23,406 DDP_Script [Rank 1] [INFO] epoch 10 train step time: 116.10 seconds
2025-12-04 05:46:23,419 DDP_Script [Rank 1] [INFO] epoch 10 끝 (local_steps=782, global_steps=782)
2025-12-04 05:46:26,148 DDP_Script [Rank 1] [INFO] val acc 47.07%
2025-12-04 05:46:26,574 DDP_Script [Rank 1] [INFO] epoch 11 시작
2025-12-04 05:46:26,589 DDP_Script [Rank 1] [INFO] DataLoader created with batch_size=32, num_workers=4
2025-12-04 05:46:26,594 DDP_Script [Rank 1] [INFO] local_steps=782, global_steps=782
2025-12-04 05:48:23,426 DDP_Script [Rank 1] [INFO] epoch 11 train step time: 116.83 seconds
2025-12-04 05:48:23,429 DDP_Script [Rank 1] [INFO] epoch 11 끝 (local_steps=782, global_steps=782)
2025-12-04 05:48:26,064 DDP_Script [Rank 1] [INFO] val acc 48.77%
2025-12-04 05:48:26,479 DDP_Script [Rank 1] [INFO] epoch 12 시작
2025-12-04 05:48:26,494 DDP_Script [Rank 1] [INFO] DataLoader created with batch_size=32, num_workers=4
2025-12-04 05:48:26,499 DDP_Script [Rank 1] [INFO] local_steps=782, global_steps=782
2025-12-04 05:50:24,124 DDP_Script [Rank 1] [INFO] epoch 12 train step time: 117.62 seconds
2025-12-04 05:50:24,127 DDP_Script [Rank 1] [INFO] epoch 12 끝 (local_steps=782, global_steps=782)
2025-12-04 05:50:26,819 DDP_Script [Rank 1] [INFO] val acc 48.45%
2025-12-04 05:50:27,229 DDP_Script [Rank 1] [INFO] epoch 13 시작
2025-12-04 05:50:27,243 DDP_Script [Rank 1] [INFO] DataLoader created with batch_size=32, num_workers=4
2025-12-04 05:50:27,248 DDP_Script [Rank 1] [INFO] local_steps=782, global_steps=782
2025-12-04 05:52:26,496 DDP_Script [Rank 1] [INFO] epoch 13 train step time: 119.25 seconds
2025-12-04 05:52:26,500 DDP_Script [Rank 1] [INFO] epoch 13 끝 (local_steps=782, global_steps=782)
2025-12-04 05:52:29,144 DDP_Script [Rank 1] [INFO] val acc 50.13%
2025-12-04 05:52:29,598 DDP_Script [Rank 1] [INFO] epoch 14 시작
2025-12-04 05:52:29,611 DDP_Script [Rank 1] [INFO] DataLoader created with batch_size=32, num_workers=4
2025-12-04 05:52:29,618 DDP_Script [Rank 1] [INFO] local_steps=782, global_steps=782
2025-12-04 05:54:25,185 DDP_Script [Rank 1] [INFO] epoch 14 train step time: 115.57 seconds
2025-12-04 05:54:25,193 DDP_Script [Rank 1] [INFO] epoch 14 끝 (local_steps=782, global_steps=782)
2025-12-04 05:54:27,832 DDP_Script [Rank 1] [INFO] val acc 51.78%
2025-12-04 05:54:28,237 DDP_Script [Rank 1] [INFO] epoch 15 시작
2025-12-04 05:54:28,251 DDP_Script [Rank 1] [INFO] DataLoader created with batch_size=32, num_workers=4
2025-12-04 05:54:28,256 DDP_Script [Rank 1] [INFO] local_steps=782, global_steps=782
2025-12-04 05:56:24,589 DDP_Script [Rank 1] [INFO] epoch 15 train step time: 116.33 seconds
2025-12-04 05:56:24,596 DDP_Script [Rank 1] [INFO] epoch 15 끝 (local_steps=782, global_steps=782)
2025-12-04 05:56:27,319 DDP_Script [Rank 1] [INFO] val acc 52.33%
2025-12-04 05:56:27,747 DDP_Script [Rank 1] [INFO] epoch 16 시작
2025-12-04 05:56:27,761 DDP_Script [Rank 1] [INFO] DataLoader created with batch_size=32, num_workers=4
2025-12-04 05:56:27,768 DDP_Script [Rank 1] [INFO] local_steps=782, global_steps=782
2025-12-04 05:58:22,852 DDP_Script [Rank 1] [INFO] epoch 16 train step time: 115.08 seconds
2025-12-04 05:58:22,855 DDP_Script [Rank 1] [INFO] epoch 16 끝 (local_steps=782, global_steps=782)
2025-12-04 05:58:25,524 DDP_Script [Rank 1] [INFO] val acc 52.76%
2025-12-04 05:58:25,958 DDP_Script [Rank 1] [INFO] epoch 17 시작
2025-12-04 05:58:25,972 DDP_Script [Rank 1] [INFO] DataLoader created with batch_size=32, num_workers=4
2025-12-04 05:58:25,977 DDP_Script [Rank 1] [INFO] local_steps=782, global_steps=782
2025-12-04 06:00:22,783 DDP_Script [Rank 1] [INFO] epoch 17 train step time: 116.81 seconds
2025-12-04 06:00:22,787 DDP_Script [Rank 1] [INFO] epoch 17 끝 (local_steps=782, global_steps=782)
2025-12-04 06:00:25,525 DDP_Script [Rank 1] [INFO] val acc 53.81%
2025-12-04 06:00:25,922 DDP_Script [Rank 1] [INFO] epoch 18 시작
2025-12-04 06:00:25,937 DDP_Script [Rank 1] [INFO] DataLoader created with batch_size=32, num_workers=4
2025-12-04 06:00:25,942 DDP_Script [Rank 1] [INFO] local_steps=782, global_steps=782
2025-12-04 06:02:24,971 DDP_Script [Rank 1] [INFO] epoch 18 train step time: 119.03 seconds
2025-12-04 06:02:24,974 DDP_Script [Rank 1] [INFO] epoch 18 끝 (local_steps=782, global_steps=782)
2025-12-04 06:02:27,614 DDP_Script [Rank 1] [INFO] val acc 54.88%
2025-12-04 06:02:28,047 DDP_Script [Rank 1] [INFO] epoch 19 시작
2025-12-04 06:02:28,062 DDP_Script [Rank 1] [INFO] DataLoader created with batch_size=32, num_workers=4
2025-12-04 06:02:28,066 DDP_Script [Rank 1] [INFO] local_steps=782, global_steps=782
2025-12-04 06:04:24,671 DDP_Script [Rank 1] [INFO] epoch 19 train step time: 116.60 seconds
2025-12-04 06:04:24,677 DDP_Script [Rank 1] [INFO] epoch 19 끝 (local_steps=782, global_steps=782)
2025-12-04 06:04:27,394 DDP_Script [Rank 1] [INFO] val acc 53.95%
2025-12-04 06:04:27,779 DDP_Script [Rank 1] [INFO] epoch 20 시작
2025-12-04 06:04:27,792 DDP_Script [Rank 1] [INFO] DataLoader created with batch_size=32, num_workers=4
2025-12-04 06:04:27,797 DDP_Script [Rank 1] [INFO] local_steps=782, global_steps=782
2025-12-04 06:06:25,366 DDP_Script [Rank 1] [INFO] epoch 20 train step time: 117.57 seconds
2025-12-04 06:06:25,375 DDP_Script [Rank 1] [INFO] epoch 20 끝 (local_steps=782, global_steps=782)
2025-12-04 06:06:28,029 DDP_Script [Rank 1] [INFO] val acc 54.96%
2025-12-04 06:06:28,441 DDP_Script [Rank 1] [INFO] Training loop finished.
