/data/breath12/anaconda3/envs/Dist1/lib/python3.9/site-packages/torch/cuda/__init__.py:63: FutureWarning: The pynvml package is deprecated. Please install nvidia-ml-py instead. If you did not install pynvml directly, please report this to the maintainers of the package that installed pynvml for you.
  import pynvml  # type: ignore[import]
Current CUDA device index: 0
Current CUDA device name: NVIDIA RTX A5000
Master address: 163.180.160.62, port: 29511
2025-11-19 00:08:19,844 DDP_Script [Rank 2] [INFO] Node rank: 2, world size: 4
[Gloo] Rank 2 is connected to 3 peer ranks. Expected number of connected peer ranks is : 3
2025-11-19 00:08:40,520 DDP_Script [Rank 2] [INFO] Process group initialized: 163.180.160.62:29511
2025-11-19 00:08:40,520 DDP_Script [Rank 2] [INFO] Rank 2/4 initialized
/data/breath12/anaconda3/envs/Dist1/lib/python3.9/site-packages/torchvision/models/_utils.py:208: UserWarning: The parameter 'pretrained' is deprecated since 0.13 and may be removed in the future, please use 'weights' instead.
  warnings.warn(
/data/breath12/anaconda3/envs/Dist1/lib/python3.9/site-packages/torchvision/models/_utils.py:223: UserWarning: Arguments other than a weight enum or `None` for 'weights' are deprecated since 0.13 and may be removed in the future. The current behavior is equivalent to passing `weights=None`.
  warnings.warn(msg)
2025-11-19 00:08:43,246 DDP_Script [Rank 2] [INFO] Model, DDP, criterion, optimizer initialized
2025-11-19 00:08:43,286 DDP_Script [Rank 2] [INFO] Modules initialized
2025-11-19 00:08:43,287 DDP_Script [Rank 2] [INFO] Starting training from scratch (epoch 1).
2025-11-19 00:08:43,430 DDP_Script [Rank 2] [INFO] epoch 1 시작
2025-11-19 00:08:43,457 DDP_Script [Rank 2] [INFO] DataLoader created with batch_size=32, num_workers=4
2025-11-19 00:08:43,468 DDP_Script [Rank 2] [INFO] local_steps=391, global_steps=391
2025-11-19 00:09:42,906 DDP_Script [Rank 2] [INFO] epoch 1 train step time: 59.44 seconds
2025-11-19 00:09:42,909 DDP_Script [Rank 2] [INFO] epoch 1 끝 (local_steps=391, global_steps=391)
2025-11-19 00:09:45,774 DDP_Script [Rank 2] [INFO] val acc 43.36%
2025-11-19 00:09:53,506 DDP_Script [Rank 2] [INFO] epoch 2 시작
2025-11-19 00:09:53,517 DDP_Script [Rank 2] [INFO] DataLoader created with batch_size=32, num_workers=4
2025-11-19 00:09:53,537 DDP_Script [Rank 2] [INFO] local_steps=391, global_steps=391
2025-11-19 00:10:51,998 DDP_Script [Rank 2] [INFO] epoch 2 train step time: 58.46 seconds
2025-11-19 00:10:52,002 DDP_Script [Rank 2] [INFO] epoch 2 끝 (local_steps=391, global_steps=391)
2025-11-19 00:10:54,751 DDP_Script [Rank 2] [INFO] val acc 47.34%
2025-11-19 00:11:01,582 DDP_Script [Rank 2] [INFO] epoch 3 시작
2025-11-19 00:11:01,594 DDP_Script [Rank 2] [INFO] DataLoader created with batch_size=32, num_workers=4
2025-11-19 00:11:01,602 DDP_Script [Rank 2] [INFO] local_steps=391, global_steps=391
2025-11-19 00:12:00,893 DDP_Script [Rank 2] [INFO] epoch 3 train step time: 59.29 seconds
2025-11-19 00:12:00,897 DDP_Script [Rank 2] [INFO] epoch 3 끝 (local_steps=391, global_steps=391)
2025-11-19 00:12:03,598 DDP_Script [Rank 2] [INFO] val acc 65.50%
2025-11-19 00:12:08,902 DDP_Script [Rank 2] [INFO] epoch 4 시작
2025-11-19 00:12:08,913 DDP_Script [Rank 2] [INFO] DataLoader created with batch_size=32, num_workers=4
2025-11-19 00:12:08,925 DDP_Script [Rank 2] [INFO] local_steps=391, global_steps=391
2025-11-19 00:13:07,897 DDP_Script [Rank 2] [INFO] epoch 4 train step time: 58.97 seconds
2025-11-19 00:13:07,900 DDP_Script [Rank 2] [INFO] epoch 4 끝 (local_steps=391, global_steps=391)
2025-11-19 00:13:10,624 DDP_Script [Rank 2] [INFO] val acc 68.77%
2025-11-19 00:13:16,568 DDP_Script [Rank 2] [INFO] epoch 5 시작
2025-11-19 00:13:16,578 DDP_Script [Rank 2] [INFO] DataLoader created with batch_size=32, num_workers=4
2025-11-19 00:13:16,592 DDP_Script [Rank 2] [INFO] local_steps=391, global_steps=391
2025-11-19 00:14:15,909 DDP_Script [Rank 2] [INFO] epoch 5 train step time: 59.32 seconds
2025-11-19 00:14:15,912 DDP_Script [Rank 2] [INFO] epoch 5 끝 (local_steps=391, global_steps=391)
2025-11-19 00:14:18,639 DDP_Script [Rank 2] [INFO] val acc 73.11%
2025-11-19 00:14:23,704 DDP_Script [Rank 2] [INFO] epoch 6 시작
2025-11-19 00:14:23,714 DDP_Script [Rank 2] [INFO] DataLoader created with batch_size=32, num_workers=4
2025-11-19 00:14:23,718 DDP_Script [Rank 2] [INFO] local_steps=391, global_steps=391
2025-11-19 00:15:22,599 DDP_Script [Rank 2] [INFO] epoch 6 train step time: 58.88 seconds
2025-11-19 00:15:22,605 DDP_Script [Rank 2] [INFO] epoch 6 끝 (local_steps=391, global_steps=391)
2025-11-19 00:15:25,409 DDP_Script [Rank 2] [INFO] val acc 75.50%
2025-11-19 00:15:30,240 DDP_Script [Rank 2] [INFO] epoch 7 시작
2025-11-19 00:15:30,250 DDP_Script [Rank 2] [INFO] DataLoader created with batch_size=32, num_workers=4
2025-11-19 00:15:30,259 DDP_Script [Rank 2] [INFO] local_steps=391, global_steps=391
2025-11-19 00:16:28,909 DDP_Script [Rank 2] [INFO] epoch 7 train step time: 58.65 seconds
2025-11-19 00:16:28,912 DDP_Script [Rank 2] [INFO] epoch 7 끝 (local_steps=391, global_steps=391)
2025-11-19 00:16:31,631 DDP_Script [Rank 2] [INFO] val acc 70.35%
2025-11-19 00:16:34,552 DDP_Script [Rank 2] [INFO] epoch 8 시작
2025-11-19 00:16:34,562 DDP_Script [Rank 2] [INFO] DataLoader created with batch_size=32, num_workers=4
2025-11-19 00:16:34,574 DDP_Script [Rank 2] [INFO] local_steps=391, global_steps=391
2025-11-19 00:17:33,675 DDP_Script [Rank 2] [INFO] epoch 8 train step time: 59.10 seconds
2025-11-19 00:17:33,679 DDP_Script [Rank 2] [INFO] epoch 8 끝 (local_steps=391, global_steps=391)
2025-11-19 00:17:36,402 DDP_Script [Rank 2] [INFO] val acc 78.95%
2025-11-19 00:17:42,116 DDP_Script [Rank 2] [INFO] epoch 9 시작
2025-11-19 00:17:42,126 DDP_Script [Rank 2] [INFO] DataLoader created with batch_size=32, num_workers=4
2025-11-19 00:17:42,141 DDP_Script [Rank 2] [INFO] local_steps=391, global_steps=391
2025-11-19 00:18:41,208 DDP_Script [Rank 2] [INFO] epoch 9 train step time: 59.07 seconds
2025-11-19 00:18:41,217 DDP_Script [Rank 2] [INFO] epoch 9 끝 (local_steps=391, global_steps=391)
2025-11-19 00:18:43,961 DDP_Script [Rank 2] [INFO] val acc 79.01%
2025-11-19 00:18:50,699 DDP_Script [Rank 2] [INFO] epoch 10 시작
2025-11-19 00:18:50,709 DDP_Script [Rank 2] [INFO] DataLoader created with batch_size=32, num_workers=4
2025-11-19 00:18:50,749 DDP_Script [Rank 2] [INFO] local_steps=391, global_steps=391
2025-11-19 00:19:49,067 DDP_Script [Rank 2] [INFO] epoch 10 train step time: 58.32 seconds
2025-11-19 00:19:49,070 DDP_Script [Rank 2] [INFO] epoch 10 끝 (local_steps=391, global_steps=391)
2025-11-19 00:19:51,825 DDP_Script [Rank 2] [INFO] val acc 76.86%
2025-11-19 00:19:57,039 DDP_Script [Rank 2] [INFO] epoch 11 시작
2025-11-19 00:19:57,050 DDP_Script [Rank 2] [INFO] DataLoader created with batch_size=32, num_workers=4
2025-11-19 00:19:57,057 DDP_Script [Rank 2] [INFO] local_steps=391, global_steps=391
2025-11-19 00:20:56,930 DDP_Script [Rank 2] [INFO] epoch 11 train step time: 59.87 seconds
2025-11-19 00:20:56,941 DDP_Script [Rank 2] [INFO] epoch 11 끝 (local_steps=391, global_steps=391)
2025-11-19 00:20:59,674 DDP_Script [Rank 2] [INFO] val acc 80.56%
2025-11-19 00:21:04,582 DDP_Script [Rank 2] [INFO] epoch 12 시작
2025-11-19 00:21:04,601 DDP_Script [Rank 2] [INFO] DataLoader created with batch_size=32, num_workers=4
2025-11-19 00:21:04,618 DDP_Script [Rank 2] [INFO] local_steps=391, global_steps=391
2025-11-19 00:22:03,818 DDP_Script [Rank 2] [INFO] epoch 12 train step time: 59.20 seconds
2025-11-19 00:22:03,829 DDP_Script [Rank 2] [INFO] epoch 12 끝 (local_steps=391, global_steps=391)
2025-11-19 00:22:06,613 DDP_Script [Rank 2] [INFO] val acc 83.56%
2025-11-19 00:22:09,927 DDP_Script [Rank 2] [INFO] epoch 13 시작
2025-11-19 00:22:09,937 DDP_Script [Rank 2] [INFO] DataLoader created with batch_size=32, num_workers=4
2025-11-19 00:22:09,949 DDP_Script [Rank 2] [INFO] local_steps=391, global_steps=391
2025-11-19 00:23:09,127 DDP_Script [Rank 2] [INFO] epoch 13 train step time: 59.18 seconds
2025-11-19 00:23:09,130 DDP_Script [Rank 2] [INFO] epoch 13 끝 (local_steps=391, global_steps=391)
2025-11-19 00:23:11,823 DDP_Script [Rank 2] [INFO] val acc 81.49%
2025-11-19 00:23:19,759 DDP_Script [Rank 2] [INFO] epoch 14 시작
2025-11-19 00:23:19,769 DDP_Script [Rank 2] [INFO] DataLoader created with batch_size=32, num_workers=4
2025-11-19 00:23:19,778 DDP_Script [Rank 2] [INFO] local_steps=391, global_steps=391
2025-11-19 00:24:19,613 DDP_Script [Rank 2] [INFO] epoch 14 train step time: 59.84 seconds
2025-11-19 00:24:19,617 DDP_Script [Rank 2] [INFO] epoch 14 끝 (local_steps=391, global_steps=391)
2025-11-19 00:24:22,414 DDP_Script [Rank 2] [INFO] val acc 83.13%
2025-11-19 00:24:27,514 DDP_Script [Rank 2] [INFO] epoch 15 시작
2025-11-19 00:24:27,524 DDP_Script [Rank 2] [INFO] DataLoader created with batch_size=32, num_workers=4
2025-11-19 00:24:27,535 DDP_Script [Rank 2] [INFO] local_steps=391, global_steps=391
2025-11-19 00:25:26,967 DDP_Script [Rank 2] [INFO] epoch 15 train step time: 59.43 seconds
2025-11-19 00:25:27,019 DDP_Script [Rank 2] [INFO] epoch 15 끝 (local_steps=391, global_steps=391)
2025-11-19 00:25:31,136 DDP_Script [Rank 2] [INFO] val acc 84.52%
2025-11-19 00:25:41,420 DDP_Script [Rank 2] [INFO] epoch 16 시작
2025-11-19 00:25:41,430 DDP_Script [Rank 2] [INFO] DataLoader created with batch_size=32, num_workers=4
2025-11-19 00:25:41,439 DDP_Script [Rank 2] [INFO] local_steps=391, global_steps=391
2025-11-19 00:26:40,857 DDP_Script [Rank 2] [INFO] epoch 16 train step time: 59.42 seconds
2025-11-19 00:26:40,861 DDP_Script [Rank 2] [INFO] epoch 16 끝 (local_steps=391, global_steps=391)
2025-11-19 00:26:43,554 DDP_Script [Rank 2] [INFO] val acc 82.72%
2025-11-19 00:26:48,291 DDP_Script [Rank 2] [INFO] epoch 17 시작
2025-11-19 00:26:48,302 DDP_Script [Rank 2] [INFO] DataLoader created with batch_size=32, num_workers=4
2025-11-19 00:26:48,323 DDP_Script [Rank 2] [INFO] local_steps=391, global_steps=391
2025-11-19 00:27:46,814 DDP_Script [Rank 2] [INFO] epoch 17 train step time: 58.49 seconds
2025-11-19 00:27:46,819 DDP_Script [Rank 2] [INFO] epoch 17 끝 (local_steps=391, global_steps=391)
2025-11-19 00:27:49,528 DDP_Script [Rank 2] [INFO] val acc 85.52%
2025-11-19 00:27:58,819 DDP_Script [Rank 2] [INFO] epoch 18 시작
2025-11-19 00:27:58,829 DDP_Script [Rank 2] [INFO] DataLoader created with batch_size=32, num_workers=4
2025-11-19 00:27:58,849 DDP_Script [Rank 2] [INFO] local_steps=391, global_steps=391
2025-11-19 00:28:58,163 DDP_Script [Rank 2] [INFO] epoch 18 train step time: 59.31 seconds
2025-11-19 00:28:58,166 DDP_Script [Rank 2] [INFO] epoch 18 끝 (local_steps=391, global_steps=391)
2025-11-19 00:29:00,867 DDP_Script [Rank 2] [INFO] val acc 82.27%
2025-11-19 00:29:06,324 DDP_Script [Rank 2] [INFO] epoch 19 시작
2025-11-19 00:29:06,334 DDP_Script [Rank 2] [INFO] DataLoader created with batch_size=32, num_workers=4
2025-11-19 00:29:06,344 DDP_Script [Rank 2] [INFO] local_steps=391, global_steps=391
2025-11-19 00:30:05,810 DDP_Script [Rank 2] [INFO] epoch 19 train step time: 59.46 seconds
2025-11-19 00:30:05,814 DDP_Script [Rank 2] [INFO] epoch 19 끝 (local_steps=391, global_steps=391)
2025-11-19 00:30:08,518 DDP_Script [Rank 2] [INFO] val acc 84.31%
2025-11-19 00:30:13,034 DDP_Script [Rank 2] [INFO] epoch 20 시작
2025-11-19 00:30:13,044 DDP_Script [Rank 2] [INFO] DataLoader created with batch_size=32, num_workers=4
2025-11-19 00:30:13,048 DDP_Script [Rank 2] [INFO] local_steps=391, global_steps=391
2025-11-19 00:31:12,096 DDP_Script [Rank 2] [INFO] epoch 20 train step time: 59.05 seconds
2025-11-19 00:31:12,104 DDP_Script [Rank 2] [INFO] epoch 20 끝 (local_steps=391, global_steps=391)
2025-11-19 00:31:14,824 DDP_Script [Rank 2] [INFO] val acc 85.19%
2025-11-19 00:31:19,353 DDP_Script [Rank 2] [INFO] Training loop finished.
