Current CUDA device index: 0
Current CUDA device name: NVIDIA RTX A5000
Master address: 163.180.160.60, port: 29503
2025-11-14 20:28:22,980 DDP_Script [Rank 1] [INFO] Node rank: 1, world size: 2
[Gloo] Rank 1 is connected to 1 peer ranks. Expected number of connected peer ranks is : 1
2025-11-14 20:28:22,993 DDP_Script [Rank 1] [INFO] Process group initialized: 163.180.160.60:29503
2025-11-14 20:28:22,993 DDP_Script [Rank 1] [INFO] Rank 1/2 initialized
/nas2/data/dlwmznzl1/anaconda3/envs/Dist2/lib/python3.9/site-packages/torchvision/models/_utils.py:208: UserWarning: The parameter 'pretrained' is deprecated since 0.13 and may be removed in the future, please use 'weights' instead.
  warnings.warn(
/nas2/data/dlwmznzl1/anaconda3/envs/Dist2/lib/python3.9/site-packages/torchvision/models/_utils.py:223: UserWarning: Arguments other than a weight enum or `None` for 'weights' are deprecated since 0.13 and may be removed in the future. The current behavior is equivalent to passing `weights=None`.
  warnings.warn(msg)
2025-11-14 20:28:25,113 DDP_Script [Rank 1] [INFO] Model, DDP, criterion, optimizer initialized
2025-11-14 20:28:25,149 DDP_Script [Rank 1] [INFO] Modules initialized
2025-11-14 20:28:25,508 DDP_Script [Rank 1] [INFO] Starting training from scratch (epoch 1).
2025-11-14 20:28:25,515 DDP_Script [Rank 1] [INFO] epoch 1 시작
2025-11-14 20:28:25,552 DDP_Script [Rank 1] [INFO] DataLoader created with batch_size=128, num_workers=4
2025-11-14 20:28:25,554 DDP_Script [Rank 1] [INFO] local_steps=196, global_steps=196
2025-11-14 20:29:28,610 DDP_Script [Rank 1] [INFO] epoch 1 train step time: 63.06 seconds
2025-11-14 20:29:28,612 DDP_Script [Rank 1] [INFO] epoch 1 끝 (local_steps=196, global_steps=196)
2025-11-14 20:29:34,339 DDP_Script [Rank 1] [INFO] val acc 38.72%
2025-11-14 20:29:42,930 DDP_Script [Rank 1] [INFO] epoch 2 시작
2025-11-14 20:29:42,948 DDP_Script [Rank 1] [INFO] DataLoader created with batch_size=128, num_workers=4
2025-11-14 20:29:42,953 DDP_Script [Rank 1] [INFO] local_steps=196, global_steps=196
2025-11-14 20:30:45,112 DDP_Script [Rank 1] [INFO] epoch 2 train step time: 62.16 seconds
2025-11-14 20:30:45,114 DDP_Script [Rank 1] [INFO] epoch 2 끝 (local_steps=196, global_steps=196)
2025-11-14 20:30:50,649 DDP_Script [Rank 1] [INFO] val acc 46.14%
2025-11-14 20:31:00,121 DDP_Script [Rank 1] [INFO] epoch 3 시작
2025-11-14 20:31:00,148 DDP_Script [Rank 1] [INFO] DataLoader created with batch_size=128, num_workers=4
2025-11-14 20:31:00,150 DDP_Script [Rank 1] [INFO] local_steps=196, global_steps=196
2025-11-14 20:32:02,389 DDP_Script [Rank 1] [INFO] epoch 3 train step time: 62.24 seconds
2025-11-14 20:32:02,392 DDP_Script [Rank 1] [INFO] epoch 3 끝 (local_steps=196, global_steps=196)
2025-11-14 20:32:08,066 DDP_Script [Rank 1] [INFO] val acc 52.07%
2025-11-14 20:32:12,236 DDP_Script [Rank 1] [INFO] epoch 4 시작
2025-11-14 20:32:12,255 DDP_Script [Rank 1] [INFO] DataLoader created with batch_size=128, num_workers=4
2025-11-14 20:32:12,259 DDP_Script [Rank 1] [INFO] local_steps=196, global_steps=196
2025-11-14 20:33:14,422 DDP_Script [Rank 1] [INFO] epoch 4 train step time: 62.16 seconds
2025-11-14 20:33:14,429 DDP_Script [Rank 1] [INFO] epoch 4 끝 (local_steps=196, global_steps=196)
2025-11-14 20:33:20,111 DDP_Script [Rank 1] [INFO] val acc 57.04%
2025-11-14 20:33:24,240 DDP_Script [Rank 1] [INFO] epoch 5 시작
2025-11-14 20:33:24,262 DDP_Script [Rank 1] [INFO] DataLoader created with batch_size=128, num_workers=4
2025-11-14 20:33:24,265 DDP_Script [Rank 1] [INFO] local_steps=196, global_steps=196
2025-11-14 20:34:26,520 DDP_Script [Rank 1] [INFO] epoch 5 train step time: 62.26 seconds
2025-11-14 20:34:26,522 DDP_Script [Rank 1] [INFO] epoch 5 끝 (local_steps=196, global_steps=196)
2025-11-14 20:34:32,070 DDP_Script [Rank 1] [INFO] val acc 62.40%
2025-11-14 20:34:41,718 DDP_Script [Rank 1] [INFO] epoch 6 시작
2025-11-14 20:34:41,738 DDP_Script [Rank 1] [INFO] DataLoader created with batch_size=128, num_workers=4
2025-11-14 20:34:41,740 DDP_Script [Rank 1] [INFO] local_steps=196, global_steps=196
2025-11-14 20:35:44,015 DDP_Script [Rank 1] [INFO] epoch 6 train step time: 62.27 seconds
2025-11-14 20:35:44,018 DDP_Script [Rank 1] [INFO] epoch 6 끝 (local_steps=196, global_steps=196)
2025-11-14 20:35:49,546 DDP_Script [Rank 1] [INFO] val acc 67.98%
2025-11-14 20:35:54,848 DDP_Script [Rank 1] [INFO] epoch 7 시작
2025-11-14 20:35:54,870 DDP_Script [Rank 1] [INFO] DataLoader created with batch_size=128, num_workers=4
2025-11-14 20:35:54,875 DDP_Script [Rank 1] [INFO] local_steps=196, global_steps=196
2025-11-14 20:36:57,270 DDP_Script [Rank 1] [INFO] epoch 7 train step time: 62.39 seconds
2025-11-14 20:36:57,272 DDP_Script [Rank 1] [INFO] epoch 7 끝 (local_steps=196, global_steps=196)
2025-11-14 20:37:02,864 DDP_Script [Rank 1] [INFO] val acc 68.69%
2025-11-14 20:37:07,870 DDP_Script [Rank 1] [INFO] epoch 8 시작
2025-11-14 20:37:07,889 DDP_Script [Rank 1] [INFO] DataLoader created with batch_size=128, num_workers=4
2025-11-14 20:37:07,895 DDP_Script [Rank 1] [INFO] local_steps=196, global_steps=196
2025-11-14 20:38:09,919 DDP_Script [Rank 1] [INFO] epoch 8 train step time: 62.02 seconds
2025-11-14 20:38:09,922 DDP_Script [Rank 1] [INFO] epoch 8 끝 (local_steps=196, global_steps=196)
2025-11-14 20:38:15,558 DDP_Script [Rank 1] [INFO] val acc 74.83%
2025-11-14 20:38:20,461 DDP_Script [Rank 1] [INFO] epoch 9 시작
2025-11-14 20:38:20,491 DDP_Script [Rank 1] [INFO] DataLoader created with batch_size=128, num_workers=4
2025-11-14 20:38:20,493 DDP_Script [Rank 1] [INFO] local_steps=196, global_steps=196
2025-11-14 20:39:22,682 DDP_Script [Rank 1] [INFO] epoch 9 train step time: 62.19 seconds
2025-11-14 20:39:22,685 DDP_Script [Rank 1] [INFO] epoch 9 끝 (local_steps=196, global_steps=196)
2025-11-14 20:39:28,377 DDP_Script [Rank 1] [INFO] val acc 76.54%
2025-11-14 20:39:35,836 DDP_Script [Rank 1] [INFO] epoch 10 시작
2025-11-14 20:39:35,858 DDP_Script [Rank 1] [INFO] DataLoader created with batch_size=128, num_workers=4
2025-11-14 20:39:35,866 DDP_Script [Rank 1] [INFO] local_steps=196, global_steps=196
2025-11-14 20:40:38,552 DDP_Script [Rank 1] [INFO] epoch 10 train step time: 62.69 seconds
2025-11-14 20:40:38,561 DDP_Script [Rank 1] [INFO] epoch 10 끝 (local_steps=196, global_steps=196)
2025-11-14 20:40:44,360 DDP_Script [Rank 1] [INFO] val acc 75.94%
2025-11-14 20:40:51,354 DDP_Script [Rank 1] [INFO] epoch 11 시작
2025-11-14 20:40:51,376 DDP_Script [Rank 1] [INFO] DataLoader created with batch_size=128, num_workers=4
2025-11-14 20:40:51,380 DDP_Script [Rank 1] [INFO] local_steps=196, global_steps=196
2025-11-14 20:41:54,309 DDP_Script [Rank 1] [INFO] epoch 11 train step time: 62.91 seconds
2025-11-14 20:41:54,312 DDP_Script [Rank 1] [INFO] epoch 11 끝 (local_steps=196, global_steps=196)
2025-11-14 20:42:00,078 DDP_Script [Rank 1] [INFO] val acc 79.98%
2025-11-14 20:42:04,937 DDP_Script [Rank 1] [INFO] epoch 12 시작
2025-11-14 20:42:04,957 DDP_Script [Rank 1] [INFO] DataLoader created with batch_size=128, num_workers=4
2025-11-14 20:42:04,964 DDP_Script [Rank 1] [INFO] local_steps=196, global_steps=196
2025-11-14 20:43:07,885 DDP_Script [Rank 1] [INFO] epoch 12 train step time: 62.92 seconds
2025-11-14 20:43:07,887 DDP_Script [Rank 1] [INFO] epoch 12 끝 (local_steps=196, global_steps=196)
2025-11-14 20:43:13,788 DDP_Script [Rank 1] [INFO] val acc 79.14%
2025-11-14 20:43:19,755 DDP_Script [Rank 1] [INFO] epoch 13 시작
2025-11-14 20:43:19,777 DDP_Script [Rank 1] [INFO] DataLoader created with batch_size=128, num_workers=4
2025-11-14 20:43:19,785 DDP_Script [Rank 1] [INFO] local_steps=196, global_steps=196
2025-11-14 20:44:22,729 DDP_Script [Rank 1] [INFO] epoch 13 train step time: 62.94 seconds
2025-11-14 20:44:22,732 DDP_Script [Rank 1] [INFO] epoch 13 끝 (local_steps=196, global_steps=196)
2025-11-14 20:44:28,598 DDP_Script [Rank 1] [INFO] val acc 80.97%
2025-11-14 20:44:38,283 DDP_Script [Rank 1] [INFO] epoch 14 시작
2025-11-14 20:44:38,312 DDP_Script [Rank 1] [INFO] DataLoader created with batch_size=128, num_workers=4
2025-11-14 20:44:38,314 DDP_Script [Rank 1] [INFO] local_steps=196, global_steps=196
2025-11-14 20:45:41,305 DDP_Script [Rank 1] [INFO] epoch 14 train step time: 62.99 seconds
2025-11-14 20:45:41,309 DDP_Script [Rank 1] [INFO] epoch 14 끝 (local_steps=196, global_steps=196)
2025-11-14 20:45:47,209 DDP_Script [Rank 1] [INFO] val acc 82.77%
2025-11-14 20:45:54,486 DDP_Script [Rank 1] [INFO] epoch 15 시작
2025-11-14 20:45:54,515 DDP_Script [Rank 1] [INFO] DataLoader created with batch_size=128, num_workers=4
2025-11-14 20:45:54,517 DDP_Script [Rank 1] [INFO] local_steps=196, global_steps=196
2025-11-14 20:46:57,216 DDP_Script [Rank 1] [INFO] epoch 15 train step time: 62.70 seconds
2025-11-14 20:46:57,219 DDP_Script [Rank 1] [INFO] epoch 15 끝 (local_steps=196, global_steps=196)
2025-11-14 20:47:02,980 DDP_Script [Rank 1] [INFO] val acc 82.93%
2025-11-14 20:47:17,998 DDP_Script [Rank 1] [INFO] epoch 16 시작
2025-11-14 20:47:18,029 DDP_Script [Rank 1] [INFO] DataLoader created with batch_size=128, num_workers=4
2025-11-14 20:47:18,031 DDP_Script [Rank 1] [INFO] local_steps=196, global_steps=196
2025-11-14 20:48:21,066 DDP_Script [Rank 1] [INFO] epoch 16 train step time: 63.03 seconds
2025-11-14 20:48:21,069 DDP_Script [Rank 1] [INFO] epoch 16 끝 (local_steps=196, global_steps=196)
2025-11-14 20:48:26,854 DDP_Script [Rank 1] [INFO] val acc 82.85%
2025-11-14 20:48:32,743 DDP_Script [Rank 1] [INFO] epoch 17 시작
2025-11-14 20:48:32,772 DDP_Script [Rank 1] [INFO] DataLoader created with batch_size=128, num_workers=4
2025-11-14 20:48:32,774 DDP_Script [Rank 1] [INFO] local_steps=196, global_steps=196
2025-11-14 20:49:35,589 DDP_Script [Rank 1] [INFO] epoch 17 train step time: 62.81 seconds
2025-11-14 20:49:35,591 DDP_Script [Rank 1] [INFO] epoch 17 끝 (local_steps=196, global_steps=196)
2025-11-14 20:49:41,349 DDP_Script [Rank 1] [INFO] val acc 85.01%
2025-11-14 20:49:46,620 DDP_Script [Rank 1] [INFO] epoch 18 시작
2025-11-14 20:49:46,684 DDP_Script [Rank 1] [INFO] DataLoader created with batch_size=128, num_workers=4
2025-11-14 20:49:46,695 DDP_Script [Rank 1] [INFO] local_steps=196, global_steps=196
2025-11-14 20:50:49,479 DDP_Script [Rank 1] [INFO] epoch 18 train step time: 62.78 seconds
2025-11-14 20:50:49,481 DDP_Script [Rank 1] [INFO] epoch 18 끝 (local_steps=196, global_steps=196)
2025-11-14 20:50:55,185 DDP_Script [Rank 1] [INFO] val acc 85.09%
2025-11-14 20:50:59,057 DDP_Script [Rank 1] [INFO] epoch 19 시작
2025-11-14 20:50:59,086 DDP_Script [Rank 1] [INFO] DataLoader created with batch_size=128, num_workers=4
2025-11-14 20:50:59,091 DDP_Script [Rank 1] [INFO] local_steps=196, global_steps=196
2025-11-14 20:52:02,099 DDP_Script [Rank 1] [INFO] epoch 19 train step time: 63.01 seconds
2025-11-14 20:52:02,101 DDP_Script [Rank 1] [INFO] epoch 19 끝 (local_steps=196, global_steps=196)
2025-11-14 20:52:07,916 DDP_Script [Rank 1] [INFO] val acc 85.97%
2025-11-14 20:52:10,102 DDP_Script [Rank 1] [INFO] epoch 20 시작
2025-11-14 20:52:10,123 DDP_Script [Rank 1] [INFO] DataLoader created with batch_size=128, num_workers=4
2025-11-14 20:52:10,130 DDP_Script [Rank 1] [INFO] local_steps=196, global_steps=196
2025-11-14 20:53:13,430 DDP_Script [Rank 1] [INFO] epoch 20 train step time: 63.30 seconds
2025-11-14 20:53:13,432 DDP_Script [Rank 1] [INFO] epoch 20 끝 (local_steps=196, global_steps=196)
2025-11-14 20:53:19,206 DDP_Script [Rank 1] [INFO] val acc 82.81%
2025-11-14 20:53:22,043 DDP_Script [Rank 1] [INFO] Training loop finished.
