Current CUDA device index: 0
Current CUDA device name: NVIDIA RTX A5000
Master address: 163.180.160.62, port: 29503
2025-11-18 23:04:46,317 DDP_Script [Rank 1] [INFO] Node rank: 1, world size: 2
[Gloo] Rank 1 is connected to 1 peer ranks. Expected number of connected peer ranks is : 1
2025-11-18 23:04:46,330 DDP_Script [Rank 1] [INFO] Process group initialized: 163.180.160.62:29503
2025-11-18 23:04:46,330 DDP_Script [Rank 1] [INFO] Rank 1/2 initialized
/nas2/data/dlwmznzl1/anaconda3/envs/Dist2/lib/python3.9/site-packages/torchvision/models/_utils.py:208: UserWarning: The parameter 'pretrained' is deprecated since 0.13 and may be removed in the future, please use 'weights' instead.
  warnings.warn(
/nas2/data/dlwmznzl1/anaconda3/envs/Dist2/lib/python3.9/site-packages/torchvision/models/_utils.py:223: UserWarning: Arguments other than a weight enum or `None` for 'weights' are deprecated since 0.13 and may be removed in the future. The current behavior is equivalent to passing `weights=None`.
  warnings.warn(msg)
2025-11-18 23:04:48,144 DDP_Script [Rank 1] [INFO] Model, DDP, criterion, optimizer initialized
2025-11-18 23:04:48,176 DDP_Script [Rank 1] [INFO] Modules initialized
2025-11-18 23:04:48,177 DDP_Script [Rank 1] [INFO] Starting training from scratch (epoch 1).
2025-11-18 23:04:48,277 DDP_Script [Rank 1] [INFO] epoch 1 시작
2025-11-18 23:04:48,297 DDP_Script [Rank 1] [INFO] DataLoader created with batch_size=128, num_workers=4
2025-11-18 23:04:48,299 DDP_Script [Rank 1] [INFO] local_steps=196, global_steps=196
2025-11-18 23:05:49,659 DDP_Script [Rank 1] [INFO] epoch 1 train step time: 61.36 seconds
2025-11-18 23:05:49,661 DDP_Script [Rank 1] [INFO] epoch 1 끝 (local_steps=196, global_steps=196)
2025-11-18 23:05:54,853 DDP_Script [Rank 1] [INFO] val acc 41.12%
2025-11-18 23:05:58,727 DDP_Script [Rank 1] [INFO] epoch 2 시작
2025-11-18 23:05:58,738 DDP_Script [Rank 1] [INFO] DataLoader created with batch_size=128, num_workers=4
2025-11-18 23:05:58,741 DDP_Script [Rank 1] [INFO] local_steps=196, global_steps=196
2025-11-18 23:06:59,728 DDP_Script [Rank 1] [INFO] epoch 2 train step time: 60.99 seconds
2025-11-18 23:06:59,731 DDP_Script [Rank 1] [INFO] epoch 2 끝 (local_steps=196, global_steps=196)
2025-11-18 23:07:04,713 DDP_Script [Rank 1] [INFO] val acc 51.82%
2025-11-18 23:07:08,325 DDP_Script [Rank 1] [INFO] epoch 3 시작
2025-11-18 23:07:08,336 DDP_Script [Rank 1] [INFO] DataLoader created with batch_size=128, num_workers=4
2025-11-18 23:07:08,348 DDP_Script [Rank 1] [INFO] local_steps=196, global_steps=196
2025-11-18 23:08:09,329 DDP_Script [Rank 1] [INFO] epoch 3 train step time: 60.98 seconds
2025-11-18 23:08:09,332 DDP_Script [Rank 1] [INFO] epoch 3 끝 (local_steps=196, global_steps=196)
2025-11-18 23:08:14,315 DDP_Script [Rank 1] [INFO] val acc 60.52%
2025-11-18 23:08:17,454 DDP_Script [Rank 1] [INFO] epoch 4 시작
2025-11-18 23:08:17,464 DDP_Script [Rank 1] [INFO] DataLoader created with batch_size=128, num_workers=4
2025-11-18 23:08:17,478 DDP_Script [Rank 1] [INFO] local_steps=196, global_steps=196
2025-11-18 23:09:18,588 DDP_Script [Rank 1] [INFO] epoch 4 train step time: 61.11 seconds
2025-11-18 23:09:18,590 DDP_Script [Rank 1] [INFO] epoch 4 끝 (local_steps=196, global_steps=196)
2025-11-18 23:09:23,565 DDP_Script [Rank 1] [INFO] val acc 62.16%
2025-11-18 23:09:28,538 DDP_Script [Rank 1] [INFO] epoch 5 시작
2025-11-18 23:09:28,549 DDP_Script [Rank 1] [INFO] DataLoader created with batch_size=128, num_workers=4
2025-11-18 23:09:28,560 DDP_Script [Rank 1] [INFO] local_steps=196, global_steps=196
2025-11-18 23:10:29,677 DDP_Script [Rank 1] [INFO] epoch 5 train step time: 61.12 seconds
2025-11-18 23:10:29,678 DDP_Script [Rank 1] [INFO] epoch 5 끝 (local_steps=196, global_steps=196)
2025-11-18 23:10:34,662 DDP_Script [Rank 1] [INFO] val acc 67.67%
2025-11-18 23:10:39,908 DDP_Script [Rank 1] [INFO] epoch 6 시작
2025-11-18 23:10:39,918 DDP_Script [Rank 1] [INFO] DataLoader created with batch_size=128, num_workers=4
2025-11-18 23:10:39,927 DDP_Script [Rank 1] [INFO] local_steps=196, global_steps=196
2025-11-18 23:11:41,262 DDP_Script [Rank 1] [INFO] epoch 6 train step time: 61.33 seconds
2025-11-18 23:11:41,265 DDP_Script [Rank 1] [INFO] epoch 6 끝 (local_steps=196, global_steps=196)
2025-11-18 23:11:46,246 DDP_Script [Rank 1] [INFO] val acc 70.20%
2025-11-18 23:11:50,812 DDP_Script [Rank 1] [INFO] epoch 7 시작
2025-11-18 23:11:50,823 DDP_Script [Rank 1] [INFO] DataLoader created with batch_size=128, num_workers=4
2025-11-18 23:11:50,831 DDP_Script [Rank 1] [INFO] local_steps=196, global_steps=196
2025-11-18 23:12:51,787 DDP_Script [Rank 1] [INFO] epoch 7 train step time: 60.96 seconds
2025-11-18 23:12:51,789 DDP_Script [Rank 1] [INFO] epoch 7 끝 (local_steps=196, global_steps=196)
2025-11-18 23:12:56,780 DDP_Script [Rank 1] [INFO] val acc 70.86%
2025-11-18 23:13:02,105 DDP_Script [Rank 1] [INFO] epoch 8 시작
2025-11-18 23:13:02,115 DDP_Script [Rank 1] [INFO] DataLoader created with batch_size=128, num_workers=4
2025-11-18 23:13:02,121 DDP_Script [Rank 1] [INFO] local_steps=196, global_steps=196
2025-11-18 23:14:03,369 DDP_Script [Rank 1] [INFO] epoch 8 train step time: 61.25 seconds
2025-11-18 23:14:03,375 DDP_Script [Rank 1] [INFO] epoch 8 끝 (local_steps=196, global_steps=196)
2025-11-18 23:14:08,370 DDP_Script [Rank 1] [INFO] val acc 72.78%
2025-11-18 23:14:19,290 DDP_Script [Rank 1] [INFO] epoch 9 시작
2025-11-18 23:14:19,300 DDP_Script [Rank 1] [INFO] DataLoader created with batch_size=128, num_workers=4
2025-11-18 23:14:19,309 DDP_Script [Rank 1] [INFO] local_steps=196, global_steps=196
2025-11-18 23:15:20,549 DDP_Script [Rank 1] [INFO] epoch 9 train step time: 61.24 seconds
2025-11-18 23:15:20,551 DDP_Script [Rank 1] [INFO] epoch 9 끝 (local_steps=196, global_steps=196)
2025-11-18 23:15:25,536 DDP_Script [Rank 1] [INFO] val acc 72.31%
2025-11-18 23:15:30,321 DDP_Script [Rank 1] [INFO] epoch 10 시작
2025-11-18 23:15:30,331 DDP_Script [Rank 1] [INFO] DataLoader created with batch_size=128, num_workers=4
2025-11-18 23:15:30,350 DDP_Script [Rank 1] [INFO] local_steps=196, global_steps=196
2025-11-18 23:16:31,275 DDP_Script [Rank 1] [INFO] epoch 10 train step time: 60.92 seconds
2025-11-18 23:16:31,277 DDP_Script [Rank 1] [INFO] epoch 10 끝 (local_steps=196, global_steps=196)
2025-11-18 23:16:36,261 DDP_Script [Rank 1] [INFO] val acc 75.37%
2025-11-18 23:16:37,409 DDP_Script [Rank 1] [INFO] epoch 11 시작
2025-11-18 23:16:37,419 DDP_Script [Rank 1] [INFO] DataLoader created with batch_size=128, num_workers=4
2025-11-18 23:16:37,423 DDP_Script [Rank 1] [INFO] local_steps=196, global_steps=196
2025-11-18 23:17:38,841 DDP_Script [Rank 1] [INFO] epoch 11 train step time: 61.42 seconds
2025-11-18 23:17:38,845 DDP_Script [Rank 1] [INFO] epoch 11 끝 (local_steps=196, global_steps=196)
2025-11-18 23:17:43,849 DDP_Script [Rank 1] [INFO] val acc 74.70%
2025-11-18 23:17:45,333 DDP_Script [Rank 1] [INFO] epoch 12 시작
2025-11-18 23:17:45,343 DDP_Script [Rank 1] [INFO] DataLoader created with batch_size=128, num_workers=4
2025-11-18 23:17:45,346 DDP_Script [Rank 1] [INFO] local_steps=196, global_steps=196
2025-11-18 23:18:46,841 DDP_Script [Rank 1] [INFO] epoch 12 train step time: 61.49 seconds
2025-11-18 23:18:46,846 DDP_Script [Rank 1] [INFO] epoch 12 끝 (local_steps=196, global_steps=196)
2025-11-18 23:18:51,895 DDP_Script [Rank 1] [INFO] val acc 77.84%
2025-11-18 23:18:54,394 DDP_Script [Rank 1] [INFO] epoch 13 시작
2025-11-18 23:18:54,403 DDP_Script [Rank 1] [INFO] DataLoader created with batch_size=128, num_workers=4
2025-11-18 23:18:54,415 DDP_Script [Rank 1] [INFO] local_steps=196, global_steps=196
2025-11-18 23:19:56,006 DDP_Script [Rank 1] [INFO] epoch 13 train step time: 61.59 seconds
2025-11-18 23:19:56,016 DDP_Script [Rank 1] [INFO] epoch 13 끝 (local_steps=196, global_steps=196)
2025-11-18 23:20:01,068 DDP_Script [Rank 1] [INFO] val acc 79.59%
2025-11-18 23:20:05,673 DDP_Script [Rank 1] [INFO] epoch 14 시작
2025-11-18 23:20:05,682 DDP_Script [Rank 1] [INFO] DataLoader created with batch_size=128, num_workers=4
2025-11-18 23:20:05,693 DDP_Script [Rank 1] [INFO] local_steps=196, global_steps=196
2025-11-18 23:21:07,147 DDP_Script [Rank 1] [INFO] epoch 14 train step time: 61.45 seconds
2025-11-18 23:21:07,156 DDP_Script [Rank 1] [INFO] epoch 14 끝 (local_steps=196, global_steps=196)
2025-11-18 23:21:12,156 DDP_Script [Rank 1] [INFO] val acc 79.25%
2025-11-18 23:21:17,889 DDP_Script [Rank 1] [INFO] epoch 15 시작
2025-11-18 23:21:17,899 DDP_Script [Rank 1] [INFO] DataLoader created with batch_size=128, num_workers=4
2025-11-18 23:21:17,912 DDP_Script [Rank 1] [INFO] local_steps=196, global_steps=196
2025-11-18 23:22:19,604 DDP_Script [Rank 1] [INFO] epoch 15 train step time: 61.69 seconds
2025-11-18 23:22:19,612 DDP_Script [Rank 1] [INFO] epoch 15 끝 (local_steps=196, global_steps=196)
2025-11-18 23:22:24,600 DDP_Script [Rank 1] [INFO] val acc 78.13%
2025-11-18 23:22:29,155 DDP_Script [Rank 1] [INFO] epoch 16 시작
2025-11-18 23:22:29,165 DDP_Script [Rank 1] [INFO] DataLoader created with batch_size=128, num_workers=4
2025-11-18 23:22:29,175 DDP_Script [Rank 1] [INFO] local_steps=196, global_steps=196
2025-11-18 23:23:30,775 DDP_Script [Rank 1] [INFO] epoch 16 train step time: 61.60 seconds
2025-11-18 23:23:30,785 DDP_Script [Rank 1] [INFO] epoch 16 끝 (local_steps=196, global_steps=196)
2025-11-18 23:23:35,805 DDP_Script [Rank 1] [INFO] val acc 83.35%
2025-11-18 23:23:41,228 DDP_Script [Rank 1] [INFO] epoch 17 시작
2025-11-18 23:23:41,238 DDP_Script [Rank 1] [INFO] DataLoader created with batch_size=128, num_workers=4
2025-11-18 23:23:41,246 DDP_Script [Rank 1] [INFO] local_steps=196, global_steps=196
2025-11-18 23:24:42,638 DDP_Script [Rank 1] [INFO] epoch 17 train step time: 61.39 seconds
2025-11-18 23:24:42,642 DDP_Script [Rank 1] [INFO] epoch 17 끝 (local_steps=196, global_steps=196)
2025-11-18 23:24:47,637 DDP_Script [Rank 1] [INFO] val acc 73.67%
2025-11-18 23:24:53,293 DDP_Script [Rank 1] [INFO] epoch 18 시작
2025-11-18 23:24:53,302 DDP_Script [Rank 1] [INFO] DataLoader created with batch_size=128, num_workers=4
2025-11-18 23:24:53,313 DDP_Script [Rank 1] [INFO] local_steps=196, global_steps=196
2025-11-18 23:25:54,621 DDP_Script [Rank 1] [INFO] epoch 18 train step time: 61.31 seconds
2025-11-18 23:25:54,623 DDP_Script [Rank 1] [INFO] epoch 18 끝 (local_steps=196, global_steps=196)
2025-11-18 23:25:59,637 DDP_Script [Rank 1] [INFO] val acc 80.74%
2025-11-18 23:26:04,284 DDP_Script [Rank 1] [INFO] epoch 19 시작
2025-11-18 23:26:04,295 DDP_Script [Rank 1] [INFO] DataLoader created with batch_size=128, num_workers=4
2025-11-18 23:26:04,305 DDP_Script [Rank 1] [INFO] local_steps=196, global_steps=196
2025-11-18 23:27:05,943 DDP_Script [Rank 1] [INFO] epoch 19 train step time: 61.64 seconds
2025-11-18 23:27:05,945 DDP_Script [Rank 1] [INFO] epoch 19 끝 (local_steps=196, global_steps=196)
2025-11-18 23:27:10,918 DDP_Script [Rank 1] [INFO] val acc 81.65%
2025-11-18 23:27:16,080 DDP_Script [Rank 1] [INFO] epoch 20 시작
2025-11-18 23:27:16,100 DDP_Script [Rank 1] [INFO] DataLoader created with batch_size=128, num_workers=4
2025-11-18 23:27:16,102 DDP_Script [Rank 1] [INFO] local_steps=196, global_steps=196
2025-11-18 23:28:17,709 DDP_Script [Rank 1] [INFO] epoch 20 train step time: 61.61 seconds
2025-11-18 23:28:17,711 DDP_Script [Rank 1] [INFO] epoch 20 끝 (local_steps=196, global_steps=196)
2025-11-18 23:28:22,739 DDP_Script [Rank 1] [INFO] val acc 80.48%
2025-11-18 23:28:27,667 DDP_Script [Rank 1] [INFO] Training loop finished.
