/data/breath12/anaconda3/envs/Dist1/lib/python3.9/site-packages/torch/cuda/__init__.py:63: FutureWarning: The pynvml package is deprecated. Please install nvidia-ml-py instead. If you did not install pynvml directly, please report this to the maintainers of the package that installed pynvml for you.
  import pynvml  # type: ignore[import]
Current CUDA device index: 0
Current CUDA device name: NVIDIA RTX A5000
Master address: 163.180.160.62, port: 29549
2025-11-19 03:54:51,256 DDP_Script [Rank 1] [INFO] Node rank: 1, world size: 2
[Gloo] Rank 1 is connected to 1 peer ranks. Expected number of connected peer ranks is : 1
2025-11-19 03:55:10,080 DDP_Script [Rank 1] [INFO] Process group initialized: 163.180.160.62:29549
2025-11-19 03:55:10,080 DDP_Script [Rank 1] [INFO] Rank 1/2 initialized
2025-11-19 03:55:11,162 DDP_Script [Rank 1] [INFO] Rank 1 loading tokenizer from cache: distilbert-base-uncased
2025-11-19 03:55:16,251 DDP_Script [Rank 1] [INFO] Rank 1 loading dataset from cache: glue/sst2
2025-11-19 03:55:20,982 DDP_Script [Rank 1] [INFO] Tokenizing datasets...
2025-11-19 03:55:21,153 DDP_Script [Rank 1] [INFO] SST-2 Dataset and Tokenizer loaded.
2025-11-19 03:55:21,154 DDP_Script [Rank 1] [INFO] Rank 1 loading model from cache: distilbert-base-uncased
Some weights of DistilBertForSequenceClassification were not initialized from the model checkpoint at distilbert-base-uncased and are newly initialized: ['classifier.bias', 'classifier.weight', 'pre_classifier.bias', 'pre_classifier.weight']
You should probably TRAIN this model on a down-stream task to be able to use it for predictions and inference.
2025-11-19 03:55:22,072 DDP_Script [Rank 1] [INFO] Model (DistilBert), DDP, optimizer (AdamW) initialized
2025-11-19 03:55:22,096 DDP_Script [Rank 1] [INFO] Modules initialized
2025-11-19 03:55:22,097 DDP_Script [Rank 1] [INFO] Starting training from scratch (epoch 1).
2025-11-19 03:55:22,114 DDP_Script [Rank 1] [INFO] epoch 1 시작
2025-11-19 03:55:22,137 DDP_Script [Rank 1] [INFO] DataLoader created with batch_size=32, num_workers=4
2025-11-19 03:55:22,153 DDP_Script [Rank 1] [INFO] local_steps=1053, global_steps=1053
2025-11-19 04:00:32,116 DDP_Script [Rank 1] [INFO] epoch 1 train step time: 309.96 seconds
2025-11-19 04:00:32,119 DDP_Script [Rank 1] [INFO] epoch 1 끝 (local_steps=1053, global_steps=1053)
2025-11-19 04:00:32,479 DDP_Script [Rank 1] [INFO] val acc 90.60%
2025-11-19 04:00:41,802 DDP_Script [Rank 1] [INFO] epoch 2 시작
2025-11-19 04:00:41,815 DDP_Script [Rank 1] [INFO] DataLoader created with batch_size=32, num_workers=4
2025-11-19 04:00:41,819 DDP_Script [Rank 1] [INFO] local_steps=1053, global_steps=1053
2025-11-19 04:05:52,988 DDP_Script [Rank 1] [INFO] epoch 2 train step time: 311.17 seconds
2025-11-19 04:05:52,990 DDP_Script [Rank 1] [INFO] epoch 2 끝 (local_steps=1053, global_steps=1053)
2025-11-19 04:05:53,359 DDP_Script [Rank 1] [INFO] val acc 89.79%
2025-11-19 04:06:14,123 DDP_Script [Rank 1] [INFO] epoch 3 시작
2025-11-19 04:06:14,133 DDP_Script [Rank 1] [INFO] DataLoader created with batch_size=32, num_workers=4
2025-11-19 04:06:14,138 DDP_Script [Rank 1] [INFO] local_steps=1053, global_steps=1053
2025-11-19 04:11:25,381 DDP_Script [Rank 1] [INFO] epoch 3 train step time: 311.24 seconds
2025-11-19 04:11:25,385 DDP_Script [Rank 1] [INFO] epoch 3 끝 (local_steps=1053, global_steps=1053)
2025-11-19 04:11:25,738 DDP_Script [Rank 1] [INFO] val acc 89.91%
2025-11-19 04:11:51,588 DDP_Script [Rank 1] [INFO] epoch 4 시작
2025-11-19 04:11:51,601 DDP_Script [Rank 1] [INFO] DataLoader created with batch_size=32, num_workers=4
2025-11-19 04:11:51,610 DDP_Script [Rank 1] [INFO] local_steps=1053, global_steps=1053
2025-11-19 04:17:04,520 DDP_Script [Rank 1] [INFO] epoch 4 train step time: 312.91 seconds
2025-11-19 04:17:04,528 DDP_Script [Rank 1] [INFO] epoch 4 끝 (local_steps=1053, global_steps=1053)
2025-11-19 04:17:05,086 DDP_Script [Rank 1] [INFO] val acc 90.14%
2025-11-19 04:17:12,531 DDP_Script [Rank 1] [INFO] epoch 5 시작
2025-11-19 04:17:12,545 DDP_Script [Rank 1] [INFO] DataLoader created with batch_size=32, num_workers=4
2025-11-19 04:17:12,565 DDP_Script [Rank 1] [INFO] local_steps=1053, global_steps=1053
2025-11-19 04:22:28,695 DDP_Script [Rank 1] [INFO] epoch 5 train step time: 316.13 seconds
2025-11-19 04:22:28,697 DDP_Script [Rank 1] [INFO] epoch 5 끝 (local_steps=1053, global_steps=1053)
2025-11-19 04:22:29,051 DDP_Script [Rank 1] [INFO] val acc 89.91%
2025-11-19 04:22:45,902 DDP_Script [Rank 1] [INFO] epoch 6 시작
2025-11-19 04:22:45,914 DDP_Script [Rank 1] [INFO] DataLoader created with batch_size=32, num_workers=4
2025-11-19 04:22:45,920 DDP_Script [Rank 1] [INFO] local_steps=1053, global_steps=1053
2025-11-19 04:28:06,562 DDP_Script [Rank 1] [INFO] epoch 6 train step time: 320.64 seconds
2025-11-19 04:28:06,567 DDP_Script [Rank 1] [INFO] epoch 6 끝 (local_steps=1053, global_steps=1053)
2025-11-19 04:28:07,004 DDP_Script [Rank 1] [INFO] val acc 90.25%
2025-11-19 04:28:18,665 DDP_Script [Rank 1] [INFO] epoch 7 시작
2025-11-19 04:28:18,678 DDP_Script [Rank 1] [INFO] DataLoader created with batch_size=32, num_workers=4
2025-11-19 04:28:18,694 DDP_Script [Rank 1] [INFO] local_steps=1053, global_steps=1053
2025-11-19 04:33:38,025 DDP_Script [Rank 1] [INFO] epoch 7 train step time: 319.33 seconds
2025-11-19 04:33:38,027 DDP_Script [Rank 1] [INFO] epoch 7 끝 (local_steps=1053, global_steps=1053)
2025-11-19 04:33:38,520 DDP_Script [Rank 1] [INFO] val acc 89.91%
2025-11-19 04:33:48,806 DDP_Script [Rank 1] [INFO] epoch 8 시작
2025-11-19 04:33:48,819 DDP_Script [Rank 1] [INFO] DataLoader created with batch_size=32, num_workers=4
2025-11-19 04:33:48,825 DDP_Script [Rank 1] [INFO] local_steps=1053, global_steps=1053
2025-11-19 04:39:08,801 DDP_Script [Rank 1] [INFO] epoch 8 train step time: 319.98 seconds
2025-11-19 04:39:08,805 DDP_Script [Rank 1] [INFO] epoch 8 끝 (local_steps=1053, global_steps=1053)
2025-11-19 04:39:09,168 DDP_Script [Rank 1] [INFO] val acc 89.79%
2025-11-19 04:39:24,955 DDP_Script [Rank 1] [INFO] epoch 9 시작
2025-11-19 04:39:24,968 DDP_Script [Rank 1] [INFO] DataLoader created with batch_size=32, num_workers=4
2025-11-19 04:39:24,974 DDP_Script [Rank 1] [INFO] local_steps=1053, global_steps=1053
2025-11-19 04:44:43,933 DDP_Script [Rank 1] [INFO] epoch 9 train step time: 318.96 seconds
2025-11-19 04:44:43,935 DDP_Script [Rank 1] [INFO] epoch 9 끝 (local_steps=1053, global_steps=1053)
2025-11-19 04:44:44,356 DDP_Script [Rank 1] [INFO] val acc 88.88%
2025-11-19 04:45:01,902 DDP_Script [Rank 1] [INFO] epoch 10 시작
2025-11-19 04:45:01,911 DDP_Script [Rank 1] [INFO] DataLoader created with batch_size=32, num_workers=4
2025-11-19 04:45:01,940 DDP_Script [Rank 1] [INFO] local_steps=1053, global_steps=1053
2025-11-19 04:50:21,476 DDP_Script [Rank 1] [INFO] epoch 10 train step time: 319.54 seconds
2025-11-19 04:50:21,478 DDP_Script [Rank 1] [INFO] epoch 10 끝 (local_steps=1053, global_steps=1053)
2025-11-19 04:50:21,978 DDP_Script [Rank 1] [INFO] val acc 90.83%
2025-11-19 04:50:30,128 DDP_Script [Rank 1] [INFO] epoch 11 시작
2025-11-19 04:50:30,140 DDP_Script [Rank 1] [INFO] DataLoader created with batch_size=32, num_workers=4
2025-11-19 04:50:30,148 DDP_Script [Rank 1] [INFO] local_steps=1053, global_steps=1053
2025-11-19 04:55:49,278 DDP_Script [Rank 1] [INFO] epoch 11 train step time: 319.13 seconds
2025-11-19 04:55:49,280 DDP_Script [Rank 1] [INFO] epoch 11 끝 (local_steps=1053, global_steps=1053)
2025-11-19 04:55:49,739 DDP_Script [Rank 1] [INFO] val acc 90.02%
2025-11-19 04:56:05,941 DDP_Script [Rank 1] [INFO] epoch 12 시작
2025-11-19 04:56:05,953 DDP_Script [Rank 1] [INFO] DataLoader created with batch_size=32, num_workers=4
2025-11-19 04:56:05,972 DDP_Script [Rank 1] [INFO] local_steps=1053, global_steps=1053
2025-11-19 05:01:22,485 DDP_Script [Rank 1] [INFO] epoch 12 train step time: 316.51 seconds
2025-11-19 05:01:22,489 DDP_Script [Rank 1] [INFO] epoch 12 끝 (local_steps=1053, global_steps=1053)
2025-11-19 05:01:23,107 DDP_Script [Rank 1] [INFO] val acc 89.56%
2025-11-19 05:01:40,154 DDP_Script [Rank 1] [INFO] epoch 13 시작
2025-11-19 05:01:40,164 DDP_Script [Rank 1] [INFO] DataLoader created with batch_size=32, num_workers=4
2025-11-19 05:01:40,173 DDP_Script [Rank 1] [INFO] local_steps=1053, global_steps=1053
2025-11-19 05:06:56,064 DDP_Script [Rank 1] [INFO] epoch 13 train step time: 315.89 seconds
2025-11-19 05:06:56,066 DDP_Script [Rank 1] [INFO] epoch 13 끝 (local_steps=1053, global_steps=1053)
2025-11-19 05:06:56,426 DDP_Script [Rank 1] [INFO] val acc 90.25%
2025-11-19 05:07:13,098 DDP_Script [Rank 1] [INFO] epoch 14 시작
2025-11-19 05:07:13,110 DDP_Script [Rank 1] [INFO] DataLoader created with batch_size=32, num_workers=4
2025-11-19 05:07:13,117 DDP_Script [Rank 1] [INFO] local_steps=1053, global_steps=1053
2025-11-19 05:12:31,600 DDP_Script [Rank 1] [INFO] epoch 14 train step time: 318.48 seconds
2025-11-19 05:12:31,604 DDP_Script [Rank 1] [INFO] epoch 14 끝 (local_steps=1053, global_steps=1053)
2025-11-19 05:12:32,177 DDP_Script [Rank 1] [INFO] val acc 88.53%
2025-11-19 05:12:46,554 DDP_Script [Rank 1] [INFO] epoch 15 시작
2025-11-19 05:12:46,567 DDP_Script [Rank 1] [INFO] DataLoader created with batch_size=32, num_workers=4
2025-11-19 05:12:46,570 DDP_Script [Rank 1] [INFO] local_steps=1053, global_steps=1053
2025-11-19 05:18:05,791 DDP_Script [Rank 1] [INFO] epoch 15 train step time: 319.22 seconds
2025-11-19 05:18:05,801 DDP_Script [Rank 1] [INFO] epoch 15 끝 (local_steps=1053, global_steps=1053)
2025-11-19 05:18:06,174 DDP_Script [Rank 1] [INFO] val acc 89.91%
2025-11-19 05:18:25,023 DDP_Script [Rank 1] [INFO] epoch 16 시작
2025-11-19 05:18:25,032 DDP_Script [Rank 1] [INFO] DataLoader created with batch_size=32, num_workers=4
2025-11-19 05:18:25,058 DDP_Script [Rank 1] [INFO] local_steps=1053, global_steps=1053
2025-11-19 05:23:44,178 DDP_Script [Rank 1] [INFO] epoch 16 train step time: 319.12 seconds
2025-11-19 05:23:44,182 DDP_Script [Rank 1] [INFO] epoch 16 끝 (local_steps=1053, global_steps=1053)
2025-11-19 05:23:44,560 DDP_Script [Rank 1] [INFO] val acc 89.68%
2025-11-19 05:23:59,310 DDP_Script [Rank 1] [INFO] epoch 17 시작
2025-11-19 05:23:59,322 DDP_Script [Rank 1] [INFO] DataLoader created with batch_size=32, num_workers=4
2025-11-19 05:23:59,330 DDP_Script [Rank 1] [INFO] local_steps=1053, global_steps=1053
2025-11-19 05:29:17,712 DDP_Script [Rank 1] [INFO] epoch 17 train step time: 318.38 seconds
2025-11-19 05:29:17,720 DDP_Script [Rank 1] [INFO] epoch 17 끝 (local_steps=1053, global_steps=1053)
2025-11-19 05:29:18,089 DDP_Script [Rank 1] [INFO] val acc 89.79%
2025-11-19 05:29:35,749 DDP_Script [Rank 1] [INFO] epoch 18 시작
2025-11-19 05:29:35,758 DDP_Script [Rank 1] [INFO] DataLoader created with batch_size=32, num_workers=4
2025-11-19 05:29:35,786 DDP_Script [Rank 1] [INFO] local_steps=1053, global_steps=1053
2025-11-19 05:34:54,284 DDP_Script [Rank 1] [INFO] epoch 18 train step time: 318.50 seconds
2025-11-19 05:34:54,291 DDP_Script [Rank 1] [INFO] epoch 18 끝 (local_steps=1053, global_steps=1053)
2025-11-19 05:34:54,752 DDP_Script [Rank 1] [INFO] val acc 89.91%
2025-11-19 05:35:11,925 DDP_Script [Rank 1] [INFO] epoch 19 시작
2025-11-19 05:35:11,934 DDP_Script [Rank 1] [INFO] DataLoader created with batch_size=32, num_workers=4
2025-11-19 05:35:11,962 DDP_Script [Rank 1] [INFO] local_steps=1053, global_steps=1053
2025-11-19 05:40:31,418 DDP_Script [Rank 1] [INFO] epoch 19 train step time: 319.46 seconds
2025-11-19 05:40:31,435 DDP_Script [Rank 1] [INFO] epoch 19 끝 (local_steps=1053, global_steps=1053)
2025-11-19 05:40:31,823 DDP_Script [Rank 1] [INFO] val acc 90.25%
2025-11-19 05:40:46,659 DDP_Script [Rank 1] [INFO] epoch 20 시작
2025-11-19 05:40:46,671 DDP_Script [Rank 1] [INFO] DataLoader created with batch_size=32, num_workers=4
2025-11-19 05:40:46,680 DDP_Script [Rank 1] [INFO] local_steps=1053, global_steps=1053
2025-11-19 05:46:05,516 DDP_Script [Rank 1] [INFO] epoch 20 train step time: 318.84 seconds
2025-11-19 05:46:05,519 DDP_Script [Rank 1] [INFO] epoch 20 끝 (local_steps=1053, global_steps=1053)
2025-11-19 05:46:05,873 DDP_Script [Rank 1] [INFO] val acc 89.22%
2025-11-19 05:46:19,764 DDP_Script [Rank 1] [INFO] Training loop finished.
