/data/breath12/anaconda3/envs/Dist1/lib/python3.9/site-packages/torch/cuda/__init__.py:63: FutureWarning: The pynvml package is deprecated. Please install nvidia-ml-py instead. If you did not install pynvml directly, please report this to the maintainers of the package that installed pynvml for you.
  import pynvml  # type: ignore[import]
Current CUDA device index: 0
Current CUDA device name: NVIDIA RTX A5000
Master address: 163.180.160.62, port: 29505
2025-11-18 18:51:22,018 DDP_Script [Rank 1] [INFO] Node rank: 1, world size: 2
[Gloo] Rank 1 is connected to 1 peer ranks. Expected number of connected peer ranks is : 1
2025-11-18 18:51:45,603 DDP_Script [Rank 1] [INFO] Process group initialized: 163.180.160.62:29505
2025-11-18 18:51:45,603 DDP_Script [Rank 1] [INFO] Rank 1/2 initialized
/data/breath12/anaconda3/envs/Dist1/lib/python3.9/site-packages/torchvision/models/_utils.py:208: UserWarning: The parameter 'pretrained' is deprecated since 0.13 and may be removed in the future, please use 'weights' instead.
  warnings.warn(
/data/breath12/anaconda3/envs/Dist1/lib/python3.9/site-packages/torchvision/models/_utils.py:223: UserWarning: Arguments other than a weight enum or `None` for 'weights' are deprecated since 0.13 and may be removed in the future. The current behavior is equivalent to passing `weights=None`.
  warnings.warn(msg)
2025-11-18 18:51:46,232 DDP_Script [Rank 1] [INFO] Model, DDP, criterion, optimizer initialized
2025-11-18 18:51:46,254 DDP_Script [Rank 1] [INFO] Modules initialized
2025-11-18 18:51:46,254 DDP_Script [Rank 1] [INFO] Starting training from scratch (epoch 1).
2025-11-18 18:51:46,544 DDP_Script [Rank 1] [INFO] epoch 1 시작
2025-11-18 18:51:46,554 DDP_Script [Rank 1] [INFO] DataLoader created with batch_size=64, num_workers=4
2025-11-18 18:51:46,562 DDP_Script [Rank 1] [INFO] local_steps=469, global_steps=469
2025-11-18 18:53:45,005 DDP_Script [Rank 1] [INFO] epoch 1 train step time: 118.44 seconds
2025-11-18 18:53:45,010 DDP_Script [Rank 1] [INFO] epoch 1 끝 (local_steps=469, global_steps=469)
2025-11-18 18:53:50,590 DDP_Script [Rank 1] [INFO] val acc 98.77%
2025-11-18 18:53:54,278 DDP_Script [Rank 1] [INFO] epoch 2 시작
2025-11-18 18:53:54,289 DDP_Script [Rank 1] [INFO] DataLoader created with batch_size=64, num_workers=4
2025-11-18 18:53:54,296 DDP_Script [Rank 1] [INFO] local_steps=469, global_steps=469
2025-11-18 18:55:52,502 DDP_Script [Rank 1] [INFO] epoch 2 train step time: 118.21 seconds
2025-11-18 18:55:52,504 DDP_Script [Rank 1] [INFO] epoch 2 끝 (local_steps=469, global_steps=469)
2025-11-18 18:55:58,342 DDP_Script [Rank 1] [INFO] val acc 98.58%
2025-11-18 18:56:03,005 DDP_Script [Rank 1] [INFO] epoch 3 시작
2025-11-18 18:56:03,017 DDP_Script [Rank 1] [INFO] DataLoader created with batch_size=64, num_workers=4
2025-11-18 18:56:03,030 DDP_Script [Rank 1] [INFO] local_steps=469, global_steps=469
2025-11-18 18:58:00,932 DDP_Script [Rank 1] [INFO] epoch 3 train step time: 117.90 seconds
2025-11-18 18:58:00,946 DDP_Script [Rank 1] [INFO] epoch 3 끝 (local_steps=469, global_steps=469)
2025-11-18 18:58:06,597 DDP_Script [Rank 1] [INFO] val acc 99.26%
2025-11-18 18:58:12,907 DDP_Script [Rank 1] [INFO] epoch 4 시작
2025-11-18 18:58:12,919 DDP_Script [Rank 1] [INFO] DataLoader created with batch_size=64, num_workers=4
2025-11-18 18:58:12,935 DDP_Script [Rank 1] [INFO] local_steps=469, global_steps=469
2025-11-18 19:00:11,083 DDP_Script [Rank 1] [INFO] epoch 4 train step time: 118.15 seconds
2025-11-18 19:00:11,094 DDP_Script [Rank 1] [INFO] epoch 4 끝 (local_steps=469, global_steps=469)
2025-11-18 19:00:16,560 DDP_Script [Rank 1] [INFO] val acc 99.26%
2025-11-18 19:00:21,785 DDP_Script [Rank 1] [INFO] epoch 5 시작
2025-11-18 19:00:21,797 DDP_Script [Rank 1] [INFO] DataLoader created with batch_size=64, num_workers=4
2025-11-18 19:00:21,811 DDP_Script [Rank 1] [INFO] local_steps=469, global_steps=469
2025-11-18 19:02:20,392 DDP_Script [Rank 1] [INFO] epoch 5 train step time: 118.58 seconds
2025-11-18 19:02:20,401 DDP_Script [Rank 1] [INFO] epoch 5 끝 (local_steps=469, global_steps=469)
2025-11-18 19:02:25,951 DDP_Script [Rank 1] [INFO] val acc 99.34%
2025-11-18 19:02:37,129 DDP_Script [Rank 1] [INFO] epoch 6 시작
2025-11-18 19:02:37,141 DDP_Script [Rank 1] [INFO] DataLoader created with batch_size=64, num_workers=4
2025-11-18 19:02:37,149 DDP_Script [Rank 1] [INFO] local_steps=469, global_steps=469
2025-11-18 19:04:34,898 DDP_Script [Rank 1] [INFO] epoch 6 train step time: 117.75 seconds
2025-11-18 19:04:34,899 DDP_Script [Rank 1] [INFO] epoch 6 끝 (local_steps=469, global_steps=469)
2025-11-18 19:04:40,702 DDP_Script [Rank 1] [INFO] val acc 98.87%
2025-11-18 19:04:45,467 DDP_Script [Rank 1] [INFO] epoch 7 시작
2025-11-18 19:04:45,479 DDP_Script [Rank 1] [INFO] DataLoader created with batch_size=64, num_workers=4
2025-11-18 19:04:45,493 DDP_Script [Rank 1] [INFO] local_steps=469, global_steps=469
2025-11-18 19:06:43,661 DDP_Script [Rank 1] [INFO] epoch 7 train step time: 118.17 seconds
2025-11-18 19:06:43,675 DDP_Script [Rank 1] [INFO] epoch 7 끝 (local_steps=469, global_steps=469)
2025-11-18 19:06:49,307 DDP_Script [Rank 1] [INFO] val acc 99.32%
2025-11-18 19:06:53,891 DDP_Script [Rank 1] [INFO] epoch 8 시작
2025-11-18 19:06:53,903 DDP_Script [Rank 1] [INFO] DataLoader created with batch_size=64, num_workers=4
2025-11-18 19:06:53,918 DDP_Script [Rank 1] [INFO] local_steps=469, global_steps=469
2025-11-18 19:08:52,244 DDP_Script [Rank 1] [INFO] epoch 8 train step time: 118.33 seconds
2025-11-18 19:08:52,261 DDP_Script [Rank 1] [INFO] epoch 8 끝 (local_steps=469, global_steps=469)
2025-11-18 19:08:57,717 DDP_Script [Rank 1] [INFO] val acc 98.96%
2025-11-18 19:09:04,104 DDP_Script [Rank 1] [INFO] epoch 9 시작
2025-11-18 19:09:04,115 DDP_Script [Rank 1] [INFO] DataLoader created with batch_size=64, num_workers=4
2025-11-18 19:09:04,126 DDP_Script [Rank 1] [INFO] local_steps=469, global_steps=469
2025-11-18 19:11:01,861 DDP_Script [Rank 1] [INFO] epoch 9 train step time: 117.73 seconds
2025-11-18 19:11:01,872 DDP_Script [Rank 1] [INFO] epoch 9 끝 (local_steps=469, global_steps=469)
2025-11-18 19:11:07,400 DDP_Script [Rank 1] [INFO] val acc 99.22%
2025-11-18 19:11:14,839 DDP_Script [Rank 1] [INFO] epoch 10 시작
2025-11-18 19:11:14,851 DDP_Script [Rank 1] [INFO] DataLoader created with batch_size=64, num_workers=4
2025-11-18 19:11:14,866 DDP_Script [Rank 1] [INFO] local_steps=469, global_steps=469
2025-11-18 19:13:13,315 DDP_Script [Rank 1] [INFO] epoch 10 train step time: 118.45 seconds
2025-11-18 19:13:13,331 DDP_Script [Rank 1] [INFO] epoch 10 끝 (local_steps=469, global_steps=469)
2025-11-18 19:13:18,866 DDP_Script [Rank 1] [INFO] val acc 99.52%
2025-11-18 19:13:23,910 DDP_Script [Rank 1] [INFO] epoch 11 시작
2025-11-18 19:13:23,922 DDP_Script [Rank 1] [INFO] DataLoader created with batch_size=64, num_workers=4
2025-11-18 19:13:23,936 DDP_Script [Rank 1] [INFO] local_steps=469, global_steps=469
2025-11-18 19:15:23,209 DDP_Script [Rank 1] [INFO] epoch 11 train step time: 119.27 seconds
2025-11-18 19:15:23,217 DDP_Script [Rank 1] [INFO] epoch 11 끝 (local_steps=469, global_steps=469)
2025-11-18 19:15:28,803 DDP_Script [Rank 1] [INFO] val acc 99.17%
2025-11-18 19:15:33,265 DDP_Script [Rank 1] [INFO] epoch 12 시작
2025-11-18 19:15:33,277 DDP_Script [Rank 1] [INFO] DataLoader created with batch_size=64, num_workers=4
2025-11-18 19:15:33,291 DDP_Script [Rank 1] [INFO] local_steps=469, global_steps=469
2025-11-18 19:17:31,570 DDP_Script [Rank 1] [INFO] epoch 12 train step time: 118.28 seconds
2025-11-18 19:17:31,593 DDP_Script [Rank 1] [INFO] epoch 12 끝 (local_steps=469, global_steps=469)
2025-11-18 19:17:37,124 DDP_Script [Rank 1] [INFO] val acc 99.30%
2025-11-18 19:17:41,835 DDP_Script [Rank 1] [INFO] epoch 13 시작
2025-11-18 19:17:41,846 DDP_Script [Rank 1] [INFO] DataLoader created with batch_size=64, num_workers=4
2025-11-18 19:17:41,859 DDP_Script [Rank 1] [INFO] local_steps=469, global_steps=469
2025-11-18 19:19:40,107 DDP_Script [Rank 1] [INFO] epoch 13 train step time: 118.25 seconds
2025-11-18 19:19:40,109 DDP_Script [Rank 1] [INFO] epoch 13 끝 (local_steps=469, global_steps=469)
2025-11-18 19:19:45,580 DDP_Script [Rank 1] [INFO] val acc 99.55%
2025-11-18 19:19:50,261 DDP_Script [Rank 1] [INFO] epoch 14 시작
2025-11-18 19:19:50,273 DDP_Script [Rank 1] [INFO] DataLoader created with batch_size=64, num_workers=4
2025-11-18 19:19:50,288 DDP_Script [Rank 1] [INFO] local_steps=469, global_steps=469
2025-11-18 19:21:48,609 DDP_Script [Rank 1] [INFO] epoch 14 train step time: 118.32 seconds
2025-11-18 19:21:48,611 DDP_Script [Rank 1] [INFO] epoch 14 끝 (local_steps=469, global_steps=469)
2025-11-18 19:21:54,091 DDP_Script [Rank 1] [INFO] val acc 99.38%
2025-11-18 19:22:03,888 DDP_Script [Rank 1] [INFO] epoch 15 시작
2025-11-18 19:22:03,900 DDP_Script [Rank 1] [INFO] DataLoader created with batch_size=64, num_workers=4
2025-11-18 19:22:03,919 DDP_Script [Rank 1] [INFO] local_steps=469, global_steps=469
2025-11-18 19:24:01,899 DDP_Script [Rank 1] [INFO] epoch 15 train step time: 117.98 seconds
2025-11-18 19:24:01,903 DDP_Script [Rank 1] [INFO] epoch 15 끝 (local_steps=469, global_steps=469)
2025-11-18 19:24:07,539 DDP_Script [Rank 1] [INFO] val acc 99.38%
2025-11-18 19:24:11,578 DDP_Script [Rank 1] [INFO] epoch 16 시작
2025-11-18 19:24:11,589 DDP_Script [Rank 1] [INFO] DataLoader created with batch_size=64, num_workers=4
2025-11-18 19:24:11,604 DDP_Script [Rank 1] [INFO] local_steps=469, global_steps=469
2025-11-18 19:26:10,171 DDP_Script [Rank 1] [INFO] epoch 16 train step time: 118.57 seconds
2025-11-18 19:26:10,173 DDP_Script [Rank 1] [INFO] epoch 16 끝 (local_steps=469, global_steps=469)
2025-11-18 19:26:15,706 DDP_Script [Rank 1] [INFO] val acc 99.51%
2025-11-18 19:26:19,771 DDP_Script [Rank 1] [INFO] epoch 17 시작
2025-11-18 19:26:19,782 DDP_Script [Rank 1] [INFO] DataLoader created with batch_size=64, num_workers=4
2025-11-18 19:26:19,796 DDP_Script [Rank 1] [INFO] local_steps=469, global_steps=469
2025-11-18 19:28:17,705 DDP_Script [Rank 1] [INFO] epoch 17 train step time: 117.91 seconds
2025-11-18 19:28:17,716 DDP_Script [Rank 1] [INFO] epoch 17 끝 (local_steps=469, global_steps=469)
2025-11-18 19:28:23,243 DDP_Script [Rank 1] [INFO] val acc 99.35%
2025-11-18 19:28:27,260 DDP_Script [Rank 1] [INFO] epoch 18 시작
2025-11-18 19:28:27,272 DDP_Script [Rank 1] [INFO] DataLoader created with batch_size=64, num_workers=4
2025-11-18 19:28:27,287 DDP_Script [Rank 1] [INFO] local_steps=469, global_steps=469
2025-11-18 19:30:25,777 DDP_Script [Rank 1] [INFO] epoch 18 train step time: 118.49 seconds
2025-11-18 19:30:25,789 DDP_Script [Rank 1] [INFO] epoch 18 끝 (local_steps=469, global_steps=469)
2025-11-18 19:30:31,327 DDP_Script [Rank 1] [INFO] val acc 99.39%
2025-11-18 19:30:36,683 DDP_Script [Rank 1] [INFO] epoch 19 시작
2025-11-18 19:30:36,694 DDP_Script [Rank 1] [INFO] DataLoader created with batch_size=64, num_workers=4
2025-11-18 19:30:36,707 DDP_Script [Rank 1] [INFO] local_steps=469, global_steps=469
2025-11-18 19:32:35,102 DDP_Script [Rank 1] [INFO] epoch 19 train step time: 118.39 seconds
2025-11-18 19:32:35,105 DDP_Script [Rank 1] [INFO] epoch 19 끝 (local_steps=469, global_steps=469)
2025-11-18 19:32:40,638 DDP_Script [Rank 1] [INFO] val acc 99.41%
2025-11-18 19:32:44,703 DDP_Script [Rank 1] [INFO] epoch 20 시작
2025-11-18 19:32:44,716 DDP_Script [Rank 1] [INFO] DataLoader created with batch_size=64, num_workers=4
2025-11-18 19:32:44,730 DDP_Script [Rank 1] [INFO] local_steps=469, global_steps=469
2025-11-18 19:34:43,161 DDP_Script [Rank 1] [INFO] epoch 20 train step time: 118.43 seconds
2025-11-18 19:34:43,173 DDP_Script [Rank 1] [INFO] epoch 20 끝 (local_steps=469, global_steps=469)
2025-11-18 19:34:48,749 DDP_Script [Rank 1] [INFO] val acc 99.40%
2025-11-18 19:34:55,515 DDP_Script [Rank 1] [INFO] Training loop finished.
