/data/breath12/anaconda3/envs/Dist1/lib/python3.9/site-packages/torch/cuda/__init__.py:63: FutureWarning: The pynvml package is deprecated. Please install nvidia-ml-py instead. If you did not install pynvml directly, please report this to the maintainers of the package that installed pynvml for you.
  import pynvml  # type: ignore[import]
Current CUDA device index: 0
Current CUDA device name: NVIDIA RTX A5000
Master address: 163.180.160.62, port: 29505
2025-12-03 15:17:37,557 DDP_Script [Rank 0] [INFO] Node rank: 0, world size: 2
[Gloo] Rank 0 is connected to 1 peer ranks. Expected number of connected peer ranks is : 1
2025-12-03 15:17:37,598 DDP_Script [Rank 0] [INFO] Process group initialized: 163.180.160.62:29505
2025-12-03 15:17:37,598 DDP_Script [Rank 0] [INFO] Rank 0/2 initialized
2025-12-03 15:17:37,598 DDP_Script [Rank 0] [INFO] Rank 0 downloading tokenizer: distilbert-base-uncased
2025-12-03 15:17:41,561 DDP_Script [Rank 0] [INFO] Rank 0 downloading dataset: glue/sst2
2025-12-03 15:17:46,303 DDP_Script [Rank 0] [INFO] Tokenizing datasets...
2025-12-03 15:17:46,468 DDP_Script [Rank 0] [INFO] SST-2 Dataset and Tokenizer loaded.
2025-12-03 15:17:46,468 DDP_Script [Rank 0] [INFO] Rank 0 downloading model: distilbert-base-uncased
Some weights of DistilBertForSequenceClassification were not initialized from the model checkpoint at distilbert-base-uncased and are newly initialized: ['classifier.bias', 'classifier.weight', 'pre_classifier.bias', 'pre_classifier.weight']
You should probably TRAIN this model on a down-stream task to be able to use it for predictions and inference.
2025-12-03 15:17:51,579 DDP_Script [Rank 0] [INFO] Model (DistilBert), DDP, optimizer (AdamW) initialized
2025-12-03 15:17:51,602 DDP_Script [Rank 0] [INFO] Modules initialized
2025-12-03 15:17:51,604 DDP_Script [Rank 0] [INFO] Checkpoint directory created: ./checkpoints/job-47bbc132a703
2025-12-03 15:17:51,605 DDP_Script [Rank 0] [INFO] Starting training from scratch (epoch 1).
2025-12-03 15:17:51,606 DDP_Script [Rank 0] [INFO] epoch 1 시작
2025-12-03 15:17:51,630 DDP_Script [Rank 0] [INFO] DataLoader created with batch_size=32, num_workers=4
2025-12-03 15:17:51,645 DDP_Script [Rank 0] [INFO] 모든 노드 중 max_steps = 1053
2025-12-03 15:17:51,645 DDP_Script [Rank 0] [INFO] local_steps=1053, global_steps=1053
2025-12-03 15:22:46,078 DDP_Script [Rank 0] [INFO] epoch 1 train step time: 294.43 seconds
2025-12-03 15:22:46,080 DDP_Script [Rank 0] [INFO] epoch 1 끝 (local_steps=1053, global_steps=1053)
2025-12-03 15:22:46,427 DDP_Script [Rank 0] [INFO] val acc 90.14%
2025-12-03 15:22:46,455 DDP_Script [Rank 0] [INFO] Saving checkpoint to ./checkpoints/job-47bbc132a703/latest_checkpoint.pth ...
2025-12-03 15:22:48,878 DDP_Script [Rank 0] [INFO] Successfully reported epoch 1/20 (Acc: 90.14%) to global server.
2025-12-03 15:22:48,879 DDP_Script [Rank 0] [INFO] epoch 2 시작
2025-12-03 15:22:48,893 DDP_Script [Rank 0] [INFO] DataLoader created with batch_size=32, num_workers=4
2025-12-03 15:22:48,895 DDP_Script [Rank 0] [INFO] 모든 노드 중 max_steps = 1053
2025-12-03 15:22:48,895 DDP_Script [Rank 0] [INFO] local_steps=1053, global_steps=1053
2025-12-03 15:27:44,897 DDP_Script [Rank 0] [INFO] epoch 2 train step time: 296.00 seconds
2025-12-03 15:27:44,899 DDP_Script [Rank 0] [INFO] epoch 2 끝 (local_steps=1053, global_steps=1053)
2025-12-03 15:27:45,268 DDP_Script [Rank 0] [INFO] val acc 90.25%
2025-12-03 15:27:45,303 DDP_Script [Rank 0] [INFO] Saving checkpoint to ./checkpoints/job-47bbc132a703/latest_checkpoint.pth ...
2025-12-03 15:27:47,988 DDP_Script [Rank 0] [INFO] Successfully reported epoch 2/20 (Acc: 90.25%) to global server.
2025-12-03 15:27:47,990 DDP_Script [Rank 0] [INFO] epoch 3 시작
2025-12-03 15:27:48,004 DDP_Script [Rank 0] [INFO] DataLoader created with batch_size=32, num_workers=4
2025-12-03 15:27:48,006 DDP_Script [Rank 0] [INFO] 모든 노드 중 max_steps = 1053
2025-12-03 15:27:48,006 DDP_Script [Rank 0] [INFO] local_steps=1053, global_steps=1053
2025-12-03 15:32:49,151 DDP_Script [Rank 0] [INFO] epoch 3 train step time: 301.14 seconds
2025-12-03 15:32:49,156 DDP_Script [Rank 0] [INFO] epoch 3 끝 (local_steps=1053, global_steps=1053)
2025-12-03 15:32:49,534 DDP_Script [Rank 0] [INFO] val acc 89.79%
2025-12-03 15:32:49,547 DDP_Script [Rank 0] [INFO] Saving checkpoint to ./checkpoints/job-47bbc132a703/latest_checkpoint.pth ...
2025-12-03 15:32:51,759 DDP_Script [Rank 0] [INFO] Successfully reported epoch 3/20 (Acc: 89.79%) to global server.
2025-12-03 15:32:51,761 DDP_Script [Rank 0] [INFO] epoch 4 시작
2025-12-03 15:32:51,774 DDP_Script [Rank 0] [INFO] DataLoader created with batch_size=32, num_workers=4
2025-12-03 15:32:51,776 DDP_Script [Rank 0] [INFO] 모든 노드 중 max_steps = 1053
2025-12-03 15:32:51,777 DDP_Script [Rank 0] [INFO] local_steps=1053, global_steps=1053
2025-12-03 15:37:50,905 DDP_Script [Rank 0] [INFO] epoch 4 train step time: 299.13 seconds
2025-12-03 15:37:50,914 DDP_Script [Rank 0] [INFO] epoch 4 끝 (local_steps=1053, global_steps=1053)
2025-12-03 15:37:51,287 DDP_Script [Rank 0] [INFO] val acc 90.02%
2025-12-03 15:37:51,319 DDP_Script [Rank 0] [INFO] Saving checkpoint to ./checkpoints/job-47bbc132a703/latest_checkpoint.pth ...
2025-12-03 15:37:53,272 DDP_Script [Rank 0] [INFO] Successfully reported epoch 4/20 (Acc: 90.02%) to global server.
2025-12-03 15:37:53,274 DDP_Script [Rank 0] [INFO] epoch 5 시작
2025-12-03 15:37:53,287 DDP_Script [Rank 0] [INFO] DataLoader created with batch_size=32, num_workers=4
2025-12-03 15:37:53,290 DDP_Script [Rank 0] [INFO] 모든 노드 중 max_steps = 1053
2025-12-03 15:37:53,290 DDP_Script [Rank 0] [INFO] local_steps=1053, global_steps=1053
2025-12-03 15:43:06,355 DDP_Script [Rank 0] [INFO] epoch 5 train step time: 313.06 seconds
2025-12-03 15:43:06,357 DDP_Script [Rank 0] [INFO] epoch 5 끝 (local_steps=1053, global_steps=1053)
2025-12-03 15:43:06,723 DDP_Script [Rank 0] [INFO] val acc 90.71%
2025-12-03 15:43:06,736 DDP_Script [Rank 0] [INFO] Saving checkpoint to ./checkpoints/job-47bbc132a703/latest_checkpoint.pth ...
2025-12-03 15:43:08,785 DDP_Script [Rank 0] [INFO] Successfully reported epoch 5/20 (Acc: 90.71%) to global server.
2025-12-03 15:43:08,787 DDP_Script [Rank 0] [INFO] epoch 6 시작
2025-12-03 15:43:08,799 DDP_Script [Rank 0] [INFO] DataLoader created with batch_size=32, num_workers=4
2025-12-03 15:43:08,803 DDP_Script [Rank 0] [INFO] 모든 노드 중 max_steps = 1053
2025-12-03 15:43:08,803 DDP_Script [Rank 0] [INFO] local_steps=1053, global_steps=1053
2025-12-03 15:48:30,937 DDP_Script [Rank 0] [INFO] epoch 6 train step time: 322.13 seconds
2025-12-03 15:48:30,939 DDP_Script [Rank 0] [INFO] epoch 6 끝 (local_steps=1053, global_steps=1053)
2025-12-03 15:48:31,350 DDP_Script [Rank 0] [INFO] val acc 90.25%
2025-12-03 15:48:31,385 DDP_Script [Rank 0] [INFO] Saving checkpoint to ./checkpoints/job-47bbc132a703/latest_checkpoint.pth ...
2025-12-03 15:48:33,241 DDP_Script [Rank 0] [INFO] Successfully reported epoch 6/20 (Acc: 90.25%) to global server.
2025-12-03 15:48:33,243 DDP_Script [Rank 0] [INFO] epoch 7 시작
2025-12-03 15:48:33,255 DDP_Script [Rank 0] [INFO] DataLoader created with batch_size=32, num_workers=4
2025-12-03 15:48:33,258 DDP_Script [Rank 0] [INFO] 모든 노드 중 max_steps = 1053
2025-12-03 15:48:33,258 DDP_Script [Rank 0] [INFO] local_steps=1053, global_steps=1053
2025-12-03 15:53:56,320 DDP_Script [Rank 0] [INFO] epoch 7 train step time: 323.06 seconds
2025-12-03 15:53:56,327 DDP_Script [Rank 0] [INFO] epoch 7 끝 (local_steps=1053, global_steps=1053)
2025-12-03 15:53:56,755 DDP_Script [Rank 0] [INFO] val acc 90.37%
2025-12-03 15:53:56,774 DDP_Script [Rank 0] [INFO] Saving checkpoint to ./checkpoints/job-47bbc132a703/latest_checkpoint.pth ...
2025-12-03 15:53:58,963 DDP_Script [Rank 0] [INFO] Successfully reported epoch 7/20 (Acc: 90.37%) to global server.
2025-12-03 15:53:58,965 DDP_Script [Rank 0] [INFO] epoch 8 시작
2025-12-03 15:53:58,977 DDP_Script [Rank 0] [INFO] DataLoader created with batch_size=32, num_workers=4
2025-12-03 15:53:58,980 DDP_Script [Rank 0] [INFO] 모든 노드 중 max_steps = 1053
2025-12-03 15:53:58,980 DDP_Script [Rank 0] [INFO] local_steps=1053, global_steps=1053
2025-12-03 15:59:20,426 DDP_Script [Rank 0] [INFO] epoch 8 train step time: 321.44 seconds
2025-12-03 15:59:20,430 DDP_Script [Rank 0] [INFO] epoch 8 끝 (local_steps=1053, global_steps=1053)
2025-12-03 15:59:20,844 DDP_Script [Rank 0] [INFO] val acc 89.45%
2025-12-03 15:59:20,858 DDP_Script [Rank 0] [INFO] Saving checkpoint to ./checkpoints/job-47bbc132a703/latest_checkpoint.pth ...
2025-12-03 15:59:22,881 DDP_Script [Rank 0] [INFO] Successfully reported epoch 8/20 (Acc: 89.45%) to global server.
2025-12-03 15:59:22,884 DDP_Script [Rank 0] [INFO] epoch 9 시작
2025-12-03 15:59:22,896 DDP_Script [Rank 0] [INFO] DataLoader created with batch_size=32, num_workers=4
2025-12-03 15:59:22,906 DDP_Script [Rank 0] [INFO] 모든 노드 중 max_steps = 1053
2025-12-03 15:59:22,906 DDP_Script [Rank 0] [INFO] local_steps=1053, global_steps=1053
2025-12-03 16:04:44,864 DDP_Script [Rank 0] [INFO] epoch 9 train step time: 321.96 seconds
2025-12-03 16:04:44,866 DDP_Script [Rank 0] [INFO] epoch 9 끝 (local_steps=1053, global_steps=1053)
2025-12-03 16:04:45,349 DDP_Script [Rank 0] [INFO] val acc 89.79%
2025-12-03 16:04:45,364 DDP_Script [Rank 0] [INFO] Saving checkpoint to ./checkpoints/job-47bbc132a703/latest_checkpoint.pth ...
2025-12-03 16:04:47,382 DDP_Script [Rank 0] [INFO] Successfully reported epoch 9/20 (Acc: 89.79%) to global server.
2025-12-03 16:04:47,385 DDP_Script [Rank 0] [INFO] epoch 10 시작
2025-12-03 16:04:47,400 DDP_Script [Rank 0] [INFO] DataLoader created with batch_size=32, num_workers=4
2025-12-03 16:04:47,402 DDP_Script [Rank 0] [INFO] 모든 노드 중 max_steps = 1053
2025-12-03 16:04:47,402 DDP_Script [Rank 0] [INFO] local_steps=1053, global_steps=1053
2025-12-03 16:10:10,735 DDP_Script [Rank 0] [INFO] epoch 10 train step time: 323.33 seconds
2025-12-03 16:10:10,737 DDP_Script [Rank 0] [INFO] epoch 10 끝 (local_steps=1053, global_steps=1053)
2025-12-03 16:10:11,240 DDP_Script [Rank 0] [INFO] val acc 90.02%
2025-12-03 16:10:11,259 DDP_Script [Rank 0] [INFO] Saving checkpoint to ./checkpoints/job-47bbc132a703/latest_checkpoint.pth ...
2025-12-03 16:10:13,496 DDP_Script [Rank 0] [INFO] Successfully reported epoch 10/20 (Acc: 90.02%) to global server.
2025-12-03 16:10:13,499 DDP_Script [Rank 0] [INFO] epoch 11 시작
2025-12-03 16:10:13,516 DDP_Script [Rank 0] [INFO] DataLoader created with batch_size=32, num_workers=4
2025-12-03 16:10:13,518 DDP_Script [Rank 0] [INFO] 모든 노드 중 max_steps = 1053
2025-12-03 16:10:13,518 DDP_Script [Rank 0] [INFO] local_steps=1053, global_steps=1053
2025-12-03 16:15:36,581 DDP_Script [Rank 0] [INFO] epoch 11 train step time: 323.06 seconds
2025-12-03 16:15:36,584 DDP_Script [Rank 0] [INFO] epoch 11 끝 (local_steps=1053, global_steps=1053)
2025-12-03 16:15:36,999 DDP_Script [Rank 0] [INFO] val acc 91.06%
2025-12-03 16:15:37,089 DDP_Script [Rank 0] [INFO] Saving checkpoint to ./checkpoints/job-47bbc132a703/latest_checkpoint.pth ...
2025-12-03 16:15:39,513 DDP_Script [Rank 0] [INFO] Successfully reported epoch 11/20 (Acc: 91.06%) to global server.
2025-12-03 16:15:39,516 DDP_Script [Rank 0] [INFO] epoch 12 시작
2025-12-03 16:15:39,531 DDP_Script [Rank 0] [INFO] DataLoader created with batch_size=32, num_workers=4
2025-12-03 16:15:39,533 DDP_Script [Rank 0] [INFO] 모든 노드 중 max_steps = 1053
2025-12-03 16:15:39,533 DDP_Script [Rank 0] [INFO] local_steps=1053, global_steps=1053
2025-12-03 16:21:02,489 DDP_Script [Rank 0] [INFO] epoch 12 train step time: 322.96 seconds
2025-12-03 16:21:02,491 DDP_Script [Rank 0] [INFO] epoch 12 끝 (local_steps=1053, global_steps=1053)
2025-12-03 16:21:02,942 DDP_Script [Rank 0] [INFO] val acc 89.33%
2025-12-03 16:21:02,952 DDP_Script [Rank 0] [INFO] Saving checkpoint to ./checkpoints/job-47bbc132a703/latest_checkpoint.pth ...
2025-12-03 16:21:05,074 DDP_Script [Rank 0] [INFO] Successfully reported epoch 12/20 (Acc: 89.33%) to global server.
2025-12-03 16:21:05,076 DDP_Script [Rank 0] [INFO] epoch 13 시작
2025-12-03 16:21:05,095 DDP_Script [Rank 0] [INFO] DataLoader created with batch_size=32, num_workers=4
2025-12-03 16:21:05,097 DDP_Script [Rank 0] [INFO] 모든 노드 중 max_steps = 1053
2025-12-03 16:21:05,097 DDP_Script [Rank 0] [INFO] local_steps=1053, global_steps=1053
2025-12-03 16:26:29,290 DDP_Script [Rank 0] [INFO] epoch 13 train step time: 324.19 seconds
2025-12-03 16:26:29,292 DDP_Script [Rank 0] [INFO] epoch 13 끝 (local_steps=1053, global_steps=1053)
2025-12-03 16:26:29,693 DDP_Script [Rank 0] [INFO] val acc 89.68%
2025-12-03 16:26:29,707 DDP_Script [Rank 0] [INFO] Saving checkpoint to ./checkpoints/job-47bbc132a703/latest_checkpoint.pth ...
2025-12-03 16:26:31,797 DDP_Script [Rank 0] [INFO] Successfully reported epoch 13/20 (Acc: 89.68%) to global server.
2025-12-03 16:26:31,800 DDP_Script [Rank 0] [INFO] epoch 14 시작
2025-12-03 16:26:31,814 DDP_Script [Rank 0] [INFO] DataLoader created with batch_size=32, num_workers=4
2025-12-03 16:26:31,823 DDP_Script [Rank 0] [INFO] 모든 노드 중 max_steps = 1053
2025-12-03 16:26:31,823 DDP_Script [Rank 0] [INFO] local_steps=1053, global_steps=1053
2025-12-03 16:31:53,082 DDP_Script [Rank 0] [INFO] epoch 14 train step time: 321.26 seconds
2025-12-03 16:31:53,084 DDP_Script [Rank 0] [INFO] epoch 14 끝 (local_steps=1053, global_steps=1053)
2025-12-03 16:31:53,456 DDP_Script [Rank 0] [INFO] val acc 89.68%
2025-12-03 16:31:53,471 DDP_Script [Rank 0] [INFO] Saving checkpoint to ./checkpoints/job-47bbc132a703/latest_checkpoint.pth ...
2025-12-03 16:31:55,627 DDP_Script [Rank 0] [INFO] Successfully reported epoch 14/20 (Acc: 89.68%) to global server.
2025-12-03 16:31:55,628 DDP_Script [Rank 0] [INFO] epoch 15 시작
2025-12-03 16:31:55,640 DDP_Script [Rank 0] [INFO] DataLoader created with batch_size=32, num_workers=4
2025-12-03 16:31:55,642 DDP_Script [Rank 0] [INFO] 모든 노드 중 max_steps = 1053
2025-12-03 16:31:55,642 DDP_Script [Rank 0] [INFO] local_steps=1053, global_steps=1053
2025-12-03 16:37:15,953 DDP_Script [Rank 0] [INFO] epoch 15 train step time: 320.31 seconds
2025-12-03 16:37:15,957 DDP_Script [Rank 0] [INFO] epoch 15 끝 (local_steps=1053, global_steps=1053)
2025-12-03 16:37:16,347 DDP_Script [Rank 0] [INFO] val acc 89.22%
2025-12-03 16:37:16,381 DDP_Script [Rank 0] [INFO] Saving checkpoint to ./checkpoints/job-47bbc132a703/latest_checkpoint.pth ...
2025-12-03 16:37:18,670 DDP_Script [Rank 0] [INFO] Successfully reported epoch 15/20 (Acc: 89.22%) to global server.
2025-12-03 16:37:18,672 DDP_Script [Rank 0] [INFO] epoch 16 시작
2025-12-03 16:37:18,683 DDP_Script [Rank 0] [INFO] DataLoader created with batch_size=32, num_workers=4
2025-12-03 16:37:18,687 DDP_Script [Rank 0] [INFO] 모든 노드 중 max_steps = 1053
2025-12-03 16:37:18,687 DDP_Script [Rank 0] [INFO] local_steps=1053, global_steps=1053
2025-12-03 16:42:36,463 DDP_Script [Rank 0] [INFO] epoch 16 train step time: 317.78 seconds
2025-12-03 16:42:36,465 DDP_Script [Rank 0] [INFO] epoch 16 끝 (local_steps=1053, global_steps=1053)
2025-12-03 16:42:36,853 DDP_Script [Rank 0] [INFO] val acc 89.22%
2025-12-03 16:42:36,893 DDP_Script [Rank 0] [INFO] Saving checkpoint to ./checkpoints/job-47bbc132a703/latest_checkpoint.pth ...
2025-12-03 16:42:39,188 DDP_Script [Rank 0] [INFO] Successfully reported epoch 16/20 (Acc: 89.22%) to global server.
2025-12-03 16:42:39,190 DDP_Script [Rank 0] [INFO] epoch 17 시작
2025-12-03 16:42:39,201 DDP_Script [Rank 0] [INFO] DataLoader created with batch_size=32, num_workers=4
2025-12-03 16:42:39,204 DDP_Script [Rank 0] [INFO] 모든 노드 중 max_steps = 1053
2025-12-03 16:42:39,204 DDP_Script [Rank 0] [INFO] local_steps=1053, global_steps=1053
2025-12-03 16:47:56,992 DDP_Script [Rank 0] [INFO] epoch 17 train step time: 317.79 seconds
2025-12-03 16:47:56,995 DDP_Script [Rank 0] [INFO] epoch 17 끝 (local_steps=1053, global_steps=1053)
2025-12-03 16:47:57,373 DDP_Script [Rank 0] [INFO] val acc 89.11%
2025-12-03 16:47:57,387 DDP_Script [Rank 0] [INFO] Saving checkpoint to ./checkpoints/job-47bbc132a703/latest_checkpoint.pth ...
2025-12-03 16:47:59,728 DDP_Script [Rank 0] [INFO] Successfully reported epoch 17/20 (Acc: 89.11%) to global server.
2025-12-03 16:47:59,730 DDP_Script [Rank 0] [INFO] epoch 18 시작
2025-12-03 16:47:59,741 DDP_Script [Rank 0] [INFO] DataLoader created with batch_size=32, num_workers=4
2025-12-03 16:47:59,744 DDP_Script [Rank 0] [INFO] 모든 노드 중 max_steps = 1053
2025-12-03 16:47:59,744 DDP_Script [Rank 0] [INFO] local_steps=1053, global_steps=1053
2025-12-03 16:53:17,453 DDP_Script [Rank 0] [INFO] epoch 18 train step time: 317.71 seconds
2025-12-03 16:53:17,454 DDP_Script [Rank 0] [INFO] epoch 18 끝 (local_steps=1053, global_steps=1053)
2025-12-03 16:53:17,857 DDP_Script [Rank 0] [INFO] val acc 90.02%
2025-12-03 16:53:17,873 DDP_Script [Rank 0] [INFO] Saving checkpoint to ./checkpoints/job-47bbc132a703/latest_checkpoint.pth ...
2025-12-03 16:53:19,987 DDP_Script [Rank 0] [INFO] Successfully reported epoch 18/20 (Acc: 90.02%) to global server.
2025-12-03 16:53:19,990 DDP_Script [Rank 0] [INFO] epoch 19 시작
2025-12-03 16:53:20,009 DDP_Script [Rank 0] [INFO] DataLoader created with batch_size=32, num_workers=4
2025-12-03 16:53:20,026 DDP_Script [Rank 0] [INFO] 모든 노드 중 max_steps = 1053
2025-12-03 16:53:20,027 DDP_Script [Rank 0] [INFO] local_steps=1053, global_steps=1053
2025-12-03 16:58:38,107 DDP_Script [Rank 0] [INFO] epoch 19 train step time: 318.08 seconds
2025-12-03 16:58:38,115 DDP_Script [Rank 0] [INFO] epoch 19 끝 (local_steps=1053, global_steps=1053)
2025-12-03 16:58:38,534 DDP_Script [Rank 0] [INFO] val acc 90.37%
2025-12-03 16:58:38,574 DDP_Script [Rank 0] [INFO] Saving checkpoint to ./checkpoints/job-47bbc132a703/latest_checkpoint.pth ...
2025-12-03 16:58:40,368 DDP_Script [Rank 0] [INFO] Successfully reported epoch 19/20 (Acc: 90.37%) to global server.
2025-12-03 16:58:40,371 DDP_Script [Rank 0] [INFO] epoch 20 시작
2025-12-03 16:58:40,403 DDP_Script [Rank 0] [INFO] DataLoader created with batch_size=32, num_workers=4
2025-12-03 16:58:40,405 DDP_Script [Rank 0] [INFO] 모든 노드 중 max_steps = 1053
2025-12-03 16:58:40,405 DDP_Script [Rank 0] [INFO] local_steps=1053, global_steps=1053
2025-12-03 17:03:59,010 DDP_Script [Rank 0] [INFO] epoch 20 train step time: 318.61 seconds
2025-12-03 17:03:59,013 DDP_Script [Rank 0] [INFO] epoch 20 끝 (local_steps=1053, global_steps=1053)
2025-12-03 17:03:59,419 DDP_Script [Rank 0] [INFO] val acc 89.91%
2025-12-03 17:03:59,429 DDP_Script [Rank 0] [INFO] Saving checkpoint to ./checkpoints/job-47bbc132a703/latest_checkpoint.pth ...
2025-12-03 17:04:01,717 DDP_Script [Rank 0] [INFO] Successfully reported epoch 20/20 (Acc: 89.91%) to global server.
2025-12-03 17:04:01,720 DDP_Script [Rank 0] [INFO] Training completed successfully.
2025-12-03 17:04:01,759 DDP_Script [Rank 0] [INFO] Reported job completion to global server.
2025-12-03 17:04:01,759 DDP_Script [Rank 0] [INFO] Training loop finished.
