/nas2/data/dlwmznzl1/anaconda3/envs/Dist1/lib/python3.9/site-packages/torch/cuda/__init__.py:63: FutureWarning: The pynvml package is deprecated. Please install nvidia-ml-py instead. If you did not install pynvml directly, please report this to the maintainers of the package that installed pynvml for you.
  import pynvml  # type: ignore[import]
Current CUDA device index: 0
Current CUDA device name: NVIDIA RTX A5000
Master address: 163.180.160.61, port: 29597
2025-11-16 13:15:14,707 DDP_Script [Rank 0] [INFO] Node rank: 0, world size: 1
[Gloo] Rank 0 is connected to 0 peer ranks. Expected number of connected peer ranks is : 0
2025-11-16 13:15:14,715 DDP_Script [Rank 0] [INFO] Process group initialized: 163.180.160.61:29597
2025-11-16 13:15:14,715 DDP_Script [Rank 0] [INFO] Rank 0/1 initialized
/nas2/data/dlwmznzl1/anaconda3/envs/Dist1/lib/python3.9/site-packages/torchvision/models/_utils.py:208: UserWarning: The parameter 'pretrained' is deprecated since 0.13 and may be removed in the future, please use 'weights' instead.
  warnings.warn(
/nas2/data/dlwmznzl1/anaconda3/envs/Dist1/lib/python3.9/site-packages/torchvision/models/_utils.py:223: UserWarning: Arguments other than a weight enum or `None` for 'weights' are deprecated since 0.13 and may be removed in the future. The current behavior is equivalent to passing `weights=None`.
  warnings.warn(msg)
2025-11-16 13:15:16,685 DDP_Script [Rank 0] [INFO] Model, DDP, criterion, optimizer initialized
2025-11-16 13:15:16,702 DDP_Script [Rank 0] [INFO] Modules initialized
2025-11-16 13:15:16,703 DDP_Script [Rank 0] [INFO] Checkpoint directory created: ./checkpoints/job-968c71e50e3d
2025-11-16 13:15:16,703 DDP_Script [Rank 0] [INFO] Starting training from scratch (epoch 1).
2025-11-16 13:15:16,704 DDP_Script [Rank 0] [INFO] epoch 1 시작
2025-11-16 13:15:16,721 DDP_Script [Rank 0] [INFO] DataLoader created with batch_size=128, num_workers=4
2025-11-16 13:15:16,725 DDP_Script [Rank 0] [INFO] 모든 노드 중 max_steps = 391
2025-11-16 13:15:16,725 DDP_Script [Rank 0] [INFO] local_steps=391, global_steps=391
2025-11-16 13:16:03,706 DDP_Script [Rank 0] [INFO] epoch 1 train step time: 46.98 seconds
2025-11-16 13:16:03,708 DDP_Script [Rank 0] [INFO] epoch 1 끝 (local_steps=391, global_steps=391)
2025-11-16 13:16:10,327 DDP_Script [Rank 0] [INFO] val acc 12.25%
2025-11-16 13:16:10,351 DDP_Script [Rank 0] [INFO] Saving checkpoint to ./checkpoints/job-968c71e50e3d/latest_checkpoint.pth ...
2025-11-16 13:16:10,770 DDP_Script [Rank 0] [INFO] Successfully reported epoch 1/20 (Acc: 12.25%) to global server.
2025-11-16 13:16:10,772 DDP_Script [Rank 0] [INFO] epoch 2 시작
2025-11-16 13:16:10,790 DDP_Script [Rank 0] [INFO] DataLoader created with batch_size=128, num_workers=4
2025-11-16 13:16:10,792 DDP_Script [Rank 0] [INFO] 모든 노드 중 max_steps = 391
2025-11-16 13:16:10,792 DDP_Script [Rank 0] [INFO] local_steps=391, global_steps=391
2025-11-16 13:16:57,149 DDP_Script [Rank 0] [INFO] epoch 2 train step time: 46.36 seconds
2025-11-16 13:16:57,151 DDP_Script [Rank 0] [INFO] epoch 2 끝 (local_steps=391, global_steps=391)
2025-11-16 13:17:03,530 DDP_Script [Rank 0] [INFO] val acc 17.29%
2025-11-16 13:17:03,556 DDP_Script [Rank 0] [INFO] Saving checkpoint to ./checkpoints/job-968c71e50e3d/latest_checkpoint.pth ...
2025-11-16 13:17:04,038 DDP_Script [Rank 0] [INFO] Successfully reported epoch 2/20 (Acc: 17.29%) to global server.
2025-11-16 13:17:04,040 DDP_Script [Rank 0] [INFO] epoch 3 시작
2025-11-16 13:17:04,068 DDP_Script [Rank 0] [INFO] DataLoader created with batch_size=128, num_workers=4
2025-11-16 13:17:04,069 DDP_Script [Rank 0] [INFO] 모든 노드 중 max_steps = 391
2025-11-16 13:17:04,069 DDP_Script [Rank 0] [INFO] local_steps=391, global_steps=391
2025-11-16 13:17:50,681 DDP_Script [Rank 0] [INFO] epoch 3 train step time: 46.61 seconds
2025-11-16 13:17:50,682 DDP_Script [Rank 0] [INFO] epoch 3 끝 (local_steps=391, global_steps=391)
2025-11-16 13:17:56,818 DDP_Script [Rank 0] [INFO] val acc 26.13%
2025-11-16 13:17:56,833 DDP_Script [Rank 0] [INFO] Saving checkpoint to ./checkpoints/job-968c71e50e3d/latest_checkpoint.pth ...
2025-11-16 13:17:57,261 DDP_Script [Rank 0] [INFO] Successfully reported epoch 3/20 (Acc: 26.13%) to global server.
2025-11-16 13:17:57,263 DDP_Script [Rank 0] [INFO] epoch 4 시작
2025-11-16 13:17:57,281 DDP_Script [Rank 0] [INFO] DataLoader created with batch_size=128, num_workers=4
2025-11-16 13:17:57,283 DDP_Script [Rank 0] [INFO] 모든 노드 중 max_steps = 391
2025-11-16 13:17:57,283 DDP_Script [Rank 0] [INFO] local_steps=391, global_steps=391
2025-11-16 13:18:43,711 DDP_Script [Rank 0] [INFO] epoch 4 train step time: 46.43 seconds
2025-11-16 13:18:43,712 DDP_Script [Rank 0] [INFO] epoch 4 끝 (local_steps=391, global_steps=391)
2025-11-16 13:18:50,188 DDP_Script [Rank 0] [INFO] val acc 31.56%
2025-11-16 13:18:50,221 DDP_Script [Rank 0] [INFO] Saving checkpoint to ./checkpoints/job-968c71e50e3d/latest_checkpoint.pth ...
2025-11-16 13:18:50,638 DDP_Script [Rank 0] [INFO] Successfully reported epoch 4/20 (Acc: 31.56%) to global server.
2025-11-16 13:18:50,640 DDP_Script [Rank 0] [INFO] epoch 5 시작
2025-11-16 13:18:50,657 DDP_Script [Rank 0] [INFO] DataLoader created with batch_size=128, num_workers=4
2025-11-16 13:18:50,659 DDP_Script [Rank 0] [INFO] 모든 노드 중 max_steps = 391
2025-11-16 13:18:50,659 DDP_Script [Rank 0] [INFO] local_steps=391, global_steps=391
2025-11-16 13:19:36,834 DDP_Script [Rank 0] [INFO] epoch 5 train step time: 46.17 seconds
2025-11-16 13:19:36,836 DDP_Script [Rank 0] [INFO] epoch 5 끝 (local_steps=391, global_steps=391)
2025-11-16 13:19:43,462 DDP_Script [Rank 0] [INFO] val acc 34.27%
2025-11-16 13:19:43,478 DDP_Script [Rank 0] [INFO] Saving checkpoint to ./checkpoints/job-968c71e50e3d/latest_checkpoint.pth ...
2025-11-16 13:19:43,940 DDP_Script [Rank 0] [INFO] Successfully reported epoch 5/20 (Acc: 34.27%) to global server.
2025-11-16 13:19:43,941 DDP_Script [Rank 0] [INFO] epoch 6 시작
2025-11-16 13:19:43,960 DDP_Script [Rank 0] [INFO] DataLoader created with batch_size=128, num_workers=4
2025-11-16 13:19:43,962 DDP_Script [Rank 0] [INFO] 모든 노드 중 max_steps = 391
2025-11-16 13:19:43,962 DDP_Script [Rank 0] [INFO] local_steps=391, global_steps=391
2025-11-16 13:20:30,682 DDP_Script [Rank 0] [INFO] epoch 6 train step time: 46.72 seconds
2025-11-16 13:20:30,683 DDP_Script [Rank 0] [INFO] epoch 6 끝 (local_steps=391, global_steps=391)
2025-11-16 13:20:37,478 DDP_Script [Rank 0] [INFO] val acc 36.09%
2025-11-16 13:20:37,504 DDP_Script [Rank 0] [INFO] Saving checkpoint to ./checkpoints/job-968c71e50e3d/latest_checkpoint.pth ...
2025-11-16 13:20:37,970 DDP_Script [Rank 0] [INFO] Successfully reported epoch 6/20 (Acc: 36.09%) to global server.
2025-11-16 13:20:37,972 DDP_Script [Rank 0] [INFO] epoch 7 시작
2025-11-16 13:20:37,994 DDP_Script [Rank 0] [INFO] DataLoader created with batch_size=128, num_workers=4
2025-11-16 13:20:37,995 DDP_Script [Rank 0] [INFO] 모든 노드 중 max_steps = 391
2025-11-16 13:20:37,995 DDP_Script [Rank 0] [INFO] local_steps=391, global_steps=391
2025-11-16 13:21:24,336 DDP_Script [Rank 0] [INFO] epoch 7 train step time: 46.34 seconds
2025-11-16 13:21:24,338 DDP_Script [Rank 0] [INFO] epoch 7 끝 (local_steps=391, global_steps=391)
2025-11-16 13:21:31,438 DDP_Script [Rank 0] [INFO] val acc 45.88%
2025-11-16 13:21:31,470 DDP_Script [Rank 0] [INFO] Saving checkpoint to ./checkpoints/job-968c71e50e3d/latest_checkpoint.pth ...
2025-11-16 13:21:31,930 DDP_Script [Rank 0] [INFO] Successfully reported epoch 7/20 (Acc: 45.88%) to global server.
2025-11-16 13:21:31,931 DDP_Script [Rank 0] [INFO] epoch 8 시작
2025-11-16 13:21:31,948 DDP_Script [Rank 0] [INFO] DataLoader created with batch_size=128, num_workers=4
2025-11-16 13:21:31,949 DDP_Script [Rank 0] [INFO] 모든 노드 중 max_steps = 391
2025-11-16 13:21:31,949 DDP_Script [Rank 0] [INFO] local_steps=391, global_steps=391
2025-11-16 13:22:18,600 DDP_Script [Rank 0] [INFO] epoch 8 train step time: 46.65 seconds
2025-11-16 13:22:18,601 DDP_Script [Rank 0] [INFO] epoch 8 끝 (local_steps=391, global_steps=391)
2025-11-16 13:22:25,393 DDP_Script [Rank 0] [INFO] val acc 49.63%
2025-11-16 13:22:25,419 DDP_Script [Rank 0] [INFO] Saving checkpoint to ./checkpoints/job-968c71e50e3d/latest_checkpoint.pth ...
2025-11-16 13:22:25,892 DDP_Script [Rank 0] [INFO] Successfully reported epoch 8/20 (Acc: 49.63%) to global server.
2025-11-16 13:22:25,893 DDP_Script [Rank 0] [INFO] epoch 9 시작
2025-11-16 13:22:25,920 DDP_Script [Rank 0] [INFO] DataLoader created with batch_size=128, num_workers=4
2025-11-16 13:22:25,922 DDP_Script [Rank 0] [INFO] 모든 노드 중 max_steps = 391
2025-11-16 13:22:25,923 DDP_Script [Rank 0] [INFO] local_steps=391, global_steps=391
2025-11-16 13:23:12,299 DDP_Script [Rank 0] [INFO] epoch 9 train step time: 46.38 seconds
2025-11-16 13:23:12,300 DDP_Script [Rank 0] [INFO] epoch 9 끝 (local_steps=391, global_steps=391)
2025-11-16 13:23:18,934 DDP_Script [Rank 0] [INFO] val acc 52.26%
2025-11-16 13:23:18,955 DDP_Script [Rank 0] [INFO] Saving checkpoint to ./checkpoints/job-968c71e50e3d/latest_checkpoint.pth ...
2025-11-16 13:23:19,389 DDP_Script [Rank 0] [INFO] Successfully reported epoch 9/20 (Acc: 52.26%) to global server.
2025-11-16 13:23:19,390 DDP_Script [Rank 0] [INFO] epoch 10 시작
2025-11-16 13:23:19,406 DDP_Script [Rank 0] [INFO] DataLoader created with batch_size=128, num_workers=4
2025-11-16 13:23:19,408 DDP_Script [Rank 0] [INFO] 모든 노드 중 max_steps = 391
2025-11-16 13:23:19,408 DDP_Script [Rank 0] [INFO] local_steps=391, global_steps=391
2025-11-16 13:24:05,783 DDP_Script [Rank 0] [INFO] epoch 10 train step time: 46.37 seconds
2025-11-16 13:24:05,785 DDP_Script [Rank 0] [INFO] epoch 10 끝 (local_steps=391, global_steps=391)
2025-11-16 13:24:12,517 DDP_Script [Rank 0] [INFO] val acc 53.60%
2025-11-16 13:24:12,544 DDP_Script [Rank 0] [INFO] Saving checkpoint to ./checkpoints/job-968c71e50e3d/latest_checkpoint.pth ...
2025-11-16 13:24:13,010 DDP_Script [Rank 0] [INFO] Successfully reported epoch 10/20 (Acc: 53.60%) to global server.
2025-11-16 13:24:13,012 DDP_Script [Rank 0] [INFO] epoch 11 시작
2025-11-16 13:24:13,030 DDP_Script [Rank 0] [INFO] DataLoader created with batch_size=128, num_workers=4
2025-11-16 13:24:13,032 DDP_Script [Rank 0] [INFO] 모든 노드 중 max_steps = 391
2025-11-16 13:24:13,032 DDP_Script [Rank 0] [INFO] local_steps=391, global_steps=391
2025-11-16 13:24:59,190 DDP_Script [Rank 0] [INFO] epoch 11 train step time: 46.16 seconds
2025-11-16 13:24:59,191 DDP_Script [Rank 0] [INFO] epoch 11 끝 (local_steps=391, global_steps=391)
2025-11-16 13:25:06,169 DDP_Script [Rank 0] [INFO] val acc 56.74%
2025-11-16 13:25:06,188 DDP_Script [Rank 0] [INFO] Saving checkpoint to ./checkpoints/job-968c71e50e3d/latest_checkpoint.pth ...
2025-11-16 13:25:06,612 DDP_Script [Rank 0] [INFO] Successfully reported epoch 11/20 (Acc: 56.74%) to global server.
2025-11-16 13:25:06,613 DDP_Script [Rank 0] [INFO] epoch 12 시작
2025-11-16 13:25:06,631 DDP_Script [Rank 0] [INFO] DataLoader created with batch_size=128, num_workers=4
2025-11-16 13:25:06,632 DDP_Script [Rank 0] [INFO] 모든 노드 중 max_steps = 391
2025-11-16 13:25:06,632 DDP_Script [Rank 0] [INFO] local_steps=391, global_steps=391
2025-11-16 13:25:53,120 DDP_Script [Rank 0] [INFO] epoch 12 train step time: 46.49 seconds
2025-11-16 13:25:53,121 DDP_Script [Rank 0] [INFO] epoch 12 끝 (local_steps=391, global_steps=391)
2025-11-16 13:26:00,091 DDP_Script [Rank 0] [INFO] val acc 58.17%
2025-11-16 13:26:00,115 DDP_Script [Rank 0] [INFO] Saving checkpoint to ./checkpoints/job-968c71e50e3d/latest_checkpoint.pth ...
2025-11-16 13:26:00,624 DDP_Script [Rank 0] [INFO] Successfully reported epoch 12/20 (Acc: 58.17%) to global server.
2025-11-16 13:26:00,626 DDP_Script [Rank 0] [INFO] epoch 13 시작
2025-11-16 13:26:00,650 DDP_Script [Rank 0] [INFO] DataLoader created with batch_size=128, num_workers=4
2025-11-16 13:26:00,651 DDP_Script [Rank 0] [INFO] 모든 노드 중 max_steps = 391
2025-11-16 13:26:00,652 DDP_Script [Rank 0] [INFO] local_steps=391, global_steps=391
2025-11-16 13:26:46,758 DDP_Script [Rank 0] [INFO] epoch 13 train step time: 46.11 seconds
2025-11-16 13:26:46,759 DDP_Script [Rank 0] [INFO] epoch 13 끝 (local_steps=391, global_steps=391)
2025-11-16 13:26:53,328 DDP_Script [Rank 0] [INFO] val acc 59.95%
2025-11-16 13:26:53,349 DDP_Script [Rank 0] [INFO] Saving checkpoint to ./checkpoints/job-968c71e50e3d/latest_checkpoint.pth ...
2025-11-16 13:26:53,775 DDP_Script [Rank 0] [INFO] Successfully reported epoch 13/20 (Acc: 59.95%) to global server.
2025-11-16 13:26:53,777 DDP_Script [Rank 0] [INFO] epoch 14 시작
2025-11-16 13:26:53,795 DDP_Script [Rank 0] [INFO] DataLoader created with batch_size=128, num_workers=4
2025-11-16 13:26:53,796 DDP_Script [Rank 0] [INFO] 모든 노드 중 max_steps = 391
2025-11-16 13:26:53,796 DDP_Script [Rank 0] [INFO] local_steps=391, global_steps=391
2025-11-16 13:27:38,035 DDP_Script [Rank 0] [INFO] epoch 14 train step time: 44.24 seconds
2025-11-16 13:27:38,036 DDP_Script [Rank 0] [INFO] epoch 14 끝 (local_steps=391, global_steps=391)
2025-11-16 13:27:44,049 DDP_Script [Rank 0] [INFO] val acc 60.42%
2025-11-16 13:27:44,080 DDP_Script [Rank 0] [INFO] Saving checkpoint to ./checkpoints/job-968c71e50e3d/latest_checkpoint.pth ...
2025-11-16 13:27:44,510 DDP_Script [Rank 0] [INFO] Successfully reported epoch 14/20 (Acc: 60.42%) to global server.
2025-11-16 13:27:44,511 DDP_Script [Rank 0] [INFO] epoch 15 시작
2025-11-16 13:27:44,534 DDP_Script [Rank 0] [INFO] DataLoader created with batch_size=128, num_workers=4
2025-11-16 13:27:44,535 DDP_Script [Rank 0] [INFO] 모든 노드 중 max_steps = 391
2025-11-16 13:27:44,535 DDP_Script [Rank 0] [INFO] local_steps=391, global_steps=391
2025-11-16 13:28:28,486 DDP_Script [Rank 0] [INFO] epoch 15 train step time: 43.95 seconds
2025-11-16 13:28:28,488 DDP_Script [Rank 0] [INFO] epoch 15 끝 (local_steps=391, global_steps=391)
2025-11-16 13:28:34,853 DDP_Script [Rank 0] [INFO] val acc 61.81%
2025-11-16 13:28:34,871 DDP_Script [Rank 0] [INFO] Saving checkpoint to ./checkpoints/job-968c71e50e3d/latest_checkpoint.pth ...
2025-11-16 13:28:35,326 DDP_Script [Rank 0] [INFO] Successfully reported epoch 15/20 (Acc: 61.81%) to global server.
2025-11-16 13:28:35,327 DDP_Script [Rank 0] [INFO] epoch 16 시작
2025-11-16 13:28:35,359 DDP_Script [Rank 0] [INFO] DataLoader created with batch_size=128, num_workers=4
2025-11-16 13:28:35,361 DDP_Script [Rank 0] [INFO] 모든 노드 중 max_steps = 391
2025-11-16 13:28:35,361 DDP_Script [Rank 0] [INFO] local_steps=391, global_steps=391
2025-11-16 13:29:19,341 DDP_Script [Rank 0] [INFO] epoch 16 train step time: 43.98 seconds
2025-11-16 13:29:19,342 DDP_Script [Rank 0] [INFO] epoch 16 끝 (local_steps=391, global_steps=391)
2025-11-16 13:29:25,469 DDP_Script [Rank 0] [INFO] val acc 63.18%
2025-11-16 13:29:25,485 DDP_Script [Rank 0] [INFO] Saving checkpoint to ./checkpoints/job-968c71e50e3d/latest_checkpoint.pth ...
2025-11-16 13:29:25,853 DDP_Script [Rank 0] [INFO] Successfully reported epoch 16/20 (Acc: 63.18%) to global server.
2025-11-16 13:29:25,855 DDP_Script [Rank 0] [INFO] epoch 17 시작
2025-11-16 13:29:25,875 DDP_Script [Rank 0] [INFO] DataLoader created with batch_size=128, num_workers=4
2025-11-16 13:29:25,876 DDP_Script [Rank 0] [INFO] 모든 노드 중 max_steps = 391
2025-11-16 13:29:25,877 DDP_Script [Rank 0] [INFO] local_steps=391, global_steps=391
2025-11-16 13:30:09,964 DDP_Script [Rank 0] [INFO] epoch 17 train step time: 44.09 seconds
2025-11-16 13:30:09,966 DDP_Script [Rank 0] [INFO] epoch 17 끝 (local_steps=391, global_steps=391)
2025-11-16 13:30:16,163 DDP_Script [Rank 0] [INFO] val acc 61.38%
2025-11-16 13:30:16,197 DDP_Script [Rank 0] [INFO] Saving checkpoint to ./checkpoints/job-968c71e50e3d/latest_checkpoint.pth ...
2025-11-16 13:30:16,570 DDP_Script [Rank 0] [INFO] Successfully reported epoch 17/20 (Acc: 61.38%) to global server.
2025-11-16 13:30:16,572 DDP_Script [Rank 0] [INFO] epoch 18 시작
2025-11-16 13:30:16,585 DDP_Script [Rank 0] [INFO] DataLoader created with batch_size=128, num_workers=4
2025-11-16 13:30:16,593 DDP_Script [Rank 0] [INFO] 모든 노드 중 max_steps = 391
2025-11-16 13:30:16,593 DDP_Script [Rank 0] [INFO] local_steps=391, global_steps=391
2025-11-16 13:31:00,537 DDP_Script [Rank 0] [INFO] epoch 18 train step time: 43.94 seconds
2025-11-16 13:31:00,538 DDP_Script [Rank 0] [INFO] epoch 18 끝 (local_steps=391, global_steps=391)
2025-11-16 13:31:06,704 DDP_Script [Rank 0] [INFO] val acc 63.29%
2025-11-16 13:31:06,725 DDP_Script [Rank 0] [INFO] Saving checkpoint to ./checkpoints/job-968c71e50e3d/latest_checkpoint.pth ...
2025-11-16 13:31:07,186 DDP_Script [Rank 0] [INFO] Successfully reported epoch 18/20 (Acc: 63.29%) to global server.
2025-11-16 13:31:07,187 DDP_Script [Rank 0] [INFO] epoch 19 시작
2025-11-16 13:31:07,204 DDP_Script [Rank 0] [INFO] DataLoader created with batch_size=128, num_workers=4
2025-11-16 13:31:07,205 DDP_Script [Rank 0] [INFO] 모든 노드 중 max_steps = 391
2025-11-16 13:31:07,205 DDP_Script [Rank 0] [INFO] local_steps=391, global_steps=391
2025-11-16 13:31:51,286 DDP_Script [Rank 0] [INFO] epoch 19 train step time: 44.08 seconds
2025-11-16 13:31:51,287 DDP_Script [Rank 0] [INFO] epoch 19 끝 (local_steps=391, global_steps=391)
2025-11-16 13:31:57,532 DDP_Script [Rank 0] [INFO] val acc 65.13%
2025-11-16 13:31:57,563 DDP_Script [Rank 0] [INFO] Saving checkpoint to ./checkpoints/job-968c71e50e3d/latest_checkpoint.pth ...
2025-11-16 13:31:58,023 DDP_Script [Rank 0] [INFO] Successfully reported epoch 19/20 (Acc: 65.13%) to global server.
2025-11-16 13:31:58,024 DDP_Script [Rank 0] [INFO] epoch 20 시작
2025-11-16 13:31:58,043 DDP_Script [Rank 0] [INFO] DataLoader created with batch_size=128, num_workers=4
2025-11-16 13:31:58,044 DDP_Script [Rank 0] [INFO] 모든 노드 중 max_steps = 391
2025-11-16 13:31:58,044 DDP_Script [Rank 0] [INFO] local_steps=391, global_steps=391
2025-11-16 13:32:42,104 DDP_Script [Rank 0] [INFO] epoch 20 train step time: 44.06 seconds
2025-11-16 13:32:42,105 DDP_Script [Rank 0] [INFO] epoch 20 끝 (local_steps=391, global_steps=391)
2025-11-16 13:32:48,347 DDP_Script [Rank 0] [INFO] val acc 65.10%
2025-11-16 13:32:48,362 DDP_Script [Rank 0] [INFO] Saving checkpoint to ./checkpoints/job-968c71e50e3d/latest_checkpoint.pth ...
2025-11-16 13:32:48,781 DDP_Script [Rank 0] [INFO] Successfully reported epoch 20/20 (Acc: 65.10%) to global server.
2025-11-16 13:32:48,782 DDP_Script [Rank 0] [INFO] Training completed successfully.
2025-11-16 13:32:48,782 DDP_Script [Rank 0] [INFO] Training loop finished.
