Current CUDA device index: 0
Current CUDA device name: NVIDIA GeForce RTX 5070 Ti
Master address: 163.180.117.216, port: 29511
2025-11-16 04:48:26,984 DDP_Script [Rank 2] [INFO] Node rank: 2, world size: 4
[Gloo] Rank 2 is connected to 3 peer ranks. Expected number of connected peer ranks is : 3
2025-11-16 04:48:27,634 DDP_Script [Rank 2] [INFO] Process group initialized: 163.180.117.216:29511
2025-11-16 04:48:27,634 DDP_Script [Rank 2] [INFO] Rank 2/4 initialized
/home/ubuntu216/anaconda3/envs/GlobalDART/lib/python3.9/site-packages/torchvision/models/_utils.py:208: UserWarning: The parameter 'pretrained' is deprecated since 0.13 and may be removed in the future, please use 'weights' instead.
  warnings.warn(
/home/ubuntu216/anaconda3/envs/GlobalDART/lib/python3.9/site-packages/torchvision/models/_utils.py:223: UserWarning: Arguments other than a weight enum or `None` for 'weights' are deprecated since 0.13 and may be removed in the future. The current behavior is equivalent to passing `weights=None`.
  warnings.warn(msg)
2025-11-16 04:48:30,059 DDP_Script [Rank 2] [INFO] Model, DDP, criterion, optimizer initialized
2025-11-16 04:48:30,062 DDP_Script [Rank 2] [INFO] Modules initialized
2025-11-16 04:48:30,062 DDP_Script [Rank 2] [INFO] Starting training from scratch (epoch 1).
2025-11-16 04:48:30,098 DDP_Script [Rank 2] [INFO] epoch 1 시작
2025-11-16 04:48:30,110 DDP_Script [Rank 2] [INFO] DataLoader created with batch_size=32, num_workers=4
2025-11-16 04:48:30,169 DDP_Script [Rank 2] [INFO] local_steps=391, global_steps=391
2025-11-16 04:49:57,633 DDP_Script [Rank 2] [INFO] epoch 1 train step time: 87.46 seconds
2025-11-16 04:49:57,647 DDP_Script [Rank 2] [INFO] epoch 1 끝 (local_steps=391, global_steps=391)
2025-11-16 04:50:00,622 DDP_Script [Rank 2] [INFO] val acc 37.48%
2025-11-16 04:50:01,063 DDP_Script [Rank 2] [INFO] epoch 2 시작
2025-11-16 04:50:01,072 DDP_Script [Rank 2] [INFO] DataLoader created with batch_size=32, num_workers=4
2025-11-16 04:50:01,077 DDP_Script [Rank 2] [INFO] local_steps=391, global_steps=391
2025-11-16 04:51:29,482 DDP_Script [Rank 2] [INFO] epoch 2 train step time: 88.40 seconds
2025-11-16 04:51:29,523 DDP_Script [Rank 2] [INFO] epoch 2 끝 (local_steps=391, global_steps=391)
2025-11-16 04:51:32,333 DDP_Script [Rank 2] [INFO] val acc 49.16%
2025-11-16 04:51:33,350 DDP_Script [Rank 2] [INFO] epoch 3 시작
2025-11-16 04:51:33,360 DDP_Script [Rank 2] [INFO] DataLoader created with batch_size=32, num_workers=4
2025-11-16 04:51:33,366 DDP_Script [Rank 2] [INFO] local_steps=391, global_steps=391
2025-11-16 04:53:02,110 DDP_Script [Rank 2] [INFO] epoch 3 train step time: 88.74 seconds
2025-11-16 04:53:02,123 DDP_Script [Rank 2] [INFO] epoch 3 끝 (local_steps=391, global_steps=391)
2025-11-16 04:53:04,796 DDP_Script [Rank 2] [INFO] val acc 56.87%
2025-11-16 04:53:05,997 DDP_Script [Rank 2] [INFO] epoch 4 시작
2025-11-16 04:53:06,011 DDP_Script [Rank 2] [INFO] DataLoader created with batch_size=32, num_workers=4
2025-11-16 04:53:06,022 DDP_Script [Rank 2] [INFO] local_steps=391, global_steps=391
2025-11-16 04:54:35,671 DDP_Script [Rank 2] [INFO] epoch 4 train step time: 89.65 seconds
2025-11-16 04:54:35,676 DDP_Script [Rank 2] [INFO] epoch 4 끝 (local_steps=391, global_steps=391)
2025-11-16 04:54:38,445 DDP_Script [Rank 2] [INFO] val acc 63.29%
2025-11-16 04:54:39,471 DDP_Script [Rank 2] [INFO] epoch 5 시작
2025-11-16 04:54:39,481 DDP_Script [Rank 2] [INFO] DataLoader created with batch_size=32, num_workers=4
2025-11-16 04:54:39,487 DDP_Script [Rank 2] [INFO] local_steps=391, global_steps=391
2025-11-16 04:56:09,470 DDP_Script [Rank 2] [INFO] epoch 5 train step time: 89.98 seconds
2025-11-16 04:56:09,494 DDP_Script [Rank 2] [INFO] epoch 5 끝 (local_steps=391, global_steps=391)
2025-11-16 04:56:12,239 DDP_Script [Rank 2] [INFO] val acc 71.35%
2025-11-16 04:56:13,233 DDP_Script [Rank 2] [INFO] epoch 6 시작
2025-11-16 04:56:13,245 DDP_Script [Rank 2] [INFO] DataLoader created with batch_size=32, num_workers=4
2025-11-16 04:56:13,250 DDP_Script [Rank 2] [INFO] local_steps=391, global_steps=391
2025-11-16 04:57:44,671 DDP_Script [Rank 2] [INFO] epoch 6 train step time: 91.42 seconds
2025-11-16 04:57:44,676 DDP_Script [Rank 2] [INFO] epoch 6 끝 (local_steps=391, global_steps=391)
2025-11-16 04:57:47,431 DDP_Script [Rank 2] [INFO] val acc 69.95%
2025-11-16 04:57:48,467 DDP_Script [Rank 2] [INFO] epoch 7 시작
2025-11-16 04:57:48,478 DDP_Script [Rank 2] [INFO] DataLoader created with batch_size=32, num_workers=4
2025-11-16 04:57:48,484 DDP_Script [Rank 2] [INFO] local_steps=391, global_steps=391
2025-11-16 04:59:18,205 DDP_Script [Rank 2] [INFO] epoch 7 train step time: 89.72 seconds
2025-11-16 04:59:18,211 DDP_Script [Rank 2] [INFO] epoch 7 끝 (local_steps=391, global_steps=391)
2025-11-16 04:59:21,001 DDP_Script [Rank 2] [INFO] val acc 74.28%
2025-11-16 04:59:22,015 DDP_Script [Rank 2] [INFO] epoch 8 시작
2025-11-16 04:59:22,030 DDP_Script [Rank 2] [INFO] DataLoader created with batch_size=32, num_workers=4
2025-11-16 04:59:22,034 DDP_Script [Rank 2] [INFO] local_steps=391, global_steps=391
2025-11-16 05:00:52,703 DDP_Script [Rank 2] [INFO] epoch 8 train step time: 90.67 seconds
2025-11-16 05:00:52,708 DDP_Script [Rank 2] [INFO] epoch 8 끝 (local_steps=391, global_steps=391)
2025-11-16 05:00:55,452 DDP_Script [Rank 2] [INFO] val acc 77.36%
2025-11-16 05:00:56,551 DDP_Script [Rank 2] [INFO] epoch 9 시작
2025-11-16 05:00:56,562 DDP_Script [Rank 2] [INFO] DataLoader created with batch_size=32, num_workers=4
2025-11-16 05:00:56,570 DDP_Script [Rank 2] [INFO] local_steps=391, global_steps=391
2025-11-16 05:02:24,693 DDP_Script [Rank 2] [INFO] epoch 9 train step time: 88.12 seconds
2025-11-16 05:02:24,772 DDP_Script [Rank 2] [INFO] epoch 9 끝 (local_steps=391, global_steps=391)
2025-11-16 05:02:27,481 DDP_Script [Rank 2] [INFO] val acc 77.90%
2025-11-16 05:02:28,518 DDP_Script [Rank 2] [INFO] epoch 10 시작
2025-11-16 05:02:28,535 DDP_Script [Rank 2] [INFO] DataLoader created with batch_size=32, num_workers=4
2025-11-16 05:02:28,539 DDP_Script [Rank 2] [INFO] local_steps=391, global_steps=391
2025-11-16 05:03:58,057 DDP_Script [Rank 2] [INFO] epoch 10 train step time: 89.52 seconds
2025-11-16 05:03:58,070 DDP_Script [Rank 2] [INFO] epoch 10 끝 (local_steps=391, global_steps=391)
2025-11-16 05:04:00,782 DDP_Script [Rank 2] [INFO] val acc 79.89%
2025-11-16 05:04:01,793 DDP_Script [Rank 2] [INFO] epoch 11 시작
2025-11-16 05:04:01,808 DDP_Script [Rank 2] [INFO] DataLoader created with batch_size=32, num_workers=4
2025-11-16 05:04:01,812 DDP_Script [Rank 2] [INFO] local_steps=391, global_steps=391
2025-11-16 05:05:32,120 DDP_Script [Rank 2] [INFO] epoch 11 train step time: 90.31 seconds
2025-11-16 05:05:32,130 DDP_Script [Rank 2] [INFO] epoch 11 끝 (local_steps=391, global_steps=391)
2025-11-16 05:05:34,861 DDP_Script [Rank 2] [INFO] val acc 81.55%
2025-11-16 05:05:36,004 DDP_Script [Rank 2] [INFO] epoch 12 시작
2025-11-16 05:05:36,016 DDP_Script [Rank 2] [INFO] DataLoader created with batch_size=32, num_workers=4
2025-11-16 05:05:36,076 DDP_Script [Rank 2] [INFO] local_steps=391, global_steps=391
2025-11-16 05:07:05,328 DDP_Script [Rank 2] [INFO] epoch 12 train step time: 89.25 seconds
2025-11-16 05:07:05,336 DDP_Script [Rank 2] [INFO] epoch 12 끝 (local_steps=391, global_steps=391)
2025-11-16 05:07:08,099 DDP_Script [Rank 2] [INFO] val acc 79.96%
2025-11-16 05:07:09,265 DDP_Script [Rank 2] [INFO] epoch 13 시작
2025-11-16 05:07:09,279 DDP_Script [Rank 2] [INFO] DataLoader created with batch_size=32, num_workers=4
2025-11-16 05:07:09,283 DDP_Script [Rank 2] [INFO] local_steps=391, global_steps=391
2025-11-16 05:08:39,108 DDP_Script [Rank 2] [INFO] epoch 13 train step time: 89.82 seconds
2025-11-16 05:08:39,113 DDP_Script [Rank 2] [INFO] epoch 13 끝 (local_steps=391, global_steps=391)
2025-11-16 05:08:41,845 DDP_Script [Rank 2] [INFO] val acc 82.89%
2025-11-16 05:08:42,858 DDP_Script [Rank 2] [INFO] epoch 14 시작
2025-11-16 05:08:42,870 DDP_Script [Rank 2] [INFO] DataLoader created with batch_size=32, num_workers=4
2025-11-16 05:08:42,882 DDP_Script [Rank 2] [INFO] local_steps=391, global_steps=391
2025-11-16 05:10:11,784 DDP_Script [Rank 2] [INFO] epoch 14 train step time: 88.90 seconds
2025-11-16 05:10:11,792 DDP_Script [Rank 2] [INFO] epoch 14 끝 (local_steps=391, global_steps=391)
2025-11-16 05:10:14,515 DDP_Script [Rank 2] [INFO] val acc 83.85%
2025-11-16 05:10:15,608 DDP_Script [Rank 2] [INFO] epoch 15 시작
2025-11-16 05:10:15,624 DDP_Script [Rank 2] [INFO] DataLoader created with batch_size=32, num_workers=4
2025-11-16 05:10:15,627 DDP_Script [Rank 2] [INFO] local_steps=391, global_steps=391
2025-11-16 05:11:45,637 DDP_Script [Rank 2] [INFO] epoch 15 train step time: 90.01 seconds
2025-11-16 05:11:45,694 DDP_Script [Rank 2] [INFO] epoch 15 끝 (local_steps=391, global_steps=391)
2025-11-16 05:11:48,477 DDP_Script [Rank 2] [INFO] val acc 85.19%
2025-11-16 05:11:49,454 DDP_Script [Rank 2] [INFO] epoch 16 시작
2025-11-16 05:11:49,466 DDP_Script [Rank 2] [INFO] DataLoader created with batch_size=32, num_workers=4
2025-11-16 05:11:49,523 DDP_Script [Rank 2] [INFO] local_steps=391, global_steps=391
2025-11-16 05:13:16,956 DDP_Script [Rank 2] [INFO] epoch 16 train step time: 87.43 seconds
2025-11-16 05:13:16,972 DDP_Script [Rank 2] [INFO] epoch 16 끝 (local_steps=391, global_steps=391)
2025-11-16 05:13:19,728 DDP_Script [Rank 2] [INFO] val acc 84.75%
2025-11-16 05:13:20,768 DDP_Script [Rank 2] [INFO] epoch 17 시작
2025-11-16 05:13:20,783 DDP_Script [Rank 2] [INFO] DataLoader created with batch_size=32, num_workers=4
2025-11-16 05:13:20,789 DDP_Script [Rank 2] [INFO] local_steps=391, global_steps=391
2025-11-16 05:14:49,554 DDP_Script [Rank 2] [INFO] epoch 17 train step time: 88.76 seconds
2025-11-16 05:14:49,585 DDP_Script [Rank 2] [INFO] epoch 17 끝 (local_steps=391, global_steps=391)
2025-11-16 05:14:52,369 DDP_Script [Rank 2] [INFO] val acc 83.82%
2025-11-16 05:14:53,367 DDP_Script [Rank 2] [INFO] epoch 18 시작
2025-11-16 05:14:53,382 DDP_Script [Rank 2] [INFO] DataLoader created with batch_size=32, num_workers=4
2025-11-16 05:14:53,387 DDP_Script [Rank 2] [INFO] local_steps=391, global_steps=391
2025-11-16 05:16:23,066 DDP_Script [Rank 2] [INFO] epoch 18 train step time: 89.68 seconds
2025-11-16 05:16:23,091 DDP_Script [Rank 2] [INFO] epoch 18 끝 (local_steps=391, global_steps=391)
2025-11-16 05:16:25,866 DDP_Script [Rank 2] [INFO] val acc 84.31%
2025-11-16 05:16:26,990 DDP_Script [Rank 2] [INFO] epoch 19 시작
2025-11-16 05:16:27,001 DDP_Script [Rank 2] [INFO] DataLoader created with batch_size=32, num_workers=4
2025-11-16 05:16:27,028 DDP_Script [Rank 2] [INFO] local_steps=391, global_steps=391
2025-11-16 05:17:53,362 DDP_Script [Rank 2] [INFO] epoch 19 train step time: 86.33 seconds
2025-11-16 05:17:53,366 DDP_Script [Rank 2] [INFO] epoch 19 끝 (local_steps=391, global_steps=391)
2025-11-16 05:17:56,185 DDP_Script [Rank 2] [INFO] val acc 85.69%
2025-11-16 05:17:57,191 DDP_Script [Rank 2] [INFO] epoch 20 시작
2025-11-16 05:17:57,204 DDP_Script [Rank 2] [INFO] DataLoader created with batch_size=32, num_workers=4
2025-11-16 05:17:57,210 DDP_Script [Rank 2] [INFO] local_steps=391, global_steps=391
2025-11-16 05:19:25,544 DDP_Script [Rank 2] [INFO] epoch 20 train step time: 88.33 seconds
2025-11-16 05:19:25,548 DDP_Script [Rank 2] [INFO] epoch 20 끝 (local_steps=391, global_steps=391)
2025-11-16 05:19:28,201 DDP_Script [Rank 2] [INFO] val acc 84.92%
2025-11-16 05:19:29,353 DDP_Script [Rank 2] [INFO] Training loop finished.
