Current CUDA device index: 0
Current CUDA device name: NVIDIA GeForce RTX 5070 Ti
Master address: 163.180.117.216, port: 29511
2025-11-16 04:48:26,954 DDP_Script [Rank 3] [INFO] Node rank: 3, world size: 4
[Gloo] Rank 3 is connected to 3 peer ranks. Expected number of connected peer ranks is : 3
2025-11-16 04:48:27,643 DDP_Script [Rank 3] [INFO] Process group initialized: 163.180.117.216:29511
2025-11-16 04:48:27,644 DDP_Script [Rank 3] [INFO] Rank 3/4 initialized
/home/ubuntu216/anaconda3/envs/GlobalDART/lib/python3.9/site-packages/torchvision/models/_utils.py:208: UserWarning: The parameter 'pretrained' is deprecated since 0.13 and may be removed in the future, please use 'weights' instead.
  warnings.warn(
/home/ubuntu216/anaconda3/envs/GlobalDART/lib/python3.9/site-packages/torchvision/models/_utils.py:223: UserWarning: Arguments other than a weight enum or `None` for 'weights' are deprecated since 0.13 and may be removed in the future. The current behavior is equivalent to passing `weights=None`.
  warnings.warn(msg)
2025-11-16 04:48:30,075 DDP_Script [Rank 3] [INFO] Model, DDP, criterion, optimizer initialized
2025-11-16 04:48:30,079 DDP_Script [Rank 3] [INFO] Modules initialized
2025-11-16 04:48:30,079 DDP_Script [Rank 3] [INFO] Starting training from scratch (epoch 1).
2025-11-16 04:48:30,110 DDP_Script [Rank 3] [INFO] epoch 1 시작
2025-11-16 04:48:30,121 DDP_Script [Rank 3] [INFO] DataLoader created with batch_size=32, num_workers=4
2025-11-16 04:48:30,170 DDP_Script [Rank 3] [INFO] local_steps=391, global_steps=391
2025-11-16 04:49:57,641 DDP_Script [Rank 3] [INFO] epoch 1 train step time: 87.47 seconds
2025-11-16 04:49:57,647 DDP_Script [Rank 3] [INFO] epoch 1 끝 (local_steps=391, global_steps=391)
2025-11-16 04:50:00,622 DDP_Script [Rank 3] [INFO] val acc 37.48%
2025-11-16 04:50:01,063 DDP_Script [Rank 3] [INFO] epoch 2 시작
2025-11-16 04:50:01,075 DDP_Script [Rank 3] [INFO] DataLoader created with batch_size=32, num_workers=4
2025-11-16 04:50:01,077 DDP_Script [Rank 3] [INFO] local_steps=391, global_steps=391
2025-11-16 04:51:29,473 DDP_Script [Rank 3] [INFO] epoch 2 train step time: 88.40 seconds
2025-11-16 04:51:29,523 DDP_Script [Rank 3] [INFO] epoch 2 끝 (local_steps=391, global_steps=391)
2025-11-16 04:51:32,333 DDP_Script [Rank 3] [INFO] val acc 49.16%
2025-11-16 04:51:33,350 DDP_Script [Rank 3] [INFO] epoch 3 시작
2025-11-16 04:51:33,362 DDP_Script [Rank 3] [INFO] DataLoader created with batch_size=32, num_workers=4
2025-11-16 04:51:33,366 DDP_Script [Rank 3] [INFO] local_steps=391, global_steps=391
2025-11-16 04:53:02,119 DDP_Script [Rank 3] [INFO] epoch 3 train step time: 88.75 seconds
2025-11-16 04:53:02,123 DDP_Script [Rank 3] [INFO] epoch 3 끝 (local_steps=391, global_steps=391)
2025-11-16 04:53:04,796 DDP_Script [Rank 3] [INFO] val acc 56.87%
2025-11-16 04:53:05,998 DDP_Script [Rank 3] [INFO] epoch 4 시작
2025-11-16 04:53:06,017 DDP_Script [Rank 3] [INFO] DataLoader created with batch_size=32, num_workers=4
2025-11-16 04:53:06,022 DDP_Script [Rank 3] [INFO] local_steps=391, global_steps=391
2025-11-16 04:54:35,588 DDP_Script [Rank 3] [INFO] epoch 4 train step time: 89.56 seconds
2025-11-16 04:54:35,676 DDP_Script [Rank 3] [INFO] epoch 4 끝 (local_steps=391, global_steps=391)
2025-11-16 04:54:38,445 DDP_Script [Rank 3] [INFO] val acc 63.29%
2025-11-16 04:54:39,472 DDP_Script [Rank 3] [INFO] epoch 5 시작
2025-11-16 04:54:39,482 DDP_Script [Rank 3] [INFO] DataLoader created with batch_size=32, num_workers=4
2025-11-16 04:54:39,487 DDP_Script [Rank 3] [INFO] local_steps=391, global_steps=391
2025-11-16 04:56:09,489 DDP_Script [Rank 3] [INFO] epoch 5 train step time: 90.00 seconds
2025-11-16 04:56:09,494 DDP_Script [Rank 3] [INFO] epoch 5 끝 (local_steps=391, global_steps=391)
2025-11-16 04:56:12,239 DDP_Script [Rank 3] [INFO] val acc 71.35%
2025-11-16 04:56:13,233 DDP_Script [Rank 3] [INFO] epoch 6 시작
2025-11-16 04:56:13,247 DDP_Script [Rank 3] [INFO] DataLoader created with batch_size=32, num_workers=4
2025-11-16 04:56:13,250 DDP_Script [Rank 3] [INFO] local_steps=391, global_steps=391
2025-11-16 04:57:44,661 DDP_Script [Rank 3] [INFO] epoch 6 train step time: 91.41 seconds
2025-11-16 04:57:44,676 DDP_Script [Rank 3] [INFO] epoch 6 끝 (local_steps=391, global_steps=391)
2025-11-16 04:57:47,431 DDP_Script [Rank 3] [INFO] val acc 69.95%
2025-11-16 04:57:48,468 DDP_Script [Rank 3] [INFO] epoch 7 시작
2025-11-16 04:57:48,480 DDP_Script [Rank 3] [INFO] DataLoader created with batch_size=32, num_workers=4
2025-11-16 04:57:48,484 DDP_Script [Rank 3] [INFO] local_steps=391, global_steps=391
2025-11-16 04:59:18,203 DDP_Script [Rank 3] [INFO] epoch 7 train step time: 89.72 seconds
2025-11-16 04:59:18,211 DDP_Script [Rank 3] [INFO] epoch 7 끝 (local_steps=391, global_steps=391)
2025-11-16 04:59:21,000 DDP_Script [Rank 3] [INFO] val acc 74.28%
2025-11-16 04:59:22,015 DDP_Script [Rank 3] [INFO] epoch 8 시작
2025-11-16 04:59:22,026 DDP_Script [Rank 3] [INFO] DataLoader created with batch_size=32, num_workers=4
2025-11-16 04:59:22,034 DDP_Script [Rank 3] [INFO] local_steps=391, global_steps=391
2025-11-16 05:00:52,703 DDP_Script [Rank 3] [INFO] epoch 8 train step time: 90.67 seconds
2025-11-16 05:00:52,708 DDP_Script [Rank 3] [INFO] epoch 8 끝 (local_steps=391, global_steps=391)
2025-11-16 05:00:55,452 DDP_Script [Rank 3] [INFO] val acc 77.36%
2025-11-16 05:00:56,551 DDP_Script [Rank 3] [INFO] epoch 9 시작
2025-11-16 05:00:56,563 DDP_Script [Rank 3] [INFO] DataLoader created with batch_size=32, num_workers=4
2025-11-16 05:00:56,570 DDP_Script [Rank 3] [INFO] local_steps=391, global_steps=391
2025-11-16 05:02:24,767 DDP_Script [Rank 3] [INFO] epoch 9 train step time: 88.20 seconds
2025-11-16 05:02:24,772 DDP_Script [Rank 3] [INFO] epoch 9 끝 (local_steps=391, global_steps=391)
2025-11-16 05:02:27,481 DDP_Script [Rank 3] [INFO] val acc 77.90%
2025-11-16 05:02:28,518 DDP_Script [Rank 3] [INFO] epoch 10 시작
2025-11-16 05:02:28,529 DDP_Script [Rank 3] [INFO] DataLoader created with batch_size=32, num_workers=4
2025-11-16 05:02:28,538 DDP_Script [Rank 3] [INFO] local_steps=391, global_steps=391
2025-11-16 05:03:58,065 DDP_Script [Rank 3] [INFO] epoch 10 train step time: 89.53 seconds
2025-11-16 05:03:58,070 DDP_Script [Rank 3] [INFO] epoch 10 끝 (local_steps=391, global_steps=391)
2025-11-16 05:04:00,781 DDP_Script [Rank 3] [INFO] val acc 79.89%
2025-11-16 05:04:01,793 DDP_Script [Rank 3] [INFO] epoch 11 시작
2025-11-16 05:04:01,808 DDP_Script [Rank 3] [INFO] DataLoader created with batch_size=32, num_workers=4
2025-11-16 05:04:01,812 DDP_Script [Rank 3] [INFO] local_steps=391, global_steps=391
2025-11-16 05:05:32,114 DDP_Script [Rank 3] [INFO] epoch 11 train step time: 90.30 seconds
2025-11-16 05:05:32,130 DDP_Script [Rank 3] [INFO] epoch 11 끝 (local_steps=391, global_steps=391)
2025-11-16 05:05:34,861 DDP_Script [Rank 3] [INFO] val acc 81.55%
2025-11-16 05:05:36,055 DDP_Script [Rank 3] [INFO] epoch 12 시작
2025-11-16 05:05:36,071 DDP_Script [Rank 3] [INFO] DataLoader created with batch_size=32, num_workers=4
2025-11-16 05:05:36,076 DDP_Script [Rank 3] [INFO] local_steps=391, global_steps=391
2025-11-16 05:07:05,331 DDP_Script [Rank 3] [INFO] epoch 12 train step time: 89.25 seconds
2025-11-16 05:07:05,336 DDP_Script [Rank 3] [INFO] epoch 12 끝 (local_steps=391, global_steps=391)
2025-11-16 05:07:08,099 DDP_Script [Rank 3] [INFO] val acc 79.96%
2025-11-16 05:07:09,265 DDP_Script [Rank 3] [INFO] epoch 13 시작
2025-11-16 05:07:09,280 DDP_Script [Rank 3] [INFO] DataLoader created with batch_size=32, num_workers=4
2025-11-16 05:07:09,282 DDP_Script [Rank 3] [INFO] local_steps=391, global_steps=391
2025-11-16 05:08:39,103 DDP_Script [Rank 3] [INFO] epoch 13 train step time: 89.82 seconds
2025-11-16 05:08:39,113 DDP_Script [Rank 3] [INFO] epoch 13 끝 (local_steps=391, global_steps=391)
2025-11-16 05:08:41,845 DDP_Script [Rank 3] [INFO] val acc 82.89%
2025-11-16 05:08:42,859 DDP_Script [Rank 3] [INFO] epoch 14 시작
2025-11-16 05:08:42,876 DDP_Script [Rank 3] [INFO] DataLoader created with batch_size=32, num_workers=4
2025-11-16 05:08:42,882 DDP_Script [Rank 3] [INFO] local_steps=391, global_steps=391
2025-11-16 05:10:11,788 DDP_Script [Rank 3] [INFO] epoch 14 train step time: 88.90 seconds
2025-11-16 05:10:11,792 DDP_Script [Rank 3] [INFO] epoch 14 끝 (local_steps=391, global_steps=391)
2025-11-16 05:10:14,514 DDP_Script [Rank 3] [INFO] val acc 83.85%
2025-11-16 05:10:15,608 DDP_Script [Rank 3] [INFO] epoch 15 시작
2025-11-16 05:10:15,618 DDP_Script [Rank 3] [INFO] DataLoader created with batch_size=32, num_workers=4
2025-11-16 05:10:15,627 DDP_Script [Rank 3] [INFO] local_steps=391, global_steps=391
2025-11-16 05:11:45,651 DDP_Script [Rank 3] [INFO] epoch 15 train step time: 90.02 seconds
2025-11-16 05:11:45,694 DDP_Script [Rank 3] [INFO] epoch 15 끝 (local_steps=391, global_steps=391)
2025-11-16 05:11:48,477 DDP_Script [Rank 3] [INFO] val acc 85.19%
2025-11-16 05:11:49,494 DDP_Script [Rank 3] [INFO] epoch 16 시작
2025-11-16 05:11:49,506 DDP_Script [Rank 3] [INFO] DataLoader created with batch_size=32, num_workers=4
2025-11-16 05:11:49,523 DDP_Script [Rank 3] [INFO] local_steps=391, global_steps=391
2025-11-16 05:13:16,967 DDP_Script [Rank 3] [INFO] epoch 16 train step time: 87.44 seconds
2025-11-16 05:13:16,972 DDP_Script [Rank 3] [INFO] epoch 16 끝 (local_steps=391, global_steps=391)
2025-11-16 05:13:19,728 DDP_Script [Rank 3] [INFO] val acc 84.75%
2025-11-16 05:13:20,768 DDP_Script [Rank 3] [INFO] epoch 17 시작
2025-11-16 05:13:20,783 DDP_Script [Rank 3] [INFO] DataLoader created with batch_size=32, num_workers=4
2025-11-16 05:13:20,789 DDP_Script [Rank 3] [INFO] local_steps=391, global_steps=391
2025-11-16 05:14:49,560 DDP_Script [Rank 3] [INFO] epoch 17 train step time: 88.77 seconds
2025-11-16 05:14:49,585 DDP_Script [Rank 3] [INFO] epoch 17 끝 (local_steps=391, global_steps=391)
2025-11-16 05:14:52,368 DDP_Script [Rank 3] [INFO] val acc 83.82%
2025-11-16 05:14:53,367 DDP_Script [Rank 3] [INFO] epoch 18 시작
2025-11-16 05:14:53,382 DDP_Script [Rank 3] [INFO] DataLoader created with batch_size=32, num_workers=4
2025-11-16 05:14:53,387 DDP_Script [Rank 3] [INFO] local_steps=391, global_steps=391
2025-11-16 05:16:23,070 DDP_Script [Rank 3] [INFO] epoch 18 train step time: 89.68 seconds
2025-11-16 05:16:23,091 DDP_Script [Rank 3] [INFO] epoch 18 끝 (local_steps=391, global_steps=391)
2025-11-16 05:16:25,866 DDP_Script [Rank 3] [INFO] val acc 84.31%
2025-11-16 05:16:27,001 DDP_Script [Rank 3] [INFO] epoch 19 시작
2025-11-16 05:16:27,012 DDP_Script [Rank 3] [INFO] DataLoader created with batch_size=32, num_workers=4
2025-11-16 05:16:27,028 DDP_Script [Rank 3] [INFO] local_steps=391, global_steps=391
2025-11-16 05:17:53,355 DDP_Script [Rank 3] [INFO] epoch 19 train step time: 86.33 seconds
2025-11-16 05:17:53,366 DDP_Script [Rank 3] [INFO] epoch 19 끝 (local_steps=391, global_steps=391)
2025-11-16 05:17:56,185 DDP_Script [Rank 3] [INFO] val acc 85.69%
2025-11-16 05:17:57,191 DDP_Script [Rank 3] [INFO] epoch 20 시작
2025-11-16 05:17:57,206 DDP_Script [Rank 3] [INFO] DataLoader created with batch_size=32, num_workers=4
2025-11-16 05:17:57,209 DDP_Script [Rank 3] [INFO] local_steps=391, global_steps=391
2025-11-16 05:19:25,543 DDP_Script [Rank 3] [INFO] epoch 20 train step time: 88.33 seconds
2025-11-16 05:19:25,548 DDP_Script [Rank 3] [INFO] epoch 20 끝 (local_steps=391, global_steps=391)
2025-11-16 05:19:28,202 DDP_Script [Rank 3] [INFO] val acc 84.92%
2025-11-16 05:19:29,354 DDP_Script [Rank 3] [INFO] Training loop finished.
