Current CUDA device index: 0
Current CUDA device name: NVIDIA GeForce RTX 5070 Ti
Master address: 163.180.117.216, port: 29579
2025-11-15 23:43:16,895 DDP_Script [Rank 0] [INFO] Node rank: 0, world size: 2
[Gloo] Rank 0 is connected to 1 peer ranks. Expected number of connected peer ranks is : 1
2025-11-15 23:43:17,514 DDP_Script [Rank 0] [INFO] Process group initialized: 163.180.117.216:29579
2025-11-15 23:43:17,514 DDP_Script [Rank 0] [INFO] Rank 0/2 initialized
/home/ubuntu216/anaconda3/envs/GlobalDART/lib/python3.9/site-packages/torchvision/models/_utils.py:208: UserWarning: The parameter 'pretrained' is deprecated since 0.13 and may be removed in the future, please use 'weights' instead.
  warnings.warn(
/home/ubuntu216/anaconda3/envs/GlobalDART/lib/python3.9/site-packages/torchvision/models/_utils.py:223: UserWarning: Arguments other than a weight enum or `None` for 'weights' are deprecated since 0.13 and may be removed in the future. The current behavior is equivalent to passing `weights=None`.
  warnings.warn(msg)
2025-11-15 23:43:19,818 DDP_Script [Rank 0] [INFO] Model, DDP, criterion, optimizer initialized
2025-11-15 23:43:19,822 DDP_Script [Rank 0] [INFO] Modules initialized
2025-11-15 23:43:19,823 DDP_Script [Rank 0] [INFO] Checkpoint directory created: ./checkpoints/job-0c8f639de211
2025-11-15 23:43:19,823 DDP_Script [Rank 0] [INFO] Starting training from scratch (epoch 1).
2025-11-15 23:43:19,824 DDP_Script [Rank 0] [INFO] epoch 1 시작
2025-11-15 23:43:19,865 DDP_Script [Rank 0] [INFO] DataLoader created with batch_size=64, num_workers=4
2025-11-15 23:43:19,869 DDP_Script [Rank 0] [INFO] 모든 노드 중 max_steps = 391
2025-11-15 23:43:19,869 DDP_Script [Rank 0] [INFO] local_steps=391, global_steps=391
2025-11-15 23:44:25,665 DDP_Script [Rank 0] [INFO] epoch 1 train step time: 65.80 seconds
2025-11-15 23:44:25,668 DDP_Script [Rank 0] [INFO] epoch 1 끝 (local_steps=391, global_steps=391)
2025-11-15 23:44:30,621 DDP_Script [Rank 0] [INFO] val acc 41.38%
2025-11-15 23:44:30,639 DDP_Script [Rank 0] [INFO] Saving checkpoint to ./checkpoints/job-0c8f639de211/latest_checkpoint.pth ...
2025-11-15 23:44:31,209 DDP_Script [Rank 0] [INFO] Successfully reported epoch 1/20 (Acc: 41.38%) to global server.
2025-11-15 23:44:31,212 DDP_Script [Rank 0] [INFO] epoch 2 시작
2025-11-15 23:44:31,217 DDP_Script [Rank 0] [INFO] DataLoader created with batch_size=64, num_workers=4
2025-11-15 23:44:31,221 DDP_Script [Rank 0] [INFO] 모든 노드 중 max_steps = 391
2025-11-15 23:44:31,221 DDP_Script [Rank 0] [INFO] local_steps=391, global_steps=391
2025-11-15 23:45:40,401 DDP_Script [Rank 0] [INFO] epoch 2 train step time: 69.18 seconds
2025-11-15 23:45:40,404 DDP_Script [Rank 0] [INFO] epoch 2 끝 (local_steps=391, global_steps=391)
2025-11-15 23:45:45,371 DDP_Script [Rank 0] [INFO] val acc 44.64%
2025-11-15 23:45:45,396 DDP_Script [Rank 0] [INFO] Saving checkpoint to ./checkpoints/job-0c8f639de211/latest_checkpoint.pth ...
2025-11-15 23:45:46,512 DDP_Script [Rank 0] [INFO] Successfully reported epoch 2/20 (Acc: 44.64%) to global server.
2025-11-15 23:45:46,514 DDP_Script [Rank 0] [INFO] epoch 3 시작
2025-11-15 23:45:46,524 DDP_Script [Rank 0] [INFO] DataLoader created with batch_size=64, num_workers=4
2025-11-15 23:45:46,527 DDP_Script [Rank 0] [INFO] 모든 노드 중 max_steps = 391
2025-11-15 23:45:46,527 DDP_Script [Rank 0] [INFO] local_steps=391, global_steps=391
2025-11-15 23:46:56,366 DDP_Script [Rank 0] [INFO] epoch 3 train step time: 69.84 seconds
2025-11-15 23:46:56,372 DDP_Script [Rank 0] [INFO] epoch 3 끝 (local_steps=391, global_steps=391)
2025-11-15 23:47:01,449 DDP_Script [Rank 0] [INFO] val acc 59.83%
2025-11-15 23:47:01,480 DDP_Script [Rank 0] [INFO] Saving checkpoint to ./checkpoints/job-0c8f639de211/latest_checkpoint.pth ...
2025-11-15 23:47:02,453 DDP_Script [Rank 0] [INFO] Successfully reported epoch 3/20 (Acc: 59.83%) to global server.
2025-11-15 23:47:02,455 DDP_Script [Rank 0] [INFO] epoch 4 시작
2025-11-15 23:47:02,465 DDP_Script [Rank 0] [INFO] DataLoader created with batch_size=64, num_workers=4
2025-11-15 23:47:02,473 DDP_Script [Rank 0] [INFO] 모든 노드 중 max_steps = 391
2025-11-15 23:47:02,473 DDP_Script [Rank 0] [INFO] local_steps=391, global_steps=391
2025-11-15 23:48:12,164 DDP_Script [Rank 0] [INFO] epoch 4 train step time: 69.69 seconds
2025-11-15 23:48:12,167 DDP_Script [Rank 0] [INFO] epoch 4 끝 (local_steps=391, global_steps=391)
2025-11-15 23:48:17,350 DDP_Script [Rank 0] [INFO] val acc 61.69%
2025-11-15 23:48:17,367 DDP_Script [Rank 0] [INFO] Saving checkpoint to ./checkpoints/job-0c8f639de211/latest_checkpoint.pth ...
2025-11-15 23:48:18,328 DDP_Script [Rank 0] [INFO] Successfully reported epoch 4/20 (Acc: 61.69%) to global server.
2025-11-15 23:48:18,330 DDP_Script [Rank 0] [INFO] epoch 5 시작
2025-11-15 23:48:18,342 DDP_Script [Rank 0] [INFO] DataLoader created with batch_size=64, num_workers=4
2025-11-15 23:48:18,349 DDP_Script [Rank 0] [INFO] 모든 노드 중 max_steps = 391
2025-11-15 23:48:18,349 DDP_Script [Rank 0] [INFO] local_steps=391, global_steps=391
2025-11-15 23:49:28,849 DDP_Script [Rank 0] [INFO] epoch 5 train step time: 70.50 seconds
2025-11-15 23:49:28,862 DDP_Script [Rank 0] [INFO] epoch 5 끝 (local_steps=391, global_steps=391)
2025-11-15 23:49:33,874 DDP_Script [Rank 0] [INFO] val acc 65.41%
2025-11-15 23:49:33,908 DDP_Script [Rank 0] [INFO] Saving checkpoint to ./checkpoints/job-0c8f639de211/latest_checkpoint.pth ...
2025-11-15 23:49:35,043 DDP_Script [Rank 0] [INFO] Successfully reported epoch 5/20 (Acc: 65.41%) to global server.
2025-11-15 23:49:35,046 DDP_Script [Rank 0] [INFO] epoch 6 시작
2025-11-15 23:49:35,064 DDP_Script [Rank 0] [INFO] DataLoader created with batch_size=64, num_workers=4
2025-11-15 23:49:35,068 DDP_Script [Rank 0] [INFO] 모든 노드 중 max_steps = 391
2025-11-15 23:49:35,068 DDP_Script [Rank 0] [INFO] local_steps=391, global_steps=391
2025-11-15 23:50:42,779 DDP_Script [Rank 0] [INFO] epoch 6 train step time: 67.71 seconds
2025-11-15 23:50:42,802 DDP_Script [Rank 0] [INFO] epoch 6 끝 (local_steps=391, global_steps=391)
2025-11-15 23:50:47,850 DDP_Script [Rank 0] [INFO] val acc 70.41%
2025-11-15 23:50:47,871 DDP_Script [Rank 0] [INFO] Saving checkpoint to ./checkpoints/job-0c8f639de211/latest_checkpoint.pth ...
2025-11-15 23:50:48,941 DDP_Script [Rank 0] [INFO] Successfully reported epoch 6/20 (Acc: 70.41%) to global server.
2025-11-15 23:50:48,944 DDP_Script [Rank 0] [INFO] epoch 7 시작
2025-11-15 23:50:48,955 DDP_Script [Rank 0] [INFO] DataLoader created with batch_size=64, num_workers=4
2025-11-15 23:50:48,960 DDP_Script [Rank 0] [INFO] 모든 노드 중 max_steps = 391
2025-11-15 23:50:48,960 DDP_Script [Rank 0] [INFO] local_steps=391, global_steps=391
2025-11-15 23:52:00,697 DDP_Script [Rank 0] [INFO] epoch 7 train step time: 71.74 seconds
2025-11-15 23:52:00,700 DDP_Script [Rank 0] [INFO] epoch 7 끝 (local_steps=391, global_steps=391)
2025-11-15 23:52:05,615 DDP_Script [Rank 0] [INFO] val acc 73.94%
2025-11-15 23:52:05,631 DDP_Script [Rank 0] [INFO] Saving checkpoint to ./checkpoints/job-0c8f639de211/latest_checkpoint.pth ...
2025-11-15 23:52:06,609 DDP_Script [Rank 0] [INFO] Successfully reported epoch 7/20 (Acc: 73.94%) to global server.
2025-11-15 23:52:06,611 DDP_Script [Rank 0] [INFO] epoch 8 시작
2025-11-15 23:52:06,620 DDP_Script [Rank 0] [INFO] DataLoader created with batch_size=64, num_workers=4
2025-11-15 23:52:06,623 DDP_Script [Rank 0] [INFO] 모든 노드 중 max_steps = 391
2025-11-15 23:52:06,623 DDP_Script [Rank 0] [INFO] local_steps=391, global_steps=391
2025-11-15 23:53:16,011 DDP_Script [Rank 0] [INFO] epoch 8 train step time: 69.39 seconds
2025-11-15 23:53:16,013 DDP_Script [Rank 0] [INFO] epoch 8 끝 (local_steps=391, global_steps=391)
2025-11-15 23:53:21,101 DDP_Script [Rank 0] [INFO] val acc 74.55%
2025-11-15 23:53:21,118 DDP_Script [Rank 0] [INFO] Saving checkpoint to ./checkpoints/job-0c8f639de211/latest_checkpoint.pth ...
2025-11-15 23:53:22,077 DDP_Script [Rank 0] [INFO] Successfully reported epoch 8/20 (Acc: 74.55%) to global server.
2025-11-15 23:53:22,079 DDP_Script [Rank 0] [INFO] epoch 9 시작
2025-11-15 23:53:22,090 DDP_Script [Rank 0] [INFO] DataLoader created with batch_size=64, num_workers=4
2025-11-15 23:53:22,096 DDP_Script [Rank 0] [INFO] 모든 노드 중 max_steps = 391
2025-11-15 23:53:22,096 DDP_Script [Rank 0] [INFO] local_steps=391, global_steps=391
2025-11-15 23:54:32,642 DDP_Script [Rank 0] [INFO] epoch 9 train step time: 70.55 seconds
2025-11-15 23:54:32,654 DDP_Script [Rank 0] [INFO] epoch 9 끝 (local_steps=391, global_steps=391)
2025-11-15 23:54:37,656 DDP_Script [Rank 0] [INFO] val acc 77.02%
2025-11-15 23:54:37,673 DDP_Script [Rank 0] [INFO] Saving checkpoint to ./checkpoints/job-0c8f639de211/latest_checkpoint.pth ...
2025-11-15 23:54:38,632 DDP_Script [Rank 0] [INFO] Successfully reported epoch 9/20 (Acc: 77.02%) to global server.
2025-11-15 23:54:38,635 DDP_Script [Rank 0] [INFO] epoch 10 시작
2025-11-15 23:54:38,645 DDP_Script [Rank 0] [INFO] DataLoader created with batch_size=64, num_workers=4
2025-11-15 23:54:38,649 DDP_Script [Rank 0] [INFO] 모든 노드 중 max_steps = 391
2025-11-15 23:54:38,649 DDP_Script [Rank 0] [INFO] local_steps=391, global_steps=391
2025-11-15 23:55:49,016 DDP_Script [Rank 0] [INFO] epoch 10 train step time: 70.37 seconds
2025-11-15 23:55:49,019 DDP_Script [Rank 0] [INFO] epoch 10 끝 (local_steps=391, global_steps=391)
2025-11-15 23:55:54,097 DDP_Script [Rank 0] [INFO] val acc 80.09%
2025-11-15 23:55:54,127 DDP_Script [Rank 0] [INFO] Saving checkpoint to ./checkpoints/job-0c8f639de211/latest_checkpoint.pth ...
2025-11-15 23:55:55,118 DDP_Script [Rank 0] [INFO] Successfully reported epoch 10/20 (Acc: 80.09%) to global server.
2025-11-15 23:55:55,121 DDP_Script [Rank 0] [INFO] epoch 11 시작
2025-11-15 23:55:55,131 DDP_Script [Rank 0] [INFO] DataLoader created with batch_size=64, num_workers=4
2025-11-15 23:55:55,134 DDP_Script [Rank 0] [INFO] 모든 노드 중 max_steps = 391
2025-11-15 23:55:55,134 DDP_Script [Rank 0] [INFO] local_steps=391, global_steps=391
2025-11-15 23:57:05,140 DDP_Script [Rank 0] [INFO] epoch 11 train step time: 70.01 seconds
2025-11-15 23:57:05,143 DDP_Script [Rank 0] [INFO] epoch 11 끝 (local_steps=391, global_steps=391)
2025-11-15 23:57:10,174 DDP_Script [Rank 0] [INFO] val acc 81.89%
2025-11-15 23:57:10,194 DDP_Script [Rank 0] [INFO] Saving checkpoint to ./checkpoints/job-0c8f639de211/latest_checkpoint.pth ...
2025-11-15 23:57:11,205 DDP_Script [Rank 0] [INFO] Successfully reported epoch 11/20 (Acc: 81.89%) to global server.
2025-11-15 23:57:11,207 DDP_Script [Rank 0] [INFO] epoch 12 시작
2025-11-15 23:57:11,217 DDP_Script [Rank 0] [INFO] DataLoader created with batch_size=64, num_workers=4
2025-11-15 23:57:11,223 DDP_Script [Rank 0] [INFO] 모든 노드 중 max_steps = 391
2025-11-15 23:57:11,223 DDP_Script [Rank 0] [INFO] local_steps=391, global_steps=391
2025-11-15 23:58:22,330 DDP_Script [Rank 0] [INFO] epoch 12 train step time: 71.11 seconds
2025-11-15 23:58:22,357 DDP_Script [Rank 0] [INFO] epoch 12 끝 (local_steps=391, global_steps=391)
2025-11-15 23:58:27,449 DDP_Script [Rank 0] [INFO] val acc 81.58%
2025-11-15 23:58:27,467 DDP_Script [Rank 0] [INFO] Saving checkpoint to ./checkpoints/job-0c8f639de211/latest_checkpoint.pth ...
2025-11-15 23:58:28,445 DDP_Script [Rank 0] [INFO] Successfully reported epoch 12/20 (Acc: 81.58%) to global server.
2025-11-15 23:58:28,447 DDP_Script [Rank 0] [INFO] epoch 13 시작
2025-11-15 23:58:28,458 DDP_Script [Rank 0] [INFO] DataLoader created with batch_size=64, num_workers=4
2025-11-15 23:58:28,461 DDP_Script [Rank 0] [INFO] 모든 노드 중 max_steps = 391
2025-11-15 23:58:28,461 DDP_Script [Rank 0] [INFO] local_steps=391, global_steps=391
2025-11-15 23:59:38,416 DDP_Script [Rank 0] [INFO] epoch 13 train step time: 69.95 seconds
2025-11-15 23:59:38,429 DDP_Script [Rank 0] [INFO] epoch 13 끝 (local_steps=391, global_steps=391)
2025-11-15 23:59:43,612 DDP_Script [Rank 0] [INFO] val acc 80.62%
2025-11-15 23:59:43,629 DDP_Script [Rank 0] [INFO] Saving checkpoint to ./checkpoints/job-0c8f639de211/latest_checkpoint.pth ...
2025-11-15 23:59:44,592 DDP_Script [Rank 0] [INFO] Successfully reported epoch 13/20 (Acc: 80.62%) to global server.
2025-11-15 23:59:44,594 DDP_Script [Rank 0] [INFO] epoch 14 시작
2025-11-15 23:59:44,605 DDP_Script [Rank 0] [INFO] DataLoader created with batch_size=64, num_workers=4
2025-11-15 23:59:44,608 DDP_Script [Rank 0] [INFO] 모든 노드 중 max_steps = 391
2025-11-15 23:59:44,608 DDP_Script [Rank 0] [INFO] local_steps=391, global_steps=391
2025-11-16 00:00:55,144 DDP_Script [Rank 0] [INFO] epoch 14 train step time: 70.54 seconds
2025-11-16 00:00:55,181 DDP_Script [Rank 0] [INFO] epoch 14 끝 (local_steps=391, global_steps=391)
2025-11-16 00:01:00,284 DDP_Script [Rank 0] [INFO] val acc 80.92%
2025-11-16 00:01:00,315 DDP_Script [Rank 0] [INFO] Saving checkpoint to ./checkpoints/job-0c8f639de211/latest_checkpoint.pth ...
2025-11-16 00:01:01,445 DDP_Script [Rank 0] [INFO] Successfully reported epoch 14/20 (Acc: 80.92%) to global server.
2025-11-16 00:01:01,448 DDP_Script [Rank 0] [INFO] epoch 15 시작
2025-11-16 00:01:01,467 DDP_Script [Rank 0] [INFO] DataLoader created with batch_size=64, num_workers=4
2025-11-16 00:01:01,471 DDP_Script [Rank 0] [INFO] 모든 노드 중 max_steps = 391
2025-11-16 00:01:01,471 DDP_Script [Rank 0] [INFO] local_steps=391, global_steps=391
2025-11-16 00:02:11,160 DDP_Script [Rank 0] [INFO] epoch 15 train step time: 69.69 seconds
2025-11-16 00:02:11,166 DDP_Script [Rank 0] [INFO] epoch 15 끝 (local_steps=391, global_steps=391)
2025-11-16 00:02:16,227 DDP_Script [Rank 0] [INFO] val acc 82.30%
2025-11-16 00:02:16,264 DDP_Script [Rank 0] [INFO] Saving checkpoint to ./checkpoints/job-0c8f639de211/latest_checkpoint.pth ...
2025-11-16 00:02:17,257 DDP_Script [Rank 0] [INFO] Successfully reported epoch 15/20 (Acc: 82.30%) to global server.
2025-11-16 00:02:17,260 DDP_Script [Rank 0] [INFO] epoch 16 시작
2025-11-16 00:02:17,270 DDP_Script [Rank 0] [INFO] DataLoader created with batch_size=64, num_workers=4
2025-11-16 00:02:17,278 DDP_Script [Rank 0] [INFO] 모든 노드 중 max_steps = 391
2025-11-16 00:02:17,278 DDP_Script [Rank 0] [INFO] local_steps=391, global_steps=391
2025-11-16 00:03:26,906 DDP_Script [Rank 0] [INFO] epoch 16 train step time: 69.63 seconds
2025-11-16 00:03:26,909 DDP_Script [Rank 0] [INFO] epoch 16 끝 (local_steps=391, global_steps=391)
2025-11-16 00:03:32,142 DDP_Script [Rank 0] [INFO] val acc 83.18%
2025-11-16 00:03:32,172 DDP_Script [Rank 0] [INFO] Saving checkpoint to ./checkpoints/job-0c8f639de211/latest_checkpoint.pth ...
2025-11-16 00:03:33,165 DDP_Script [Rank 0] [INFO] Successfully reported epoch 16/20 (Acc: 83.18%) to global server.
2025-11-16 00:03:33,167 DDP_Script [Rank 0] [INFO] epoch 17 시작
2025-11-16 00:03:33,178 DDP_Script [Rank 0] [INFO] DataLoader created with batch_size=64, num_workers=4
2025-11-16 00:03:33,185 DDP_Script [Rank 0] [INFO] 모든 노드 중 max_steps = 391
2025-11-16 00:03:33,185 DDP_Script [Rank 0] [INFO] local_steps=391, global_steps=391
2025-11-16 00:04:44,538 DDP_Script [Rank 0] [INFO] epoch 17 train step time: 71.35 seconds
2025-11-16 00:04:44,556 DDP_Script [Rank 0] [INFO] epoch 17 끝 (local_steps=391, global_steps=391)
2025-11-16 00:04:49,622 DDP_Script [Rank 0] [INFO] val acc 84.49%
2025-11-16 00:04:49,651 DDP_Script [Rank 0] [INFO] Saving checkpoint to ./checkpoints/job-0c8f639de211/latest_checkpoint.pth ...
2025-11-16 00:04:50,729 DDP_Script [Rank 0] [INFO] Successfully reported epoch 17/20 (Acc: 84.49%) to global server.
2025-11-16 00:04:50,733 DDP_Script [Rank 0] [INFO] epoch 18 시작
2025-11-16 00:04:50,751 DDP_Script [Rank 0] [INFO] DataLoader created with batch_size=64, num_workers=4
2025-11-16 00:04:50,755 DDP_Script [Rank 0] [INFO] 모든 노드 중 max_steps = 391
2025-11-16 00:04:50,755 DDP_Script [Rank 0] [INFO] local_steps=391, global_steps=391
2025-11-16 00:05:59,108 DDP_Script [Rank 0] [INFO] epoch 18 train step time: 68.35 seconds
2025-11-16 00:05:59,111 DDP_Script [Rank 0] [INFO] epoch 18 끝 (local_steps=391, global_steps=391)
2025-11-16 00:06:04,168 DDP_Script [Rank 0] [INFO] val acc 85.44%
2025-11-16 00:06:04,189 DDP_Script [Rank 0] [INFO] Saving checkpoint to ./checkpoints/job-0c8f639de211/latest_checkpoint.pth ...
2025-11-16 00:06:05,293 DDP_Script [Rank 0] [INFO] Successfully reported epoch 18/20 (Acc: 85.44%) to global server.
2025-11-16 00:06:05,295 DDP_Script [Rank 0] [INFO] epoch 19 시작
2025-11-16 00:06:05,305 DDP_Script [Rank 0] [INFO] DataLoader created with batch_size=64, num_workers=4
2025-11-16 00:06:05,309 DDP_Script [Rank 0] [INFO] 모든 노드 중 max_steps = 391
2025-11-16 00:06:05,309 DDP_Script [Rank 0] [INFO] local_steps=391, global_steps=391
2025-11-16 00:07:17,280 DDP_Script [Rank 0] [INFO] epoch 19 train step time: 71.97 seconds
2025-11-16 00:07:17,283 DDP_Script [Rank 0] [INFO] epoch 19 끝 (local_steps=391, global_steps=391)
2025-11-16 00:07:22,422 DDP_Script [Rank 0] [INFO] val acc 86.01%
2025-11-16 00:07:22,452 DDP_Script [Rank 0] [INFO] Saving checkpoint to ./checkpoints/job-0c8f639de211/latest_checkpoint.pth ...
2025-11-16 00:07:23,482 DDP_Script [Rank 0] [INFO] Successfully reported epoch 19/20 (Acc: 86.01%) to global server.
2025-11-16 00:07:23,484 DDP_Script [Rank 0] [INFO] epoch 20 시작
2025-11-16 00:07:23,493 DDP_Script [Rank 0] [INFO] DataLoader created with batch_size=64, num_workers=4
2025-11-16 00:07:23,501 DDP_Script [Rank 0] [INFO] 모든 노드 중 max_steps = 391
2025-11-16 00:07:23,501 DDP_Script [Rank 0] [INFO] local_steps=391, global_steps=391
2025-11-16 00:08:35,071 DDP_Script [Rank 0] [INFO] epoch 20 train step time: 71.57 seconds
2025-11-16 00:08:35,076 DDP_Script [Rank 0] [INFO] epoch 20 끝 (local_steps=391, global_steps=391)
2025-11-16 00:08:40,272 DDP_Script [Rank 0] [INFO] val acc 86.01%
2025-11-16 00:08:40,291 DDP_Script [Rank 0] [INFO] Saving checkpoint to ./checkpoints/job-0c8f639de211/latest_checkpoint.pth ...
2025-11-16 00:08:41,362 DDP_Script [Rank 0] [INFO] Successfully reported epoch 20/20 (Acc: 86.01%) to global server.
2025-11-16 00:08:41,364 DDP_Script [Rank 0] [INFO] Training completed successfully.
2025-11-16 00:08:41,378 DDP_Script [Rank 0] [INFO] Reported job completion to global server.
2025-11-16 00:08:41,378 DDP_Script [Rank 0] [INFO] Training loop finished.
