Current CUDA device index: 0
Current CUDA device name: NVIDIA GeForce RTX 5070 Ti
Master address: 163.180.117.216, port: 29575
2025-11-16 11:02:12,538 DDP_Script [Rank 0] [INFO] Node rank: 0, world size: 2
[Gloo] Rank 0 is connected to 1 peer ranks. Expected number of connected peer ranks is : 1
2025-11-16 11:02:12,621 DDP_Script [Rank 0] [INFO] Process group initialized: 163.180.117.216:29575
2025-11-16 11:02:12,621 DDP_Script [Rank 0] [INFO] Rank 0/2 initialized
/home/ubuntu216/anaconda3/envs/GlobalDART/lib/python3.9/site-packages/torchvision/models/_utils.py:208: UserWarning: The parameter 'pretrained' is deprecated since 0.13 and may be removed in the future, please use 'weights' instead.
  warnings.warn(
/home/ubuntu216/anaconda3/envs/GlobalDART/lib/python3.9/site-packages/torchvision/models/_utils.py:223: UserWarning: Arguments other than a weight enum or `None` for 'weights' are deprecated since 0.13 and may be removed in the future. The current behavior is equivalent to passing `weights=None`.
  warnings.warn(msg)
2025-11-16 11:02:15,056 DDP_Script [Rank 0] [INFO] Model, DDP, criterion, optimizer initialized
2025-11-16 11:02:15,060 DDP_Script [Rank 0] [INFO] Modules initialized
2025-11-16 11:02:15,060 DDP_Script [Rank 0] [INFO] Checkpoint directory created: ./checkpoints/job-a9ed7e843183
2025-11-16 11:02:15,060 DDP_Script [Rank 0] [INFO] Starting training from scratch (epoch 1).
2025-11-16 11:02:15,061 DDP_Script [Rank 0] [INFO] epoch 1 시작
2025-11-16 11:02:15,105 DDP_Script [Rank 0] [INFO] DataLoader created with batch_size=32, num_workers=4
2025-11-16 11:02:15,109 DDP_Script [Rank 0] [INFO] 모든 노드 중 max_steps = 782
2025-11-16 11:02:15,109 DDP_Script [Rank 0] [INFO] local_steps=782, global_steps=782
2025-11-16 11:03:19,281 DDP_Script [Rank 0] [INFO] epoch 1 train step time: 64.17 seconds
2025-11-16 11:03:19,285 DDP_Script [Rank 0] [INFO] epoch 1 끝 (local_steps=782, global_steps=782)
2025-11-16 11:03:22,883 DDP_Script [Rank 0] [INFO] val acc 10.70%
2025-11-16 11:03:22,902 DDP_Script [Rank 0] [INFO] Saving checkpoint to ./checkpoints/job-a9ed7e843183/latest_checkpoint.pth ...
2025-11-16 11:03:23,107 DDP_Script [Rank 0] [INFO] Successfully reported epoch 1/20 (Acc: 10.70%) to global server.
2025-11-16 11:03:23,109 DDP_Script [Rank 0] [INFO] epoch 2 시작
2025-11-16 11:03:23,116 DDP_Script [Rank 0] [INFO] DataLoader created with batch_size=32, num_workers=4
2025-11-16 11:03:23,123 DDP_Script [Rank 0] [INFO] 모든 노드 중 max_steps = 782
2025-11-16 11:03:23,123 DDP_Script [Rank 0] [INFO] local_steps=782, global_steps=782
2025-11-16 11:04:28,466 DDP_Script [Rank 0] [INFO] epoch 2 train step time: 65.34 seconds
2025-11-16 11:04:28,478 DDP_Script [Rank 0] [INFO] epoch 2 끝 (local_steps=782, global_steps=782)
2025-11-16 11:04:31,987 DDP_Script [Rank 0] [INFO] val acc 19.04%
2025-11-16 11:04:32,021 DDP_Script [Rank 0] [INFO] Saving checkpoint to ./checkpoints/job-a9ed7e843183/latest_checkpoint.pth ...
2025-11-16 11:04:32,504 DDP_Script [Rank 0] [INFO] Successfully reported epoch 2/20 (Acc: 19.04%) to global server.
2025-11-16 11:04:32,506 DDP_Script [Rank 0] [INFO] epoch 3 시작
2025-11-16 11:04:32,515 DDP_Script [Rank 0] [INFO] DataLoader created with batch_size=32, num_workers=4
2025-11-16 11:04:32,519 DDP_Script [Rank 0] [INFO] 모든 노드 중 max_steps = 782
2025-11-16 11:04:32,520 DDP_Script [Rank 0] [INFO] local_steps=782, global_steps=782
2025-11-16 11:05:39,849 DDP_Script [Rank 0] [INFO] epoch 3 train step time: 67.33 seconds
2025-11-16 11:05:39,853 DDP_Script [Rank 0] [INFO] epoch 3 끝 (local_steps=782, global_steps=782)
2025-11-16 11:05:43,300 DDP_Script [Rank 0] [INFO] val acc 24.83%
2025-11-16 11:05:43,332 DDP_Script [Rank 0] [INFO] Saving checkpoint to ./checkpoints/job-a9ed7e843183/latest_checkpoint.pth ...
2025-11-16 11:05:43,812 DDP_Script [Rank 0] [INFO] Successfully reported epoch 3/20 (Acc: 24.83%) to global server.
2025-11-16 11:05:43,815 DDP_Script [Rank 0] [INFO] epoch 4 시작
2025-11-16 11:05:43,824 DDP_Script [Rank 0] [INFO] DataLoader created with batch_size=32, num_workers=4
2025-11-16 11:05:43,830 DDP_Script [Rank 0] [INFO] 모든 노드 중 max_steps = 782
2025-11-16 11:05:43,830 DDP_Script [Rank 0] [INFO] local_steps=782, global_steps=782
2025-11-16 11:06:49,409 DDP_Script [Rank 0] [INFO] epoch 4 train step time: 65.58 seconds
2025-11-16 11:06:49,438 DDP_Script [Rank 0] [INFO] epoch 4 끝 (local_steps=782, global_steps=782)
2025-11-16 11:06:52,901 DDP_Script [Rank 0] [INFO] val acc 31.85%
2025-11-16 11:06:52,933 DDP_Script [Rank 0] [INFO] Saving checkpoint to ./checkpoints/job-a9ed7e843183/latest_checkpoint.pth ...
2025-11-16 11:06:53,420 DDP_Script [Rank 0] [INFO] Successfully reported epoch 4/20 (Acc: 31.85%) to global server.
2025-11-16 11:06:53,422 DDP_Script [Rank 0] [INFO] epoch 5 시작
2025-11-16 11:06:53,433 DDP_Script [Rank 0] [INFO] DataLoader created with batch_size=32, num_workers=4
2025-11-16 11:06:53,437 DDP_Script [Rank 0] [INFO] 모든 노드 중 max_steps = 782
2025-11-16 11:06:53,438 DDP_Script [Rank 0] [INFO] local_steps=782, global_steps=782
2025-11-16 11:08:00,001 DDP_Script [Rank 0] [INFO] epoch 5 train step time: 66.56 seconds
2025-11-16 11:08:00,005 DDP_Script [Rank 0] [INFO] epoch 5 끝 (local_steps=782, global_steps=782)
2025-11-16 11:08:03,513 DDP_Script [Rank 0] [INFO] val acc 39.34%
2025-11-16 11:08:03,546 DDP_Script [Rank 0] [INFO] Saving checkpoint to ./checkpoints/job-a9ed7e843183/latest_checkpoint.pth ...
2025-11-16 11:08:04,094 DDP_Script [Rank 0] [INFO] Successfully reported epoch 5/20 (Acc: 39.34%) to global server.
2025-11-16 11:08:04,097 DDP_Script [Rank 0] [INFO] epoch 6 시작
2025-11-16 11:08:04,106 DDP_Script [Rank 0] [INFO] DataLoader created with batch_size=32, num_workers=4
2025-11-16 11:08:04,114 DDP_Script [Rank 0] [INFO] 모든 노드 중 max_steps = 782
2025-11-16 11:08:04,114 DDP_Script [Rank 0] [INFO] local_steps=782, global_steps=782
2025-11-16 11:09:10,856 DDP_Script [Rank 0] [INFO] epoch 6 train step time: 66.74 seconds
2025-11-16 11:09:10,863 DDP_Script [Rank 0] [INFO] epoch 6 끝 (local_steps=782, global_steps=782)
2025-11-16 11:09:14,462 DDP_Script [Rank 0] [INFO] val acc 42.60%
2025-11-16 11:09:14,493 DDP_Script [Rank 0] [INFO] Saving checkpoint to ./checkpoints/job-a9ed7e843183/latest_checkpoint.pth ...
2025-11-16 11:09:14,973 DDP_Script [Rank 0] [INFO] Successfully reported epoch 6/20 (Acc: 42.60%) to global server.
2025-11-16 11:09:14,975 DDP_Script [Rank 0] [INFO] epoch 7 시작
2025-11-16 11:09:14,992 DDP_Script [Rank 0] [INFO] DataLoader created with batch_size=32, num_workers=4
2025-11-16 11:09:14,995 DDP_Script [Rank 0] [INFO] 모든 노드 중 max_steps = 782
2025-11-16 11:09:14,995 DDP_Script [Rank 0] [INFO] local_steps=782, global_steps=782
2025-11-16 11:10:21,208 DDP_Script [Rank 0] [INFO] epoch 7 train step time: 66.21 seconds
2025-11-16 11:10:21,224 DDP_Script [Rank 0] [INFO] epoch 7 끝 (local_steps=782, global_steps=782)
2025-11-16 11:10:24,856 DDP_Script [Rank 0] [INFO] val acc 46.81%
2025-11-16 11:10:24,875 DDP_Script [Rank 0] [INFO] Saving checkpoint to ./checkpoints/job-a9ed7e843183/latest_checkpoint.pth ...
2025-11-16 11:10:25,346 DDP_Script [Rank 0] [INFO] Successfully reported epoch 7/20 (Acc: 46.81%) to global server.
2025-11-16 11:10:25,348 DDP_Script [Rank 0] [INFO] epoch 8 시작
2025-11-16 11:10:25,361 DDP_Script [Rank 0] [INFO] DataLoader created with batch_size=32, num_workers=4
2025-11-16 11:10:25,364 DDP_Script [Rank 0] [INFO] 모든 노드 중 max_steps = 782
2025-11-16 11:10:25,364 DDP_Script [Rank 0] [INFO] local_steps=782, global_steps=782
2025-11-16 11:11:31,842 DDP_Script [Rank 0] [INFO] epoch 8 train step time: 66.48 seconds
2025-11-16 11:11:31,846 DDP_Script [Rank 0] [INFO] epoch 8 끝 (local_steps=782, global_steps=782)
2025-11-16 11:11:35,363 DDP_Script [Rank 0] [INFO] val acc 49.94%
2025-11-16 11:11:35,395 DDP_Script [Rank 0] [INFO] Saving checkpoint to ./checkpoints/job-a9ed7e843183/latest_checkpoint.pth ...
2025-11-16 11:11:36,104 DDP_Script [Rank 0] [INFO] Successfully reported epoch 8/20 (Acc: 49.94%) to global server.
2025-11-16 11:11:36,106 DDP_Script [Rank 0] [INFO] epoch 9 시작
2025-11-16 11:11:36,117 DDP_Script [Rank 0] [INFO] DataLoader created with batch_size=32, num_workers=4
2025-11-16 11:11:36,122 DDP_Script [Rank 0] [INFO] 모든 노드 중 max_steps = 782
2025-11-16 11:11:36,122 DDP_Script [Rank 0] [INFO] local_steps=782, global_steps=782
2025-11-16 11:12:42,008 DDP_Script [Rank 0] [INFO] epoch 9 train step time: 65.89 seconds
2025-11-16 11:12:42,011 DDP_Script [Rank 0] [INFO] epoch 9 끝 (local_steps=782, global_steps=782)
2025-11-16 11:12:45,387 DDP_Script [Rank 0] [INFO] val acc 53.19%
2025-11-16 11:12:45,419 DDP_Script [Rank 0] [INFO] Saving checkpoint to ./checkpoints/job-a9ed7e843183/latest_checkpoint.pth ...
2025-11-16 11:12:45,894 DDP_Script [Rank 0] [INFO] Successfully reported epoch 9/20 (Acc: 53.19%) to global server.
2025-11-16 11:12:45,896 DDP_Script [Rank 0] [INFO] epoch 10 시작
2025-11-16 11:12:45,906 DDP_Script [Rank 0] [INFO] DataLoader created with batch_size=32, num_workers=4
2025-11-16 11:12:45,912 DDP_Script [Rank 0] [INFO] 모든 노드 중 max_steps = 782
2025-11-16 11:12:45,912 DDP_Script [Rank 0] [INFO] local_steps=782, global_steps=782
2025-11-16 11:13:50,749 DDP_Script [Rank 0] [INFO] epoch 10 train step time: 64.84 seconds
2025-11-16 11:13:50,765 DDP_Script [Rank 0] [INFO] epoch 10 끝 (local_steps=782, global_steps=782)
2025-11-16 11:13:54,404 DDP_Script [Rank 0] [INFO] val acc 55.11%
2025-11-16 11:13:54,437 DDP_Script [Rank 0] [INFO] Saving checkpoint to ./checkpoints/job-a9ed7e843183/latest_checkpoint.pth ...
2025-11-16 11:13:54,981 DDP_Script [Rank 0] [INFO] Successfully reported epoch 10/20 (Acc: 55.11%) to global server.
2025-11-16 11:13:54,983 DDP_Script [Rank 0] [INFO] epoch 11 시작
2025-11-16 11:13:54,992 DDP_Script [Rank 0] [INFO] DataLoader created with batch_size=32, num_workers=4
2025-11-16 11:13:55,000 DDP_Script [Rank 0] [INFO] 모든 노드 중 max_steps = 782
2025-11-16 11:13:55,000 DDP_Script [Rank 0] [INFO] local_steps=782, global_steps=782
2025-11-16 11:14:59,722 DDP_Script [Rank 0] [INFO] epoch 11 train step time: 64.72 seconds
2025-11-16 11:14:59,733 DDP_Script [Rank 0] [INFO] epoch 11 끝 (local_steps=782, global_steps=782)
2025-11-16 11:15:03,260 DDP_Script [Rank 0] [INFO] val acc 57.11%
2025-11-16 11:15:03,293 DDP_Script [Rank 0] [INFO] Saving checkpoint to ./checkpoints/job-a9ed7e843183/latest_checkpoint.pth ...
2025-11-16 11:15:03,784 DDP_Script [Rank 0] [INFO] Successfully reported epoch 11/20 (Acc: 57.11%) to global server.
2025-11-16 11:15:03,786 DDP_Script [Rank 0] [INFO] epoch 12 시작
2025-11-16 11:15:03,796 DDP_Script [Rank 0] [INFO] DataLoader created with batch_size=32, num_workers=4
2025-11-16 11:15:03,802 DDP_Script [Rank 0] [INFO] 모든 노드 중 max_steps = 782
2025-11-16 11:15:03,802 DDP_Script [Rank 0] [INFO] local_steps=782, global_steps=782
2025-11-16 11:16:07,183 DDP_Script [Rank 0] [INFO] epoch 12 train step time: 63.38 seconds
2025-11-16 11:16:07,207 DDP_Script [Rank 0] [INFO] epoch 12 끝 (local_steps=782, global_steps=782)
2025-11-16 11:16:10,721 DDP_Script [Rank 0] [INFO] val acc 57.93%
2025-11-16 11:16:10,758 DDP_Script [Rank 0] [INFO] Saving checkpoint to ./checkpoints/job-a9ed7e843183/latest_checkpoint.pth ...
2025-11-16 11:16:11,231 DDP_Script [Rank 0] [INFO] Successfully reported epoch 12/20 (Acc: 57.93%) to global server.
2025-11-16 11:16:11,233 DDP_Script [Rank 0] [INFO] epoch 13 시작
2025-11-16 11:16:11,243 DDP_Script [Rank 0] [INFO] DataLoader created with batch_size=32, num_workers=4
2025-11-16 11:16:11,246 DDP_Script [Rank 0] [INFO] 모든 노드 중 max_steps = 782
2025-11-16 11:16:11,246 DDP_Script [Rank 0] [INFO] local_steps=782, global_steps=782
2025-11-16 11:17:15,307 DDP_Script [Rank 0] [INFO] epoch 13 train step time: 64.06 seconds
2025-11-16 11:17:15,318 DDP_Script [Rank 0] [INFO] epoch 13 끝 (local_steps=782, global_steps=782)
2025-11-16 11:17:18,879 DDP_Script [Rank 0] [INFO] val acc 60.70%
2025-11-16 11:17:18,911 DDP_Script [Rank 0] [INFO] Saving checkpoint to ./checkpoints/job-a9ed7e843183/latest_checkpoint.pth ...
2025-11-16 11:17:19,531 DDP_Script [Rank 0] [INFO] Successfully reported epoch 13/20 (Acc: 60.70%) to global server.
2025-11-16 11:17:19,535 DDP_Script [Rank 0] [INFO] epoch 14 시작
2025-11-16 11:17:19,554 DDP_Script [Rank 0] [INFO] DataLoader created with batch_size=32, num_workers=4
2025-11-16 11:17:19,557 DDP_Script [Rank 0] [INFO] 모든 노드 중 max_steps = 782
2025-11-16 11:17:19,557 DDP_Script [Rank 0] [INFO] local_steps=782, global_steps=782
2025-11-16 11:18:22,319 DDP_Script [Rank 0] [INFO] epoch 14 train step time: 62.76 seconds
2025-11-16 11:18:22,322 DDP_Script [Rank 0] [INFO] epoch 14 끝 (local_steps=782, global_steps=782)
2025-11-16 11:18:25,800 DDP_Script [Rank 0] [INFO] val acc 60.60%
2025-11-16 11:18:25,832 DDP_Script [Rank 0] [INFO] Saving checkpoint to ./checkpoints/job-a9ed7e843183/latest_checkpoint.pth ...
2025-11-16 11:18:26,308 DDP_Script [Rank 0] [INFO] Successfully reported epoch 14/20 (Acc: 60.60%) to global server.
2025-11-16 11:18:26,310 DDP_Script [Rank 0] [INFO] epoch 15 시작
2025-11-16 11:18:26,320 DDP_Script [Rank 0] [INFO] DataLoader created with batch_size=32, num_workers=4
2025-11-16 11:18:26,327 DDP_Script [Rank 0] [INFO] 모든 노드 중 max_steps = 782
2025-11-16 11:18:26,327 DDP_Script [Rank 0] [INFO] local_steps=782, global_steps=782
2025-11-16 11:19:32,070 DDP_Script [Rank 0] [INFO] epoch 15 train step time: 65.74 seconds
2025-11-16 11:19:32,074 DDP_Script [Rank 0] [INFO] epoch 15 끝 (local_steps=782, global_steps=782)
2025-11-16 11:19:35,696 DDP_Script [Rank 0] [INFO] val acc 61.12%
2025-11-16 11:19:35,718 DDP_Script [Rank 0] [INFO] Saving checkpoint to ./checkpoints/job-a9ed7e843183/latest_checkpoint.pth ...
2025-11-16 11:19:36,317 DDP_Script [Rank 0] [INFO] Successfully reported epoch 15/20 (Acc: 61.12%) to global server.
2025-11-16 11:19:36,321 DDP_Script [Rank 0] [INFO] epoch 16 시작
2025-11-16 11:19:36,339 DDP_Script [Rank 0] [INFO] DataLoader created with batch_size=32, num_workers=4
2025-11-16 11:19:36,342 DDP_Script [Rank 0] [INFO] 모든 노드 중 max_steps = 782
2025-11-16 11:19:36,342 DDP_Script [Rank 0] [INFO] local_steps=782, global_steps=782
2025-11-16 11:20:41,002 DDP_Script [Rank 0] [INFO] epoch 16 train step time: 64.66 seconds
2025-11-16 11:20:41,008 DDP_Script [Rank 0] [INFO] epoch 16 끝 (local_steps=782, global_steps=782)
2025-11-16 11:20:44,589 DDP_Script [Rank 0] [INFO] val acc 63.47%
2025-11-16 11:20:44,628 DDP_Script [Rank 0] [INFO] Saving checkpoint to ./checkpoints/job-a9ed7e843183/latest_checkpoint.pth ...
2025-11-16 11:20:45,174 DDP_Script [Rank 0] [INFO] Successfully reported epoch 16/20 (Acc: 63.47%) to global server.
2025-11-16 11:20:45,176 DDP_Script [Rank 0] [INFO] epoch 17 시작
2025-11-16 11:20:45,188 DDP_Script [Rank 0] [INFO] DataLoader created with batch_size=32, num_workers=4
2025-11-16 11:20:45,191 DDP_Script [Rank 0] [INFO] 모든 노드 중 max_steps = 782
2025-11-16 11:20:45,191 DDP_Script [Rank 0] [INFO] local_steps=782, global_steps=782
2025-11-16 11:21:49,011 DDP_Script [Rank 0] [INFO] epoch 17 train step time: 63.82 seconds
2025-11-16 11:21:49,013 DDP_Script [Rank 0] [INFO] epoch 17 끝 (local_steps=782, global_steps=782)
2025-11-16 11:21:52,783 DDP_Script [Rank 0] [INFO] val acc 63.12%
2025-11-16 11:21:52,811 DDP_Script [Rank 0] [INFO] Saving checkpoint to ./checkpoints/job-a9ed7e843183/latest_checkpoint.pth ...
2025-11-16 11:21:53,302 DDP_Script [Rank 0] [INFO] Successfully reported epoch 17/20 (Acc: 63.12%) to global server.
2025-11-16 11:21:53,304 DDP_Script [Rank 0] [INFO] epoch 18 시작
2025-11-16 11:21:53,314 DDP_Script [Rank 0] [INFO] DataLoader created with batch_size=32, num_workers=4
2025-11-16 11:21:53,321 DDP_Script [Rank 0] [INFO] 모든 노드 중 max_steps = 782
2025-11-16 11:21:53,321 DDP_Script [Rank 0] [INFO] local_steps=782, global_steps=782
2025-11-16 11:22:57,483 DDP_Script [Rank 0] [INFO] epoch 18 train step time: 64.16 seconds
2025-11-16 11:22:57,491 DDP_Script [Rank 0] [INFO] epoch 18 끝 (local_steps=782, global_steps=782)
2025-11-16 11:23:00,966 DDP_Script [Rank 0] [INFO] val acc 63.48%
2025-11-16 11:23:00,994 DDP_Script [Rank 0] [INFO] Saving checkpoint to ./checkpoints/job-a9ed7e843183/latest_checkpoint.pth ...
2025-11-16 11:23:01,491 DDP_Script [Rank 0] [INFO] Successfully reported epoch 18/20 (Acc: 63.48%) to global server.
2025-11-16 11:23:01,494 DDP_Script [Rank 0] [INFO] epoch 19 시작
2025-11-16 11:23:01,505 DDP_Script [Rank 0] [INFO] DataLoader created with batch_size=32, num_workers=4
2025-11-16 11:23:01,508 DDP_Script [Rank 0] [INFO] 모든 노드 중 max_steps = 782
2025-11-16 11:23:01,508 DDP_Script [Rank 0] [INFO] local_steps=782, global_steps=782
2025-11-16 11:24:06,139 DDP_Script [Rank 0] [INFO] epoch 19 train step time: 64.63 seconds
2025-11-16 11:24:06,142 DDP_Script [Rank 0] [INFO] epoch 19 끝 (local_steps=782, global_steps=782)
2025-11-16 11:24:09,561 DDP_Script [Rank 0] [INFO] val acc 64.63%
2025-11-16 11:24:09,595 DDP_Script [Rank 0] [INFO] Saving checkpoint to ./checkpoints/job-a9ed7e843183/latest_checkpoint.pth ...
2025-11-16 11:24:10,117 DDP_Script [Rank 0] [INFO] Successfully reported epoch 19/20 (Acc: 64.63%) to global server.
2025-11-16 11:24:10,120 DDP_Script [Rank 0] [INFO] epoch 20 시작
2025-11-16 11:24:10,130 DDP_Script [Rank 0] [INFO] DataLoader created with batch_size=32, num_workers=4
2025-11-16 11:24:10,137 DDP_Script [Rank 0] [INFO] 모든 노드 중 max_steps = 782
2025-11-16 11:24:10,138 DDP_Script [Rank 0] [INFO] local_steps=782, global_steps=782
2025-11-16 11:25:14,140 DDP_Script [Rank 0] [INFO] epoch 20 train step time: 64.00 seconds
2025-11-16 11:25:14,142 DDP_Script [Rank 0] [INFO] epoch 20 끝 (local_steps=782, global_steps=782)
2025-11-16 11:25:17,607 DDP_Script [Rank 0] [INFO] val acc 65.15%
2025-11-16 11:25:17,629 DDP_Script [Rank 0] [INFO] Saving checkpoint to ./checkpoints/job-a9ed7e843183/latest_checkpoint.pth ...
2025-11-16 11:25:18,150 DDP_Script [Rank 0] [INFO] Successfully reported epoch 20/20 (Acc: 65.15%) to global server.
2025-11-16 11:25:18,168 DDP_Script [Rank 0] [INFO] Training completed successfully.
2025-11-16 11:25:18,168 DDP_Script [Rank 0] [INFO] Training loop finished.
