Current CUDA device index: 0
Current CUDA device name: NVIDIA GeForce RTX 5070 Ti
Master address: 163.180.117.216, port: 29581
2025-11-16 00:08:46,951 DDP_Script [Rank 1] [INFO] Node rank: 1, world size: 2
[Gloo] Rank 1 is connected to 1 peer ranks. Expected number of connected peer ranks is : 1
2025-11-16 00:08:46,978 DDP_Script [Rank 1] [INFO] Process group initialized: 163.180.117.216:29581
2025-11-16 00:08:46,978 DDP_Script [Rank 1] [INFO] Rank 1/2 initialized
/home/ubuntu216/anaconda3/envs/GlobalDART/lib/python3.9/site-packages/torchvision/models/_utils.py:208: UserWarning: The parameter 'pretrained' is deprecated since 0.13 and may be removed in the future, please use 'weights' instead.
  warnings.warn(
/home/ubuntu216/anaconda3/envs/GlobalDART/lib/python3.9/site-packages/torchvision/models/_utils.py:223: UserWarning: Arguments other than a weight enum or `None` for 'weights' are deprecated since 0.13 and may be removed in the future. The current behavior is equivalent to passing `weights=None`.
  warnings.warn(msg)
2025-11-16 00:08:49,382 DDP_Script [Rank 1] [INFO] Model, DDP, criterion, optimizer initialized
2025-11-16 00:08:49,386 DDP_Script [Rank 1] [INFO] Modules initialized
2025-11-16 00:08:49,386 DDP_Script [Rank 1] [INFO] Starting training from scratch (epoch 1).
2025-11-16 00:08:49,387 DDP_Script [Rank 1] [INFO] epoch 1 시작
2025-11-16 00:08:49,439 DDP_Script [Rank 1] [INFO] DataLoader created with batch_size=64, num_workers=4
2025-11-16 00:08:49,442 DDP_Script [Rank 1] [INFO] local_steps=391, global_steps=391
2025-11-16 00:09:24,655 DDP_Script [Rank 1] [INFO] epoch 1 train step time: 35.21 seconds
2025-11-16 00:09:24,674 DDP_Script [Rank 1] [INFO] epoch 1 끝 (local_steps=391, global_steps=391)
2025-11-16 00:09:28,226 DDP_Script [Rank 1] [INFO] val acc 10.94%
2025-11-16 00:09:28,462 DDP_Script [Rank 1] [INFO] epoch 2 시작
2025-11-16 00:09:28,472 DDP_Script [Rank 1] [INFO] DataLoader created with batch_size=64, num_workers=4
2025-11-16 00:09:28,474 DDP_Script [Rank 1] [INFO] local_steps=391, global_steps=391
2025-11-16 00:10:03,925 DDP_Script [Rank 1] [INFO] epoch 2 train step time: 35.45 seconds
2025-11-16 00:10:03,928 DDP_Script [Rank 1] [INFO] epoch 2 끝 (local_steps=391, global_steps=391)
2025-11-16 00:10:07,479 DDP_Script [Rank 1] [INFO] val acc 18.21%
2025-11-16 00:10:07,982 DDP_Script [Rank 1] [INFO] epoch 3 시작
2025-11-16 00:10:07,993 DDP_Script [Rank 1] [INFO] DataLoader created with batch_size=64, num_workers=4
2025-11-16 00:10:07,995 DDP_Script [Rank 1] [INFO] local_steps=391, global_steps=391
2025-11-16 00:10:43,151 DDP_Script [Rank 1] [INFO] epoch 3 train step time: 35.16 seconds
2025-11-16 00:10:43,153 DDP_Script [Rank 1] [INFO] epoch 3 끝 (local_steps=391, global_steps=391)
2025-11-16 00:10:46,740 DDP_Script [Rank 1] [INFO] val acc 23.45%
2025-11-16 00:10:47,226 DDP_Script [Rank 1] [INFO] epoch 4 시작
2025-11-16 00:10:47,237 DDP_Script [Rank 1] [INFO] DataLoader created with batch_size=64, num_workers=4
2025-11-16 00:10:47,238 DDP_Script [Rank 1] [INFO] local_steps=391, global_steps=391
2025-11-16 00:11:22,643 DDP_Script [Rank 1] [INFO] epoch 4 train step time: 35.40 seconds
2025-11-16 00:11:22,657 DDP_Script [Rank 1] [INFO] epoch 4 끝 (local_steps=391, global_steps=391)
2025-11-16 00:11:26,375 DDP_Script [Rank 1] [INFO] val acc 31.19%
2025-11-16 00:11:26,898 DDP_Script [Rank 1] [INFO] epoch 5 시작
2025-11-16 00:11:26,917 DDP_Script [Rank 1] [INFO] DataLoader created with batch_size=64, num_workers=4
2025-11-16 00:11:26,920 DDP_Script [Rank 1] [INFO] local_steps=391, global_steps=391
2025-11-16 00:12:02,381 DDP_Script [Rank 1] [INFO] epoch 5 train step time: 35.46 seconds
2025-11-16 00:12:02,386 DDP_Script [Rank 1] [INFO] epoch 5 끝 (local_steps=391, global_steps=391)
2025-11-16 00:12:06,157 DDP_Script [Rank 1] [INFO] val acc 35.56%
2025-11-16 00:12:06,802 DDP_Script [Rank 1] [INFO] epoch 6 시작
2025-11-16 00:12:06,814 DDP_Script [Rank 1] [INFO] DataLoader created with batch_size=64, num_workers=4
2025-11-16 00:12:06,817 DDP_Script [Rank 1] [INFO] local_steps=391, global_steps=391
2025-11-16 00:12:42,537 DDP_Script [Rank 1] [INFO] epoch 6 train step time: 35.72 seconds
2025-11-16 00:12:42,540 DDP_Script [Rank 1] [INFO] epoch 6 끝 (local_steps=391, global_steps=391)
2025-11-16 00:12:46,143 DDP_Script [Rank 1] [INFO] val acc 42.01%
2025-11-16 00:12:46,660 DDP_Script [Rank 1] [INFO] epoch 7 시작
2025-11-16 00:12:46,675 DDP_Script [Rank 1] [INFO] DataLoader created with batch_size=64, num_workers=4
2025-11-16 00:12:46,677 DDP_Script [Rank 1] [INFO] local_steps=391, global_steps=391
2025-11-16 00:13:22,406 DDP_Script [Rank 1] [INFO] epoch 7 train step time: 35.73 seconds
2025-11-16 00:13:22,409 DDP_Script [Rank 1] [INFO] epoch 7 끝 (local_steps=391, global_steps=391)
2025-11-16 00:13:26,093 DDP_Script [Rank 1] [INFO] val acc 47.36%
2025-11-16 00:13:26,640 DDP_Script [Rank 1] [INFO] epoch 8 시작
2025-11-16 00:13:26,654 DDP_Script [Rank 1] [INFO] DataLoader created with batch_size=64, num_workers=4
2025-11-16 00:13:26,656 DDP_Script [Rank 1] [INFO] local_steps=391, global_steps=391
2025-11-16 00:14:01,952 DDP_Script [Rank 1] [INFO] epoch 8 train step time: 35.30 seconds
2025-11-16 00:14:01,960 DDP_Script [Rank 1] [INFO] epoch 8 끝 (local_steps=391, global_steps=391)
2025-11-16 00:14:05,620 DDP_Script [Rank 1] [INFO] val acc 46.94%
2025-11-16 00:14:06,147 DDP_Script [Rank 1] [INFO] epoch 9 시작
2025-11-16 00:14:06,158 DDP_Script [Rank 1] [INFO] DataLoader created with batch_size=64, num_workers=4
2025-11-16 00:14:06,161 DDP_Script [Rank 1] [INFO] local_steps=391, global_steps=391
2025-11-16 00:14:42,136 DDP_Script [Rank 1] [INFO] epoch 9 train step time: 35.97 seconds
2025-11-16 00:14:42,139 DDP_Script [Rank 1] [INFO] epoch 9 끝 (local_steps=391, global_steps=391)
2025-11-16 00:14:45,917 DDP_Script [Rank 1] [INFO] val acc 51.71%
2025-11-16 00:14:46,507 DDP_Script [Rank 1] [INFO] epoch 10 시작
2025-11-16 00:14:46,518 DDP_Script [Rank 1] [INFO] DataLoader created with batch_size=64, num_workers=4
2025-11-16 00:14:46,520 DDP_Script [Rank 1] [INFO] local_steps=391, global_steps=391
2025-11-16 00:15:21,717 DDP_Script [Rank 1] [INFO] epoch 10 train step time: 35.20 seconds
2025-11-16 00:15:21,719 DDP_Script [Rank 1] [INFO] epoch 10 끝 (local_steps=391, global_steps=391)
2025-11-16 00:15:25,274 DDP_Script [Rank 1] [INFO] val acc 54.14%
2025-11-16 00:15:25,825 DDP_Script [Rank 1] [INFO] epoch 11 시작
2025-11-16 00:15:25,838 DDP_Script [Rank 1] [INFO] DataLoader created with batch_size=64, num_workers=4
2025-11-16 00:15:25,840 DDP_Script [Rank 1] [INFO] local_steps=391, global_steps=391
2025-11-16 00:16:01,359 DDP_Script [Rank 1] [INFO] epoch 11 train step time: 35.52 seconds
2025-11-16 00:16:01,383 DDP_Script [Rank 1] [INFO] epoch 11 끝 (local_steps=391, global_steps=391)
2025-11-16 00:16:04,952 DDP_Script [Rank 1] [INFO] val acc 55.56%
2025-11-16 00:16:05,463 DDP_Script [Rank 1] [INFO] epoch 12 시작
2025-11-16 00:16:05,478 DDP_Script [Rank 1] [INFO] DataLoader created with batch_size=64, num_workers=4
2025-11-16 00:16:05,480 DDP_Script [Rank 1] [INFO] local_steps=391, global_steps=391
2025-11-16 00:16:41,397 DDP_Script [Rank 1] [INFO] epoch 12 train step time: 35.92 seconds
2025-11-16 00:16:41,401 DDP_Script [Rank 1] [INFO] epoch 12 끝 (local_steps=391, global_steps=391)
2025-11-16 00:16:45,004 DDP_Script [Rank 1] [INFO] val acc 58.01%
2025-11-16 00:16:45,493 DDP_Script [Rank 1] [INFO] epoch 13 시작
2025-11-16 00:16:45,506 DDP_Script [Rank 1] [INFO] DataLoader created with batch_size=64, num_workers=4
2025-11-16 00:16:45,508 DDP_Script [Rank 1] [INFO] local_steps=391, global_steps=391
2025-11-16 00:17:22,459 DDP_Script [Rank 1] [INFO] epoch 13 train step time: 36.95 seconds
2025-11-16 00:17:22,462 DDP_Script [Rank 1] [INFO] epoch 13 끝 (local_steps=391, global_steps=391)
2025-11-16 00:17:26,170 DDP_Script [Rank 1] [INFO] val acc 58.80%
2025-11-16 00:17:26,697 DDP_Script [Rank 1] [INFO] epoch 14 시작
2025-11-16 00:17:26,710 DDP_Script [Rank 1] [INFO] DataLoader created with batch_size=64, num_workers=4
2025-11-16 00:17:26,712 DDP_Script [Rank 1] [INFO] local_steps=391, global_steps=391
2025-11-16 00:18:02,215 DDP_Script [Rank 1] [INFO] epoch 14 train step time: 35.50 seconds
2025-11-16 00:18:02,225 DDP_Script [Rank 1] [INFO] epoch 14 끝 (local_steps=391, global_steps=391)
2025-11-16 00:18:05,847 DDP_Script [Rank 1] [INFO] val acc 61.10%
2025-11-16 00:18:06,348 DDP_Script [Rank 1] [INFO] epoch 15 시작
2025-11-16 00:18:06,361 DDP_Script [Rank 1] [INFO] DataLoader created with batch_size=64, num_workers=4
2025-11-16 00:18:06,363 DDP_Script [Rank 1] [INFO] local_steps=391, global_steps=391
2025-11-16 00:18:41,800 DDP_Script [Rank 1] [INFO] epoch 15 train step time: 35.44 seconds
2025-11-16 00:18:41,802 DDP_Script [Rank 1] [INFO] epoch 15 끝 (local_steps=391, global_steps=391)
2025-11-16 00:18:45,389 DDP_Script [Rank 1] [INFO] val acc 60.75%
2025-11-16 00:18:46,077 DDP_Script [Rank 1] [INFO] epoch 16 시작
2025-11-16 00:18:46,091 DDP_Script [Rank 1] [INFO] DataLoader created with batch_size=64, num_workers=4
2025-11-16 00:18:46,093 DDP_Script [Rank 1] [INFO] local_steps=391, global_steps=391
2025-11-16 00:19:21,375 DDP_Script [Rank 1] [INFO] epoch 16 train step time: 35.28 seconds
2025-11-16 00:19:21,378 DDP_Script [Rank 1] [INFO] epoch 16 끝 (local_steps=391, global_steps=391)
2025-11-16 00:19:24,966 DDP_Script [Rank 1] [INFO] val acc 62.24%
2025-11-16 00:19:25,438 DDP_Script [Rank 1] [INFO] epoch 17 시작
2025-11-16 00:19:25,451 DDP_Script [Rank 1] [INFO] DataLoader created with batch_size=64, num_workers=4
2025-11-16 00:19:25,453 DDP_Script [Rank 1] [INFO] local_steps=391, global_steps=391
2025-11-16 00:20:01,634 DDP_Script [Rank 1] [INFO] epoch 17 train step time: 36.18 seconds
2025-11-16 00:20:01,653 DDP_Script [Rank 1] [INFO] epoch 17 끝 (local_steps=391, global_steps=391)
2025-11-16 00:20:05,378 DDP_Script [Rank 1] [INFO] val acc 63.77%
2025-11-16 00:20:06,041 DDP_Script [Rank 1] [INFO] epoch 18 시작
2025-11-16 00:20:06,056 DDP_Script [Rank 1] [INFO] DataLoader created with batch_size=64, num_workers=4
2025-11-16 00:20:06,062 DDP_Script [Rank 1] [INFO] local_steps=391, global_steps=391
2025-11-16 00:20:41,172 DDP_Script [Rank 1] [INFO] epoch 18 train step time: 35.11 seconds
2025-11-16 00:20:41,202 DDP_Script [Rank 1] [INFO] epoch 18 끝 (local_steps=391, global_steps=391)
2025-11-16 00:20:44,929 DDP_Script [Rank 1] [INFO] val acc 64.29%
2025-11-16 00:20:45,428 DDP_Script [Rank 1] [INFO] epoch 19 시작
2025-11-16 00:20:45,440 DDP_Script [Rank 1] [INFO] DataLoader created with batch_size=64, num_workers=4
2025-11-16 00:20:45,441 DDP_Script [Rank 1] [INFO] local_steps=391, global_steps=391
2025-11-16 00:21:20,429 DDP_Script [Rank 1] [INFO] epoch 19 train step time: 34.99 seconds
2025-11-16 00:21:20,432 DDP_Script [Rank 1] [INFO] epoch 19 끝 (local_steps=391, global_steps=391)
2025-11-16 00:21:24,128 DDP_Script [Rank 1] [INFO] val acc 64.85%
2025-11-16 00:21:24,706 DDP_Script [Rank 1] [INFO] epoch 20 시작
2025-11-16 00:21:24,720 DDP_Script [Rank 1] [INFO] DataLoader created with batch_size=64, num_workers=4
2025-11-16 00:21:24,722 DDP_Script [Rank 1] [INFO] local_steps=391, global_steps=391
2025-11-16 00:22:00,348 DDP_Script [Rank 1] [INFO] epoch 20 train step time: 35.62 seconds
2025-11-16 00:22:00,357 DDP_Script [Rank 1] [INFO] epoch 20 끝 (local_steps=391, global_steps=391)
2025-11-16 00:22:03,957 DDP_Script [Rank 1] [INFO] val acc 65.82%
2025-11-16 00:22:04,460 DDP_Script [Rank 1] [INFO] Training loop finished.
