Current CUDA device index: 0
Current CUDA device name: NVIDIA GeForce RTX 5070 Ti
Master address: 163.180.117.216, port: 29501
2025-11-15 17:35:20,633 DDP_Script [Rank 1] [INFO] Node rank: 1, world size: 2
[Gloo] Rank 1 is connected to 1 peer ranks. Expected number of connected peer ranks is : 1
2025-11-15 17:35:21,149 DDP_Script [Rank 1] [INFO] Process group initialized: 163.180.117.216:29501
2025-11-15 17:35:21,150 DDP_Script [Rank 1] [INFO] Rank 1/2 initialized
Val sample labels: tensor([  1,  10,  28,  46,  50,  54,  55,  71,  77,  79,  98, 102, 106, 124,
        127, 135, 136, 143, 144, 150, 153, 164, 169, 179, 180, 181, 184, 186,
        188, 190, 195])
Train samples: 100000
Val   samples: 10000
/home/ubuntu216/anaconda3/envs/GlobalDART/lib/python3.9/site-packages/torchvision/models/_utils.py:208: UserWarning: The parameter 'pretrained' is deprecated since 0.13 and may be removed in the future, please use 'weights' instead.
  warnings.warn(
/home/ubuntu216/anaconda3/envs/GlobalDART/lib/python3.9/site-packages/torchvision/models/_utils.py:223: UserWarning: Arguments other than a weight enum or `None` for 'weights' are deprecated since 0.13 and may be removed in the future. The current behavior is equivalent to passing `weights=None`.
  warnings.warn(msg)
2025-11-15 17:35:22,392 DDP_Script [Rank 1] [INFO] Model, DDP, criterion, optimizer initialized
2025-11-15 17:35:22,395 DDP_Script [Rank 1] [INFO] Modules initialized
2025-11-15 17:35:22,395 DDP_Script [Rank 1] [INFO] Starting training from scratch (epoch 1).
2025-11-15 17:35:22,421 DDP_Script [Rank 1] [INFO] epoch 1 시작
2025-11-15 17:35:22,429 DDP_Script [Rank 1] [INFO] DataLoader created with batch_size=64, num_workers=4
2025-11-15 17:35:22,436 DDP_Script [Rank 1] [INFO] local_steps=782, global_steps=782
2025-11-15 17:37:57,955 DDP_Script [Rank 1] [INFO] epoch 1 train step time: 155.52 seconds
2025-11-15 17:37:57,958 DDP_Script [Rank 1] [INFO] epoch 1 끝 (local_steps=782, global_steps=782)
2025-11-15 17:38:03,904 DDP_Script [Rank 1] [INFO] val acc 10.70%
2025-11-15 17:38:04,261 DDP_Script [Rank 1] [INFO] epoch 2 시작
2025-11-15 17:38:04,278 DDP_Script [Rank 1] [INFO] DataLoader created with batch_size=64, num_workers=4
2025-11-15 17:38:04,282 DDP_Script [Rank 1] [INFO] local_steps=782, global_steps=782
2025-11-15 17:40:46,879 DDP_Script [Rank 1] [INFO] epoch 2 train step time: 162.60 seconds
2025-11-15 17:40:46,897 DDP_Script [Rank 1] [INFO] epoch 2 끝 (local_steps=782, global_steps=782)
2025-11-15 17:40:52,930 DDP_Script [Rank 1] [INFO] val acc 19.12%
2025-11-15 17:40:53,572 DDP_Script [Rank 1] [INFO] epoch 3 시작
2025-11-15 17:40:53,590 DDP_Script [Rank 1] [INFO] DataLoader created with batch_size=64, num_workers=4
2025-11-15 17:40:53,599 DDP_Script [Rank 1] [INFO] local_steps=782, global_steps=782
2025-11-15 17:43:38,508 DDP_Script [Rank 1] [INFO] epoch 3 train step time: 164.91 seconds
2025-11-15 17:43:38,511 DDP_Script [Rank 1] [INFO] epoch 3 끝 (local_steps=782, global_steps=782)
2025-11-15 17:43:44,655 DDP_Script [Rank 1] [INFO] val acc 25.22%
2025-11-15 17:43:45,272 DDP_Script [Rank 1] [INFO] epoch 4 시작
2025-11-15 17:43:45,303 DDP_Script [Rank 1] [INFO] DataLoader created with batch_size=64, num_workers=4
2025-11-15 17:43:45,311 DDP_Script [Rank 1] [INFO] local_steps=782, global_steps=782
2025-11-15 17:46:32,569 DDP_Script [Rank 1] [INFO] epoch 4 train step time: 167.26 seconds
2025-11-15 17:46:32,572 DDP_Script [Rank 1] [INFO] epoch 4 끝 (local_steps=782, global_steps=782)
2025-11-15 17:46:38,112 DDP_Script [Rank 1] [INFO] val acc 31.33%
2025-11-15 17:46:38,608 DDP_Script [Rank 1] [INFO] epoch 5 시작
2025-11-15 17:46:38,626 DDP_Script [Rank 1] [INFO] DataLoader created with batch_size=64, num_workers=4
2025-11-15 17:46:38,633 DDP_Script [Rank 1] [INFO] local_steps=782, global_steps=782
2025-11-15 17:49:26,158 DDP_Script [Rank 1] [INFO] epoch 5 train step time: 167.52 seconds
2025-11-15 17:49:26,161 DDP_Script [Rank 1] [INFO] epoch 5 끝 (local_steps=782, global_steps=782)
2025-11-15 17:49:31,713 DDP_Script [Rank 1] [INFO] val acc 33.01%
2025-11-15 17:49:32,184 DDP_Script [Rank 1] [INFO] epoch 6 시작
2025-11-15 17:49:32,205 DDP_Script [Rank 1] [INFO] DataLoader created with batch_size=64, num_workers=4
2025-11-15 17:49:32,212 DDP_Script [Rank 1] [INFO] local_steps=782, global_steps=782
2025-11-15 17:52:16,866 DDP_Script [Rank 1] [INFO] epoch 6 train step time: 164.65 seconds
2025-11-15 17:52:16,879 DDP_Script [Rank 1] [INFO] epoch 6 끝 (local_steps=782, global_steps=782)
2025-11-15 17:52:22,546 DDP_Script [Rank 1] [INFO] val acc 38.21%
2025-11-15 17:52:23,067 DDP_Script [Rank 1] [INFO] epoch 7 시작
2025-11-15 17:52:23,084 DDP_Script [Rank 1] [INFO] DataLoader created with batch_size=64, num_workers=4
2025-11-15 17:52:23,090 DDP_Script [Rank 1] [INFO] local_steps=782, global_steps=782
2025-11-15 17:55:13,979 DDP_Script [Rank 1] [INFO] epoch 7 train step time: 170.89 seconds
2025-11-15 17:55:13,981 DDP_Script [Rank 1] [INFO] epoch 7 끝 (local_steps=782, global_steps=782)
2025-11-15 17:55:19,755 DDP_Script [Rank 1] [INFO] val acc 41.32%
2025-11-15 17:55:20,257 DDP_Script [Rank 1] [INFO] epoch 8 시작
2025-11-15 17:55:20,274 DDP_Script [Rank 1] [INFO] DataLoader created with batch_size=64, num_workers=4
2025-11-15 17:55:20,280 DDP_Script [Rank 1] [INFO] local_steps=782, global_steps=782
2025-11-15 17:58:03,886 DDP_Script [Rank 1] [INFO] epoch 8 train step time: 163.53 seconds
2025-11-15 17:58:03,904 DDP_Script [Rank 1] [INFO] epoch 8 끝 (local_steps=782, global_steps=782)
2025-11-15 17:58:09,574 DDP_Script [Rank 1] [INFO] val acc 43.86%
2025-11-15 17:58:10,083 DDP_Script [Rank 1] [INFO] epoch 9 시작
2025-11-15 17:58:10,092 DDP_Script [Rank 1] [INFO] DataLoader created with batch_size=64, num_workers=4
2025-11-15 17:58:10,106 DDP_Script [Rank 1] [INFO] local_steps=782, global_steps=782
2025-11-15 18:00:59,516 DDP_Script [Rank 1] [INFO] epoch 9 train step time: 169.41 seconds
2025-11-15 18:00:59,535 DDP_Script [Rank 1] [INFO] epoch 9 끝 (local_steps=782, global_steps=782)
2025-11-15 18:01:05,197 DDP_Script [Rank 1] [INFO] val acc 44.97%
2025-11-15 18:01:05,733 DDP_Script [Rank 1] [INFO] epoch 10 시작
2025-11-15 18:01:05,752 DDP_Script [Rank 1] [INFO] DataLoader created with batch_size=64, num_workers=4
2025-11-15 18:01:05,758 DDP_Script [Rank 1] [INFO] local_steps=782, global_steps=782
2025-11-15 18:03:55,514 DDP_Script [Rank 1] [INFO] epoch 10 train step time: 169.75 seconds
2025-11-15 18:03:55,524 DDP_Script [Rank 1] [INFO] epoch 10 끝 (local_steps=782, global_steps=782)
2025-11-15 18:04:01,065 DDP_Script [Rank 1] [INFO] val acc 45.60%
2025-11-15 18:04:01,576 DDP_Script [Rank 1] [INFO] epoch 11 시작
2025-11-15 18:04:01,595 DDP_Script [Rank 1] [INFO] DataLoader created with batch_size=64, num_workers=4
2025-11-15 18:04:01,668 DDP_Script [Rank 1] [INFO] local_steps=782, global_steps=782
2025-11-15 18:06:51,019 DDP_Script [Rank 1] [INFO] epoch 11 train step time: 169.35 seconds
2025-11-15 18:06:51,039 DDP_Script [Rank 1] [INFO] epoch 11 끝 (local_steps=782, global_steps=782)
2025-11-15 18:06:57,191 DDP_Script [Rank 1] [INFO] val acc 47.54%
2025-11-15 18:06:57,729 DDP_Script [Rank 1] [INFO] epoch 12 시작
2025-11-15 18:06:57,746 DDP_Script [Rank 1] [INFO] DataLoader created with batch_size=64, num_workers=4
2025-11-15 18:06:57,752 DDP_Script [Rank 1] [INFO] local_steps=782, global_steps=782
2025-11-15 18:09:46,548 DDP_Script [Rank 1] [INFO] epoch 12 train step time: 168.80 seconds
2025-11-15 18:09:46,551 DDP_Script [Rank 1] [INFO] epoch 12 끝 (local_steps=782, global_steps=782)
2025-11-15 18:09:52,116 DDP_Script [Rank 1] [INFO] val acc 48.86%
2025-11-15 18:09:52,625 DDP_Script [Rank 1] [INFO] epoch 13 시작
2025-11-15 18:09:52,642 DDP_Script [Rank 1] [INFO] DataLoader created with batch_size=64, num_workers=4
2025-11-15 18:09:52,648 DDP_Script [Rank 1] [INFO] local_steps=782, global_steps=782
2025-11-15 18:12:40,451 DDP_Script [Rank 1] [INFO] epoch 13 train step time: 167.80 seconds
2025-11-15 18:12:40,469 DDP_Script [Rank 1] [INFO] epoch 13 끝 (local_steps=782, global_steps=782)
2025-11-15 18:12:46,082 DDP_Script [Rank 1] [INFO] val acc 51.14%
2025-11-15 18:12:46,598 DDP_Script [Rank 1] [INFO] epoch 14 시작
2025-11-15 18:12:46,620 DDP_Script [Rank 1] [INFO] DataLoader created with batch_size=64, num_workers=4
2025-11-15 18:12:46,626 DDP_Script [Rank 1] [INFO] local_steps=782, global_steps=782
2025-11-15 18:15:36,327 DDP_Script [Rank 1] [INFO] epoch 14 train step time: 169.70 seconds
2025-11-15 18:15:36,333 DDP_Script [Rank 1] [INFO] epoch 14 끝 (local_steps=782, global_steps=782)
2025-11-15 18:15:41,983 DDP_Script [Rank 1] [INFO] val acc 50.85%
2025-11-15 18:15:42,457 DDP_Script [Rank 1] [INFO] epoch 15 시작
2025-11-15 18:15:42,475 DDP_Script [Rank 1] [INFO] DataLoader created with batch_size=64, num_workers=4
2025-11-15 18:15:42,481 DDP_Script [Rank 1] [INFO] local_steps=782, global_steps=782
2025-11-15 18:18:32,663 DDP_Script [Rank 1] [INFO] epoch 15 train step time: 170.18 seconds
2025-11-15 18:18:32,682 DDP_Script [Rank 1] [INFO] epoch 15 끝 (local_steps=782, global_steps=782)
2025-11-15 18:18:38,488 DDP_Script [Rank 1] [INFO] val acc 52.18%
2025-11-15 18:18:39,011 DDP_Script [Rank 1] [INFO] epoch 16 시작
2025-11-15 18:18:39,029 DDP_Script [Rank 1] [INFO] DataLoader created with batch_size=64, num_workers=4
2025-11-15 18:18:39,036 DDP_Script [Rank 1] [INFO] local_steps=782, global_steps=782
2025-11-15 18:21:24,872 DDP_Script [Rank 1] [INFO] epoch 16 train step time: 165.83 seconds
2025-11-15 18:21:24,875 DDP_Script [Rank 1] [INFO] epoch 16 끝 (local_steps=782, global_steps=782)
2025-11-15 18:21:30,601 DDP_Script [Rank 1] [INFO] val acc 52.70%
2025-11-15 18:21:31,304 DDP_Script [Rank 1] [INFO] epoch 17 시작
2025-11-15 18:21:31,321 DDP_Script [Rank 1] [INFO] DataLoader created with batch_size=64, num_workers=4
2025-11-15 18:21:31,332 DDP_Script [Rank 1] [INFO] local_steps=782, global_steps=782
2025-11-15 18:24:17,834 DDP_Script [Rank 1] [INFO] epoch 17 train step time: 166.50 seconds
2025-11-15 18:24:17,849 DDP_Script [Rank 1] [INFO] epoch 17 끝 (local_steps=782, global_steps=782)
2025-11-15 18:24:23,729 DDP_Script [Rank 1] [INFO] val acc 53.35%
2025-11-15 18:24:24,233 DDP_Script [Rank 1] [INFO] epoch 18 시작
2025-11-15 18:24:24,252 DDP_Script [Rank 1] [INFO] DataLoader created with batch_size=64, num_workers=4
2025-11-15 18:24:24,258 DDP_Script [Rank 1] [INFO] local_steps=782, global_steps=782
2025-11-15 18:27:11,515 DDP_Script [Rank 1] [INFO] epoch 18 train step time: 167.26 seconds
2025-11-15 18:27:11,518 DDP_Script [Rank 1] [INFO] epoch 18 끝 (local_steps=782, global_steps=782)
2025-11-15 18:27:16,939 DDP_Script [Rank 1] [INFO] val acc 54.53%
2025-11-15 18:27:17,433 DDP_Script [Rank 1] [INFO] epoch 19 시작
2025-11-15 18:27:17,453 DDP_Script [Rank 1] [INFO] DataLoader created with batch_size=64, num_workers=4
2025-11-15 18:27:17,459 DDP_Script [Rank 1] [INFO] local_steps=782, global_steps=782
2025-11-15 18:30:04,820 DDP_Script [Rank 1] [INFO] epoch 19 train step time: 167.36 seconds
2025-11-15 18:30:04,823 DDP_Script [Rank 1] [INFO] epoch 19 끝 (local_steps=782, global_steps=782)
2025-11-15 18:30:10,303 DDP_Script [Rank 1] [INFO] val acc 53.54%
2025-11-15 18:30:10,837 DDP_Script [Rank 1] [INFO] epoch 20 시작
2025-11-15 18:30:10,855 DDP_Script [Rank 1] [INFO] DataLoader created with batch_size=64, num_workers=4
2025-11-15 18:30:10,865 DDP_Script [Rank 1] [INFO] local_steps=782, global_steps=782
2025-11-15 18:32:55,734 DDP_Script [Rank 1] [INFO] epoch 20 train step time: 164.87 seconds
2025-11-15 18:32:55,739 DDP_Script [Rank 1] [INFO] epoch 20 끝 (local_steps=782, global_steps=782)
2025-11-15 18:33:01,289 DDP_Script [Rank 1] [INFO] val acc 54.60%
2025-11-15 18:33:01,778 DDP_Script [Rank 1] [INFO] Training loop finished.
