Current CUDA device index: 0
Current CUDA device name: NVIDIA GeForce RTX 5070 Ti
Master address: 163.180.117.216, port: 29529
2025-11-16 05:36:07,119 DDP_Script [Rank 1] [INFO] Node rank: 1, world size: 2
[Gloo] Rank 1 is connected to 1 peer ranks. Expected number of connected peer ranks is : 1
2025-11-16 05:36:07,152 DDP_Script [Rank 1] [INFO] Process group initialized: 163.180.117.216:29529
2025-11-16 05:36:07,152 DDP_Script [Rank 1] [INFO] Rank 1/2 initialized
Val sample labels: tensor([  1,  10,  28,  46,  50,  54,  55,  71,  77,  79,  98, 102, 106, 124,
        127, 135, 136, 143, 144, 150, 153, 164, 169, 179, 180, 181, 184, 186,
        188, 190, 195])
Train samples: 100000
Val   samples: 10000
/home/ubuntu216/anaconda3/envs/GlobalDART/lib/python3.9/site-packages/torchvision/models/_utils.py:208: UserWarning: The parameter 'pretrained' is deprecated since 0.13 and may be removed in the future, please use 'weights' instead.
  warnings.warn(
/home/ubuntu216/anaconda3/envs/GlobalDART/lib/python3.9/site-packages/torchvision/models/_utils.py:223: UserWarning: Arguments other than a weight enum or `None` for 'weights' are deprecated since 0.13 and may be removed in the future. The current behavior is equivalent to passing `weights=None`.
  warnings.warn(msg)
2025-11-16 05:36:08,400 DDP_Script [Rank 1] [INFO] Model, DDP, criterion, optimizer initialized
2025-11-16 05:36:08,403 DDP_Script [Rank 1] [INFO] Modules initialized
2025-11-16 05:36:08,403 DDP_Script [Rank 1] [INFO] Starting training from scratch (epoch 1).
2025-11-16 05:36:08,431 DDP_Script [Rank 1] [INFO] epoch 1 시작
2025-11-16 05:36:08,443 DDP_Script [Rank 1] [INFO] DataLoader created with batch_size=32, num_workers=4
2025-11-16 05:36:08,448 DDP_Script [Rank 1] [INFO] local_steps=1563, global_steps=1563
2025-11-16 05:40:46,564 DDP_Script [Rank 1] [INFO] epoch 1 train step time: 278.12 seconds
2025-11-16 05:40:46,574 DDP_Script [Rank 1] [INFO] epoch 1 끝 (local_steps=1563, global_steps=1563)
2025-11-16 05:40:52,039 DDP_Script [Rank 1] [INFO] val acc 11.19%
2025-11-16 05:40:52,336 DDP_Script [Rank 1] [INFO] epoch 2 시작
2025-11-16 05:40:52,354 DDP_Script [Rank 1] [INFO] DataLoader created with batch_size=32, num_workers=4
2025-11-16 05:40:52,360 DDP_Script [Rank 1] [INFO] local_steps=1563, global_steps=1563
2025-11-16 05:45:46,497 DDP_Script [Rank 1] [INFO] epoch 2 train step time: 294.14 seconds
2025-11-16 05:45:46,500 DDP_Script [Rank 1] [INFO] epoch 2 끝 (local_steps=1563, global_steps=1563)
2025-11-16 05:45:51,848 DDP_Script [Rank 1] [INFO] val acc 19.67%
2025-11-16 05:45:52,448 DDP_Script [Rank 1] [INFO] epoch 3 시작
2025-11-16 05:45:52,466 DDP_Script [Rank 1] [INFO] DataLoader created with batch_size=32, num_workers=4
2025-11-16 05:45:52,472 DDP_Script [Rank 1] [INFO] local_steps=1563, global_steps=1563
2025-11-16 05:50:53,622 DDP_Script [Rank 1] [INFO] epoch 3 train step time: 301.15 seconds
2025-11-16 05:50:53,634 DDP_Script [Rank 1] [INFO] epoch 3 끝 (local_steps=1563, global_steps=1563)
2025-11-16 05:50:59,070 DDP_Script [Rank 1] [INFO] val acc 26.51%
2025-11-16 05:50:59,555 DDP_Script [Rank 1] [INFO] epoch 4 시작
2025-11-16 05:50:59,575 DDP_Script [Rank 1] [INFO] DataLoader created with batch_size=32, num_workers=4
2025-11-16 05:50:59,581 DDP_Script [Rank 1] [INFO] local_steps=1563, global_steps=1563
2025-11-16 05:55:56,147 DDP_Script [Rank 1] [INFO] epoch 4 train step time: 296.57 seconds
2025-11-16 05:55:56,150 DDP_Script [Rank 1] [INFO] epoch 4 끝 (local_steps=1563, global_steps=1563)
2025-11-16 05:56:01,607 DDP_Script [Rank 1] [INFO] val acc 32.66%
2025-11-16 05:56:02,088 DDP_Script [Rank 1] [INFO] epoch 5 시작
2025-11-16 05:56:02,107 DDP_Script [Rank 1] [INFO] DataLoader created with batch_size=32, num_workers=4
2025-11-16 05:56:02,113 DDP_Script [Rank 1] [INFO] local_steps=1563, global_steps=1563
2025-11-16 06:00:56,725 DDP_Script [Rank 1] [INFO] epoch 5 train step time: 294.61 seconds
2025-11-16 06:00:56,729 DDP_Script [Rank 1] [INFO] epoch 5 끝 (local_steps=1563, global_steps=1563)
2025-11-16 06:01:02,263 DDP_Script [Rank 1] [INFO] val acc 35.54%
2025-11-16 06:01:02,741 DDP_Script [Rank 1] [INFO] epoch 6 시작
2025-11-16 06:01:02,761 DDP_Script [Rank 1] [INFO] DataLoader created with batch_size=32, num_workers=4
2025-11-16 06:01:02,767 DDP_Script [Rank 1] [INFO] local_steps=1563, global_steps=1563
2025-11-16 06:05:52,831 DDP_Script [Rank 1] [INFO] epoch 6 train step time: 290.06 seconds
2025-11-16 06:05:52,840 DDP_Script [Rank 1] [INFO] epoch 6 끝 (local_steps=1563, global_steps=1563)
2025-11-16 06:05:58,305 DDP_Script [Rank 1] [INFO] val acc 38.40%
2025-11-16 06:05:58,752 DDP_Script [Rank 1] [INFO] epoch 7 시작
2025-11-16 06:05:58,769 DDP_Script [Rank 1] [INFO] DataLoader created with batch_size=32, num_workers=4
2025-11-16 06:05:58,775 DDP_Script [Rank 1] [INFO] local_steps=1563, global_steps=1563
2025-11-16 06:10:51,969 DDP_Script [Rank 1] [INFO] epoch 7 train step time: 293.19 seconds
2025-11-16 06:10:51,977 DDP_Script [Rank 1] [INFO] epoch 7 끝 (local_steps=1563, global_steps=1563)
2025-11-16 06:10:57,328 DDP_Script [Rank 1] [INFO] val acc 39.99%
2025-11-16 06:10:57,786 DDP_Script [Rank 1] [INFO] epoch 8 시작
2025-11-16 06:10:57,806 DDP_Script [Rank 1] [INFO] DataLoader created with batch_size=32, num_workers=4
2025-11-16 06:10:57,811 DDP_Script [Rank 1] [INFO] local_steps=1563, global_steps=1563
2025-11-16 06:15:54,576 DDP_Script [Rank 1] [INFO] epoch 8 train step time: 296.76 seconds
2025-11-16 06:15:54,585 DDP_Script [Rank 1] [INFO] epoch 8 끝 (local_steps=1563, global_steps=1563)
2025-11-16 06:16:00,128 DDP_Script [Rank 1] [INFO] val acc 43.17%
2025-11-16 06:16:00,642 DDP_Script [Rank 1] [INFO] epoch 9 시작
2025-11-16 06:16:00,661 DDP_Script [Rank 1] [INFO] DataLoader created with batch_size=32, num_workers=4
2025-11-16 06:16:00,670 DDP_Script [Rank 1] [INFO] local_steps=1563, global_steps=1563
2025-11-16 06:20:56,454 DDP_Script [Rank 1] [INFO] epoch 9 train step time: 295.78 seconds
2025-11-16 06:20:56,457 DDP_Script [Rank 1] [INFO] epoch 9 끝 (local_steps=1563, global_steps=1563)
2025-11-16 06:21:02,497 DDP_Script [Rank 1] [INFO] val acc 45.06%
2025-11-16 06:21:03,083 DDP_Script [Rank 1] [INFO] epoch 10 시작
2025-11-16 06:21:03,104 DDP_Script [Rank 1] [INFO] DataLoader created with batch_size=32, num_workers=4
2025-11-16 06:21:03,110 DDP_Script [Rank 1] [INFO] local_steps=1563, global_steps=1563
2025-11-16 06:25:56,325 DDP_Script [Rank 1] [INFO] epoch 10 train step time: 293.21 seconds
2025-11-16 06:25:56,336 DDP_Script [Rank 1] [INFO] epoch 10 끝 (local_steps=1563, global_steps=1563)
2025-11-16 06:26:01,990 DDP_Script [Rank 1] [INFO] val acc 46.28%
2025-11-16 06:26:02,472 DDP_Script [Rank 1] [INFO] epoch 11 시작
2025-11-16 06:26:02,491 DDP_Script [Rank 1] [INFO] DataLoader created with batch_size=32, num_workers=4
2025-11-16 06:26:02,497 DDP_Script [Rank 1] [INFO] local_steps=1563, global_steps=1563
2025-11-16 06:30:59,619 DDP_Script [Rank 1] [INFO] epoch 11 train step time: 297.12 seconds
2025-11-16 06:30:59,623 DDP_Script [Rank 1] [INFO] epoch 11 끝 (local_steps=1563, global_steps=1563)
2025-11-16 06:31:05,292 DDP_Script [Rank 1] [INFO] val acc 46.99%
2025-11-16 06:31:05,768 DDP_Script [Rank 1] [INFO] epoch 12 시작
2025-11-16 06:31:05,786 DDP_Script [Rank 1] [INFO] DataLoader created with batch_size=32, num_workers=4
2025-11-16 06:31:05,792 DDP_Script [Rank 1] [INFO] local_steps=1563, global_steps=1563
2025-11-16 06:35:59,241 DDP_Script [Rank 1] [INFO] epoch 12 train step time: 293.45 seconds
2025-11-16 06:35:59,352 DDP_Script [Rank 1] [INFO] epoch 12 끝 (local_steps=1563, global_steps=1563)
2025-11-16 06:36:04,933 DDP_Script [Rank 1] [INFO] val acc 49.12%
2025-11-16 06:36:05,432 DDP_Script [Rank 1] [INFO] epoch 13 시작
2025-11-16 06:36:05,450 DDP_Script [Rank 1] [INFO] DataLoader created with batch_size=32, num_workers=4
2025-11-16 06:36:05,456 DDP_Script [Rank 1] [INFO] local_steps=1563, global_steps=1563
2025-11-16 06:40:59,925 DDP_Script [Rank 1] [INFO] epoch 13 train step time: 294.47 seconds
2025-11-16 06:40:59,928 DDP_Script [Rank 1] [INFO] epoch 13 끝 (local_steps=1563, global_steps=1563)
2025-11-16 06:41:05,284 DDP_Script [Rank 1] [INFO] val acc 50.37%
2025-11-16 06:41:05,761 DDP_Script [Rank 1] [INFO] epoch 14 시작
2025-11-16 06:41:05,778 DDP_Script [Rank 1] [INFO] DataLoader created with batch_size=32, num_workers=4
2025-11-16 06:41:05,784 DDP_Script [Rank 1] [INFO] local_steps=1563, global_steps=1563
2025-11-16 06:45:55,706 DDP_Script [Rank 1] [INFO] epoch 14 train step time: 289.92 seconds
2025-11-16 06:45:55,709 DDP_Script [Rank 1] [INFO] epoch 14 끝 (local_steps=1563, global_steps=1563)
2025-11-16 06:46:01,184 DDP_Script [Rank 1] [INFO] val acc 50.65%
2025-11-16 06:46:01,649 DDP_Script [Rank 1] [INFO] epoch 15 시작
2025-11-16 06:46:01,669 DDP_Script [Rank 1] [INFO] DataLoader created with batch_size=32, num_workers=4
2025-11-16 06:46:01,675 DDP_Script [Rank 1] [INFO] local_steps=1563, global_steps=1563
2025-11-16 06:50:55,174 DDP_Script [Rank 1] [INFO] epoch 15 train step time: 293.50 seconds
2025-11-16 06:50:55,187 DDP_Script [Rank 1] [INFO] epoch 15 끝 (local_steps=1563, global_steps=1563)
2025-11-16 06:51:00,971 DDP_Script [Rank 1] [INFO] val acc 51.29%
2025-11-16 06:51:01,667 DDP_Script [Rank 1] [INFO] epoch 16 시작
2025-11-16 06:51:01,685 DDP_Script [Rank 1] [INFO] DataLoader created with batch_size=32, num_workers=4
2025-11-16 06:51:01,691 DDP_Script [Rank 1] [INFO] local_steps=1563, global_steps=1563
2025-11-16 06:55:58,828 DDP_Script [Rank 1] [INFO] epoch 16 train step time: 297.14 seconds
2025-11-16 06:55:58,846 DDP_Script [Rank 1] [INFO] epoch 16 끝 (local_steps=1563, global_steps=1563)
2025-11-16 06:56:04,217 DDP_Script [Rank 1] [INFO] val acc 52.84%
2025-11-16 06:56:04,664 DDP_Script [Rank 1] [INFO] epoch 17 시작
2025-11-16 06:56:04,682 DDP_Script [Rank 1] [INFO] DataLoader created with batch_size=32, num_workers=4
2025-11-16 06:56:04,688 DDP_Script [Rank 1] [INFO] local_steps=1563, global_steps=1563
2025-11-16 07:00:59,536 DDP_Script [Rank 1] [INFO] epoch 17 train step time: 294.85 seconds
2025-11-16 07:00:59,548 DDP_Script [Rank 1] [INFO] epoch 17 끝 (local_steps=1563, global_steps=1563)
2025-11-16 07:01:04,963 DDP_Script [Rank 1] [INFO] val acc 54.10%
2025-11-16 07:01:05,415 DDP_Script [Rank 1] [INFO] epoch 18 시작
2025-11-16 07:01:05,433 DDP_Script [Rank 1] [INFO] DataLoader created with batch_size=32, num_workers=4
2025-11-16 07:01:05,439 DDP_Script [Rank 1] [INFO] local_steps=1563, global_steps=1563
2025-11-16 07:06:01,434 DDP_Script [Rank 1] [INFO] epoch 18 train step time: 295.99 seconds
2025-11-16 07:06:01,437 DDP_Script [Rank 1] [INFO] epoch 18 끝 (local_steps=1563, global_steps=1563)
2025-11-16 07:06:06,881 DDP_Script [Rank 1] [INFO] val acc 54.18%
2025-11-16 07:06:07,345 DDP_Script [Rank 1] [INFO] epoch 19 시작
2025-11-16 07:06:07,363 DDP_Script [Rank 1] [INFO] DataLoader created with batch_size=32, num_workers=4
2025-11-16 07:06:07,369 DDP_Script [Rank 1] [INFO] local_steps=1563, global_steps=1563
2025-11-16 07:11:05,362 DDP_Script [Rank 1] [INFO] epoch 19 train step time: 297.99 seconds
2025-11-16 07:11:05,449 DDP_Script [Rank 1] [INFO] epoch 19 끝 (local_steps=1563, global_steps=1563)
2025-11-16 07:11:10,842 DDP_Script [Rank 1] [INFO] val acc 54.79%
2025-11-16 07:11:11,297 DDP_Script [Rank 1] [INFO] epoch 20 시작
2025-11-16 07:11:11,315 DDP_Script [Rank 1] [INFO] DataLoader created with batch_size=32, num_workers=4
2025-11-16 07:11:11,321 DDP_Script [Rank 1] [INFO] local_steps=1563, global_steps=1563
2025-11-16 07:16:05,632 DDP_Script [Rank 1] [INFO] epoch 20 train step time: 294.31 seconds
2025-11-16 07:16:05,645 DDP_Script [Rank 1] [INFO] epoch 20 끝 (local_steps=1563, global_steps=1563)
2025-11-16 07:16:11,035 DDP_Script [Rank 1] [INFO] val acc 54.73%
2025-11-16 07:16:11,595 DDP_Script [Rank 1] [INFO] Training loop finished.
