Current CUDA device index: 0
Current CUDA device name: NVIDIA GeForce RTX 5070 Ti
Master address: 163.180.117.216, port: 29599
2025-11-16 01:42:49,727 DDP_Script [Rank 0] [INFO] Node rank: 0, world size: 1
[Gloo] Rank 0 is connected to 0 peer ranks. Expected number of connected peer ranks is : 0
2025-11-16 01:42:49,763 DDP_Script [Rank 0] [INFO] Process group initialized: 163.180.117.216:29599
2025-11-16 01:42:49,763 DDP_Script [Rank 0] [INFO] Rank 0/1 initialized
2025-11-16 01:42:49,763 DDP_Script [Rank 0] [INFO] Rank 0 downloading tokenizer: distilbert-base-uncased
2025-11-16 01:42:50,898 DDP_Script [Rank 0] [INFO] Rank 0 downloading dataset: glue/sst2
2025-11-16 01:42:56,426 DDP_Script [Rank 0] [INFO] Tokenizing datasets...
2025-11-16 01:42:56,473 DDP_Script [Rank 0] [INFO] SST-2 Dataset and Tokenizer loaded.
2025-11-16 01:42:56,474 DDP_Script [Rank 0] [INFO] Rank 0 downloading model: distilbert-base-uncased
Some weights of DistilBertForSequenceClassification were not initialized from the model checkpoint at distilbert-base-uncased and are newly initialized: ['classifier.bias', 'classifier.weight', 'pre_classifier.bias', 'pre_classifier.weight']
You should probably TRAIN this model on a down-stream task to be able to use it for predictions and inference.
2025-11-16 01:42:57,339 DDP_Script [Rank 0] [INFO] Model (DistilBert), DDP, optimizer (AdamW) initialized
2025-11-16 01:42:57,344 DDP_Script [Rank 0] [INFO] Modules initialized
2025-11-16 01:42:57,344 DDP_Script [Rank 0] [INFO] Checkpoint directory created: ./checkpoints/job-963ddce14745
2025-11-16 01:42:57,345 DDP_Script [Rank 0] [INFO] Starting training from scratch (epoch 1).
2025-11-16 01:42:57,345 DDP_Script [Rank 0] [INFO] epoch 1 시작
2025-11-16 01:42:57,391 DDP_Script [Rank 0] [INFO] DataLoader created with batch_size=32, num_workers=4
2025-11-16 01:42:57,395 DDP_Script [Rank 0] [INFO] 모든 노드 중 max_steps = 2105
2025-11-16 01:42:57,395 DDP_Script [Rank 0] [INFO] local_steps=2105, global_steps=2105
2025-11-16 01:45:33,467 DDP_Script [Rank 0] [INFO] epoch 1 train step time: 156.07 seconds
2025-11-16 01:45:33,469 DDP_Script [Rank 0] [INFO] epoch 1 끝 (local_steps=2105, global_steps=2105)
2025-11-16 01:45:34,053 DDP_Script [Rank 0] [INFO] val acc 89.33%
2025-11-16 01:45:34,063 DDP_Script [Rank 0] [INFO] Saving checkpoint to ./checkpoints/job-963ddce14745/latest_checkpoint.pth ...
2025-11-16 01:45:35,388 DDP_Script [Rank 0] [INFO] Successfully reported epoch 1/20 (Acc: 89.33%) to global server.
2025-11-16 01:45:35,389 DDP_Script [Rank 0] [INFO] epoch 2 시작
2025-11-16 01:45:35,398 DDP_Script [Rank 0] [INFO] DataLoader created with batch_size=32, num_workers=4
2025-11-16 01:45:35,399 DDP_Script [Rank 0] [INFO] 모든 노드 중 max_steps = 2105
2025-11-16 01:45:35,399 DDP_Script [Rank 0] [INFO] local_steps=2105, global_steps=2105
2025-11-16 01:48:13,885 DDP_Script [Rank 0] [INFO] epoch 2 train step time: 158.49 seconds
2025-11-16 01:48:13,887 DDP_Script [Rank 0] [INFO] epoch 2 끝 (local_steps=2105, global_steps=2105)
2025-11-16 01:48:14,460 DDP_Script [Rank 0] [INFO] val acc 90.14%
2025-11-16 01:48:14,469 DDP_Script [Rank 0] [INFO] Saving checkpoint to ./checkpoints/job-963ddce14745/latest_checkpoint.pth ...
2025-11-16 01:48:17,495 DDP_Script [Rank 0] [INFO] Successfully reported epoch 2/20 (Acc: 90.14%) to global server.
2025-11-16 01:48:17,497 DDP_Script [Rank 0] [INFO] epoch 3 시작
2025-11-16 01:48:17,514 DDP_Script [Rank 0] [INFO] DataLoader created with batch_size=32, num_workers=4
2025-11-16 01:48:17,516 DDP_Script [Rank 0] [INFO] 모든 노드 중 max_steps = 2105
2025-11-16 01:48:17,517 DDP_Script [Rank 0] [INFO] local_steps=2105, global_steps=2105
2025-11-16 01:50:57,871 DDP_Script [Rank 0] [INFO] epoch 3 train step time: 160.35 seconds
2025-11-16 01:50:57,872 DDP_Script [Rank 0] [INFO] epoch 3 끝 (local_steps=2105, global_steps=2105)
2025-11-16 01:50:58,449 DDP_Script [Rank 0] [INFO] val acc 90.37%
2025-11-16 01:50:58,460 DDP_Script [Rank 0] [INFO] Saving checkpoint to ./checkpoints/job-963ddce14745/latest_checkpoint.pth ...
2025-11-16 01:51:01,563 DDP_Script [Rank 0] [INFO] Successfully reported epoch 3/20 (Acc: 90.37%) to global server.
2025-11-16 01:51:01,566 DDP_Script [Rank 0] [INFO] epoch 4 시작
2025-11-16 01:51:01,588 DDP_Script [Rank 0] [INFO] DataLoader created with batch_size=32, num_workers=4
2025-11-16 01:51:01,591 DDP_Script [Rank 0] [INFO] 모든 노드 중 max_steps = 2105
2025-11-16 01:51:01,591 DDP_Script [Rank 0] [INFO] local_steps=2105, global_steps=2105
2025-11-16 01:53:40,902 DDP_Script [Rank 0] [INFO] epoch 4 train step time: 159.31 seconds
2025-11-16 01:53:40,903 DDP_Script [Rank 0] [INFO] epoch 4 끝 (local_steps=2105, global_steps=2105)
2025-11-16 01:53:41,480 DDP_Script [Rank 0] [INFO] val acc 89.45%
2025-11-16 01:53:41,490 DDP_Script [Rank 0] [INFO] Saving checkpoint to ./checkpoints/job-963ddce14745/latest_checkpoint.pth ...
2025-11-16 01:53:44,660 DDP_Script [Rank 0] [INFO] Successfully reported epoch 4/20 (Acc: 89.45%) to global server.
2025-11-16 01:53:44,662 DDP_Script [Rank 0] [INFO] epoch 5 시작
2025-11-16 01:53:44,682 DDP_Script [Rank 0] [INFO] DataLoader created with batch_size=32, num_workers=4
2025-11-16 01:53:44,686 DDP_Script [Rank 0] [INFO] 모든 노드 중 max_steps = 2105
2025-11-16 01:53:44,686 DDP_Script [Rank 0] [INFO] local_steps=2105, global_steps=2105
2025-11-16 01:56:23,782 DDP_Script [Rank 0] [INFO] epoch 5 train step time: 159.09 seconds
2025-11-16 01:56:23,784 DDP_Script [Rank 0] [INFO] epoch 5 끝 (local_steps=2105, global_steps=2105)
2025-11-16 01:56:24,345 DDP_Script [Rank 0] [INFO] val acc 89.79%
2025-11-16 01:56:24,354 DDP_Script [Rank 0] [INFO] Saving checkpoint to ./checkpoints/job-963ddce14745/latest_checkpoint.pth ...
2025-11-16 01:56:27,467 DDP_Script [Rank 0] [INFO] Successfully reported epoch 5/20 (Acc: 89.79%) to global server.
2025-11-16 01:56:27,471 DDP_Script [Rank 0] [INFO] epoch 6 시작
2025-11-16 01:56:27,497 DDP_Script [Rank 0] [INFO] DataLoader created with batch_size=32, num_workers=4
2025-11-16 01:56:27,501 DDP_Script [Rank 0] [INFO] 모든 노드 중 max_steps = 2105
2025-11-16 01:56:27,501 DDP_Script [Rank 0] [INFO] local_steps=2105, global_steps=2105
2025-11-16 01:59:00,312 DDP_Script [Rank 0] [INFO] epoch 6 train step time: 152.81 seconds
2025-11-16 01:59:00,314 DDP_Script [Rank 0] [INFO] epoch 6 끝 (local_steps=2105, global_steps=2105)
2025-11-16 01:59:00,938 DDP_Script [Rank 0] [INFO] val acc 89.68%
2025-11-16 01:59:00,951 DDP_Script [Rank 0] [INFO] Saving checkpoint to ./checkpoints/job-963ddce14745/latest_checkpoint.pth ...
2025-11-16 01:59:03,932 DDP_Script [Rank 0] [INFO] Successfully reported epoch 6/20 (Acc: 89.68%) to global server.
2025-11-16 01:59:03,933 DDP_Script [Rank 0] [INFO] epoch 7 시작
2025-11-16 01:59:03,947 DDP_Script [Rank 0] [INFO] DataLoader created with batch_size=32, num_workers=4
2025-11-16 01:59:03,949 DDP_Script [Rank 0] [INFO] 모든 노드 중 max_steps = 2105
2025-11-16 01:59:03,949 DDP_Script [Rank 0] [INFO] local_steps=2105, global_steps=2105
2025-11-16 02:01:40,917 DDP_Script [Rank 0] [INFO] epoch 7 train step time: 156.97 seconds
2025-11-16 02:01:40,919 DDP_Script [Rank 0] [INFO] epoch 7 끝 (local_steps=2105, global_steps=2105)
2025-11-16 02:01:41,555 DDP_Script [Rank 0] [INFO] val acc 89.33%
2025-11-16 02:01:41,562 DDP_Script [Rank 0] [INFO] Saving checkpoint to ./checkpoints/job-963ddce14745/latest_checkpoint.pth ...
2025-11-16 02:01:44,673 DDP_Script [Rank 0] [INFO] Successfully reported epoch 7/20 (Acc: 89.33%) to global server.
2025-11-16 02:01:44,676 DDP_Script [Rank 0] [INFO] epoch 8 시작
2025-11-16 02:01:44,693 DDP_Script [Rank 0] [INFO] DataLoader created with batch_size=32, num_workers=4
2025-11-16 02:01:44,697 DDP_Script [Rank 0] [INFO] 모든 노드 중 max_steps = 2105
2025-11-16 02:01:44,697 DDP_Script [Rank 0] [INFO] local_steps=2105, global_steps=2105
2025-11-16 02:04:20,177 DDP_Script [Rank 0] [INFO] epoch 8 train step time: 155.48 seconds
2025-11-16 02:04:20,179 DDP_Script [Rank 0] [INFO] epoch 8 끝 (local_steps=2105, global_steps=2105)
2025-11-16 02:04:20,761 DDP_Script [Rank 0] [INFO] val acc 90.71%
2025-11-16 02:04:20,771 DDP_Script [Rank 0] [INFO] Saving checkpoint to ./checkpoints/job-963ddce14745/latest_checkpoint.pth ...
2025-11-16 02:04:23,710 DDP_Script [Rank 0] [INFO] Successfully reported epoch 8/20 (Acc: 90.71%) to global server.
2025-11-16 02:04:23,712 DDP_Script [Rank 0] [INFO] epoch 9 시작
2025-11-16 02:04:23,725 DDP_Script [Rank 0] [INFO] DataLoader created with batch_size=32, num_workers=4
2025-11-16 02:04:23,727 DDP_Script [Rank 0] [INFO] 모든 노드 중 max_steps = 2105
2025-11-16 02:04:23,727 DDP_Script [Rank 0] [INFO] local_steps=2105, global_steps=2105
2025-11-16 02:06:57,724 DDP_Script [Rank 0] [INFO] epoch 9 train step time: 154.00 seconds
2025-11-16 02:06:57,726 DDP_Script [Rank 0] [INFO] epoch 9 끝 (local_steps=2105, global_steps=2105)
2025-11-16 02:06:58,301 DDP_Script [Rank 0] [INFO] val acc 89.45%
2025-11-16 02:06:58,310 DDP_Script [Rank 0] [INFO] Saving checkpoint to ./checkpoints/job-963ddce14745/latest_checkpoint.pth ...
2025-11-16 02:07:01,376 DDP_Script [Rank 0] [INFO] Successfully reported epoch 9/20 (Acc: 89.45%) to global server.
2025-11-16 02:07:01,379 DDP_Script [Rank 0] [INFO] epoch 10 시작
2025-11-16 02:07:01,395 DDP_Script [Rank 0] [INFO] DataLoader created with batch_size=32, num_workers=4
2025-11-16 02:07:01,398 DDP_Script [Rank 0] [INFO] 모든 노드 중 max_steps = 2105
2025-11-16 02:07:01,398 DDP_Script [Rank 0] [INFO] local_steps=2105, global_steps=2105
2025-11-16 02:09:35,842 DDP_Script [Rank 0] [INFO] epoch 10 train step time: 154.44 seconds
2025-11-16 02:09:35,844 DDP_Script [Rank 0] [INFO] epoch 10 끝 (local_steps=2105, global_steps=2105)
2025-11-16 02:09:36,338 DDP_Script [Rank 0] [INFO] val acc 86.35%
2025-11-16 02:09:36,345 DDP_Script [Rank 0] [INFO] Saving checkpoint to ./checkpoints/job-963ddce14745/latest_checkpoint.pth ...
2025-11-16 02:09:39,106 DDP_Script [Rank 0] [INFO] Successfully reported epoch 10/20 (Acc: 86.35%) to global server.
2025-11-16 02:09:39,110 DDP_Script [Rank 0] [INFO] epoch 11 시작
2025-11-16 02:09:39,132 DDP_Script [Rank 0] [INFO] DataLoader created with batch_size=32, num_workers=4
2025-11-16 02:09:39,136 DDP_Script [Rank 0] [INFO] 모든 노드 중 max_steps = 2105
2025-11-16 02:09:39,136 DDP_Script [Rank 0] [INFO] local_steps=2105, global_steps=2105
2025-11-16 02:12:12,294 DDP_Script [Rank 0] [INFO] epoch 11 train step time: 153.16 seconds
2025-11-16 02:12:12,296 DDP_Script [Rank 0] [INFO] epoch 11 끝 (local_steps=2105, global_steps=2105)
2025-11-16 02:12:12,928 DDP_Script [Rank 0] [INFO] val acc 89.33%
2025-11-16 02:12:12,939 DDP_Script [Rank 0] [INFO] Saving checkpoint to ./checkpoints/job-963ddce14745/latest_checkpoint.pth ...
2025-11-16 02:12:15,935 DDP_Script [Rank 0] [INFO] Successfully reported epoch 11/20 (Acc: 89.33%) to global server.
2025-11-16 02:12:15,937 DDP_Script [Rank 0] [INFO] epoch 12 시작
2025-11-16 02:12:15,950 DDP_Script [Rank 0] [INFO] DataLoader created with batch_size=32, num_workers=4
2025-11-16 02:12:15,953 DDP_Script [Rank 0] [INFO] 모든 노드 중 max_steps = 2105
2025-11-16 02:12:15,953 DDP_Script [Rank 0] [INFO] local_steps=2105, global_steps=2105
2025-11-16 02:14:49,581 DDP_Script [Rank 0] [INFO] epoch 12 train step time: 153.63 seconds
2025-11-16 02:14:49,583 DDP_Script [Rank 0] [INFO] epoch 12 끝 (local_steps=2105, global_steps=2105)
2025-11-16 02:14:50,119 DDP_Script [Rank 0] [INFO] val acc 89.68%
2025-11-16 02:14:50,128 DDP_Script [Rank 0] [INFO] Saving checkpoint to ./checkpoints/job-963ddce14745/latest_checkpoint.pth ...
2025-11-16 02:14:53,040 DDP_Script [Rank 0] [INFO] Successfully reported epoch 12/20 (Acc: 89.68%) to global server.
2025-11-16 02:14:53,044 DDP_Script [Rank 0] [INFO] epoch 13 시작
2025-11-16 02:14:53,067 DDP_Script [Rank 0] [INFO] DataLoader created with batch_size=32, num_workers=4
2025-11-16 02:14:53,070 DDP_Script [Rank 0] [INFO] 모든 노드 중 max_steps = 2105
2025-11-16 02:14:53,070 DDP_Script [Rank 0] [INFO] local_steps=2105, global_steps=2105
2025-11-16 02:17:21,753 DDP_Script [Rank 0] [INFO] epoch 13 train step time: 148.68 seconds
2025-11-16 02:17:21,755 DDP_Script [Rank 0] [INFO] epoch 13 끝 (local_steps=2105, global_steps=2105)
2025-11-16 02:17:22,311 DDP_Script [Rank 0] [INFO] val acc 88.99%
2025-11-16 02:17:22,320 DDP_Script [Rank 0] [INFO] Saving checkpoint to ./checkpoints/job-963ddce14745/latest_checkpoint.pth ...
2025-11-16 02:17:25,179 DDP_Script [Rank 0] [INFO] Successfully reported epoch 13/20 (Acc: 88.99%) to global server.
2025-11-16 02:17:25,180 DDP_Script [Rank 0] [INFO] epoch 14 시작
2025-11-16 02:17:25,193 DDP_Script [Rank 0] [INFO] DataLoader created with batch_size=32, num_workers=4
2025-11-16 02:17:25,195 DDP_Script [Rank 0] [INFO] 모든 노드 중 max_steps = 2105
2025-11-16 02:17:25,195 DDP_Script [Rank 0] [INFO] local_steps=2105, global_steps=2105
2025-11-16 02:19:57,524 DDP_Script [Rank 0] [INFO] epoch 14 train step time: 152.33 seconds
2025-11-16 02:19:57,526 DDP_Script [Rank 0] [INFO] epoch 14 끝 (local_steps=2105, global_steps=2105)
2025-11-16 02:19:58,094 DDP_Script [Rank 0] [INFO] val acc 88.07%
2025-11-16 02:19:58,103 DDP_Script [Rank 0] [INFO] Saving checkpoint to ./checkpoints/job-963ddce14745/latest_checkpoint.pth ...
2025-11-16 02:20:01,031 DDP_Script [Rank 0] [INFO] Successfully reported epoch 14/20 (Acc: 88.07%) to global server.
2025-11-16 02:20:01,035 DDP_Script [Rank 0] [INFO] epoch 15 시작
2025-11-16 02:20:01,057 DDP_Script [Rank 0] [INFO] DataLoader created with batch_size=32, num_workers=4
2025-11-16 02:20:01,060 DDP_Script [Rank 0] [INFO] 모든 노드 중 max_steps = 2105
2025-11-16 02:20:01,060 DDP_Script [Rank 0] [INFO] local_steps=2105, global_steps=2105
2025-11-16 02:22:28,342 DDP_Script [Rank 0] [INFO] epoch 15 train step time: 147.28 seconds
2025-11-16 02:22:28,344 DDP_Script [Rank 0] [INFO] epoch 15 끝 (local_steps=2105, global_steps=2105)
2025-11-16 02:22:28,916 DDP_Script [Rank 0] [INFO] val acc 88.65%
2025-11-16 02:22:28,928 DDP_Script [Rank 0] [INFO] Saving checkpoint to ./checkpoints/job-963ddce14745/latest_checkpoint.pth ...
2025-11-16 02:22:31,846 DDP_Script [Rank 0] [INFO] Successfully reported epoch 15/20 (Acc: 88.65%) to global server.
2025-11-16 02:22:31,848 DDP_Script [Rank 0] [INFO] epoch 16 시작
2025-11-16 02:22:31,861 DDP_Script [Rank 0] [INFO] DataLoader created with batch_size=32, num_workers=4
2025-11-16 02:22:31,863 DDP_Script [Rank 0] [INFO] 모든 노드 중 max_steps = 2105
2025-11-16 02:22:31,863 DDP_Script [Rank 0] [INFO] local_steps=2105, global_steps=2105
2025-11-16 02:25:01,974 DDP_Script [Rank 0] [INFO] epoch 16 train step time: 150.11 seconds
2025-11-16 02:25:01,976 DDP_Script [Rank 0] [INFO] epoch 16 끝 (local_steps=2105, global_steps=2105)
2025-11-16 02:25:02,559 DDP_Script [Rank 0] [INFO] val acc 87.84%
2025-11-16 02:25:02,568 DDP_Script [Rank 0] [INFO] Saving checkpoint to ./checkpoints/job-963ddce14745/latest_checkpoint.pth ...
2025-11-16 02:25:05,284 DDP_Script [Rank 0] [INFO] Successfully reported epoch 16/20 (Acc: 87.84%) to global server.
2025-11-16 02:25:05,285 DDP_Script [Rank 0] [INFO] epoch 17 시작
2025-11-16 02:25:05,298 DDP_Script [Rank 0] [INFO] DataLoader created with batch_size=32, num_workers=4
2025-11-16 02:25:05,300 DDP_Script [Rank 0] [INFO] 모든 노드 중 max_steps = 2105
2025-11-16 02:25:05,300 DDP_Script [Rank 0] [INFO] local_steps=2105, global_steps=2105
2025-11-16 02:27:35,956 DDP_Script [Rank 0] [INFO] epoch 17 train step time: 150.66 seconds
2025-11-16 02:27:35,958 DDP_Script [Rank 0] [INFO] epoch 17 끝 (local_steps=2105, global_steps=2105)
2025-11-16 02:27:36,523 DDP_Script [Rank 0] [INFO] val acc 88.19%
2025-11-16 02:27:36,531 DDP_Script [Rank 0] [INFO] Saving checkpoint to ./checkpoints/job-963ddce14745/latest_checkpoint.pth ...
2025-11-16 02:27:39,236 DDP_Script [Rank 0] [INFO] Successfully reported epoch 17/20 (Acc: 88.19%) to global server.
2025-11-16 02:27:39,237 DDP_Script [Rank 0] [INFO] epoch 18 시작
2025-11-16 02:27:39,253 DDP_Script [Rank 0] [INFO] DataLoader created with batch_size=32, num_workers=4
2025-11-16 02:27:39,255 DDP_Script [Rank 0] [INFO] 모든 노드 중 max_steps = 2105
2025-11-16 02:27:39,255 DDP_Script [Rank 0] [INFO] local_steps=2105, global_steps=2105
2025-11-16 02:30:10,206 DDP_Script [Rank 0] [INFO] epoch 18 train step time: 150.95 seconds
2025-11-16 02:30:10,207 DDP_Script [Rank 0] [INFO] epoch 18 끝 (local_steps=2105, global_steps=2105)
2025-11-16 02:30:10,778 DDP_Script [Rank 0] [INFO] val acc 89.45%
2025-11-16 02:30:10,787 DDP_Script [Rank 0] [INFO] Saving checkpoint to ./checkpoints/job-963ddce14745/latest_checkpoint.pth ...
2025-11-16 02:30:13,724 DDP_Script [Rank 0] [INFO] Successfully reported epoch 18/20 (Acc: 89.45%) to global server.
2025-11-16 02:30:13,794 DDP_Script [Rank 0] [INFO] epoch 19 시작
2025-11-16 02:30:13,822 DDP_Script [Rank 0] [INFO] DataLoader created with batch_size=32, num_workers=4
2025-11-16 02:30:13,826 DDP_Script [Rank 0] [INFO] 모든 노드 중 max_steps = 2105
2025-11-16 02:30:13,826 DDP_Script [Rank 0] [INFO] local_steps=2105, global_steps=2105
2025-11-16 02:32:43,979 DDP_Script [Rank 0] [INFO] epoch 19 train step time: 150.15 seconds
2025-11-16 02:32:43,980 DDP_Script [Rank 0] [INFO] epoch 19 끝 (local_steps=2105, global_steps=2105)
2025-11-16 02:32:44,550 DDP_Script [Rank 0] [INFO] val acc 90.02%
2025-11-16 02:32:44,559 DDP_Script [Rank 0] [INFO] Saving checkpoint to ./checkpoints/job-963ddce14745/latest_checkpoint.pth ...
2025-11-16 02:32:47,314 DDP_Script [Rank 0] [INFO] Successfully reported epoch 19/20 (Acc: 90.02%) to global server.
2025-11-16 02:32:47,315 DDP_Script [Rank 0] [INFO] epoch 20 시작
2025-11-16 02:32:47,328 DDP_Script [Rank 0] [INFO] DataLoader created with batch_size=32, num_workers=4
2025-11-16 02:32:47,331 DDP_Script [Rank 0] [INFO] 모든 노드 중 max_steps = 2105
2025-11-16 02:32:47,331 DDP_Script [Rank 0] [INFO] local_steps=2105, global_steps=2105
2025-11-16 02:35:18,143 DDP_Script [Rank 0] [INFO] epoch 20 train step time: 150.81 seconds
2025-11-16 02:35:18,145 DDP_Script [Rank 0] [INFO] epoch 20 끝 (local_steps=2105, global_steps=2105)
2025-11-16 02:35:18,726 DDP_Script [Rank 0] [INFO] val acc 90.37%
2025-11-16 02:35:18,736 DDP_Script [Rank 0] [INFO] Saving checkpoint to ./checkpoints/job-963ddce14745/latest_checkpoint.pth ...
2025-11-16 02:35:21,691 DDP_Script [Rank 0] [INFO] Successfully reported epoch 20/20 (Acc: 90.37%) to global server.
2025-11-16 02:35:21,694 DDP_Script [Rank 0] [INFO] Training completed successfully.
2025-11-16 02:35:21,712 DDP_Script [Rank 0] [INFO] Reported job completion to global server.
2025-11-16 02:35:21,713 DDP_Script [Rank 0] [INFO] Training loop finished.
