Current CUDA device index: 0
Current CUDA device name: NVIDIA GeForce RTX 5070 Ti
Master address: 163.180.117.216, port: 29507
2025-11-15 17:51:30,109 DDP_Script [Rank 0] [INFO] Node rank: 0, world size: 1
[Gloo] Rank 0 is connected to 0 peer ranks. Expected number of connected peer ranks is : 0
2025-11-15 17:51:30,140 DDP_Script [Rank 0] [INFO] Process group initialized: 163.180.117.216:29507
2025-11-15 17:51:30,140 DDP_Script [Rank 0] [INFO] Rank 0/1 initialized
/home/ubuntu216/anaconda3/envs/GlobalDART/lib/python3.9/site-packages/torchvision/models/_utils.py:208: UserWarning: The parameter 'pretrained' is deprecated since 0.13 and may be removed in the future, please use 'weights' instead.
  warnings.warn(
/home/ubuntu216/anaconda3/envs/GlobalDART/lib/python3.9/site-packages/torchvision/models/_utils.py:223: UserWarning: Arguments other than a weight enum or `None` for 'weights' are deprecated since 0.13 and may be removed in the future. The current behavior is equivalent to passing `weights=None`.
  warnings.warn(msg)
2025-11-15 17:51:32,396 DDP_Script [Rank 0] [INFO] Model, DDP, criterion, optimizer initialized
2025-11-15 17:51:32,401 DDP_Script [Rank 0] [INFO] Modules initialized
2025-11-15 17:51:32,401 DDP_Script [Rank 0] [INFO] Checkpoint directory created: ./checkpoints/job-7b5e3198d94d
2025-11-15 17:51:32,401 DDP_Script [Rank 0] [INFO] Starting training from scratch (epoch 1).
2025-11-15 17:51:32,402 DDP_Script [Rank 0] [INFO] epoch 1 시작
2025-11-15 17:51:32,440 DDP_Script [Rank 0] [INFO] DataLoader created with batch_size=32, num_workers=4
2025-11-15 17:51:32,442 DDP_Script [Rank 0] [INFO] 모든 노드 중 max_steps = 1563
2025-11-15 17:51:32,442 DDP_Script [Rank 0] [INFO] local_steps=1563, global_steps=1563
2025-11-15 17:52:41,763 DDP_Script [Rank 0] [INFO] epoch 1 train step time: 69.32 seconds
2025-11-15 17:52:41,764 DDP_Script [Rank 0] [INFO] epoch 1 끝 (local_steps=1563, global_steps=1563)
2025-11-15 17:52:47,827 DDP_Script [Rank 0] [INFO] val acc 12.79%
2025-11-15 17:52:47,845 DDP_Script [Rank 0] [INFO] Saving checkpoint to ./checkpoints/job-7b5e3198d94d/latest_checkpoint.pth ...
2025-11-15 17:52:48,054 DDP_Script [Rank 0] [INFO] Successfully reported epoch 1/20 (Acc: 12.79%) to global server.
2025-11-15 17:52:48,055 DDP_Script [Rank 0] [INFO] epoch 2 시작
2025-11-15 17:52:48,061 DDP_Script [Rank 0] [INFO] DataLoader created with batch_size=32, num_workers=4
2025-11-15 17:52:48,061 DDP_Script [Rank 0] [INFO] 모든 노드 중 max_steps = 1563
2025-11-15 17:52:48,061 DDP_Script [Rank 0] [INFO] local_steps=1563, global_steps=1563
2025-11-15 17:53:59,216 DDP_Script [Rank 0] [INFO] epoch 2 train step time: 71.15 seconds
2025-11-15 17:53:59,219 DDP_Script [Rank 0] [INFO] epoch 2 끝 (local_steps=1563, global_steps=1563)
2025-11-15 17:54:05,528 DDP_Script [Rank 0] [INFO] val acc 20.00%
2025-11-15 17:54:05,556 DDP_Script [Rank 0] [INFO] Saving checkpoint to ./checkpoints/job-7b5e3198d94d/latest_checkpoint.pth ...
2025-11-15 17:54:06,093 DDP_Script [Rank 0] [INFO] Successfully reported epoch 2/20 (Acc: 20.00%) to global server.
2025-11-15 17:54:06,094 DDP_Script [Rank 0] [INFO] epoch 3 시작
2025-11-15 17:54:06,105 DDP_Script [Rank 0] [INFO] DataLoader created with batch_size=32, num_workers=4
2025-11-15 17:54:06,106 DDP_Script [Rank 0] [INFO] 모든 노드 중 max_steps = 1563
2025-11-15 17:54:06,106 DDP_Script [Rank 0] [INFO] local_steps=1563, global_steps=1563
2025-11-15 17:55:16,769 DDP_Script [Rank 0] [INFO] epoch 3 train step time: 70.66 seconds
2025-11-15 17:55:16,771 DDP_Script [Rank 0] [INFO] epoch 3 끝 (local_steps=1563, global_steps=1563)
2025-11-15 17:55:22,966 DDP_Script [Rank 0] [INFO] val acc 25.40%
2025-11-15 17:55:22,987 DDP_Script [Rank 0] [INFO] Saving checkpoint to ./checkpoints/job-7b5e3198d94d/latest_checkpoint.pth ...
2025-11-15 17:55:23,498 DDP_Script [Rank 0] [INFO] Successfully reported epoch 3/20 (Acc: 25.40%) to global server.
2025-11-15 17:55:23,499 DDP_Script [Rank 0] [INFO] epoch 4 시작
2025-11-15 17:55:23,512 DDP_Script [Rank 0] [INFO] DataLoader created with batch_size=32, num_workers=4
2025-11-15 17:55:23,514 DDP_Script [Rank 0] [INFO] 모든 노드 중 max_steps = 1563
2025-11-15 17:55:23,514 DDP_Script [Rank 0] [INFO] local_steps=1563, global_steps=1563
2025-11-15 17:56:35,751 DDP_Script [Rank 0] [INFO] epoch 4 train step time: 72.24 seconds
2025-11-15 17:56:35,753 DDP_Script [Rank 0] [INFO] epoch 4 끝 (local_steps=1563, global_steps=1563)
2025-11-15 17:56:42,123 DDP_Script [Rank 0] [INFO] val acc 31.58%
2025-11-15 17:56:42,139 DDP_Script [Rank 0] [INFO] Saving checkpoint to ./checkpoints/job-7b5e3198d94d/latest_checkpoint.pth ...
2025-11-15 17:56:42,627 DDP_Script [Rank 0] [INFO] Successfully reported epoch 4/20 (Acc: 31.58%) to global server.
2025-11-15 17:56:42,629 DDP_Script [Rank 0] [INFO] epoch 5 시작
2025-11-15 17:56:42,639 DDP_Script [Rank 0] [INFO] DataLoader created with batch_size=32, num_workers=4
2025-11-15 17:56:42,641 DDP_Script [Rank 0] [INFO] 모든 노드 중 max_steps = 1563
2025-11-15 17:56:42,641 DDP_Script [Rank 0] [INFO] local_steps=1563, global_steps=1563
2025-11-15 17:57:54,144 DDP_Script [Rank 0] [INFO] epoch 5 train step time: 71.50 seconds
2025-11-15 17:57:54,146 DDP_Script [Rank 0] [INFO] epoch 5 끝 (local_steps=1563, global_steps=1563)
2025-11-15 17:58:00,544 DDP_Script [Rank 0] [INFO] val acc 36.89%
2025-11-15 17:58:00,564 DDP_Script [Rank 0] [INFO] Saving checkpoint to ./checkpoints/job-7b5e3198d94d/latest_checkpoint.pth ...
2025-11-15 17:58:01,060 DDP_Script [Rank 0] [INFO] Successfully reported epoch 5/20 (Acc: 36.89%) to global server.
2025-11-15 17:58:01,061 DDP_Script [Rank 0] [INFO] epoch 6 시작
2025-11-15 17:58:01,072 DDP_Script [Rank 0] [INFO] DataLoader created with batch_size=32, num_workers=4
2025-11-15 17:58:01,073 DDP_Script [Rank 0] [INFO] 모든 노드 중 max_steps = 1563
2025-11-15 17:58:01,073 DDP_Script [Rank 0] [INFO] local_steps=1563, global_steps=1563
2025-11-15 17:59:12,035 DDP_Script [Rank 0] [INFO] epoch 6 train step time: 70.96 seconds
2025-11-15 17:59:12,037 DDP_Script [Rank 0] [INFO] epoch 6 끝 (local_steps=1563, global_steps=1563)
2025-11-15 17:59:18,146 DDP_Script [Rank 0] [INFO] val acc 43.08%
2025-11-15 17:59:18,161 DDP_Script [Rank 0] [INFO] Saving checkpoint to ./checkpoints/job-7b5e3198d94d/latest_checkpoint.pth ...
2025-11-15 17:59:18,637 DDP_Script [Rank 0] [INFO] Successfully reported epoch 6/20 (Acc: 43.08%) to global server.
2025-11-15 17:59:18,639 DDP_Script [Rank 0] [INFO] epoch 7 시작
2025-11-15 17:59:18,648 DDP_Script [Rank 0] [INFO] DataLoader created with batch_size=32, num_workers=4
2025-11-15 17:59:18,649 DDP_Script [Rank 0] [INFO] 모든 노드 중 max_steps = 1563
2025-11-15 17:59:18,650 DDP_Script [Rank 0] [INFO] local_steps=1563, global_steps=1563
2025-11-15 18:00:30,410 DDP_Script [Rank 0] [INFO] epoch 7 train step time: 71.76 seconds
2025-11-15 18:00:30,412 DDP_Script [Rank 0] [INFO] epoch 7 끝 (local_steps=1563, global_steps=1563)
2025-11-15 18:00:36,652 DDP_Script [Rank 0] [INFO] val acc 45.32%
2025-11-15 18:00:36,689 DDP_Script [Rank 0] [INFO] Saving checkpoint to ./checkpoints/job-7b5e3198d94d/latest_checkpoint.pth ...
2025-11-15 18:00:37,320 DDP_Script [Rank 0] [INFO] Successfully reported epoch 7/20 (Acc: 45.32%) to global server.
2025-11-15 18:00:37,322 DDP_Script [Rank 0] [INFO] epoch 8 시작
2025-11-15 18:00:37,331 DDP_Script [Rank 0] [INFO] DataLoader created with batch_size=32, num_workers=4
2025-11-15 18:00:37,333 DDP_Script [Rank 0] [INFO] 모든 노드 중 max_steps = 1563
2025-11-15 18:00:37,333 DDP_Script [Rank 0] [INFO] local_steps=1563, global_steps=1563
2025-11-15 18:01:49,553 DDP_Script [Rank 0] [INFO] epoch 8 train step time: 72.22 seconds
2025-11-15 18:01:49,555 DDP_Script [Rank 0] [INFO] epoch 8 끝 (local_steps=1563, global_steps=1563)
2025-11-15 18:01:55,761 DDP_Script [Rank 0] [INFO] val acc 49.76%
2025-11-15 18:01:55,784 DDP_Script [Rank 0] [INFO] Saving checkpoint to ./checkpoints/job-7b5e3198d94d/latest_checkpoint.pth ...
2025-11-15 18:01:56,287 DDP_Script [Rank 0] [INFO] Successfully reported epoch 8/20 (Acc: 49.76%) to global server.
2025-11-15 18:01:56,289 DDP_Script [Rank 0] [INFO] epoch 9 시작
2025-11-15 18:01:56,298 DDP_Script [Rank 0] [INFO] DataLoader created with batch_size=32, num_workers=4
2025-11-15 18:01:56,299 DDP_Script [Rank 0] [INFO] 모든 노드 중 max_steps = 1563
2025-11-15 18:01:56,299 DDP_Script [Rank 0] [INFO] local_steps=1563, global_steps=1563
2025-11-15 18:03:08,113 DDP_Script [Rank 0] [INFO] epoch 9 train step time: 71.81 seconds
2025-11-15 18:03:08,114 DDP_Script [Rank 0] [INFO] epoch 9 끝 (local_steps=1563, global_steps=1563)
2025-11-15 18:03:14,360 DDP_Script [Rank 0] [INFO] val acc 53.38%
2025-11-15 18:03:14,383 DDP_Script [Rank 0] [INFO] Saving checkpoint to ./checkpoints/job-7b5e3198d94d/latest_checkpoint.pth ...
2025-11-15 18:03:14,888 DDP_Script [Rank 0] [INFO] Successfully reported epoch 9/20 (Acc: 53.38%) to global server.
2025-11-15 18:03:14,890 DDP_Script [Rank 0] [INFO] epoch 10 시작
2025-11-15 18:03:14,899 DDP_Script [Rank 0] [INFO] DataLoader created with batch_size=32, num_workers=4
2025-11-15 18:03:14,901 DDP_Script [Rank 0] [INFO] 모든 노드 중 max_steps = 1563
2025-11-15 18:03:14,901 DDP_Script [Rank 0] [INFO] local_steps=1563, global_steps=1563
2025-11-15 18:04:27,029 DDP_Script [Rank 0] [INFO] epoch 10 train step time: 72.13 seconds
2025-11-15 18:04:27,030 DDP_Script [Rank 0] [INFO] epoch 10 끝 (local_steps=1563, global_steps=1563)
2025-11-15 18:04:33,075 DDP_Script [Rank 0] [INFO] val acc 54.58%
2025-11-15 18:04:33,091 DDP_Script [Rank 0] [INFO] Saving checkpoint to ./checkpoints/job-7b5e3198d94d/latest_checkpoint.pth ...
2025-11-15 18:04:33,584 DDP_Script [Rank 0] [INFO] Successfully reported epoch 10/20 (Acc: 54.58%) to global server.
2025-11-15 18:04:33,585 DDP_Script [Rank 0] [INFO] epoch 11 시작
2025-11-15 18:04:33,598 DDP_Script [Rank 0] [INFO] DataLoader created with batch_size=32, num_workers=4
2025-11-15 18:04:33,599 DDP_Script [Rank 0] [INFO] 모든 노드 중 max_steps = 1563
2025-11-15 18:04:33,599 DDP_Script [Rank 0] [INFO] local_steps=1563, global_steps=1563
2025-11-15 18:05:45,343 DDP_Script [Rank 0] [INFO] epoch 11 train step time: 71.74 seconds
2025-11-15 18:05:45,345 DDP_Script [Rank 0] [INFO] epoch 11 끝 (local_steps=1563, global_steps=1563)
2025-11-15 18:05:51,535 DDP_Script [Rank 0] [INFO] val acc 55.72%
2025-11-15 18:05:51,556 DDP_Script [Rank 0] [INFO] Saving checkpoint to ./checkpoints/job-7b5e3198d94d/latest_checkpoint.pth ...
2025-11-15 18:05:52,110 DDP_Script [Rank 0] [INFO] Successfully reported epoch 11/20 (Acc: 55.72%) to global server.
2025-11-15 18:05:52,114 DDP_Script [Rank 0] [INFO] epoch 12 시작
2025-11-15 18:05:52,129 DDP_Script [Rank 0] [INFO] DataLoader created with batch_size=32, num_workers=4
2025-11-15 18:05:52,131 DDP_Script [Rank 0] [INFO] 모든 노드 중 max_steps = 1563
2025-11-15 18:05:52,131 DDP_Script [Rank 0] [INFO] local_steps=1563, global_steps=1563
2025-11-15 18:07:00,663 DDP_Script [Rank 0] [INFO] epoch 12 train step time: 68.53 seconds
2025-11-15 18:07:00,665 DDP_Script [Rank 0] [INFO] epoch 12 끝 (local_steps=1563, global_steps=1563)
2025-11-15 18:07:06,665 DDP_Script [Rank 0] [INFO] val acc 57.26%
2025-11-15 18:07:06,681 DDP_Script [Rank 0] [INFO] Saving checkpoint to ./checkpoints/job-7b5e3198d94d/latest_checkpoint.pth ...
2025-11-15 18:07:07,161 DDP_Script [Rank 0] [INFO] Successfully reported epoch 12/20 (Acc: 57.26%) to global server.
2025-11-15 18:07:07,162 DDP_Script [Rank 0] [INFO] epoch 13 시작
2025-11-15 18:07:07,172 DDP_Script [Rank 0] [INFO] DataLoader created with batch_size=32, num_workers=4
2025-11-15 18:07:07,174 DDP_Script [Rank 0] [INFO] 모든 노드 중 max_steps = 1563
2025-11-15 18:07:07,174 DDP_Script [Rank 0] [INFO] local_steps=1563, global_steps=1563
2025-11-15 18:08:18,291 DDP_Script [Rank 0] [INFO] epoch 13 train step time: 71.12 seconds
2025-11-15 18:08:18,292 DDP_Script [Rank 0] [INFO] epoch 13 끝 (local_steps=1563, global_steps=1563)
2025-11-15 18:08:24,278 DDP_Script [Rank 0] [INFO] val acc 58.17%
2025-11-15 18:08:24,294 DDP_Script [Rank 0] [INFO] Saving checkpoint to ./checkpoints/job-7b5e3198d94d/latest_checkpoint.pth ...
2025-11-15 18:08:24,833 DDP_Script [Rank 0] [INFO] Successfully reported epoch 13/20 (Acc: 58.17%) to global server.
2025-11-15 18:08:24,834 DDP_Script [Rank 0] [INFO] epoch 14 시작
2025-11-15 18:08:24,843 DDP_Script [Rank 0] [INFO] DataLoader created with batch_size=32, num_workers=4
2025-11-15 18:08:24,844 DDP_Script [Rank 0] [INFO] 모든 노드 중 max_steps = 1563
2025-11-15 18:08:24,844 DDP_Script [Rank 0] [INFO] local_steps=1563, global_steps=1563
2025-11-15 18:09:35,597 DDP_Script [Rank 0] [INFO] epoch 14 train step time: 70.75 seconds
2025-11-15 18:09:35,598 DDP_Script [Rank 0] [INFO] epoch 14 끝 (local_steps=1563, global_steps=1563)
2025-11-15 18:09:41,363 DDP_Script [Rank 0] [INFO] val acc 60.15%
2025-11-15 18:09:41,378 DDP_Script [Rank 0] [INFO] Saving checkpoint to ./checkpoints/job-7b5e3198d94d/latest_checkpoint.pth ...
2025-11-15 18:09:41,850 DDP_Script [Rank 0] [INFO] Successfully reported epoch 14/20 (Acc: 60.15%) to global server.
2025-11-15 18:09:41,852 DDP_Script [Rank 0] [INFO] epoch 15 시작
2025-11-15 18:09:41,862 DDP_Script [Rank 0] [INFO] DataLoader created with batch_size=32, num_workers=4
2025-11-15 18:09:41,863 DDP_Script [Rank 0] [INFO] 모든 노드 중 max_steps = 1563
2025-11-15 18:09:41,864 DDP_Script [Rank 0] [INFO] local_steps=1563, global_steps=1563
2025-11-15 18:10:52,820 DDP_Script [Rank 0] [INFO] epoch 15 train step time: 70.95 seconds
2025-11-15 18:10:52,822 DDP_Script [Rank 0] [INFO] epoch 15 끝 (local_steps=1563, global_steps=1563)
2025-11-15 18:10:58,945 DDP_Script [Rank 0] [INFO] val acc 60.31%
2025-11-15 18:10:58,960 DDP_Script [Rank 0] [INFO] Saving checkpoint to ./checkpoints/job-7b5e3198d94d/latest_checkpoint.pth ...
2025-11-15 18:10:59,425 DDP_Script [Rank 0] [INFO] Successfully reported epoch 15/20 (Acc: 60.31%) to global server.
2025-11-15 18:10:59,427 DDP_Script [Rank 0] [INFO] epoch 16 시작
2025-11-15 18:10:59,436 DDP_Script [Rank 0] [INFO] DataLoader created with batch_size=32, num_workers=4
2025-11-15 18:10:59,438 DDP_Script [Rank 0] [INFO] 모든 노드 중 max_steps = 1563
2025-11-15 18:10:59,438 DDP_Script [Rank 0] [INFO] local_steps=1563, global_steps=1563
2025-11-15 18:12:10,654 DDP_Script [Rank 0] [INFO] epoch 16 train step time: 71.22 seconds
2025-11-15 18:12:10,656 DDP_Script [Rank 0] [INFO] epoch 16 끝 (local_steps=1563, global_steps=1563)
2025-11-15 18:12:16,614 DDP_Script [Rank 0] [INFO] val acc 61.16%
2025-11-15 18:12:16,629 DDP_Script [Rank 0] [INFO] Saving checkpoint to ./checkpoints/job-7b5e3198d94d/latest_checkpoint.pth ...
2025-11-15 18:12:17,093 DDP_Script [Rank 0] [INFO] Successfully reported epoch 16/20 (Acc: 61.16%) to global server.
2025-11-15 18:12:17,094 DDP_Script [Rank 0] [INFO] epoch 17 시작
2025-11-15 18:12:17,104 DDP_Script [Rank 0] [INFO] DataLoader created with batch_size=32, num_workers=4
2025-11-15 18:12:17,105 DDP_Script [Rank 0] [INFO] 모든 노드 중 max_steps = 1563
2025-11-15 18:12:17,106 DDP_Script [Rank 0] [INFO] local_steps=1563, global_steps=1563
2025-11-15 18:13:26,859 DDP_Script [Rank 0] [INFO] epoch 17 train step time: 69.75 seconds
2025-11-15 18:13:26,860 DDP_Script [Rank 0] [INFO] epoch 17 끝 (local_steps=1563, global_steps=1563)
2025-11-15 18:13:32,750 DDP_Script [Rank 0] [INFO] val acc 62.05%
2025-11-15 18:13:32,765 DDP_Script [Rank 0] [INFO] Saving checkpoint to ./checkpoints/job-7b5e3198d94d/latest_checkpoint.pth ...
2025-11-15 18:13:33,240 DDP_Script [Rank 0] [INFO] Successfully reported epoch 17/20 (Acc: 62.05%) to global server.
2025-11-15 18:13:33,241 DDP_Script [Rank 0] [INFO] epoch 18 시작
2025-11-15 18:13:33,251 DDP_Script [Rank 0] [INFO] DataLoader created with batch_size=32, num_workers=4
2025-11-15 18:13:33,253 DDP_Script [Rank 0] [INFO] 모든 노드 중 max_steps = 1563
2025-11-15 18:13:33,253 DDP_Script [Rank 0] [INFO] local_steps=1563, global_steps=1563
2025-11-15 18:14:44,476 DDP_Script [Rank 0] [INFO] epoch 18 train step time: 71.22 seconds
2025-11-15 18:14:44,478 DDP_Script [Rank 0] [INFO] epoch 18 끝 (local_steps=1563, global_steps=1563)
2025-11-15 18:14:50,570 DDP_Script [Rank 0] [INFO] val acc 62.24%
2025-11-15 18:14:50,586 DDP_Script [Rank 0] [INFO] Saving checkpoint to ./checkpoints/job-7b5e3198d94d/latest_checkpoint.pth ...
2025-11-15 18:14:51,066 DDP_Script [Rank 0] [INFO] Successfully reported epoch 18/20 (Acc: 62.24%) to global server.
2025-11-15 18:14:51,068 DDP_Script [Rank 0] [INFO] epoch 19 시작
2025-11-15 18:14:51,077 DDP_Script [Rank 0] [INFO] DataLoader created with batch_size=32, num_workers=4
2025-11-15 18:14:51,079 DDP_Script [Rank 0] [INFO] 모든 노드 중 max_steps = 1563
2025-11-15 18:14:51,079 DDP_Script [Rank 0] [INFO] local_steps=1563, global_steps=1563
2025-11-15 18:16:02,290 DDP_Script [Rank 0] [INFO] epoch 19 train step time: 71.21 seconds
2025-11-15 18:16:02,292 DDP_Script [Rank 0] [INFO] epoch 19 끝 (local_steps=1563, global_steps=1563)
2025-11-15 18:16:08,441 DDP_Script [Rank 0] [INFO] val acc 63.76%
2025-11-15 18:16:08,457 DDP_Script [Rank 0] [INFO] Saving checkpoint to ./checkpoints/job-7b5e3198d94d/latest_checkpoint.pth ...
2025-11-15 18:16:08,938 DDP_Script [Rank 0] [INFO] Successfully reported epoch 19/20 (Acc: 63.76%) to global server.
2025-11-15 18:16:08,939 DDP_Script [Rank 0] [INFO] epoch 20 시작
2025-11-15 18:16:08,949 DDP_Script [Rank 0] [INFO] DataLoader created with batch_size=32, num_workers=4
2025-11-15 18:16:08,950 DDP_Script [Rank 0] [INFO] 모든 노드 중 max_steps = 1563
2025-11-15 18:16:08,950 DDP_Script [Rank 0] [INFO] local_steps=1563, global_steps=1563
2025-11-15 18:17:18,490 DDP_Script [Rank 0] [INFO] epoch 20 train step time: 69.54 seconds
2025-11-15 18:17:18,491 DDP_Script [Rank 0] [INFO] epoch 20 끝 (local_steps=1563, global_steps=1563)
2025-11-15 18:17:24,515 DDP_Script [Rank 0] [INFO] val acc 64.47%
2025-11-15 18:17:24,615 DDP_Script [Rank 0] [INFO] Saving checkpoint to ./checkpoints/job-7b5e3198d94d/latest_checkpoint.pth ...
2025-11-15 18:17:25,234 DDP_Script [Rank 0] [INFO] Successfully reported epoch 20/20 (Acc: 64.47%) to global server.
2025-11-15 18:17:25,236 DDP_Script [Rank 0] [INFO] Training completed successfully.
2025-11-15 18:17:25,236 DDP_Script [Rank 0] [INFO] Training loop finished.
