Current CUDA device index: 0
Current CUDA device name: NVIDIA GeForce RTX 5070 Ti
Master address: 163.180.117.216, port: 29549
2025-11-16 07:16:40,275 DDP_Script [Rank 1] [INFO] Node rank: 1, world size: 2
[Gloo] Rank 1 is connected to 1 peer ranks. Expected number of connected peer ranks is : 1
2025-11-16 07:16:40,333 DDP_Script [Rank 1] [INFO] Process group initialized: 163.180.117.216:29549
2025-11-16 07:16:40,333 DDP_Script [Rank 1] [INFO] Rank 1/2 initialized
2025-11-16 07:16:41,318 DDP_Script [Rank 1] [INFO] Rank 1 loading tokenizer from cache: distilbert-base-uncased
2025-11-16 07:16:46,082 DDP_Script [Rank 1] [INFO] Rank 1 loading dataset from cache: glue/sst2
2025-11-16 07:16:50,863 DDP_Script [Rank 1] [INFO] Tokenizing datasets...
2025-11-16 07:16:50,916 DDP_Script [Rank 1] [INFO] SST-2 Dataset and Tokenizer loaded.
2025-11-16 07:16:50,917 DDP_Script [Rank 1] [INFO] Rank 1 loading model from cache: distilbert-base-uncased
Some weights of DistilBertForSequenceClassification were not initialized from the model checkpoint at distilbert-base-uncased and are newly initialized: ['classifier.bias', 'classifier.weight', 'pre_classifier.bias', 'pre_classifier.weight']
You should probably TRAIN this model on a down-stream task to be able to use it for predictions and inference.
2025-11-16 07:16:51,944 DDP_Script [Rank 1] [INFO] Model (DistilBert), DDP, optimizer (AdamW) initialized
2025-11-16 07:16:51,948 DDP_Script [Rank 1] [INFO] Modules initialized
2025-11-16 07:16:51,948 DDP_Script [Rank 1] [INFO] Starting training from scratch (epoch 1).
2025-11-16 07:16:51,949 DDP_Script [Rank 1] [INFO] epoch 1 시작
2025-11-16 07:16:51,988 DDP_Script [Rank 1] [INFO] DataLoader created with batch_size=32, num_workers=4
2025-11-16 07:16:51,992 DDP_Script [Rank 1] [INFO] local_steps=1053, global_steps=1053
2025-11-16 07:22:58,606 DDP_Script [Rank 1] [INFO] epoch 1 train step time: 366.61 seconds
2025-11-16 07:22:58,615 DDP_Script [Rank 1] [INFO] epoch 1 끝 (local_steps=1053, global_steps=1053)
2025-11-16 07:22:59,058 DDP_Script [Rank 1] [INFO] val acc 90.14%
2025-11-16 07:23:00,296 DDP_Script [Rank 1] [INFO] epoch 2 시작
2025-11-16 07:23:00,309 DDP_Script [Rank 1] [INFO] DataLoader created with batch_size=32, num_workers=4
2025-11-16 07:23:00,310 DDP_Script [Rank 1] [INFO] local_steps=1053, global_steps=1053
2025-11-16 07:29:07,330 DDP_Script [Rank 1] [INFO] epoch 2 train step time: 367.02 seconds
2025-11-16 07:29:07,344 DDP_Script [Rank 1] [INFO] epoch 2 끝 (local_steps=1053, global_steps=1053)
2025-11-16 07:29:07,878 DDP_Script [Rank 1] [INFO] val acc 89.91%
2025-11-16 07:29:10,842 DDP_Script [Rank 1] [INFO] epoch 3 시작
2025-11-16 07:29:10,858 DDP_Script [Rank 1] [INFO] DataLoader created with batch_size=32, num_workers=4
2025-11-16 07:29:10,864 DDP_Script [Rank 1] [INFO] local_steps=1053, global_steps=1053
2025-11-16 07:35:05,637 DDP_Script [Rank 1] [INFO] epoch 3 train step time: 354.77 seconds
2025-11-16 07:35:05,640 DDP_Script [Rank 1] [INFO] epoch 3 끝 (local_steps=1053, global_steps=1053)
2025-11-16 07:35:06,089 DDP_Script [Rank 1] [INFO] val acc 90.02%
2025-11-16 07:35:09,188 DDP_Script [Rank 1] [INFO] epoch 4 시작
2025-11-16 07:35:09,204 DDP_Script [Rank 1] [INFO] DataLoader created with batch_size=32, num_workers=4
2025-11-16 07:35:09,207 DDP_Script [Rank 1] [INFO] local_steps=1053, global_steps=1053
2025-11-16 07:41:10,724 DDP_Script [Rank 1] [INFO] epoch 4 train step time: 361.52 seconds
2025-11-16 07:41:10,728 DDP_Script [Rank 1] [INFO] epoch 4 끝 (local_steps=1053, global_steps=1053)
2025-11-16 07:41:11,164 DDP_Script [Rank 1] [INFO] val acc 90.37%
2025-11-16 07:41:14,159 DDP_Script [Rank 1] [INFO] epoch 5 시작
2025-11-16 07:41:14,176 DDP_Script [Rank 1] [INFO] DataLoader created with batch_size=32, num_workers=4
2025-11-16 07:41:14,179 DDP_Script [Rank 1] [INFO] local_steps=1053, global_steps=1053
2025-11-16 07:47:14,687 DDP_Script [Rank 1] [INFO] epoch 5 train step time: 360.51 seconds
2025-11-16 07:47:14,695 DDP_Script [Rank 1] [INFO] epoch 5 끝 (local_steps=1053, global_steps=1053)
2025-11-16 07:47:15,132 DDP_Script [Rank 1] [INFO] val acc 91.06%
2025-11-16 07:47:18,054 DDP_Script [Rank 1] [INFO] epoch 6 시작
2025-11-16 07:47:18,072 DDP_Script [Rank 1] [INFO] DataLoader created with batch_size=32, num_workers=4
2025-11-16 07:47:18,075 DDP_Script [Rank 1] [INFO] local_steps=1053, global_steps=1053
2025-11-16 07:53:17,545 DDP_Script [Rank 1] [INFO] epoch 6 train step time: 359.47 seconds
2025-11-16 07:53:17,547 DDP_Script [Rank 1] [INFO] epoch 6 끝 (local_steps=1053, global_steps=1053)
2025-11-16 07:53:18,007 DDP_Script [Rank 1] [INFO] val acc 89.91%
2025-11-16 07:53:20,992 DDP_Script [Rank 1] [INFO] epoch 7 시작
2025-11-16 07:53:21,009 DDP_Script [Rank 1] [INFO] DataLoader created with batch_size=32, num_workers=4
2025-11-16 07:53:21,014 DDP_Script [Rank 1] [INFO] local_steps=1053, global_steps=1053
2025-11-16 07:59:34,364 DDP_Script [Rank 1] [INFO] epoch 7 train step time: 373.35 seconds
2025-11-16 07:59:34,367 DDP_Script [Rank 1] [INFO] epoch 7 끝 (local_steps=1053, global_steps=1053)
2025-11-16 07:59:34,812 DDP_Script [Rank 1] [INFO] val acc 90.48%
2025-11-16 07:59:37,631 DDP_Script [Rank 1] [INFO] epoch 8 시작
2025-11-16 07:59:37,649 DDP_Script [Rank 1] [INFO] DataLoader created with batch_size=32, num_workers=4
2025-11-16 07:59:37,652 DDP_Script [Rank 1] [INFO] local_steps=1053, global_steps=1053
2025-11-16 08:05:53,874 DDP_Script [Rank 1] [INFO] epoch 8 train step time: 376.22 seconds
2025-11-16 08:05:53,882 DDP_Script [Rank 1] [INFO] epoch 8 끝 (local_steps=1053, global_steps=1053)
2025-11-16 08:05:54,318 DDP_Script [Rank 1] [INFO] val acc 90.02%
2025-11-16 08:05:57,119 DDP_Script [Rank 1] [INFO] epoch 9 시작
2025-11-16 08:05:57,137 DDP_Script [Rank 1] [INFO] DataLoader created with batch_size=32, num_workers=4
2025-11-16 08:05:57,140 DDP_Script [Rank 1] [INFO] local_steps=1053, global_steps=1053
2025-11-16 08:12:03,361 DDP_Script [Rank 1] [INFO] epoch 9 train step time: 366.22 seconds
2025-11-16 08:12:03,375 DDP_Script [Rank 1] [INFO] epoch 9 끝 (local_steps=1053, global_steps=1053)
2025-11-16 08:12:03,938 DDP_Script [Rank 1] [INFO] val acc 90.14%
2025-11-16 08:12:07,755 DDP_Script [Rank 1] [INFO] epoch 10 시작
2025-11-16 08:12:07,773 DDP_Script [Rank 1] [INFO] DataLoader created with batch_size=32, num_workers=4
2025-11-16 08:12:07,780 DDP_Script [Rank 1] [INFO] local_steps=1053, global_steps=1053
2025-11-16 08:18:15,928 DDP_Script [Rank 1] [INFO] epoch 10 train step time: 368.15 seconds
2025-11-16 08:18:15,935 DDP_Script [Rank 1] [INFO] epoch 10 끝 (local_steps=1053, global_steps=1053)
2025-11-16 08:18:16,373 DDP_Script [Rank 1] [INFO] val acc 89.79%
2025-11-16 08:18:19,409 DDP_Script [Rank 1] [INFO] epoch 11 시작
2025-11-16 08:18:19,426 DDP_Script [Rank 1] [INFO] DataLoader created with batch_size=32, num_workers=4
2025-11-16 08:18:19,429 DDP_Script [Rank 1] [INFO] local_steps=1053, global_steps=1053
2025-11-16 08:24:29,438 DDP_Script [Rank 1] [INFO] epoch 11 train step time: 370.01 seconds
2025-11-16 08:24:29,443 DDP_Script [Rank 1] [INFO] epoch 11 끝 (local_steps=1053, global_steps=1053)
2025-11-16 08:24:29,874 DDP_Script [Rank 1] [INFO] val acc 89.56%
2025-11-16 08:24:32,668 DDP_Script [Rank 1] [INFO] epoch 12 시작
2025-11-16 08:24:32,687 DDP_Script [Rank 1] [INFO] DataLoader created with batch_size=32, num_workers=4
2025-11-16 08:24:32,695 DDP_Script [Rank 1] [INFO] local_steps=1053, global_steps=1053
2025-11-16 08:30:38,881 DDP_Script [Rank 1] [INFO] epoch 12 train step time: 366.18 seconds
2025-11-16 08:30:38,884 DDP_Script [Rank 1] [INFO] epoch 12 끝 (local_steps=1053, global_steps=1053)
2025-11-16 08:30:39,388 DDP_Script [Rank 1] [INFO] val acc 89.56%
2025-11-16 08:30:42,260 DDP_Script [Rank 1] [INFO] epoch 13 시작
2025-11-16 08:30:42,276 DDP_Script [Rank 1] [INFO] DataLoader created with batch_size=32, num_workers=4
2025-11-16 08:30:42,278 DDP_Script [Rank 1] [INFO] local_steps=1053, global_steps=1053
2025-11-16 08:36:58,037 DDP_Script [Rank 1] [INFO] epoch 13 train step time: 375.76 seconds
2025-11-16 08:36:58,040 DDP_Script [Rank 1] [INFO] epoch 13 끝 (local_steps=1053, global_steps=1053)
2025-11-16 08:36:58,515 DDP_Script [Rank 1] [INFO] val acc 90.37%
2025-11-16 08:37:01,484 DDP_Script [Rank 1] [INFO] epoch 14 시작
2025-11-16 08:37:01,504 DDP_Script [Rank 1] [INFO] DataLoader created with batch_size=32, num_workers=4
2025-11-16 08:37:01,507 DDP_Script [Rank 1] [INFO] local_steps=1053, global_steps=1053
2025-11-16 08:43:19,624 DDP_Script [Rank 1] [INFO] epoch 14 train step time: 378.12 seconds
2025-11-16 08:43:19,627 DDP_Script [Rank 1] [INFO] epoch 14 끝 (local_steps=1053, global_steps=1053)
2025-11-16 08:43:20,062 DDP_Script [Rank 1] [INFO] val acc 88.65%
2025-11-16 08:43:22,892 DDP_Script [Rank 1] [INFO] epoch 15 시작
2025-11-16 08:43:22,911 DDP_Script [Rank 1] [INFO] DataLoader created with batch_size=32, num_workers=4
2025-11-16 08:43:22,913 DDP_Script [Rank 1] [INFO] local_steps=1053, global_steps=1053
2025-11-16 08:49:37,241 DDP_Script [Rank 1] [INFO] epoch 15 train step time: 374.33 seconds
2025-11-16 08:49:37,243 DDP_Script [Rank 1] [INFO] epoch 15 끝 (local_steps=1053, global_steps=1053)
2025-11-16 08:49:37,661 DDP_Script [Rank 1] [INFO] val acc 90.37%
2025-11-16 08:49:40,576 DDP_Script [Rank 1] [INFO] epoch 16 시작
2025-11-16 08:49:40,587 DDP_Script [Rank 1] [INFO] DataLoader created with batch_size=32, num_workers=4
2025-11-16 08:49:40,605 DDP_Script [Rank 1] [INFO] local_steps=1053, global_steps=1053
2025-11-16 08:55:55,446 DDP_Script [Rank 1] [INFO] epoch 16 train step time: 374.84 seconds
2025-11-16 08:55:55,449 DDP_Script [Rank 1] [INFO] epoch 16 끝 (local_steps=1053, global_steps=1053)
2025-11-16 08:55:55,985 DDP_Script [Rank 1] [INFO] val acc 89.91%
2025-11-16 08:55:58,888 DDP_Script [Rank 1] [INFO] epoch 17 시작
2025-11-16 08:55:58,903 DDP_Script [Rank 1] [INFO] DataLoader created with batch_size=32, num_workers=4
2025-11-16 08:55:58,906 DDP_Script [Rank 1] [INFO] local_steps=1053, global_steps=1053
2025-11-16 09:02:15,847 DDP_Script [Rank 1] [INFO] epoch 17 train step time: 376.94 seconds
2025-11-16 09:02:15,850 DDP_Script [Rank 1] [INFO] epoch 17 끝 (local_steps=1053, global_steps=1053)
2025-11-16 09:02:16,490 DDP_Script [Rank 1] [INFO] val acc 90.02%
2025-11-16 09:02:19,273 DDP_Script [Rank 1] [INFO] epoch 18 시작
2025-11-16 09:02:19,288 DDP_Script [Rank 1] [INFO] DataLoader created with batch_size=32, num_workers=4
2025-11-16 09:02:19,291 DDP_Script [Rank 1] [INFO] local_steps=1053, global_steps=1053
2025-11-16 09:08:34,322 DDP_Script [Rank 1] [INFO] epoch 18 train step time: 375.03 seconds
2025-11-16 09:08:34,325 DDP_Script [Rank 1] [INFO] epoch 18 끝 (local_steps=1053, global_steps=1053)
2025-11-16 09:08:34,740 DDP_Script [Rank 1] [INFO] val acc 88.88%
2025-11-16 09:08:37,552 DDP_Script [Rank 1] [INFO] epoch 19 시작
2025-11-16 09:08:37,568 DDP_Script [Rank 1] [INFO] DataLoader created with batch_size=32, num_workers=4
2025-11-16 09:08:37,578 DDP_Script [Rank 1] [INFO] local_steps=1053, global_steps=1053
2025-11-16 09:14:42,532 DDP_Script [Rank 1] [INFO] epoch 19 train step time: 364.95 seconds
2025-11-16 09:14:42,535 DDP_Script [Rank 1] [INFO] epoch 19 끝 (local_steps=1053, global_steps=1053)
2025-11-16 09:14:42,998 DDP_Script [Rank 1] [INFO] val acc 90.37%
2025-11-16 09:14:45,760 DDP_Script [Rank 1] [INFO] epoch 20 시작
2025-11-16 09:14:45,778 DDP_Script [Rank 1] [INFO] DataLoader created with batch_size=32, num_workers=4
2025-11-16 09:14:45,781 DDP_Script [Rank 1] [INFO] local_steps=1053, global_steps=1053
2025-11-16 09:20:59,541 DDP_Script [Rank 1] [INFO] epoch 20 train step time: 373.76 seconds
2025-11-16 09:20:59,548 DDP_Script [Rank 1] [INFO] epoch 20 끝 (local_steps=1053, global_steps=1053)
2025-11-16 09:21:00,012 DDP_Script [Rank 1] [INFO] val acc 89.45%
2025-11-16 09:21:02,843 DDP_Script [Rank 1] [INFO] Training loop finished.
