Current CUDA device index: 0
Current CUDA device name: NVIDIA GeForce RTX 5070 Ti
Master address: 163.180.117.216, port: 29581
2025-11-16 11:51:09,108 DDP_Script [Rank 0] [INFO] Node rank: 0, world size: 2
[Gloo] Rank 0 is connected to 1 peer ranks. Expected number of connected peer ranks is : 1
2025-11-16 11:51:09,771 DDP_Script [Rank 0] [INFO] Process group initialized: 163.180.117.216:29581
2025-11-16 11:51:09,771 DDP_Script [Rank 0] [INFO] Rank 0/2 initialized
/home/ubuntu216/anaconda3/envs/GlobalDART/lib/python3.9/site-packages/torchvision/models/_utils.py:208: UserWarning: The parameter 'pretrained' is deprecated since 0.13 and may be removed in the future, please use 'weights' instead.
  warnings.warn(
/home/ubuntu216/anaconda3/envs/GlobalDART/lib/python3.9/site-packages/torchvision/models/_utils.py:223: UserWarning: Arguments other than a weight enum or `None` for 'weights' are deprecated since 0.13 and may be removed in the future. The current behavior is equivalent to passing `weights=None`.
  warnings.warn(msg)
2025-11-16 11:51:11,842 DDP_Script [Rank 0] [INFO] Model, DDP, criterion, optimizer initialized
2025-11-16 11:51:11,846 DDP_Script [Rank 0] [INFO] Modules initialized
2025-11-16 11:51:11,846 DDP_Script [Rank 0] [INFO] Checkpoint directory created: ./checkpoints/job-2ae925c1684c
2025-11-16 11:51:11,846 DDP_Script [Rank 0] [INFO] Starting training from scratch (epoch 1).
2025-11-16 11:51:11,847 DDP_Script [Rank 0] [INFO] epoch 1 시작
2025-11-16 11:51:11,886 DDP_Script [Rank 0] [INFO] DataLoader created with batch_size=64, num_workers=4
2025-11-16 11:51:11,890 DDP_Script [Rank 0] [INFO] 모든 노드 중 max_steps = 391
2025-11-16 11:51:11,890 DDP_Script [Rank 0] [INFO] local_steps=391, global_steps=391
2025-11-16 11:51:46,413 DDP_Script [Rank 0] [INFO] epoch 1 train step time: 34.52 seconds
2025-11-16 11:51:46,415 DDP_Script [Rank 0] [INFO] epoch 1 끝 (local_steps=391, global_steps=391)
2025-11-16 11:51:49,995 DDP_Script [Rank 0] [INFO] val acc 12.02%
2025-11-16 11:51:50,018 DDP_Script [Rank 0] [INFO] Saving checkpoint to ./checkpoints/job-2ae925c1684c/latest_checkpoint.pth ...
2025-11-16 11:51:50,261 DDP_Script [Rank 0] [INFO] Successfully reported epoch 1/20 (Acc: 12.02%) to global server.
2025-11-16 11:51:50,263 DDP_Script [Rank 0] [INFO] epoch 2 시작
2025-11-16 11:51:50,270 DDP_Script [Rank 0] [INFO] DataLoader created with batch_size=64, num_workers=4
2025-11-16 11:51:50,277 DDP_Script [Rank 0] [INFO] 모든 노드 중 max_steps = 391
2025-11-16 11:51:50,277 DDP_Script [Rank 0] [INFO] local_steps=391, global_steps=391
2025-11-16 11:52:24,248 DDP_Script [Rank 0] [INFO] epoch 2 train step time: 33.97 seconds
2025-11-16 11:52:24,251 DDP_Script [Rank 0] [INFO] epoch 2 끝 (local_steps=391, global_steps=391)
2025-11-16 11:52:27,863 DDP_Script [Rank 0] [INFO] val acc 19.10%
2025-11-16 11:52:27,887 DDP_Script [Rank 0] [INFO] Saving checkpoint to ./checkpoints/job-2ae925c1684c/latest_checkpoint.pth ...
2025-11-16 11:52:28,426 DDP_Script [Rank 0] [INFO] Successfully reported epoch 2/20 (Acc: 19.10%) to global server.
2025-11-16 11:52:28,428 DDP_Script [Rank 0] [INFO] epoch 3 시작
2025-11-16 11:52:28,441 DDP_Script [Rank 0] [INFO] DataLoader created with batch_size=64, num_workers=4
2025-11-16 11:52:28,445 DDP_Script [Rank 0] [INFO] 모든 노드 중 max_steps = 391
2025-11-16 11:52:28,445 DDP_Script [Rank 0] [INFO] local_steps=391, global_steps=391
2025-11-16 11:53:01,512 DDP_Script [Rank 0] [INFO] epoch 3 train step time: 33.01 seconds
2025-11-16 11:53:01,523 DDP_Script [Rank 0] [INFO] epoch 3 끝 (local_steps=391, global_steps=391)
2025-11-16 11:53:04,973 DDP_Script [Rank 0] [INFO] val acc 26.80%
2025-11-16 11:53:04,994 DDP_Script [Rank 0] [INFO] Saving checkpoint to ./checkpoints/job-2ae925c1684c/latest_checkpoint.pth ...
2025-11-16 11:53:05,473 DDP_Script [Rank 0] [INFO] Successfully reported epoch 3/20 (Acc: 26.80%) to global server.
2025-11-16 11:53:05,475 DDP_Script [Rank 0] [INFO] epoch 4 시작
2025-11-16 11:53:05,483 DDP_Script [Rank 0] [INFO] DataLoader created with batch_size=64, num_workers=4
2025-11-16 11:53:05,486 DDP_Script [Rank 0] [INFO] 모든 노드 중 max_steps = 391
2025-11-16 11:53:05,486 DDP_Script [Rank 0] [INFO] local_steps=391, global_steps=391
2025-11-16 11:53:39,589 DDP_Script [Rank 0] [INFO] epoch 4 train step time: 34.10 seconds
2025-11-16 11:53:39,592 DDP_Script [Rank 0] [INFO] epoch 4 끝 (local_steps=391, global_steps=391)
2025-11-16 11:53:43,059 DDP_Script [Rank 0] [INFO] val acc 31.61%
2025-11-16 11:53:43,092 DDP_Script [Rank 0] [INFO] Saving checkpoint to ./checkpoints/job-2ae925c1684c/latest_checkpoint.pth ...
2025-11-16 11:53:43,657 DDP_Script [Rank 0] [INFO] Successfully reported epoch 4/20 (Acc: 31.61%) to global server.
2025-11-16 11:53:43,661 DDP_Script [Rank 0] [INFO] epoch 5 시작
2025-11-16 11:53:43,680 DDP_Script [Rank 0] [INFO] DataLoader created with batch_size=64, num_workers=4
2025-11-16 11:53:43,684 DDP_Script [Rank 0] [INFO] 모든 노드 중 max_steps = 391
2025-11-16 11:53:43,684 DDP_Script [Rank 0] [INFO] local_steps=391, global_steps=391
2025-11-16 11:54:16,908 DDP_Script [Rank 0] [INFO] epoch 5 train step time: 33.22 seconds
2025-11-16 11:54:16,911 DDP_Script [Rank 0] [INFO] epoch 5 끝 (local_steps=391, global_steps=391)
2025-11-16 11:54:20,428 DDP_Script [Rank 0] [INFO] val acc 38.35%
2025-11-16 11:54:20,460 DDP_Script [Rank 0] [INFO] Saving checkpoint to ./checkpoints/job-2ae925c1684c/latest_checkpoint.pth ...
2025-11-16 11:54:20,946 DDP_Script [Rank 0] [INFO] Successfully reported epoch 5/20 (Acc: 38.35%) to global server.
2025-11-16 11:54:20,948 DDP_Script [Rank 0] [INFO] epoch 6 시작
2025-11-16 11:54:20,960 DDP_Script [Rank 0] [INFO] DataLoader created with batch_size=64, num_workers=4
2025-11-16 11:54:20,963 DDP_Script [Rank 0] [INFO] 모든 노드 중 max_steps = 391
2025-11-16 11:54:20,963 DDP_Script [Rank 0] [INFO] local_steps=391, global_steps=391
2025-11-16 11:54:55,253 DDP_Script [Rank 0] [INFO] epoch 6 train step time: 34.29 seconds
2025-11-16 11:54:55,274 DDP_Script [Rank 0] [INFO] epoch 6 끝 (local_steps=391, global_steps=391)
2025-11-16 11:54:59,061 DDP_Script [Rank 0] [INFO] val acc 40.52%
2025-11-16 11:54:59,166 DDP_Script [Rank 0] [INFO] Saving checkpoint to ./checkpoints/job-2ae925c1684c/latest_checkpoint.pth ...
2025-11-16 11:54:59,660 DDP_Script [Rank 0] [INFO] Successfully reported epoch 6/20 (Acc: 40.52%) to global server.
2025-11-16 11:54:59,663 DDP_Script [Rank 0] [INFO] epoch 7 시작
2025-11-16 11:54:59,674 DDP_Script [Rank 0] [INFO] DataLoader created with batch_size=64, num_workers=4
2025-11-16 11:54:59,676 DDP_Script [Rank 0] [INFO] 모든 노드 중 max_steps = 391
2025-11-16 11:54:59,676 DDP_Script [Rank 0] [INFO] local_steps=391, global_steps=391
2025-11-16 11:55:33,406 DDP_Script [Rank 0] [INFO] epoch 7 train step time: 33.73 seconds
2025-11-16 11:55:33,409 DDP_Script [Rank 0] [INFO] epoch 7 끝 (local_steps=391, global_steps=391)
2025-11-16 11:55:36,925 DDP_Script [Rank 0] [INFO] val acc 45.27%
2025-11-16 11:55:36,956 DDP_Script [Rank 0] [INFO] Saving checkpoint to ./checkpoints/job-2ae925c1684c/latest_checkpoint.pth ...
2025-11-16 11:55:37,429 DDP_Script [Rank 0] [INFO] Successfully reported epoch 7/20 (Acc: 45.27%) to global server.
2025-11-16 11:55:37,431 DDP_Script [Rank 0] [INFO] epoch 8 시작
2025-11-16 11:55:37,440 DDP_Script [Rank 0] [INFO] DataLoader created with batch_size=64, num_workers=4
2025-11-16 11:55:37,445 DDP_Script [Rank 0] [INFO] 모든 노드 중 max_steps = 391
2025-11-16 11:55:37,445 DDP_Script [Rank 0] [INFO] local_steps=391, global_steps=391
2025-11-16 11:56:11,219 DDP_Script [Rank 0] [INFO] epoch 8 train step time: 33.77 seconds
2025-11-16 11:56:11,241 DDP_Script [Rank 0] [INFO] epoch 8 끝 (local_steps=391, global_steps=391)
2025-11-16 11:56:14,729 DDP_Script [Rank 0] [INFO] val acc 48.33%
2025-11-16 11:56:14,763 DDP_Script [Rank 0] [INFO] Saving checkpoint to ./checkpoints/job-2ae925c1684c/latest_checkpoint.pth ...
2025-11-16 11:56:15,314 DDP_Script [Rank 0] [INFO] Successfully reported epoch 8/20 (Acc: 48.33%) to global server.
2025-11-16 11:56:15,316 DDP_Script [Rank 0] [INFO] epoch 9 시작
2025-11-16 11:56:15,326 DDP_Script [Rank 0] [INFO] DataLoader created with batch_size=64, num_workers=4
2025-11-16 11:56:15,331 DDP_Script [Rank 0] [INFO] 모든 노드 중 max_steps = 391
2025-11-16 11:56:15,331 DDP_Script [Rank 0] [INFO] local_steps=391, global_steps=391
2025-11-16 11:56:50,040 DDP_Script [Rank 0] [INFO] epoch 9 train step time: 34.71 seconds
2025-11-16 11:56:50,043 DDP_Script [Rank 0] [INFO] epoch 9 끝 (local_steps=391, global_steps=391)
2025-11-16 11:56:53,924 DDP_Script [Rank 0] [INFO] val acc 52.52%
2025-11-16 11:56:53,956 DDP_Script [Rank 0] [INFO] Saving checkpoint to ./checkpoints/job-2ae925c1684c/latest_checkpoint.pth ...
2025-11-16 11:56:54,426 DDP_Script [Rank 0] [INFO] Successfully reported epoch 9/20 (Acc: 52.52%) to global server.
2025-11-16 11:56:54,428 DDP_Script [Rank 0] [INFO] epoch 10 시작
2025-11-16 11:56:54,437 DDP_Script [Rank 0] [INFO] DataLoader created with batch_size=64, num_workers=4
2025-11-16 11:56:54,442 DDP_Script [Rank 0] [INFO] 모든 노드 중 max_steps = 391
2025-11-16 11:56:54,442 DDP_Script [Rank 0] [INFO] local_steps=391, global_steps=391
2025-11-16 11:57:28,734 DDP_Script [Rank 0] [INFO] epoch 10 train step time: 34.29 seconds
2025-11-16 11:57:28,739 DDP_Script [Rank 0] [INFO] epoch 10 끝 (local_steps=391, global_steps=391)
2025-11-16 11:57:32,136 DDP_Script [Rank 0] [INFO] val acc 53.80%
2025-11-16 11:57:32,167 DDP_Script [Rank 0] [INFO] Saving checkpoint to ./checkpoints/job-2ae925c1684c/latest_checkpoint.pth ...
2025-11-16 11:57:32,652 DDP_Script [Rank 0] [INFO] Successfully reported epoch 10/20 (Acc: 53.80%) to global server.
2025-11-16 11:57:32,654 DDP_Script [Rank 0] [INFO] epoch 11 시작
2025-11-16 11:57:32,665 DDP_Script [Rank 0] [INFO] DataLoader created with batch_size=64, num_workers=4
2025-11-16 11:57:32,667 DDP_Script [Rank 0] [INFO] 모든 노드 중 max_steps = 391
2025-11-16 11:57:32,668 DDP_Script [Rank 0] [INFO] local_steps=391, global_steps=391
2025-11-16 11:58:06,438 DDP_Script [Rank 0] [INFO] epoch 11 train step time: 33.77 seconds
2025-11-16 11:58:06,441 DDP_Script [Rank 0] [INFO] epoch 11 끝 (local_steps=391, global_steps=391)
2025-11-16 11:58:09,953 DDP_Script [Rank 0] [INFO] val acc 56.65%
2025-11-16 11:58:09,975 DDP_Script [Rank 0] [INFO] Saving checkpoint to ./checkpoints/job-2ae925c1684c/latest_checkpoint.pth ...
2025-11-16 11:58:10,492 DDP_Script [Rank 0] [INFO] Successfully reported epoch 11/20 (Acc: 56.65%) to global server.
2025-11-16 11:58:10,495 DDP_Script [Rank 0] [INFO] epoch 12 시작
2025-11-16 11:58:10,505 DDP_Script [Rank 0] [INFO] DataLoader created with batch_size=64, num_workers=4
2025-11-16 11:58:10,512 DDP_Script [Rank 0] [INFO] 모든 노드 중 max_steps = 391
2025-11-16 11:58:10,512 DDP_Script [Rank 0] [INFO] local_steps=391, global_steps=391
2025-11-16 11:58:44,297 DDP_Script [Rank 0] [INFO] epoch 12 train step time: 33.78 seconds
2025-11-16 11:58:44,309 DDP_Script [Rank 0] [INFO] epoch 12 끝 (local_steps=391, global_steps=391)
2025-11-16 11:58:47,823 DDP_Script [Rank 0] [INFO] val acc 58.51%
2025-11-16 11:58:47,855 DDP_Script [Rank 0] [INFO] Saving checkpoint to ./checkpoints/job-2ae925c1684c/latest_checkpoint.pth ...
2025-11-16 11:58:48,341 DDP_Script [Rank 0] [INFO] Successfully reported epoch 12/20 (Acc: 58.51%) to global server.
2025-11-16 11:58:48,343 DDP_Script [Rank 0] [INFO] epoch 13 시작
2025-11-16 11:58:48,354 DDP_Script [Rank 0] [INFO] DataLoader created with batch_size=64, num_workers=4
2025-11-16 11:58:48,358 DDP_Script [Rank 0] [INFO] 모든 노드 중 max_steps = 391
2025-11-16 11:58:48,359 DDP_Script [Rank 0] [INFO] local_steps=391, global_steps=391
2025-11-16 11:59:21,915 DDP_Script [Rank 0] [INFO] epoch 13 train step time: 33.56 seconds
2025-11-16 11:59:21,919 DDP_Script [Rank 0] [INFO] epoch 13 끝 (local_steps=391, global_steps=391)
2025-11-16 11:59:25,467 DDP_Script [Rank 0] [INFO] val acc 60.65%
2025-11-16 11:59:25,498 DDP_Script [Rank 0] [INFO] Saving checkpoint to ./checkpoints/job-2ae925c1684c/latest_checkpoint.pth ...
2025-11-16 11:59:26,025 DDP_Script [Rank 0] [INFO] Successfully reported epoch 13/20 (Acc: 60.65%) to global server.
2025-11-16 11:59:26,027 DDP_Script [Rank 0] [INFO] epoch 14 시작
2025-11-16 11:59:26,038 DDP_Script [Rank 0] [INFO] DataLoader created with batch_size=64, num_workers=4
2025-11-16 11:59:26,043 DDP_Script [Rank 0] [INFO] 모든 노드 중 max_steps = 391
2025-11-16 11:59:26,043 DDP_Script [Rank 0] [INFO] local_steps=391, global_steps=391
2025-11-16 12:00:01,173 DDP_Script [Rank 0] [INFO] epoch 14 train step time: 35.13 seconds
2025-11-16 12:00:01,176 DDP_Script [Rank 0] [INFO] epoch 14 끝 (local_steps=391, global_steps=391)
2025-11-16 12:00:04,716 DDP_Script [Rank 0] [INFO] val acc 60.79%
2025-11-16 12:00:04,733 DDP_Script [Rank 0] [INFO] Saving checkpoint to ./checkpoints/job-2ae925c1684c/latest_checkpoint.pth ...
2025-11-16 12:00:05,198 DDP_Script [Rank 0] [INFO] Successfully reported epoch 14/20 (Acc: 60.79%) to global server.
2025-11-16 12:00:05,200 DDP_Script [Rank 0] [INFO] epoch 15 시작
2025-11-16 12:00:05,210 DDP_Script [Rank 0] [INFO] DataLoader created with batch_size=64, num_workers=4
2025-11-16 12:00:05,219 DDP_Script [Rank 0] [INFO] 모든 노드 중 max_steps = 391
2025-11-16 12:00:05,219 DDP_Script [Rank 0] [INFO] local_steps=391, global_steps=391
2025-11-16 12:00:39,095 DDP_Script [Rank 0] [INFO] epoch 15 train step time: 33.88 seconds
2025-11-16 12:00:39,104 DDP_Script [Rank 0] [INFO] epoch 15 끝 (local_steps=391, global_steps=391)
2025-11-16 12:00:42,623 DDP_Script [Rank 0] [INFO] val acc 61.46%
2025-11-16 12:00:42,656 DDP_Script [Rank 0] [INFO] Saving checkpoint to ./checkpoints/job-2ae925c1684c/latest_checkpoint.pth ...
2025-11-16 12:00:43,142 DDP_Script [Rank 0] [INFO] Successfully reported epoch 15/20 (Acc: 61.46%) to global server.
2025-11-16 12:00:43,144 DDP_Script [Rank 0] [INFO] epoch 16 시작
2025-11-16 12:00:43,155 DDP_Script [Rank 0] [INFO] DataLoader created with batch_size=64, num_workers=4
2025-11-16 12:00:43,160 DDP_Script [Rank 0] [INFO] 모든 노드 중 max_steps = 391
2025-11-16 12:00:43,161 DDP_Script [Rank 0] [INFO] local_steps=391, global_steps=391
2025-11-16 12:01:18,825 DDP_Script [Rank 0] [INFO] epoch 16 train step time: 35.66 seconds
2025-11-16 12:01:18,828 DDP_Script [Rank 0] [INFO] epoch 16 끝 (local_steps=391, global_steps=391)
2025-11-16 12:01:22,446 DDP_Script [Rank 0] [INFO] val acc 62.92%
2025-11-16 12:01:22,463 DDP_Script [Rank 0] [INFO] Saving checkpoint to ./checkpoints/job-2ae925c1684c/latest_checkpoint.pth ...
2025-11-16 12:01:22,925 DDP_Script [Rank 0] [INFO] Successfully reported epoch 16/20 (Acc: 62.92%) to global server.
2025-11-16 12:01:22,927 DDP_Script [Rank 0] [INFO] epoch 17 시작
2025-11-16 12:01:22,937 DDP_Script [Rank 0] [INFO] DataLoader created with batch_size=64, num_workers=4
2025-11-16 12:01:22,942 DDP_Script [Rank 0] [INFO] 모든 노드 중 max_steps = 391
2025-11-16 12:01:22,942 DDP_Script [Rank 0] [INFO] local_steps=391, global_steps=391
2025-11-16 12:01:57,925 DDP_Script [Rank 0] [INFO] epoch 17 train step time: 34.98 seconds
2025-11-16 12:01:57,931 DDP_Script [Rank 0] [INFO] epoch 17 끝 (local_steps=391, global_steps=391)
2025-11-16 12:02:01,555 DDP_Script [Rank 0] [INFO] val acc 64.38%
2025-11-16 12:02:01,578 DDP_Script [Rank 0] [INFO] Saving checkpoint to ./checkpoints/job-2ae925c1684c/latest_checkpoint.pth ...
2025-11-16 12:02:02,119 DDP_Script [Rank 0] [INFO] Successfully reported epoch 17/20 (Acc: 64.38%) to global server.
2025-11-16 12:02:02,121 DDP_Script [Rank 0] [INFO] epoch 18 시작
2025-11-16 12:02:02,133 DDP_Script [Rank 0] [INFO] DataLoader created with batch_size=64, num_workers=4
2025-11-16 12:02:02,136 DDP_Script [Rank 0] [INFO] 모든 노드 중 max_steps = 391
2025-11-16 12:02:02,136 DDP_Script [Rank 0] [INFO] local_steps=391, global_steps=391
2025-11-16 12:02:36,170 DDP_Script [Rank 0] [INFO] epoch 18 train step time: 34.03 seconds
2025-11-16 12:02:36,179 DDP_Script [Rank 0] [INFO] epoch 18 끝 (local_steps=391, global_steps=391)
2025-11-16 12:02:39,712 DDP_Script [Rank 0] [INFO] val acc 63.51%
2025-11-16 12:02:39,730 DDP_Script [Rank 0] [INFO] Saving checkpoint to ./checkpoints/job-2ae925c1684c/latest_checkpoint.pth ...
2025-11-16 12:02:40,241 DDP_Script [Rank 0] [INFO] Successfully reported epoch 18/20 (Acc: 63.51%) to global server.
2025-11-16 12:02:40,244 DDP_Script [Rank 0] [INFO] epoch 19 시작
2025-11-16 12:02:40,256 DDP_Script [Rank 0] [INFO] DataLoader created with batch_size=64, num_workers=4
2025-11-16 12:02:40,259 DDP_Script [Rank 0] [INFO] 모든 노드 중 max_steps = 391
2025-11-16 12:02:40,259 DDP_Script [Rank 0] [INFO] local_steps=391, global_steps=391
2025-11-16 12:03:15,622 DDP_Script [Rank 0] [INFO] epoch 19 train step time: 35.36 seconds
2025-11-16 12:03:15,633 DDP_Script [Rank 0] [INFO] epoch 19 끝 (local_steps=391, global_steps=391)
2025-11-16 12:03:19,209 DDP_Script [Rank 0] [INFO] val acc 64.57%
2025-11-16 12:03:19,240 DDP_Script [Rank 0] [INFO] Saving checkpoint to ./checkpoints/job-2ae925c1684c/latest_checkpoint.pth ...
2025-11-16 12:03:19,717 DDP_Script [Rank 0] [INFO] Successfully reported epoch 19/20 (Acc: 64.57%) to global server.
2025-11-16 12:03:19,719 DDP_Script [Rank 0] [INFO] epoch 20 시작
2025-11-16 12:03:19,729 DDP_Script [Rank 0] [INFO] DataLoader created with batch_size=64, num_workers=4
2025-11-16 12:03:19,732 DDP_Script [Rank 0] [INFO] 모든 노드 중 max_steps = 391
2025-11-16 12:03:19,732 DDP_Script [Rank 0] [INFO] local_steps=391, global_steps=391
2025-11-16 12:03:54,266 DDP_Script [Rank 0] [INFO] epoch 20 train step time: 34.53 seconds
2025-11-16 12:03:54,268 DDP_Script [Rank 0] [INFO] epoch 20 끝 (local_steps=391, global_steps=391)
2025-11-16 12:03:57,993 DDP_Script [Rank 0] [INFO] val acc 65.08%
2025-11-16 12:03:58,026 DDP_Script [Rank 0] [INFO] Saving checkpoint to ./checkpoints/job-2ae925c1684c/latest_checkpoint.pth ...
2025-11-16 12:03:58,537 DDP_Script [Rank 0] [INFO] Successfully reported epoch 20/20 (Acc: 65.08%) to global server.
2025-11-16 12:03:58,539 DDP_Script [Rank 0] [INFO] Training completed successfully.
2025-11-16 12:03:58,539 DDP_Script [Rank 0] [INFO] Training loop finished.
