Current CUDA device index: 0
Current CUDA device name: NVIDIA GeForce RTX 5070 Ti
Master address: 163.180.117.216, port: 29563
2025-11-15 21:37:38,277 DDP_Script [Rank 0] [INFO] Node rank: 0, world size: 2
[Gloo] Rank 0 is connected to 1 peer ranks. Expected number of connected peer ranks is : 1
2025-11-15 21:37:38,346 DDP_Script [Rank 0] [INFO] Process group initialized: 163.180.117.216:29563
2025-11-15 21:37:38,346 DDP_Script [Rank 0] [INFO] Rank 0/2 initialized
Val sample labels: tensor([  2,   3,  13,  15,  41,  43,  64,  81,  91, 102, 117, 124, 129, 132,
        133, 135, 136, 151, 161, 162, 163, 168, 173, 174, 179, 180, 186, 197,
        199])
Train samples: 100000
Val   samples: 10000
/home/ubuntu216/anaconda3/envs/GlobalDART/lib/python3.9/site-packages/torchvision/models/_utils.py:208: UserWarning: The parameter 'pretrained' is deprecated since 0.13 and may be removed in the future, please use 'weights' instead.
  warnings.warn(
/home/ubuntu216/anaconda3/envs/GlobalDART/lib/python3.9/site-packages/torchvision/models/_utils.py:223: UserWarning: Arguments other than a weight enum or `None` for 'weights' are deprecated since 0.13 and may be removed in the future. The current behavior is equivalent to passing `weights=None`.
  warnings.warn(msg)
2025-11-15 21:37:39,693 DDP_Script [Rank 0] [INFO] Model, DDP, criterion, optimizer initialized
2025-11-15 21:37:39,697 DDP_Script [Rank 0] [INFO] Modules initialized
2025-11-15 21:37:39,698 DDP_Script [Rank 0] [INFO] Checkpoint directory created: ./checkpoints/job-6df23de06c03
2025-11-15 21:37:39,698 DDP_Script [Rank 0] [INFO] Starting training from scratch (epoch 1).
2025-11-15 21:37:39,725 DDP_Script [Rank 0] [INFO] epoch 1 시작
2025-11-15 21:37:39,742 DDP_Script [Rank 0] [INFO] DataLoader created with batch_size=32, num_workers=4
2025-11-15 21:37:39,791 DDP_Script [Rank 0] [INFO] 모든 노드 중 max_steps = 1563
2025-11-15 21:37:39,792 DDP_Script [Rank 0] [INFO] local_steps=1563, global_steps=1563
2025-11-15 21:42:33,808 DDP_Script [Rank 0] [INFO] epoch 1 train step time: 294.01 seconds
2025-11-15 21:42:33,824 DDP_Script [Rank 0] [INFO] epoch 1 끝 (local_steps=1563, global_steps=1563)
2025-11-15 21:42:39,763 DDP_Script [Rank 0] [INFO] val acc 10.47%
2025-11-15 21:42:39,782 DDP_Script [Rank 0] [INFO] Saving checkpoint to ./checkpoints/job-6df23de06c03/latest_checkpoint.pth ...
2025-11-15 21:42:40,075 DDP_Script [Rank 0] [INFO] Successfully reported epoch 1/20 (Acc: 10.47%) to global server.
2025-11-15 21:42:40,077 DDP_Script [Rank 0] [INFO] epoch 2 시작
2025-11-15 21:42:40,087 DDP_Script [Rank 0] [INFO] DataLoader created with batch_size=32, num_workers=4
2025-11-15 21:42:40,092 DDP_Script [Rank 0] [INFO] 모든 노드 중 max_steps = 1563
2025-11-15 21:42:40,092 DDP_Script [Rank 0] [INFO] local_steps=1563, global_steps=1563
2025-11-15 21:47:36,841 DDP_Script [Rank 0] [INFO] epoch 2 train step time: 296.75 seconds
2025-11-15 21:47:36,848 DDP_Script [Rank 0] [INFO] epoch 2 끝 (local_steps=1563, global_steps=1563)
2025-11-15 21:47:42,756 DDP_Script [Rank 0] [INFO] val acc 16.89%
2025-11-15 21:47:42,774 DDP_Script [Rank 0] [INFO] Saving checkpoint to ./checkpoints/job-6df23de06c03/latest_checkpoint.pth ...
2025-11-15 21:47:43,431 DDP_Script [Rank 0] [INFO] Successfully reported epoch 2/20 (Acc: 16.89%) to global server.
2025-11-15 21:47:43,433 DDP_Script [Rank 0] [INFO] epoch 3 시작
2025-11-15 21:47:43,449 DDP_Script [Rank 0] [INFO] DataLoader created with batch_size=32, num_workers=4
2025-11-15 21:47:43,458 DDP_Script [Rank 0] [INFO] 모든 노드 중 max_steps = 1563
2025-11-15 21:47:43,458 DDP_Script [Rank 0] [INFO] local_steps=1563, global_steps=1563
2025-11-15 21:52:42,636 DDP_Script [Rank 0] [INFO] epoch 3 train step time: 299.18 seconds
2025-11-15 21:52:42,639 DDP_Script [Rank 0] [INFO] epoch 3 끝 (local_steps=1563, global_steps=1563)
2025-11-15 21:52:48,455 DDP_Script [Rank 0] [INFO] val acc 26.39%
2025-11-15 21:52:48,473 DDP_Script [Rank 0] [INFO] Saving checkpoint to ./checkpoints/job-6df23de06c03/latest_checkpoint.pth ...
2025-11-15 21:52:48,926 DDP_Script [Rank 0] [INFO] Successfully reported epoch 3/20 (Acc: 26.39%) to global server.
2025-11-15 21:52:48,928 DDP_Script [Rank 0] [INFO] epoch 4 시작
2025-11-15 21:52:48,944 DDP_Script [Rank 0] [INFO] DataLoader created with batch_size=32, num_workers=4
2025-11-15 21:52:48,952 DDP_Script [Rank 0] [INFO] 모든 노드 중 max_steps = 1563
2025-11-15 21:52:48,952 DDP_Script [Rank 0] [INFO] local_steps=1563, global_steps=1563
2025-11-15 21:57:43,471 DDP_Script [Rank 0] [INFO] epoch 4 train step time: 294.52 seconds
2025-11-15 21:57:43,477 DDP_Script [Rank 0] [INFO] epoch 4 끝 (local_steps=1563, global_steps=1563)
2025-11-15 21:57:49,285 DDP_Script [Rank 0] [INFO] val acc 31.13%
2025-11-15 21:57:49,303 DDP_Script [Rank 0] [INFO] Saving checkpoint to ./checkpoints/job-6df23de06c03/latest_checkpoint.pth ...
2025-11-15 21:57:49,893 DDP_Script [Rank 0] [INFO] Successfully reported epoch 4/20 (Acc: 31.13%) to global server.
2025-11-15 21:57:49,897 DDP_Script [Rank 0] [INFO] epoch 5 시작
2025-11-15 21:57:49,920 DDP_Script [Rank 0] [INFO] DataLoader created with batch_size=32, num_workers=4
2025-11-15 21:57:49,927 DDP_Script [Rank 0] [INFO] 모든 노드 중 max_steps = 1563
2025-11-15 21:57:49,927 DDP_Script [Rank 0] [INFO] local_steps=1563, global_steps=1563
2025-11-15 22:02:46,165 DDP_Script [Rank 0] [INFO] epoch 5 train step time: 296.24 seconds
2025-11-15 22:02:46,172 DDP_Script [Rank 0] [INFO] epoch 5 끝 (local_steps=1563, global_steps=1563)
2025-11-15 22:02:51,817 DDP_Script [Rank 0] [INFO] val acc 34.66%
2025-11-15 22:02:51,836 DDP_Script [Rank 0] [INFO] Saving checkpoint to ./checkpoints/job-6df23de06c03/latest_checkpoint.pth ...
2025-11-15 22:02:52,359 DDP_Script [Rank 0] [INFO] Successfully reported epoch 5/20 (Acc: 34.66%) to global server.
2025-11-15 22:02:52,363 DDP_Script [Rank 0] [INFO] epoch 6 시작
2025-11-15 22:02:52,387 DDP_Script [Rank 0] [INFO] DataLoader created with batch_size=32, num_workers=4
2025-11-15 22:02:52,394 DDP_Script [Rank 0] [INFO] 모든 노드 중 max_steps = 1563
2025-11-15 22:02:52,394 DDP_Script [Rank 0] [INFO] local_steps=1563, global_steps=1563
2025-11-15 22:07:46,882 DDP_Script [Rank 0] [INFO] epoch 6 train step time: 294.49 seconds
2025-11-15 22:07:46,889 DDP_Script [Rank 0] [INFO] epoch 6 끝 (local_steps=1563, global_steps=1563)
2025-11-15 22:07:52,610 DDP_Script [Rank 0] [INFO] val acc 38.29%
2025-11-15 22:07:52,628 DDP_Script [Rank 0] [INFO] Saving checkpoint to ./checkpoints/job-6df23de06c03/latest_checkpoint.pth ...
2025-11-15 22:07:53,080 DDP_Script [Rank 0] [INFO] Successfully reported epoch 6/20 (Acc: 38.29%) to global server.
2025-11-15 22:07:53,082 DDP_Script [Rank 0] [INFO] epoch 7 시작
2025-11-15 22:07:53,098 DDP_Script [Rank 0] [INFO] DataLoader created with batch_size=32, num_workers=4
2025-11-15 22:07:53,109 DDP_Script [Rank 0] [INFO] 모든 노드 중 max_steps = 1563
2025-11-15 22:07:53,109 DDP_Script [Rank 0] [INFO] local_steps=1563, global_steps=1563
2025-11-15 22:12:51,269 DDP_Script [Rank 0] [INFO] epoch 7 train step time: 298.16 seconds
2025-11-15 22:12:51,271 DDP_Script [Rank 0] [INFO] epoch 7 끝 (local_steps=1563, global_steps=1563)
2025-11-15 22:12:57,388 DDP_Script [Rank 0] [INFO] val acc 40.31%
2025-11-15 22:12:57,410 DDP_Script [Rank 0] [INFO] Saving checkpoint to ./checkpoints/job-6df23de06c03/latest_checkpoint.pth ...
2025-11-15 22:12:58,161 DDP_Script [Rank 0] [INFO] Successfully reported epoch 7/20 (Acc: 40.31%) to global server.
2025-11-15 22:12:58,163 DDP_Script [Rank 0] [INFO] epoch 8 시작
2025-11-15 22:12:58,180 DDP_Script [Rank 0] [INFO] DataLoader created with batch_size=32, num_workers=4
2025-11-15 22:12:58,187 DDP_Script [Rank 0] [INFO] 모든 노드 중 max_steps = 1563
2025-11-15 22:12:58,187 DDP_Script [Rank 0] [INFO] local_steps=1563, global_steps=1563
2025-11-15 22:17:55,271 DDP_Script [Rank 0] [INFO] epoch 8 train step time: 297.08 seconds
2025-11-15 22:17:55,286 DDP_Script [Rank 0] [INFO] epoch 8 끝 (local_steps=1563, global_steps=1563)
2025-11-15 22:18:01,661 DDP_Script [Rank 0] [INFO] val acc 42.49%
2025-11-15 22:18:01,686 DDP_Script [Rank 0] [INFO] Saving checkpoint to ./checkpoints/job-6df23de06c03/latest_checkpoint.pth ...
2025-11-15 22:18:02,208 DDP_Script [Rank 0] [INFO] Successfully reported epoch 8/20 (Acc: 42.49%) to global server.
2025-11-15 22:18:02,211 DDP_Script [Rank 0] [INFO] epoch 9 시작
2025-11-15 22:18:02,236 DDP_Script [Rank 0] [INFO] DataLoader created with batch_size=32, num_workers=4
2025-11-15 22:18:02,246 DDP_Script [Rank 0] [INFO] 모든 노드 중 max_steps = 1563
2025-11-15 22:18:02,246 DDP_Script [Rank 0] [INFO] local_steps=1563, global_steps=1563
2025-11-15 22:23:07,754 DDP_Script [Rank 0] [INFO] epoch 9 train step time: 305.51 seconds
2025-11-15 22:23:07,764 DDP_Script [Rank 0] [INFO] epoch 9 끝 (local_steps=1563, global_steps=1563)
2025-11-15 22:23:13,927 DDP_Script [Rank 0] [INFO] val acc 44.96%
2025-11-15 22:23:13,950 DDP_Script [Rank 0] [INFO] Saving checkpoint to ./checkpoints/job-6df23de06c03/latest_checkpoint.pth ...
2025-11-15 22:23:14,501 DDP_Script [Rank 0] [INFO] Successfully reported epoch 9/20 (Acc: 44.96%) to global server.
2025-11-15 22:23:14,503 DDP_Script [Rank 0] [INFO] epoch 10 시작
2025-11-15 22:23:14,519 DDP_Script [Rank 0] [INFO] DataLoader created with batch_size=32, num_workers=4
2025-11-15 22:23:14,526 DDP_Script [Rank 0] [INFO] 모든 노드 중 max_steps = 1563
2025-11-15 22:23:14,526 DDP_Script [Rank 0] [INFO] local_steps=1563, global_steps=1563
2025-11-15 22:28:23,073 DDP_Script [Rank 0] [INFO] epoch 10 train step time: 308.55 seconds
2025-11-15 22:28:23,076 DDP_Script [Rank 0] [INFO] epoch 10 끝 (local_steps=1563, global_steps=1563)
2025-11-15 22:28:29,301 DDP_Script [Rank 0] [INFO] val acc 45.70%
2025-11-15 22:28:29,323 DDP_Script [Rank 0] [INFO] Saving checkpoint to ./checkpoints/job-6df23de06c03/latest_checkpoint.pth ...
2025-11-15 22:28:29,843 DDP_Script [Rank 0] [INFO] Successfully reported epoch 10/20 (Acc: 45.70%) to global server.
2025-11-15 22:28:29,846 DDP_Script [Rank 0] [INFO] epoch 11 시작
2025-11-15 22:28:29,862 DDP_Script [Rank 0] [INFO] DataLoader created with batch_size=32, num_workers=4
2025-11-15 22:28:29,870 DDP_Script [Rank 0] [INFO] 모든 노드 중 max_steps = 1563
2025-11-15 22:28:29,870 DDP_Script [Rank 0] [INFO] local_steps=1563, global_steps=1563
2025-11-15 22:33:34,196 DDP_Script [Rank 0] [INFO] epoch 11 train step time: 304.33 seconds
2025-11-15 22:33:34,200 DDP_Script [Rank 0] [INFO] epoch 11 끝 (local_steps=1563, global_steps=1563)
2025-11-15 22:33:40,537 DDP_Script [Rank 0] [INFO] val acc 47.95%
2025-11-15 22:33:40,571 DDP_Script [Rank 0] [INFO] Saving checkpoint to ./checkpoints/job-6df23de06c03/latest_checkpoint.pth ...
2025-11-15 22:33:41,100 DDP_Script [Rank 0] [INFO] Successfully reported epoch 11/20 (Acc: 47.95%) to global server.
2025-11-15 22:33:41,102 DDP_Script [Rank 0] [INFO] epoch 12 시작
2025-11-15 22:33:41,117 DDP_Script [Rank 0] [INFO] DataLoader created with batch_size=32, num_workers=4
2025-11-15 22:33:41,126 DDP_Script [Rank 0] [INFO] 모든 노드 중 max_steps = 1563
2025-11-15 22:33:41,126 DDP_Script [Rank 0] [INFO] local_steps=1563, global_steps=1563
2025-11-15 22:38:47,816 DDP_Script [Rank 0] [INFO] epoch 12 train step time: 306.69 seconds
2025-11-15 22:38:47,820 DDP_Script [Rank 0] [INFO] epoch 12 끝 (local_steps=1563, global_steps=1563)
2025-11-15 22:38:53,843 DDP_Script [Rank 0] [INFO] val acc 48.32%
2025-11-15 22:38:53,863 DDP_Script [Rank 0] [INFO] Saving checkpoint to ./checkpoints/job-6df23de06c03/latest_checkpoint.pth ...
2025-11-15 22:38:54,371 DDP_Script [Rank 0] [INFO] Successfully reported epoch 12/20 (Acc: 48.32%) to global server.
2025-11-15 22:38:54,373 DDP_Script [Rank 0] [INFO] epoch 13 시작
2025-11-15 22:38:54,396 DDP_Script [Rank 0] [INFO] DataLoader created with batch_size=32, num_workers=4
2025-11-15 22:38:54,405 DDP_Script [Rank 0] [INFO] 모든 노드 중 max_steps = 1563
2025-11-15 22:38:54,405 DDP_Script [Rank 0] [INFO] local_steps=1563, global_steps=1563
2025-11-15 22:44:00,060 DDP_Script [Rank 0] [INFO] epoch 13 train step time: 305.65 seconds
2025-11-15 22:44:00,069 DDP_Script [Rank 0] [INFO] epoch 13 끝 (local_steps=1563, global_steps=1563)
2025-11-15 22:44:06,579 DDP_Script [Rank 0] [INFO] val acc 50.42%
2025-11-15 22:44:06,601 DDP_Script [Rank 0] [INFO] Saving checkpoint to ./checkpoints/job-6df23de06c03/latest_checkpoint.pth ...
2025-11-15 22:44:07,162 DDP_Script [Rank 0] [INFO] Successfully reported epoch 13/20 (Acc: 50.42%) to global server.
2025-11-15 22:44:07,164 DDP_Script [Rank 0] [INFO] epoch 14 시작
2025-11-15 22:44:07,180 DDP_Script [Rank 0] [INFO] DataLoader created with batch_size=32, num_workers=4
2025-11-15 22:44:07,188 DDP_Script [Rank 0] [INFO] 모든 노드 중 max_steps = 1563
2025-11-15 22:44:07,188 DDP_Script [Rank 0] [INFO] local_steps=1563, global_steps=1563
2025-11-15 22:49:03,339 DDP_Script [Rank 0] [INFO] epoch 14 train step time: 296.15 seconds
2025-11-15 22:49:03,342 DDP_Script [Rank 0] [INFO] epoch 14 끝 (local_steps=1563, global_steps=1563)
2025-11-15 22:49:09,156 DDP_Script [Rank 0] [INFO] val acc 51.02%
2025-11-15 22:49:09,188 DDP_Script [Rank 0] [INFO] Saving checkpoint to ./checkpoints/job-6df23de06c03/latest_checkpoint.pth ...
2025-11-15 22:49:09,765 DDP_Script [Rank 0] [INFO] Successfully reported epoch 14/20 (Acc: 51.02%) to global server.
2025-11-15 22:49:09,767 DDP_Script [Rank 0] [INFO] epoch 15 시작
2025-11-15 22:49:09,782 DDP_Script [Rank 0] [INFO] DataLoader created with batch_size=32, num_workers=4
2025-11-15 22:49:09,789 DDP_Script [Rank 0] [INFO] 모든 노드 중 max_steps = 1563
2025-11-15 22:49:09,789 DDP_Script [Rank 0] [INFO] local_steps=1563, global_steps=1563
2025-11-15 22:54:07,049 DDP_Script [Rank 0] [INFO] epoch 15 train step time: 297.26 seconds
2025-11-15 22:54:07,060 DDP_Script [Rank 0] [INFO] epoch 15 끝 (local_steps=1563, global_steps=1563)
2025-11-15 22:54:12,710 DDP_Script [Rank 0] [INFO] val acc 51.71%
2025-11-15 22:54:12,728 DDP_Script [Rank 0] [INFO] Saving checkpoint to ./checkpoints/job-6df23de06c03/latest_checkpoint.pth ...
2025-11-15 22:54:13,200 DDP_Script [Rank 0] [INFO] Successfully reported epoch 15/20 (Acc: 51.71%) to global server.
2025-11-15 22:54:13,202 DDP_Script [Rank 0] [INFO] epoch 16 시작
2025-11-15 22:54:13,217 DDP_Script [Rank 0] [INFO] DataLoader created with batch_size=32, num_workers=4
2025-11-15 22:54:13,226 DDP_Script [Rank 0] [INFO] 모든 노드 중 max_steps = 1563
2025-11-15 22:54:13,226 DDP_Script [Rank 0] [INFO] local_steps=1563, global_steps=1563
2025-11-15 22:59:13,874 DDP_Script [Rank 0] [INFO] epoch 16 train step time: 300.65 seconds
2025-11-15 22:59:13,876 DDP_Script [Rank 0] [INFO] epoch 16 끝 (local_steps=1563, global_steps=1563)
2025-11-15 22:59:19,452 DDP_Script [Rank 0] [INFO] val acc 52.15%
2025-11-15 22:59:19,471 DDP_Script [Rank 0] [INFO] Saving checkpoint to ./checkpoints/job-6df23de06c03/latest_checkpoint.pth ...
2025-11-15 22:59:19,918 DDP_Script [Rank 0] [INFO] Successfully reported epoch 16/20 (Acc: 52.15%) to global server.
2025-11-15 22:59:19,919 DDP_Script [Rank 0] [INFO] epoch 17 시작
2025-11-15 22:59:19,934 DDP_Script [Rank 0] [INFO] DataLoader created with batch_size=32, num_workers=4
2025-11-15 22:59:19,941 DDP_Script [Rank 0] [INFO] 모든 노드 중 max_steps = 1563
2025-11-15 22:59:19,941 DDP_Script [Rank 0] [INFO] local_steps=1563, global_steps=1563
2025-11-15 23:04:16,699 DDP_Script [Rank 0] [INFO] epoch 17 train step time: 296.76 seconds
2025-11-15 23:04:16,702 DDP_Script [Rank 0] [INFO] epoch 17 끝 (local_steps=1563, global_steps=1563)
2025-11-15 23:04:22,989 DDP_Script [Rank 0] [INFO] val acc 53.29%
2025-11-15 23:04:23,023 DDP_Script [Rank 0] [INFO] Saving checkpoint to ./checkpoints/job-6df23de06c03/latest_checkpoint.pth ...
2025-11-15 23:04:23,494 DDP_Script [Rank 0] [INFO] Successfully reported epoch 17/20 (Acc: 53.29%) to global server.
2025-11-15 23:04:23,495 DDP_Script [Rank 0] [INFO] epoch 18 시작
2025-11-15 23:04:23,510 DDP_Script [Rank 0] [INFO] DataLoader created with batch_size=32, num_workers=4
2025-11-15 23:04:23,522 DDP_Script [Rank 0] [INFO] 모든 노드 중 max_steps = 1563
2025-11-15 23:04:23,522 DDP_Script [Rank 0] [INFO] local_steps=1563, global_steps=1563
2025-11-15 23:09:24,585 DDP_Script [Rank 0] [INFO] epoch 18 train step time: 301.06 seconds
2025-11-15 23:09:24,601 DDP_Script [Rank 0] [INFO] epoch 18 끝 (local_steps=1563, global_steps=1563)
2025-11-15 23:09:30,490 DDP_Script [Rank 0] [INFO] val acc 54.31%
2025-11-15 23:09:30,523 DDP_Script [Rank 0] [INFO] Saving checkpoint to ./checkpoints/job-6df23de06c03/latest_checkpoint.pth ...
2025-11-15 23:09:31,088 DDP_Script [Rank 0] [INFO] Successfully reported epoch 18/20 (Acc: 54.31%) to global server.
2025-11-15 23:09:31,090 DDP_Script [Rank 0] [INFO] epoch 19 시작
2025-11-15 23:09:31,105 DDP_Script [Rank 0] [INFO] DataLoader created with batch_size=32, num_workers=4
2025-11-15 23:09:31,112 DDP_Script [Rank 0] [INFO] 모든 노드 중 max_steps = 1563
2025-11-15 23:09:31,112 DDP_Script [Rank 0] [INFO] local_steps=1563, global_steps=1563
2025-11-15 23:14:29,429 DDP_Script [Rank 0] [INFO] epoch 19 train step time: 298.32 seconds
2025-11-15 23:14:29,445 DDP_Script [Rank 0] [INFO] epoch 19 끝 (local_steps=1563, global_steps=1563)
2025-11-15 23:14:35,558 DDP_Script [Rank 0] [INFO] val acc 54.67%
2025-11-15 23:14:35,592 DDP_Script [Rank 0] [INFO] Saving checkpoint to ./checkpoints/job-6df23de06c03/latest_checkpoint.pth ...
2025-11-15 23:14:36,070 DDP_Script [Rank 0] [INFO] Successfully reported epoch 19/20 (Acc: 54.67%) to global server.
2025-11-15 23:14:36,072 DDP_Script [Rank 0] [INFO] epoch 20 시작
2025-11-15 23:14:36,086 DDP_Script [Rank 0] [INFO] DataLoader created with batch_size=32, num_workers=4
2025-11-15 23:14:36,097 DDP_Script [Rank 0] [INFO] 모든 노드 중 max_steps = 1563
2025-11-15 23:14:36,097 DDP_Script [Rank 0] [INFO] local_steps=1563, global_steps=1563
2025-11-15 23:19:34,499 DDP_Script [Rank 0] [INFO] epoch 20 train step time: 298.40 seconds
2025-11-15 23:19:34,513 DDP_Script [Rank 0] [INFO] epoch 20 끝 (local_steps=1563, global_steps=1563)
2025-11-15 23:19:40,318 DDP_Script [Rank 0] [INFO] val acc 54.86%
2025-11-15 23:19:40,336 DDP_Script [Rank 0] [INFO] Saving checkpoint to ./checkpoints/job-6df23de06c03/latest_checkpoint.pth ...
2025-11-15 23:19:40,806 DDP_Script [Rank 0] [INFO] Successfully reported epoch 20/20 (Acc: 54.86%) to global server.
2025-11-15 23:19:40,808 DDP_Script [Rank 0] [INFO] Training completed successfully.
2025-11-15 23:19:40,808 DDP_Script [Rank 0] [INFO] Training loop finished.
