Current CUDA device index: 0
Current CUDA device name: NVIDIA GeForce RTX 5070 Ti
Master address: 163.180.117.216, port: 29549
2025-11-16 07:16:40,220 DDP_Script [Rank 0] [INFO] Node rank: 0, world size: 2
[Gloo] Rank 0 is connected to 1 peer ranks. Expected number of connected peer ranks is : 1
2025-11-16 07:16:40,329 DDP_Script [Rank 0] [INFO] Process group initialized: 163.180.117.216:29549
2025-11-16 07:16:40,329 DDP_Script [Rank 0] [INFO] Rank 0/2 initialized
2025-11-16 07:16:40,329 DDP_Script [Rank 0] [INFO] Rank 0 downloading tokenizer: distilbert-base-uncased
2025-11-16 07:16:41,318 DDP_Script [Rank 0] [INFO] Rank 0 downloading dataset: glue/sst2
2025-11-16 07:16:46,082 DDP_Script [Rank 0] [INFO] Tokenizing datasets...
2025-11-16 07:16:46,128 DDP_Script [Rank 0] [INFO] SST-2 Dataset and Tokenizer loaded.
2025-11-16 07:16:46,129 DDP_Script [Rank 0] [INFO] Rank 0 downloading model: distilbert-base-uncased
Some weights of DistilBertForSequenceClassification were not initialized from the model checkpoint at distilbert-base-uncased and are newly initialized: ['classifier.bias', 'classifier.weight', 'pre_classifier.bias', 'pre_classifier.weight']
You should probably TRAIN this model on a down-stream task to be able to use it for predictions and inference.
2025-11-16 07:16:51,943 DDP_Script [Rank 0] [INFO] Model (DistilBert), DDP, optimizer (AdamW) initialized
2025-11-16 07:16:51,947 DDP_Script [Rank 0] [INFO] Modules initialized
2025-11-16 07:16:51,948 DDP_Script [Rank 0] [INFO] Checkpoint directory created: ./checkpoints/job-5f822b583946
2025-11-16 07:16:51,948 DDP_Script [Rank 0] [INFO] Starting training from scratch (epoch 1).
2025-11-16 07:16:51,949 DDP_Script [Rank 0] [INFO] epoch 1 시작
2025-11-16 07:16:51,988 DDP_Script [Rank 0] [INFO] DataLoader created with batch_size=32, num_workers=4
2025-11-16 07:16:51,992 DDP_Script [Rank 0] [INFO] 모든 노드 중 max_steps = 1053
2025-11-16 07:16:51,992 DDP_Script [Rank 0] [INFO] local_steps=1053, global_steps=1053
2025-11-16 07:22:58,611 DDP_Script [Rank 0] [INFO] epoch 1 train step time: 366.62 seconds
2025-11-16 07:22:58,615 DDP_Script [Rank 0] [INFO] epoch 1 끝 (local_steps=1053, global_steps=1053)
2025-11-16 07:22:59,058 DDP_Script [Rank 0] [INFO] val acc 90.14%
2025-11-16 07:22:59,072 DDP_Script [Rank 0] [INFO] Saving checkpoint to ./checkpoints/job-5f822b583946/latest_checkpoint.pth ...
2025-11-16 07:23:00,294 DDP_Script [Rank 0] [INFO] Successfully reported epoch 1/20 (Acc: 90.14%) to global server.
2025-11-16 07:23:00,296 DDP_Script [Rank 0] [INFO] epoch 2 시작
2025-11-16 07:23:00,303 DDP_Script [Rank 0] [INFO] DataLoader created with batch_size=32, num_workers=4
2025-11-16 07:23:00,310 DDP_Script [Rank 0] [INFO] 모든 노드 중 max_steps = 1053
2025-11-16 07:23:00,311 DDP_Script [Rank 0] [INFO] local_steps=1053, global_steps=1053
2025-11-16 07:29:07,341 DDP_Script [Rank 0] [INFO] epoch 2 train step time: 367.03 seconds
2025-11-16 07:29:07,344 DDP_Script [Rank 0] [INFO] epoch 2 끝 (local_steps=1053, global_steps=1053)
2025-11-16 07:29:07,878 DDP_Script [Rank 0] [INFO] val acc 89.91%
2025-11-16 07:29:07,894 DDP_Script [Rank 0] [INFO] Saving checkpoint to ./checkpoints/job-5f822b583946/latest_checkpoint.pth ...
2025-11-16 07:29:10,838 DDP_Script [Rank 0] [INFO] Successfully reported epoch 2/20 (Acc: 89.91%) to global server.
2025-11-16 07:29:10,842 DDP_Script [Rank 0] [INFO] epoch 3 시작
2025-11-16 07:29:10,861 DDP_Script [Rank 0] [INFO] DataLoader created with batch_size=32, num_workers=4
2025-11-16 07:29:10,864 DDP_Script [Rank 0] [INFO] 모든 노드 중 max_steps = 1053
2025-11-16 07:29:10,864 DDP_Script [Rank 0] [INFO] local_steps=1053, global_steps=1053
2025-11-16 07:35:05,628 DDP_Script [Rank 0] [INFO] epoch 3 train step time: 354.76 seconds
2025-11-16 07:35:05,640 DDP_Script [Rank 0] [INFO] epoch 3 끝 (local_steps=1053, global_steps=1053)
2025-11-16 07:35:06,089 DDP_Script [Rank 0] [INFO] val acc 90.02%
2025-11-16 07:35:06,103 DDP_Script [Rank 0] [INFO] Saving checkpoint to ./checkpoints/job-5f822b583946/latest_checkpoint.pth ...
2025-11-16 07:35:09,185 DDP_Script [Rank 0] [INFO] Successfully reported epoch 3/20 (Acc: 90.02%) to global server.
2025-11-16 07:35:09,188 DDP_Script [Rank 0] [INFO] epoch 4 시작
2025-11-16 07:35:09,203 DDP_Script [Rank 0] [INFO] DataLoader created with batch_size=32, num_workers=4
2025-11-16 07:35:09,207 DDP_Script [Rank 0] [INFO] 모든 노드 중 max_steps = 1053
2025-11-16 07:35:09,207 DDP_Script [Rank 0] [INFO] local_steps=1053, global_steps=1053
2025-11-16 07:41:10,725 DDP_Script [Rank 0] [INFO] epoch 4 train step time: 361.52 seconds
2025-11-16 07:41:10,728 DDP_Script [Rank 0] [INFO] epoch 4 끝 (local_steps=1053, global_steps=1053)
2025-11-16 07:41:11,164 DDP_Script [Rank 0] [INFO] val acc 90.37%
2025-11-16 07:41:11,177 DDP_Script [Rank 0] [INFO] Saving checkpoint to ./checkpoints/job-5f822b583946/latest_checkpoint.pth ...
2025-11-16 07:41:14,156 DDP_Script [Rank 0] [INFO] Successfully reported epoch 4/20 (Acc: 90.37%) to global server.
2025-11-16 07:41:14,159 DDP_Script [Rank 0] [INFO] epoch 5 시작
2025-11-16 07:41:14,173 DDP_Script [Rank 0] [INFO] DataLoader created with batch_size=32, num_workers=4
2025-11-16 07:41:14,179 DDP_Script [Rank 0] [INFO] 모든 노드 중 max_steps = 1053
2025-11-16 07:41:14,180 DDP_Script [Rank 0] [INFO] local_steps=1053, global_steps=1053
2025-11-16 07:47:14,692 DDP_Script [Rank 0] [INFO] epoch 5 train step time: 360.51 seconds
2025-11-16 07:47:14,695 DDP_Script [Rank 0] [INFO] epoch 5 끝 (local_steps=1053, global_steps=1053)
2025-11-16 07:47:15,132 DDP_Script [Rank 0] [INFO] val acc 91.06%
2025-11-16 07:47:15,147 DDP_Script [Rank 0] [INFO] Saving checkpoint to ./checkpoints/job-5f822b583946/latest_checkpoint.pth ...
2025-11-16 07:47:18,051 DDP_Script [Rank 0] [INFO] Successfully reported epoch 5/20 (Acc: 91.06%) to global server.
2025-11-16 07:47:18,054 DDP_Script [Rank 0] [INFO] epoch 6 시작
2025-11-16 07:47:18,071 DDP_Script [Rank 0] [INFO] DataLoader created with batch_size=32, num_workers=4
2025-11-16 07:47:18,075 DDP_Script [Rank 0] [INFO] 모든 노드 중 max_steps = 1053
2025-11-16 07:47:18,075 DDP_Script [Rank 0] [INFO] local_steps=1053, global_steps=1053
2025-11-16 07:53:17,544 DDP_Script [Rank 0] [INFO] epoch 6 train step time: 359.47 seconds
2025-11-16 07:53:17,547 DDP_Script [Rank 0] [INFO] epoch 6 끝 (local_steps=1053, global_steps=1053)
2025-11-16 07:53:18,007 DDP_Script [Rank 0] [INFO] val acc 89.91%
2025-11-16 07:53:18,020 DDP_Script [Rank 0] [INFO] Saving checkpoint to ./checkpoints/job-5f822b583946/latest_checkpoint.pth ...
2025-11-16 07:53:20,988 DDP_Script [Rank 0] [INFO] Successfully reported epoch 6/20 (Acc: 89.91%) to global server.
2025-11-16 07:53:20,991 DDP_Script [Rank 0] [INFO] epoch 7 시작
2025-11-16 07:53:21,011 DDP_Script [Rank 0] [INFO] DataLoader created with batch_size=32, num_workers=4
2025-11-16 07:53:21,014 DDP_Script [Rank 0] [INFO] 모든 노드 중 max_steps = 1053
2025-11-16 07:53:21,014 DDP_Script [Rank 0] [INFO] local_steps=1053, global_steps=1053
2025-11-16 07:59:34,356 DDP_Script [Rank 0] [INFO] epoch 7 train step time: 373.34 seconds
2025-11-16 07:59:34,367 DDP_Script [Rank 0] [INFO] epoch 7 끝 (local_steps=1053, global_steps=1053)
2025-11-16 07:59:34,812 DDP_Script [Rank 0] [INFO] val acc 90.48%
2025-11-16 07:59:34,826 DDP_Script [Rank 0] [INFO] Saving checkpoint to ./checkpoints/job-5f822b583946/latest_checkpoint.pth ...
2025-11-16 07:59:37,627 DDP_Script [Rank 0] [INFO] Successfully reported epoch 7/20 (Acc: 90.48%) to global server.
2025-11-16 07:59:37,630 DDP_Script [Rank 0] [INFO] epoch 8 시작
2025-11-16 07:59:37,644 DDP_Script [Rank 0] [INFO] DataLoader created with batch_size=32, num_workers=4
2025-11-16 07:59:37,652 DDP_Script [Rank 0] [INFO] 모든 노드 중 max_steps = 1053
2025-11-16 07:59:37,652 DDP_Script [Rank 0] [INFO] local_steps=1053, global_steps=1053
2025-11-16 08:05:53,879 DDP_Script [Rank 0] [INFO] epoch 8 train step time: 376.23 seconds
2025-11-16 08:05:53,882 DDP_Script [Rank 0] [INFO] epoch 8 끝 (local_steps=1053, global_steps=1053)
2025-11-16 08:05:54,318 DDP_Script [Rank 0] [INFO] val acc 90.02%
2025-11-16 08:05:54,328 DDP_Script [Rank 0] [INFO] Saving checkpoint to ./checkpoints/job-5f822b583946/latest_checkpoint.pth ...
2025-11-16 08:05:57,117 DDP_Script [Rank 0] [INFO] Successfully reported epoch 8/20 (Acc: 90.02%) to global server.
2025-11-16 08:05:57,119 DDP_Script [Rank 0] [INFO] epoch 9 시작
2025-11-16 08:05:57,136 DDP_Script [Rank 0] [INFO] DataLoader created with batch_size=32, num_workers=4
2025-11-16 08:05:57,140 DDP_Script [Rank 0] [INFO] 모든 노드 중 max_steps = 1053
2025-11-16 08:05:57,140 DDP_Script [Rank 0] [INFO] local_steps=1053, global_steps=1053
2025-11-16 08:12:03,372 DDP_Script [Rank 0] [INFO] epoch 9 train step time: 366.23 seconds
2025-11-16 08:12:03,375 DDP_Script [Rank 0] [INFO] epoch 9 끝 (local_steps=1053, global_steps=1053)
2025-11-16 08:12:03,937 DDP_Script [Rank 0] [INFO] val acc 90.14%
2025-11-16 08:12:03,954 DDP_Script [Rank 0] [INFO] Saving checkpoint to ./checkpoints/job-5f822b583946/latest_checkpoint.pth ...
2025-11-16 08:12:07,751 DDP_Script [Rank 0] [INFO] Successfully reported epoch 9/20 (Acc: 90.14%) to global server.
2025-11-16 08:12:07,754 DDP_Script [Rank 0] [INFO] epoch 10 시작
2025-11-16 08:12:07,776 DDP_Script [Rank 0] [INFO] DataLoader created with batch_size=32, num_workers=4
2025-11-16 08:12:07,835 DDP_Script [Rank 0] [INFO] 모든 노드 중 max_steps = 1053
2025-11-16 08:12:07,836 DDP_Script [Rank 0] [INFO] local_steps=1053, global_steps=1053
2025-11-16 08:18:15,932 DDP_Script [Rank 0] [INFO] epoch 10 train step time: 368.09 seconds
2025-11-16 08:18:15,935 DDP_Script [Rank 0] [INFO] epoch 10 끝 (local_steps=1053, global_steps=1053)
2025-11-16 08:18:16,373 DDP_Script [Rank 0] [INFO] val acc 89.79%
2025-11-16 08:18:16,387 DDP_Script [Rank 0] [INFO] Saving checkpoint to ./checkpoints/job-5f822b583946/latest_checkpoint.pth ...
2025-11-16 08:18:19,407 DDP_Script [Rank 0] [INFO] Successfully reported epoch 10/20 (Acc: 89.79%) to global server.
2025-11-16 08:18:19,409 DDP_Script [Rank 0] [INFO] epoch 11 시작
2025-11-16 08:18:19,421 DDP_Script [Rank 0] [INFO] DataLoader created with batch_size=32, num_workers=4
2025-11-16 08:18:19,429 DDP_Script [Rank 0] [INFO] 모든 노드 중 max_steps = 1053
2025-11-16 08:18:19,429 DDP_Script [Rank 0] [INFO] local_steps=1053, global_steps=1053
2025-11-16 08:24:29,440 DDP_Script [Rank 0] [INFO] epoch 11 train step time: 370.01 seconds
2025-11-16 08:24:29,443 DDP_Script [Rank 0] [INFO] epoch 11 끝 (local_steps=1053, global_steps=1053)
2025-11-16 08:24:29,874 DDP_Script [Rank 0] [INFO] val acc 89.56%
2025-11-16 08:24:29,883 DDP_Script [Rank 0] [INFO] Saving checkpoint to ./checkpoints/job-5f822b583946/latest_checkpoint.pth ...
2025-11-16 08:24:32,664 DDP_Script [Rank 0] [INFO] Successfully reported epoch 11/20 (Acc: 89.56%) to global server.
2025-11-16 08:24:32,668 DDP_Script [Rank 0] [INFO] epoch 12 시작
2025-11-16 08:24:32,692 DDP_Script [Rank 0] [INFO] DataLoader created with batch_size=32, num_workers=4
2025-11-16 08:24:32,695 DDP_Script [Rank 0] [INFO] 모든 노드 중 max_steps = 1053
2025-11-16 08:24:32,695 DDP_Script [Rank 0] [INFO] local_steps=1053, global_steps=1053
2025-11-16 08:30:38,868 DDP_Script [Rank 0] [INFO] epoch 12 train step time: 366.17 seconds
2025-11-16 08:30:38,884 DDP_Script [Rank 0] [INFO] epoch 12 끝 (local_steps=1053, global_steps=1053)
2025-11-16 08:30:39,388 DDP_Script [Rank 0] [INFO] val acc 89.56%
2025-11-16 08:30:39,402 DDP_Script [Rank 0] [INFO] Saving checkpoint to ./checkpoints/job-5f822b583946/latest_checkpoint.pth ...
2025-11-16 08:30:42,257 DDP_Script [Rank 0] [INFO] Successfully reported epoch 12/20 (Acc: 89.56%) to global server.
2025-11-16 08:30:42,260 DDP_Script [Rank 0] [INFO] epoch 13 시작
2025-11-16 08:30:42,274 DDP_Script [Rank 0] [INFO] DataLoader created with batch_size=32, num_workers=4
2025-11-16 08:30:42,278 DDP_Script [Rank 0] [INFO] 모든 노드 중 max_steps = 1053
2025-11-16 08:30:42,278 DDP_Script [Rank 0] [INFO] local_steps=1053, global_steps=1053
2025-11-16 08:36:58,038 DDP_Script [Rank 0] [INFO] epoch 13 train step time: 375.76 seconds
2025-11-16 08:36:58,040 DDP_Script [Rank 0] [INFO] epoch 13 끝 (local_steps=1053, global_steps=1053)
2025-11-16 08:36:58,515 DDP_Script [Rank 0] [INFO] val acc 90.37%
2025-11-16 08:36:58,528 DDP_Script [Rank 0] [INFO] Saving checkpoint to ./checkpoints/job-5f822b583946/latest_checkpoint.pth ...
2025-11-16 08:37:01,457 DDP_Script [Rank 0] [INFO] Successfully reported epoch 13/20 (Acc: 90.37%) to global server.
2025-11-16 08:37:01,484 DDP_Script [Rank 0] [INFO] epoch 14 시작
2025-11-16 08:37:01,496 DDP_Script [Rank 0] [INFO] DataLoader created with batch_size=32, num_workers=4
2025-11-16 08:37:01,507 DDP_Script [Rank 0] [INFO] 모든 노드 중 max_steps = 1053
2025-11-16 08:37:01,507 DDP_Script [Rank 0] [INFO] local_steps=1053, global_steps=1053
2025-11-16 08:43:19,612 DDP_Script [Rank 0] [INFO] epoch 14 train step time: 378.10 seconds
2025-11-16 08:43:19,627 DDP_Script [Rank 0] [INFO] epoch 14 끝 (local_steps=1053, global_steps=1053)
2025-11-16 08:43:20,062 DDP_Script [Rank 0] [INFO] val acc 88.65%
2025-11-16 08:43:20,071 DDP_Script [Rank 0] [INFO] Saving checkpoint to ./checkpoints/job-5f822b583946/latest_checkpoint.pth ...
2025-11-16 08:43:22,890 DDP_Script [Rank 0] [INFO] Successfully reported epoch 14/20 (Acc: 88.65%) to global server.
2025-11-16 08:43:22,892 DDP_Script [Rank 0] [INFO] epoch 15 시작
2025-11-16 08:43:22,906 DDP_Script [Rank 0] [INFO] DataLoader created with batch_size=32, num_workers=4
2025-11-16 08:43:22,913 DDP_Script [Rank 0] [INFO] 모든 노드 중 max_steps = 1053
2025-11-16 08:43:22,913 DDP_Script [Rank 0] [INFO] local_steps=1053, global_steps=1053
2025-11-16 08:49:37,236 DDP_Script [Rank 0] [INFO] epoch 15 train step time: 374.32 seconds
2025-11-16 08:49:37,243 DDP_Script [Rank 0] [INFO] epoch 15 끝 (local_steps=1053, global_steps=1053)
2025-11-16 08:49:37,661 DDP_Script [Rank 0] [INFO] val acc 90.37%
2025-11-16 08:49:37,671 DDP_Script [Rank 0] [INFO] Saving checkpoint to ./checkpoints/job-5f822b583946/latest_checkpoint.pth ...
2025-11-16 08:49:40,572 DDP_Script [Rank 0] [INFO] Successfully reported epoch 15/20 (Acc: 90.37%) to global server.
2025-11-16 08:49:40,576 DDP_Script [Rank 0] [INFO] epoch 16 시작
2025-11-16 08:49:40,601 DDP_Script [Rank 0] [INFO] DataLoader created with batch_size=32, num_workers=4
2025-11-16 08:49:40,605 DDP_Script [Rank 0] [INFO] 모든 노드 중 max_steps = 1053
2025-11-16 08:49:40,605 DDP_Script [Rank 0] [INFO] local_steps=1053, global_steps=1053
2025-11-16 08:55:55,440 DDP_Script [Rank 0] [INFO] epoch 16 train step time: 374.83 seconds
2025-11-16 08:55:55,449 DDP_Script [Rank 0] [INFO] epoch 16 끝 (local_steps=1053, global_steps=1053)
2025-11-16 08:55:55,985 DDP_Script [Rank 0] [INFO] val acc 89.91%
2025-11-16 08:55:56,007 DDP_Script [Rank 0] [INFO] Saving checkpoint to ./checkpoints/job-5f822b583946/latest_checkpoint.pth ...
2025-11-16 08:55:58,885 DDP_Script [Rank 0] [INFO] Successfully reported epoch 16/20 (Acc: 89.91%) to global server.
2025-11-16 08:55:58,887 DDP_Script [Rank 0] [INFO] epoch 17 시작
2025-11-16 08:55:58,896 DDP_Script [Rank 0] [INFO] DataLoader created with batch_size=32, num_workers=4
2025-11-16 08:55:58,906 DDP_Script [Rank 0] [INFO] 모든 노드 중 max_steps = 1053
2025-11-16 08:55:58,906 DDP_Script [Rank 0] [INFO] local_steps=1053, global_steps=1053
2025-11-16 09:02:15,838 DDP_Script [Rank 0] [INFO] epoch 17 train step time: 376.93 seconds
2025-11-16 09:02:15,850 DDP_Script [Rank 0] [INFO] epoch 17 끝 (local_steps=1053, global_steps=1053)
2025-11-16 09:02:16,490 DDP_Script [Rank 0] [INFO] val acc 90.02%
2025-11-16 09:02:16,501 DDP_Script [Rank 0] [INFO] Saving checkpoint to ./checkpoints/job-5f822b583946/latest_checkpoint.pth ...
2025-11-16 09:02:19,270 DDP_Script [Rank 0] [INFO] Successfully reported epoch 17/20 (Acc: 90.02%) to global server.
2025-11-16 09:02:19,272 DDP_Script [Rank 0] [INFO] epoch 18 시작
2025-11-16 09:02:19,286 DDP_Script [Rank 0] [INFO] DataLoader created with batch_size=32, num_workers=4
2025-11-16 09:02:19,290 DDP_Script [Rank 0] [INFO] 모든 노드 중 max_steps = 1053
2025-11-16 09:02:19,291 DDP_Script [Rank 0] [INFO] local_steps=1053, global_steps=1053
2025-11-16 09:08:34,320 DDP_Script [Rank 0] [INFO] epoch 18 train step time: 375.03 seconds
2025-11-16 09:08:34,325 DDP_Script [Rank 0] [INFO] epoch 18 끝 (local_steps=1053, global_steps=1053)
2025-11-16 09:08:34,740 DDP_Script [Rank 0] [INFO] val acc 88.88%
2025-11-16 09:08:34,748 DDP_Script [Rank 0] [INFO] Saving checkpoint to ./checkpoints/job-5f822b583946/latest_checkpoint.pth ...
2025-11-16 09:08:37,548 DDP_Script [Rank 0] [INFO] Successfully reported epoch 18/20 (Acc: 88.88%) to global server.
2025-11-16 09:08:37,552 DDP_Script [Rank 0] [INFO] epoch 19 시작
2025-11-16 09:08:37,574 DDP_Script [Rank 0] [INFO] DataLoader created with batch_size=32, num_workers=4
2025-11-16 09:08:37,578 DDP_Script [Rank 0] [INFO] 모든 노드 중 max_steps = 1053
2025-11-16 09:08:37,578 DDP_Script [Rank 0] [INFO] local_steps=1053, global_steps=1053
2025-11-16 09:14:42,527 DDP_Script [Rank 0] [INFO] epoch 19 train step time: 364.95 seconds
2025-11-16 09:14:42,535 DDP_Script [Rank 0] [INFO] epoch 19 끝 (local_steps=1053, global_steps=1053)
2025-11-16 09:14:42,998 DDP_Script [Rank 0] [INFO] val acc 90.37%
2025-11-16 09:14:43,007 DDP_Script [Rank 0] [INFO] Saving checkpoint to ./checkpoints/job-5f822b583946/latest_checkpoint.pth ...
2025-11-16 09:14:45,757 DDP_Script [Rank 0] [INFO] Successfully reported epoch 19/20 (Acc: 90.37%) to global server.
2025-11-16 09:14:45,760 DDP_Script [Rank 0] [INFO] epoch 20 시작
2025-11-16 09:14:45,773 DDP_Script [Rank 0] [INFO] DataLoader created with batch_size=32, num_workers=4
2025-11-16 09:14:45,781 DDP_Script [Rank 0] [INFO] 모든 노드 중 max_steps = 1053
2025-11-16 09:14:45,781 DDP_Script [Rank 0] [INFO] local_steps=1053, global_steps=1053
2025-11-16 09:20:59,546 DDP_Script [Rank 0] [INFO] epoch 20 train step time: 373.76 seconds
2025-11-16 09:20:59,548 DDP_Script [Rank 0] [INFO] epoch 20 끝 (local_steps=1053, global_steps=1053)
2025-11-16 09:21:00,011 DDP_Script [Rank 0] [INFO] val acc 89.45%
2025-11-16 09:21:00,024 DDP_Script [Rank 0] [INFO] Saving checkpoint to ./checkpoints/job-5f822b583946/latest_checkpoint.pth ...
2025-11-16 09:21:02,838 DDP_Script [Rank 0] [INFO] Successfully reported epoch 20/20 (Acc: 89.45%) to global server.
2025-11-16 09:21:02,842 DDP_Script [Rank 0] [INFO] Training completed successfully.
2025-11-16 09:21:02,857 DDP_Script [Rank 0] [INFO] Reported job completion to global server.
2025-11-16 09:21:02,857 DDP_Script [Rank 0] [INFO] Training loop finished.
