Current CUDA device index: 0
Current CUDA device name: NVIDIA GeForce RTX 5070 Ti
Master address: 163.180.117.216, port: 29557
2025-11-15 21:10:18,114 DDP_Script [Rank 0] [INFO] Node rank: 0, world size: 1
[Gloo] Rank 0 is connected to 0 peer ranks. Expected number of connected peer ranks is : 0
2025-11-15 21:10:18,146 DDP_Script [Rank 0] [INFO] Process group initialized: 163.180.117.216:29557
2025-11-15 21:10:18,146 DDP_Script [Rank 0] [INFO] Rank 0/1 initialized
2025-11-15 21:10:18,146 DDP_Script [Rank 0] [INFO] Rank 0 downloading tokenizer: distilbert-base-uncased
2025-11-15 21:10:19,260 DDP_Script [Rank 0] [INFO] Rank 0 downloading dataset: glue/sst2
2025-11-15 21:10:24,140 DDP_Script [Rank 0] [INFO] Tokenizing datasets...
2025-11-15 21:10:24,184 DDP_Script [Rank 0] [INFO] SST-2 Dataset and Tokenizer loaded.
2025-11-15 21:10:24,185 DDP_Script [Rank 0] [INFO] Rank 0 downloading model: distilbert-base-uncased
Some weights of DistilBertForSequenceClassification were not initialized from the model checkpoint at distilbert-base-uncased and are newly initialized: ['classifier.bias', 'classifier.weight', 'pre_classifier.bias', 'pre_classifier.weight']
You should probably TRAIN this model on a down-stream task to be able to use it for predictions and inference.
2025-11-15 21:10:25,383 DDP_Script [Rank 0] [INFO] Model (DistilBert), DDP, optimizer (AdamW) initialized
2025-11-15 21:10:25,388 DDP_Script [Rank 0] [INFO] Modules initialized
2025-11-15 21:10:25,389 DDP_Script [Rank 0] [INFO] Checkpoint directory created: ./checkpoints/job-fab34a0cd1fe
2025-11-15 21:10:25,389 DDP_Script [Rank 0] [INFO] Starting training from scratch (epoch 1).
2025-11-15 21:10:25,389 DDP_Script [Rank 0] [INFO] epoch 1 시작
2025-11-15 21:10:25,422 DDP_Script [Rank 0] [INFO] DataLoader created with batch_size=64, num_workers=4
2025-11-15 21:10:25,426 DDP_Script [Rank 0] [INFO] 모든 노드 중 max_steps = 1053
2025-11-15 21:10:25,426 DDP_Script [Rank 0] [INFO] local_steps=1053, global_steps=1053
2025-11-15 21:11:45,054 DDP_Script [Rank 0] [INFO] epoch 1 train step time: 79.63 seconds
2025-11-15 21:11:45,058 DDP_Script [Rank 0] [INFO] epoch 1 끝 (local_steps=1053, global_steps=1053)
2025-11-15 21:11:45,667 DDP_Script [Rank 0] [INFO] val acc 91.17%
2025-11-15 21:11:45,677 DDP_Script [Rank 0] [INFO] Saving checkpoint to ./checkpoints/job-fab34a0cd1fe/latest_checkpoint.pth ...
2025-11-15 21:11:46,938 DDP_Script [Rank 0] [INFO] Successfully reported epoch 1/20 (Acc: 91.17%) to global server.
2025-11-15 21:11:46,939 DDP_Script [Rank 0] [INFO] epoch 2 시작
2025-11-15 21:11:46,946 DDP_Script [Rank 0] [INFO] DataLoader created with batch_size=64, num_workers=4
2025-11-15 21:11:46,947 DDP_Script [Rank 0] [INFO] 모든 노드 중 max_steps = 1053
2025-11-15 21:11:46,947 DDP_Script [Rank 0] [INFO] local_steps=1053, global_steps=1053
2025-11-15 21:13:06,041 DDP_Script [Rank 0] [INFO] epoch 2 train step time: 79.09 seconds
2025-11-15 21:13:06,043 DDP_Script [Rank 0] [INFO] epoch 2 끝 (local_steps=1053, global_steps=1053)
2025-11-15 21:13:06,654 DDP_Script [Rank 0] [INFO] val acc 90.14%
2025-11-15 21:13:06,661 DDP_Script [Rank 0] [INFO] Saving checkpoint to ./checkpoints/job-fab34a0cd1fe/latest_checkpoint.pth ...
2025-11-15 21:13:09,508 DDP_Script [Rank 0] [INFO] Successfully reported epoch 2/20 (Acc: 90.14%) to global server.
2025-11-15 21:13:09,509 DDP_Script [Rank 0] [INFO] epoch 3 시작
2025-11-15 21:13:09,523 DDP_Script [Rank 0] [INFO] DataLoader created with batch_size=64, num_workers=4
2025-11-15 21:13:09,525 DDP_Script [Rank 0] [INFO] 모든 노드 중 max_steps = 1053
2025-11-15 21:13:09,525 DDP_Script [Rank 0] [INFO] local_steps=1053, global_steps=1053
2025-11-15 21:14:27,452 DDP_Script [Rank 0] [INFO] epoch 3 train step time: 77.93 seconds
2025-11-15 21:14:27,454 DDP_Script [Rank 0] [INFO] epoch 3 끝 (local_steps=1053, global_steps=1053)
2025-11-15 21:14:28,042 DDP_Script [Rank 0] [INFO] val acc 90.48%
2025-11-15 21:14:28,052 DDP_Script [Rank 0] [INFO] Saving checkpoint to ./checkpoints/job-fab34a0cd1fe/latest_checkpoint.pth ...
2025-11-15 21:14:31,070 DDP_Script [Rank 0] [INFO] Successfully reported epoch 3/20 (Acc: 90.48%) to global server.
2025-11-15 21:14:31,073 DDP_Script [Rank 0] [INFO] epoch 4 시작
2025-11-15 21:14:31,094 DDP_Script [Rank 0] [INFO] DataLoader created with batch_size=64, num_workers=4
2025-11-15 21:14:31,098 DDP_Script [Rank 0] [INFO] 모든 노드 중 max_steps = 1053
2025-11-15 21:14:31,098 DDP_Script [Rank 0] [INFO] local_steps=1053, global_steps=1053
2025-11-15 21:15:47,578 DDP_Script [Rank 0] [INFO] epoch 4 train step time: 76.48 seconds
2025-11-15 21:15:47,580 DDP_Script [Rank 0] [INFO] epoch 4 끝 (local_steps=1053, global_steps=1053)
2025-11-15 21:15:48,129 DDP_Script [Rank 0] [INFO] val acc 91.40%
2025-11-15 21:15:48,138 DDP_Script [Rank 0] [INFO] Saving checkpoint to ./checkpoints/job-fab34a0cd1fe/latest_checkpoint.pth ...
2025-11-15 21:15:51,197 DDP_Script [Rank 0] [INFO] Successfully reported epoch 4/20 (Acc: 91.40%) to global server.
2025-11-15 21:15:51,199 DDP_Script [Rank 0] [INFO] epoch 5 시작
2025-11-15 21:15:51,216 DDP_Script [Rank 0] [INFO] DataLoader created with batch_size=64, num_workers=4
2025-11-15 21:15:51,219 DDP_Script [Rank 0] [INFO] 모든 노드 중 max_steps = 1053
2025-11-15 21:15:51,219 DDP_Script [Rank 0] [INFO] local_steps=1053, global_steps=1053
2025-11-15 21:17:09,610 DDP_Script [Rank 0] [INFO] epoch 5 train step time: 78.39 seconds
2025-11-15 21:17:09,612 DDP_Script [Rank 0] [INFO] epoch 5 끝 (local_steps=1053, global_steps=1053)
2025-11-15 21:17:10,193 DDP_Script [Rank 0] [INFO] val acc 91.06%
2025-11-15 21:17:10,200 DDP_Script [Rank 0] [INFO] Saving checkpoint to ./checkpoints/job-fab34a0cd1fe/latest_checkpoint.pth ...
2025-11-15 21:17:13,182 DDP_Script [Rank 0] [INFO] Successfully reported epoch 5/20 (Acc: 91.06%) to global server.
2025-11-15 21:17:13,185 DDP_Script [Rank 0] [INFO] epoch 6 시작
2025-11-15 21:17:13,205 DDP_Script [Rank 0] [INFO] DataLoader created with batch_size=64, num_workers=4
2025-11-15 21:17:13,208 DDP_Script [Rank 0] [INFO] 모든 노드 중 max_steps = 1053
2025-11-15 21:17:13,208 DDP_Script [Rank 0] [INFO] local_steps=1053, global_steps=1053
2025-11-15 21:18:30,020 DDP_Script [Rank 0] [INFO] epoch 6 train step time: 76.81 seconds
2025-11-15 21:18:30,022 DDP_Script [Rank 0] [INFO] epoch 6 끝 (local_steps=1053, global_steps=1053)
2025-11-15 21:18:30,545 DDP_Script [Rank 0] [INFO] val acc 89.33%
2025-11-15 21:18:30,554 DDP_Script [Rank 0] [INFO] Saving checkpoint to ./checkpoints/job-fab34a0cd1fe/latest_checkpoint.pth ...
2025-11-15 21:18:33,362 DDP_Script [Rank 0] [INFO] Successfully reported epoch 6/20 (Acc: 89.33%) to global server.
2025-11-15 21:18:33,363 DDP_Script [Rank 0] [INFO] epoch 7 시작
2025-11-15 21:18:33,377 DDP_Script [Rank 0] [INFO] DataLoader created with batch_size=64, num_workers=4
2025-11-15 21:18:33,379 DDP_Script [Rank 0] [INFO] 모든 노드 중 max_steps = 1053
2025-11-15 21:18:33,379 DDP_Script [Rank 0] [INFO] local_steps=1053, global_steps=1053
2025-11-15 21:19:52,388 DDP_Script [Rank 0] [INFO] epoch 7 train step time: 79.01 seconds
2025-11-15 21:19:52,390 DDP_Script [Rank 0] [INFO] epoch 7 끝 (local_steps=1053, global_steps=1053)
2025-11-15 21:19:53,002 DDP_Script [Rank 0] [INFO] val acc 88.88%
2025-11-15 21:19:53,011 DDP_Script [Rank 0] [INFO] Saving checkpoint to ./checkpoints/job-fab34a0cd1fe/latest_checkpoint.pth ...
2025-11-15 21:19:55,949 DDP_Script [Rank 0] [INFO] Successfully reported epoch 7/20 (Acc: 88.88%) to global server.
2025-11-15 21:19:55,952 DDP_Script [Rank 0] [INFO] epoch 8 시작
2025-11-15 21:19:55,973 DDP_Script [Rank 0] [INFO] DataLoader created with batch_size=64, num_workers=4
2025-11-15 21:19:55,976 DDP_Script [Rank 0] [INFO] 모든 노드 중 max_steps = 1053
2025-11-15 21:19:55,976 DDP_Script [Rank 0] [INFO] local_steps=1053, global_steps=1053
2025-11-15 21:21:12,367 DDP_Script [Rank 0] [INFO] epoch 8 train step time: 76.39 seconds
2025-11-15 21:21:12,369 DDP_Script [Rank 0] [INFO] epoch 8 끝 (local_steps=1053, global_steps=1053)
2025-11-15 21:21:12,940 DDP_Script [Rank 0] [INFO] val acc 90.14%
2025-11-15 21:21:12,949 DDP_Script [Rank 0] [INFO] Saving checkpoint to ./checkpoints/job-fab34a0cd1fe/latest_checkpoint.pth ...
2025-11-15 21:21:15,863 DDP_Script [Rank 0] [INFO] Successfully reported epoch 8/20 (Acc: 90.14%) to global server.
2025-11-15 21:21:15,864 DDP_Script [Rank 0] [INFO] epoch 9 시작
2025-11-15 21:21:15,877 DDP_Script [Rank 0] [INFO] DataLoader created with batch_size=64, num_workers=4
2025-11-15 21:21:15,879 DDP_Script [Rank 0] [INFO] 모든 노드 중 max_steps = 1053
2025-11-15 21:21:15,880 DDP_Script [Rank 0] [INFO] local_steps=1053, global_steps=1053
2025-11-15 21:22:34,840 DDP_Script [Rank 0] [INFO] epoch 9 train step time: 78.96 seconds
2025-11-15 21:22:34,842 DDP_Script [Rank 0] [INFO] epoch 9 끝 (local_steps=1053, global_steps=1053)
2025-11-15 21:22:35,402 DDP_Script [Rank 0] [INFO] val acc 90.14%
2025-11-15 21:22:35,411 DDP_Script [Rank 0] [INFO] Saving checkpoint to ./checkpoints/job-fab34a0cd1fe/latest_checkpoint.pth ...
2025-11-15 21:22:38,600 DDP_Script [Rank 0] [INFO] Successfully reported epoch 9/20 (Acc: 90.14%) to global server.
2025-11-15 21:22:38,605 DDP_Script [Rank 0] [INFO] epoch 10 시작
2025-11-15 21:22:38,633 DDP_Script [Rank 0] [INFO] DataLoader created with batch_size=64, num_workers=4
2025-11-15 21:22:38,637 DDP_Script [Rank 0] [INFO] 모든 노드 중 max_steps = 1053
2025-11-15 21:22:38,637 DDP_Script [Rank 0] [INFO] local_steps=1053, global_steps=1053
2025-11-15 21:23:58,421 DDP_Script [Rank 0] [INFO] epoch 10 train step time: 79.78 seconds
2025-11-15 21:23:58,423 DDP_Script [Rank 0] [INFO] epoch 10 끝 (local_steps=1053, global_steps=1053)
2025-11-15 21:23:58,981 DDP_Script [Rank 0] [INFO] val acc 90.25%
2025-11-15 21:23:58,991 DDP_Script [Rank 0] [INFO] Saving checkpoint to ./checkpoints/job-fab34a0cd1fe/latest_checkpoint.pth ...
2025-11-15 21:24:01,872 DDP_Script [Rank 0] [INFO] Successfully reported epoch 10/20 (Acc: 90.25%) to global server.
2025-11-15 21:24:01,874 DDP_Script [Rank 0] [INFO] epoch 11 시작
2025-11-15 21:24:01,892 DDP_Script [Rank 0] [INFO] DataLoader created with batch_size=64, num_workers=4
2025-11-15 21:24:01,895 DDP_Script [Rank 0] [INFO] 모든 노드 중 max_steps = 1053
2025-11-15 21:24:01,895 DDP_Script [Rank 0] [INFO] local_steps=1053, global_steps=1053
2025-11-15 21:25:20,652 DDP_Script [Rank 0] [INFO] epoch 11 train step time: 78.76 seconds
2025-11-15 21:25:20,653 DDP_Script [Rank 0] [INFO] epoch 11 끝 (local_steps=1053, global_steps=1053)
2025-11-15 21:25:21,188 DDP_Script [Rank 0] [INFO] val acc 90.94%
2025-11-15 21:25:21,197 DDP_Script [Rank 0] [INFO] Saving checkpoint to ./checkpoints/job-fab34a0cd1fe/latest_checkpoint.pth ...
2025-11-15 21:25:24,238 DDP_Script [Rank 0] [INFO] Successfully reported epoch 11/20 (Acc: 90.94%) to global server.
2025-11-15 21:25:24,242 DDP_Script [Rank 0] [INFO] epoch 12 시작
2025-11-15 21:25:24,264 DDP_Script [Rank 0] [INFO] DataLoader created with batch_size=64, num_workers=4
2025-11-15 21:25:24,268 DDP_Script [Rank 0] [INFO] 모든 노드 중 max_steps = 1053
2025-11-15 21:25:24,268 DDP_Script [Rank 0] [INFO] local_steps=1053, global_steps=1053
2025-11-15 21:26:42,667 DDP_Script [Rank 0] [INFO] epoch 12 train step time: 78.40 seconds
2025-11-15 21:26:42,669 DDP_Script [Rank 0] [INFO] epoch 12 끝 (local_steps=1053, global_steps=1053)
2025-11-15 21:26:43,267 DDP_Script [Rank 0] [INFO] val acc 89.91%
2025-11-15 21:26:43,277 DDP_Script [Rank 0] [INFO] Saving checkpoint to ./checkpoints/job-fab34a0cd1fe/latest_checkpoint.pth ...
2025-11-15 21:26:46,459 DDP_Script [Rank 0] [INFO] Successfully reported epoch 12/20 (Acc: 89.91%) to global server.
2025-11-15 21:26:46,461 DDP_Script [Rank 0] [INFO] epoch 13 시작
2025-11-15 21:26:46,474 DDP_Script [Rank 0] [INFO] DataLoader created with batch_size=64, num_workers=4
2025-11-15 21:26:46,476 DDP_Script [Rank 0] [INFO] 모든 노드 중 max_steps = 1053
2025-11-15 21:26:46,477 DDP_Script [Rank 0] [INFO] local_steps=1053, global_steps=1053
2025-11-15 21:28:05,474 DDP_Script [Rank 0] [INFO] epoch 13 train step time: 79.00 seconds
2025-11-15 21:28:05,475 DDP_Script [Rank 0] [INFO] epoch 13 끝 (local_steps=1053, global_steps=1053)
2025-11-15 21:28:06,062 DDP_Script [Rank 0] [INFO] val acc 89.33%
2025-11-15 21:28:06,075 DDP_Script [Rank 0] [INFO] Saving checkpoint to ./checkpoints/job-fab34a0cd1fe/latest_checkpoint.pth ...
2025-11-15 21:28:09,080 DDP_Script [Rank 0] [INFO] Successfully reported epoch 13/20 (Acc: 89.33%) to global server.
2025-11-15 21:28:09,083 DDP_Script [Rank 0] [INFO] epoch 14 시작
2025-11-15 21:28:09,106 DDP_Script [Rank 0] [INFO] DataLoader created with batch_size=64, num_workers=4
2025-11-15 21:28:09,109 DDP_Script [Rank 0] [INFO] 모든 노드 중 max_steps = 1053
2025-11-15 21:28:09,109 DDP_Script [Rank 0] [INFO] local_steps=1053, global_steps=1053
2025-11-15 21:29:27,462 DDP_Script [Rank 0] [INFO] epoch 14 train step time: 78.35 seconds
2025-11-15 21:29:27,464 DDP_Script [Rank 0] [INFO] epoch 14 끝 (local_steps=1053, global_steps=1053)
2025-11-15 21:29:28,018 DDP_Script [Rank 0] [INFO] val acc 89.11%
2025-11-15 21:29:28,025 DDP_Script [Rank 0] [INFO] Saving checkpoint to ./checkpoints/job-fab34a0cd1fe/latest_checkpoint.pth ...
2025-11-15 21:29:30,990 DDP_Script [Rank 0] [INFO] Successfully reported epoch 14/20 (Acc: 89.11%) to global server.
2025-11-15 21:29:30,991 DDP_Script [Rank 0] [INFO] epoch 15 시작
2025-11-15 21:29:31,004 DDP_Script [Rank 0] [INFO] DataLoader created with batch_size=64, num_workers=4
2025-11-15 21:29:31,006 DDP_Script [Rank 0] [INFO] 모든 노드 중 max_steps = 1053
2025-11-15 21:29:31,007 DDP_Script [Rank 0] [INFO] local_steps=1053, global_steps=1053
2025-11-15 21:30:49,165 DDP_Script [Rank 0] [INFO] epoch 15 train step time: 78.16 seconds
2025-11-15 21:30:49,166 DDP_Script [Rank 0] [INFO] epoch 15 끝 (local_steps=1053, global_steps=1053)
2025-11-15 21:30:49,705 DDP_Script [Rank 0] [INFO] val acc 89.91%
2025-11-15 21:30:49,714 DDP_Script [Rank 0] [INFO] Saving checkpoint to ./checkpoints/job-fab34a0cd1fe/latest_checkpoint.pth ...
2025-11-15 21:30:52,457 DDP_Script [Rank 0] [INFO] Successfully reported epoch 15/20 (Acc: 89.91%) to global server.
2025-11-15 21:30:52,460 DDP_Script [Rank 0] [INFO] epoch 16 시작
2025-11-15 21:30:52,473 DDP_Script [Rank 0] [INFO] DataLoader created with batch_size=64, num_workers=4
2025-11-15 21:30:52,476 DDP_Script [Rank 0] [INFO] 모든 노드 중 max_steps = 1053
2025-11-15 21:30:52,476 DDP_Script [Rank 0] [INFO] local_steps=1053, global_steps=1053
2025-11-15 21:32:09,360 DDP_Script [Rank 0] [INFO] epoch 16 train step time: 76.88 seconds
2025-11-15 21:32:09,362 DDP_Script [Rank 0] [INFO] epoch 16 끝 (local_steps=1053, global_steps=1053)
2025-11-15 21:32:09,905 DDP_Script [Rank 0] [INFO] val acc 90.14%
2025-11-15 21:32:09,913 DDP_Script [Rank 0] [INFO] Saving checkpoint to ./checkpoints/job-fab34a0cd1fe/latest_checkpoint.pth ...
2025-11-15 21:32:12,724 DDP_Script [Rank 0] [INFO] Successfully reported epoch 16/20 (Acc: 90.14%) to global server.
2025-11-15 21:32:12,725 DDP_Script [Rank 0] [INFO] epoch 17 시작
2025-11-15 21:32:12,738 DDP_Script [Rank 0] [INFO] DataLoader created with batch_size=64, num_workers=4
2025-11-15 21:32:12,740 DDP_Script [Rank 0] [INFO] 모든 노드 중 max_steps = 1053
2025-11-15 21:32:12,740 DDP_Script [Rank 0] [INFO] local_steps=1053, global_steps=1053
2025-11-15 21:33:29,200 DDP_Script [Rank 0] [INFO] epoch 17 train step time: 76.46 seconds
2025-11-15 21:33:29,201 DDP_Script [Rank 0] [INFO] epoch 17 끝 (local_steps=1053, global_steps=1053)
2025-11-15 21:33:29,731 DDP_Script [Rank 0] [INFO] val acc 88.88%
2025-11-15 21:33:29,739 DDP_Script [Rank 0] [INFO] Saving checkpoint to ./checkpoints/job-fab34a0cd1fe/latest_checkpoint.pth ...
2025-11-15 21:33:32,566 DDP_Script [Rank 0] [INFO] Successfully reported epoch 17/20 (Acc: 88.88%) to global server.
2025-11-15 21:33:32,570 DDP_Script [Rank 0] [INFO] epoch 18 시작
2025-11-15 21:33:32,592 DDP_Script [Rank 0] [INFO] DataLoader created with batch_size=64, num_workers=4
2025-11-15 21:33:32,596 DDP_Script [Rank 0] [INFO] 모든 노드 중 max_steps = 1053
2025-11-15 21:33:32,596 DDP_Script [Rank 0] [INFO] local_steps=1053, global_steps=1053
2025-11-15 21:34:49,475 DDP_Script [Rank 0] [INFO] epoch 18 train step time: 76.88 seconds
2025-11-15 21:34:49,477 DDP_Script [Rank 0] [INFO] epoch 18 끝 (local_steps=1053, global_steps=1053)
2025-11-15 21:34:50,083 DDP_Script [Rank 0] [INFO] val acc 89.45%
2025-11-15 21:34:50,095 DDP_Script [Rank 0] [INFO] Saving checkpoint to ./checkpoints/job-fab34a0cd1fe/latest_checkpoint.pth ...
2025-11-15 21:34:53,147 DDP_Script [Rank 0] [INFO] Successfully reported epoch 18/20 (Acc: 89.45%) to global server.
2025-11-15 21:34:53,150 DDP_Script [Rank 0] [INFO] epoch 19 시작
2025-11-15 21:34:53,171 DDP_Script [Rank 0] [INFO] DataLoader created with batch_size=64, num_workers=4
2025-11-15 21:34:53,175 DDP_Script [Rank 0] [INFO] 모든 노드 중 max_steps = 1053
2025-11-15 21:34:53,175 DDP_Script [Rank 0] [INFO] local_steps=1053, global_steps=1053
2025-11-15 21:36:09,187 DDP_Script [Rank 0] [INFO] epoch 19 train step time: 76.01 seconds
2025-11-15 21:36:09,188 DDP_Script [Rank 0] [INFO] epoch 19 끝 (local_steps=1053, global_steps=1053)
2025-11-15 21:36:09,782 DDP_Script [Rank 0] [INFO] val acc 89.22%
2025-11-15 21:36:09,790 DDP_Script [Rank 0] [INFO] Saving checkpoint to ./checkpoints/job-fab34a0cd1fe/latest_checkpoint.pth ...
2025-11-15 21:36:12,537 DDP_Script [Rank 0] [INFO] Successfully reported epoch 19/20 (Acc: 89.22%) to global server.
2025-11-15 21:36:12,538 DDP_Script [Rank 0] [INFO] epoch 20 시작
2025-11-15 21:36:12,551 DDP_Script [Rank 0] [INFO] DataLoader created with batch_size=64, num_workers=4
2025-11-15 21:36:12,553 DDP_Script [Rank 0] [INFO] 모든 노드 중 max_steps = 1053
2025-11-15 21:36:12,553 DDP_Script [Rank 0] [INFO] local_steps=1053, global_steps=1053
2025-11-15 21:37:29,468 DDP_Script [Rank 0] [INFO] epoch 20 train step time: 76.91 seconds
2025-11-15 21:37:29,470 DDP_Script [Rank 0] [INFO] epoch 20 끝 (local_steps=1053, global_steps=1053)
2025-11-15 21:37:30,065 DDP_Script [Rank 0] [INFO] val acc 89.22%
2025-11-15 21:37:30,075 DDP_Script [Rank 0] [INFO] Saving checkpoint to ./checkpoints/job-fab34a0cd1fe/latest_checkpoint.pth ...
2025-11-15 21:37:32,836 DDP_Script [Rank 0] [INFO] Successfully reported epoch 20/20 (Acc: 89.22%) to global server.
2025-11-15 21:37:32,837 DDP_Script [Rank 0] [INFO] Training completed successfully.
2025-11-15 21:37:32,851 DDP_Script [Rank 0] [INFO] Reported job completion to global server.
2025-11-15 21:37:32,851 DDP_Script [Rank 0] [INFO] Training loop finished.
