Current CUDA device index: 0
Current CUDA device name: NVIDIA RTX A5000
Master address: 163.180.160.62, port: 29581
2025-11-18 15:32:42,443 DDP_Script [Rank 0] [INFO] Node rank: 0, world size: 1
[Gloo] Rank 0 is connected to 0 peer ranks. Expected number of connected peer ranks is : 0
2025-11-18 15:32:42,450 DDP_Script [Rank 0] [INFO] Process group initialized: 163.180.160.62:29581
2025-11-18 15:32:42,450 DDP_Script [Rank 0] [INFO] Rank 0/1 initialized
2025-11-18 15:32:42,450 DDP_Script [Rank 0] [INFO] Rank 0 downloading tokenizer: distilbert-base-uncased
2025-11-18 15:32:43,537 DDP_Script [Rank 0] [INFO] Rank 0 downloading dataset: glue/sst2
2025-11-18 15:32:49,096 DDP_Script [Rank 0] [INFO] Tokenizing datasets...
2025-11-18 15:32:49,120 DDP_Script [Rank 0] [INFO] SST-2 Dataset and Tokenizer loaded.
2025-11-18 15:32:49,120 DDP_Script [Rank 0] [INFO] Rank 0 downloading model: distilbert-base-uncased
Some weights of DistilBertForSequenceClassification were not initialized from the model checkpoint at distilbert-base-uncased and are newly initialized: ['classifier.bias', 'classifier.weight', 'pre_classifier.bias', 'pre_classifier.weight']
You should probably TRAIN this model on a down-stream task to be able to use it for predictions and inference.
2025-11-18 15:32:50,033 DDP_Script [Rank 0] [INFO] Model (DistilBert), DDP, optimizer (AdamW) initialized
2025-11-18 15:32:50,058 DDP_Script [Rank 0] [INFO] Modules initialized
2025-11-18 15:32:50,060 DDP_Script [Rank 0] [INFO] Checkpoint directory created: ./checkpoints/job-fdf1c56ab505
2025-11-18 15:32:50,060 DDP_Script [Rank 0] [INFO] Starting training from scratch (epoch 1).
2025-11-18 15:32:50,060 DDP_Script [Rank 0] [INFO] epoch 1 시작
2025-11-18 15:32:50,082 DDP_Script [Rank 0] [INFO] DataLoader created with batch_size=64, num_workers=4
2025-11-18 15:32:50,084 DDP_Script [Rank 0] [INFO] 모든 노드 중 max_steps = 1053
2025-11-18 15:32:50,084 DDP_Script [Rank 0] [INFO] local_steps=1053, global_steps=1053
2025-11-18 15:34:34,810 DDP_Script [Rank 0] [INFO] epoch 1 train step time: 104.73 seconds
2025-11-18 15:34:34,811 DDP_Script [Rank 0] [INFO] epoch 1 끝 (local_steps=1053, global_steps=1053)
2025-11-18 15:34:35,365 DDP_Script [Rank 0] [INFO] val acc 89.45%
2025-11-18 15:34:35,385 DDP_Script [Rank 0] [INFO] Saving checkpoint to ./checkpoints/job-fdf1c56ab505/latest_checkpoint.pth ...
2025-11-18 15:34:37,412 DDP_Script [Rank 0] [INFO] Successfully reported epoch 1/20 (Acc: 89.45%) to global server.
2025-11-18 15:34:37,413 DDP_Script [Rank 0] [INFO] epoch 2 시작
2025-11-18 15:34:37,425 DDP_Script [Rank 0] [INFO] DataLoader created with batch_size=64, num_workers=4
2025-11-18 15:34:37,427 DDP_Script [Rank 0] [INFO] 모든 노드 중 max_steps = 1053
2025-11-18 15:34:37,427 DDP_Script [Rank 0] [INFO] local_steps=1053, global_steps=1053
2025-11-18 15:36:21,898 DDP_Script [Rank 0] [INFO] epoch 2 train step time: 104.47 seconds
2025-11-18 15:36:21,899 DDP_Script [Rank 0] [INFO] epoch 2 끝 (local_steps=1053, global_steps=1053)
2025-11-18 15:36:22,444 DDP_Script [Rank 0] [INFO] val acc 90.48%
2025-11-18 15:36:22,462 DDP_Script [Rank 0] [INFO] Saving checkpoint to ./checkpoints/job-fdf1c56ab505/latest_checkpoint.pth ...
2025-11-18 15:36:24,715 DDP_Script [Rank 0] [INFO] Successfully reported epoch 2/20 (Acc: 90.48%) to global server.
2025-11-18 15:36:24,716 DDP_Script [Rank 0] [INFO] epoch 3 시작
2025-11-18 15:36:24,746 DDP_Script [Rank 0] [INFO] DataLoader created with batch_size=64, num_workers=4
2025-11-18 15:36:24,747 DDP_Script [Rank 0] [INFO] 모든 노드 중 max_steps = 1053
2025-11-18 15:36:24,747 DDP_Script [Rank 0] [INFO] local_steps=1053, global_steps=1053
2025-11-18 15:38:08,451 DDP_Script [Rank 0] [INFO] epoch 3 train step time: 103.70 seconds
2025-11-18 15:38:08,452 DDP_Script [Rank 0] [INFO] epoch 3 끝 (local_steps=1053, global_steps=1053)
2025-11-18 15:38:09,008 DDP_Script [Rank 0] [INFO] val acc 90.48%
2025-11-18 15:38:09,016 DDP_Script [Rank 0] [INFO] Saving checkpoint to ./checkpoints/job-fdf1c56ab505/latest_checkpoint.pth ...
2025-11-18 15:38:11,258 DDP_Script [Rank 0] [INFO] Successfully reported epoch 3/20 (Acc: 90.48%) to global server.
2025-11-18 15:38:11,259 DDP_Script [Rank 0] [INFO] epoch 4 시작
2025-11-18 15:38:11,271 DDP_Script [Rank 0] [INFO] DataLoader created with batch_size=64, num_workers=4
2025-11-18 15:38:11,272 DDP_Script [Rank 0] [INFO] 모든 노드 중 max_steps = 1053
2025-11-18 15:38:11,272 DDP_Script [Rank 0] [INFO] local_steps=1053, global_steps=1053
2025-11-18 15:39:55,491 DDP_Script [Rank 0] [INFO] epoch 4 train step time: 104.22 seconds
2025-11-18 15:39:55,493 DDP_Script [Rank 0] [INFO] epoch 4 끝 (local_steps=1053, global_steps=1053)
2025-11-18 15:39:56,031 DDP_Script [Rank 0] [INFO] val acc 90.60%
2025-11-18 15:39:56,047 DDP_Script [Rank 0] [INFO] Saving checkpoint to ./checkpoints/job-fdf1c56ab505/latest_checkpoint.pth ...
2025-11-18 15:39:58,136 DDP_Script [Rank 0] [INFO] Successfully reported epoch 4/20 (Acc: 90.60%) to global server.
2025-11-18 15:39:58,137 DDP_Script [Rank 0] [INFO] epoch 5 시작
2025-11-18 15:39:58,149 DDP_Script [Rank 0] [INFO] DataLoader created with batch_size=64, num_workers=4
2025-11-18 15:39:58,151 DDP_Script [Rank 0] [INFO] 모든 노드 중 max_steps = 1053
2025-11-18 15:39:58,151 DDP_Script [Rank 0] [INFO] local_steps=1053, global_steps=1053
2025-11-18 15:41:42,454 DDP_Script [Rank 0] [INFO] epoch 5 train step time: 104.30 seconds
2025-11-18 15:41:42,455 DDP_Script [Rank 0] [INFO] epoch 5 끝 (local_steps=1053, global_steps=1053)
2025-11-18 15:41:43,061 DDP_Script [Rank 0] [INFO] val acc 90.48%
2025-11-18 15:41:43,073 DDP_Script [Rank 0] [INFO] Saving checkpoint to ./checkpoints/job-fdf1c56ab505/latest_checkpoint.pth ...
2025-11-18 15:41:45,263 DDP_Script [Rank 0] [INFO] Successfully reported epoch 5/20 (Acc: 90.48%) to global server.
2025-11-18 15:41:45,264 DDP_Script [Rank 0] [INFO] epoch 6 시작
2025-11-18 15:41:45,271 DDP_Script [Rank 0] [INFO] DataLoader created with batch_size=64, num_workers=4
2025-11-18 15:41:45,271 DDP_Script [Rank 0] [INFO] 모든 노드 중 max_steps = 1053
2025-11-18 15:41:45,272 DDP_Script [Rank 0] [INFO] local_steps=1053, global_steps=1053
2025-11-18 15:43:29,414 DDP_Script [Rank 0] [INFO] epoch 6 train step time: 104.14 seconds
2025-11-18 15:43:29,416 DDP_Script [Rank 0] [INFO] epoch 6 끝 (local_steps=1053, global_steps=1053)
2025-11-18 15:43:29,963 DDP_Script [Rank 0] [INFO] val acc 89.91%
2025-11-18 15:43:29,975 DDP_Script [Rank 0] [INFO] Saving checkpoint to ./checkpoints/job-fdf1c56ab505/latest_checkpoint.pth ...
2025-11-18 15:43:32,271 DDP_Script [Rank 0] [INFO] Successfully reported epoch 6/20 (Acc: 89.91%) to global server.
2025-11-18 15:43:32,273 DDP_Script [Rank 0] [INFO] epoch 7 시작
2025-11-18 15:43:32,290 DDP_Script [Rank 0] [INFO] DataLoader created with batch_size=64, num_workers=4
2025-11-18 15:43:32,292 DDP_Script [Rank 0] [INFO] 모든 노드 중 max_steps = 1053
2025-11-18 15:43:32,292 DDP_Script [Rank 0] [INFO] local_steps=1053, global_steps=1053
2025-11-18 15:45:16,738 DDP_Script [Rank 0] [INFO] epoch 7 train step time: 104.45 seconds
2025-11-18 15:45:16,739 DDP_Script [Rank 0] [INFO] epoch 7 끝 (local_steps=1053, global_steps=1053)
2025-11-18 15:45:17,282 DDP_Script [Rank 0] [INFO] val acc 90.60%
2025-11-18 15:45:17,307 DDP_Script [Rank 0] [INFO] Saving checkpoint to ./checkpoints/job-fdf1c56ab505/latest_checkpoint.pth ...
2025-11-18 15:45:19,581 DDP_Script [Rank 0] [INFO] Successfully reported epoch 7/20 (Acc: 90.60%) to global server.
2025-11-18 15:45:19,582 DDP_Script [Rank 0] [INFO] epoch 8 시작
2025-11-18 15:45:19,593 DDP_Script [Rank 0] [INFO] DataLoader created with batch_size=64, num_workers=4
2025-11-18 15:45:19,595 DDP_Script [Rank 0] [INFO] 모든 노드 중 max_steps = 1053
2025-11-18 15:45:19,595 DDP_Script [Rank 0] [INFO] local_steps=1053, global_steps=1053
2025-11-18 15:47:03,791 DDP_Script [Rank 0] [INFO] epoch 8 train step time: 104.20 seconds
2025-11-18 15:47:03,793 DDP_Script [Rank 0] [INFO] epoch 8 끝 (local_steps=1053, global_steps=1053)
2025-11-18 15:47:04,343 DDP_Script [Rank 0] [INFO] val acc 90.02%
2025-11-18 15:47:04,355 DDP_Script [Rank 0] [INFO] Saving checkpoint to ./checkpoints/job-fdf1c56ab505/latest_checkpoint.pth ...
2025-11-18 15:47:06,414 DDP_Script [Rank 0] [INFO] Successfully reported epoch 8/20 (Acc: 90.02%) to global server.
2025-11-18 15:47:06,416 DDP_Script [Rank 0] [INFO] epoch 9 시작
2025-11-18 15:47:06,428 DDP_Script [Rank 0] [INFO] DataLoader created with batch_size=64, num_workers=4
2025-11-18 15:47:06,430 DDP_Script [Rank 0] [INFO] 모든 노드 중 max_steps = 1053
2025-11-18 15:47:06,431 DDP_Script [Rank 0] [INFO] local_steps=1053, global_steps=1053
2025-11-18 15:48:50,389 DDP_Script [Rank 0] [INFO] epoch 9 train step time: 103.96 seconds
2025-11-18 15:48:50,391 DDP_Script [Rank 0] [INFO] epoch 9 끝 (local_steps=1053, global_steps=1053)
2025-11-18 15:48:50,939 DDP_Script [Rank 0] [INFO] val acc 89.79%
2025-11-18 15:48:50,950 DDP_Script [Rank 0] [INFO] Saving checkpoint to ./checkpoints/job-fdf1c56ab505/latest_checkpoint.pth ...
2025-11-18 15:48:53,040 DDP_Script [Rank 0] [INFO] Successfully reported epoch 9/20 (Acc: 89.79%) to global server.
2025-11-18 15:48:53,042 DDP_Script [Rank 0] [INFO] epoch 10 시작
2025-11-18 15:48:53,059 DDP_Script [Rank 0] [INFO] DataLoader created with batch_size=64, num_workers=4
2025-11-18 15:48:53,061 DDP_Script [Rank 0] [INFO] 모든 노드 중 max_steps = 1053
2025-11-18 15:48:53,061 DDP_Script [Rank 0] [INFO] local_steps=1053, global_steps=1053
2025-11-18 15:50:37,133 DDP_Script [Rank 0] [INFO] epoch 10 train step time: 104.07 seconds
2025-11-18 15:50:37,134 DDP_Script [Rank 0] [INFO] epoch 10 끝 (local_steps=1053, global_steps=1053)
2025-11-18 15:50:37,691 DDP_Script [Rank 0] [INFO] val acc 89.22%
2025-11-18 15:50:37,705 DDP_Script [Rank 0] [INFO] Saving checkpoint to ./checkpoints/job-fdf1c56ab505/latest_checkpoint.pth ...
2025-11-18 15:50:40,055 DDP_Script [Rank 0] [INFO] Successfully reported epoch 10/20 (Acc: 89.22%) to global server.
2025-11-18 15:50:40,056 DDP_Script [Rank 0] [INFO] epoch 11 시작
2025-11-18 15:50:40,068 DDP_Script [Rank 0] [INFO] DataLoader created with batch_size=64, num_workers=4
2025-11-18 15:50:40,070 DDP_Script [Rank 0] [INFO] 모든 노드 중 max_steps = 1053
2025-11-18 15:50:40,070 DDP_Script [Rank 0] [INFO] local_steps=1053, global_steps=1053
2025-11-18 15:52:24,741 DDP_Script [Rank 0] [INFO] epoch 11 train step time: 104.67 seconds
2025-11-18 15:52:24,743 DDP_Script [Rank 0] [INFO] epoch 11 끝 (local_steps=1053, global_steps=1053)
2025-11-18 15:52:25,278 DDP_Script [Rank 0] [INFO] val acc 89.22%
2025-11-18 15:52:25,303 DDP_Script [Rank 0] [INFO] Saving checkpoint to ./checkpoints/job-fdf1c56ab505/latest_checkpoint.pth ...
2025-11-18 15:52:27,604 DDP_Script [Rank 0] [INFO] Successfully reported epoch 11/20 (Acc: 89.22%) to global server.
2025-11-18 15:52:27,605 DDP_Script [Rank 0] [INFO] epoch 12 시작
2025-11-18 15:52:27,617 DDP_Script [Rank 0] [INFO] DataLoader created with batch_size=64, num_workers=4
2025-11-18 15:52:27,618 DDP_Script [Rank 0] [INFO] 모든 노드 중 max_steps = 1053
2025-11-18 15:52:27,619 DDP_Script [Rank 0] [INFO] local_steps=1053, global_steps=1053
2025-11-18 15:54:12,215 DDP_Script [Rank 0] [INFO] epoch 12 train step time: 104.60 seconds
2025-11-18 15:54:12,216 DDP_Script [Rank 0] [INFO] epoch 12 끝 (local_steps=1053, global_steps=1053)
2025-11-18 15:54:12,756 DDP_Script [Rank 0] [INFO] val acc 89.56%
2025-11-18 15:54:12,771 DDP_Script [Rank 0] [INFO] Saving checkpoint to ./checkpoints/job-fdf1c56ab505/latest_checkpoint.pth ...
2025-11-18 15:54:14,948 DDP_Script [Rank 0] [INFO] Successfully reported epoch 12/20 (Acc: 89.56%) to global server.
2025-11-18 15:54:14,950 DDP_Script [Rank 0] [INFO] epoch 13 시작
2025-11-18 15:54:14,962 DDP_Script [Rank 0] [INFO] DataLoader created with batch_size=64, num_workers=4
2025-11-18 15:54:14,964 DDP_Script [Rank 0] [INFO] 모든 노드 중 max_steps = 1053
2025-11-18 15:54:14,964 DDP_Script [Rank 0] [INFO] local_steps=1053, global_steps=1053
2025-11-18 15:55:59,288 DDP_Script [Rank 0] [INFO] epoch 13 train step time: 104.32 seconds
2025-11-18 15:55:59,289 DDP_Script [Rank 0] [INFO] epoch 13 끝 (local_steps=1053, global_steps=1053)
2025-11-18 15:55:59,891 DDP_Script [Rank 0] [INFO] val acc 89.45%
2025-11-18 15:55:59,911 DDP_Script [Rank 0] [INFO] Saving checkpoint to ./checkpoints/job-fdf1c56ab505/latest_checkpoint.pth ...
2025-11-18 15:56:02,231 DDP_Script [Rank 0] [INFO] Successfully reported epoch 13/20 (Acc: 89.45%) to global server.
2025-11-18 15:56:02,233 DDP_Script [Rank 0] [INFO] epoch 14 시작
2025-11-18 15:56:02,252 DDP_Script [Rank 0] [INFO] DataLoader created with batch_size=64, num_workers=4
2025-11-18 15:56:02,253 DDP_Script [Rank 0] [INFO] 모든 노드 중 max_steps = 1053
2025-11-18 15:56:02,253 DDP_Script [Rank 0] [INFO] local_steps=1053, global_steps=1053
2025-11-18 15:57:46,805 DDP_Script [Rank 0] [INFO] epoch 14 train step time: 104.55 seconds
2025-11-18 15:57:46,806 DDP_Script [Rank 0] [INFO] epoch 14 끝 (local_steps=1053, global_steps=1053)
2025-11-18 15:57:47,366 DDP_Script [Rank 0] [INFO] val acc 88.99%
2025-11-18 15:57:47,387 DDP_Script [Rank 0] [INFO] Saving checkpoint to ./checkpoints/job-fdf1c56ab505/latest_checkpoint.pth ...
2025-11-18 15:57:49,697 DDP_Script [Rank 0] [INFO] Successfully reported epoch 14/20 (Acc: 88.99%) to global server.
2025-11-18 15:57:49,698 DDP_Script [Rank 0] [INFO] epoch 15 시작
2025-11-18 15:57:49,710 DDP_Script [Rank 0] [INFO] DataLoader created with batch_size=64, num_workers=4
2025-11-18 15:57:49,711 DDP_Script [Rank 0] [INFO] 모든 노드 중 max_steps = 1053
2025-11-18 15:57:49,711 DDP_Script [Rank 0] [INFO] local_steps=1053, global_steps=1053
2025-11-18 15:59:31,268 DDP_Script [Rank 0] [INFO] epoch 15 train step time: 101.56 seconds
2025-11-18 15:59:31,269 DDP_Script [Rank 0] [INFO] epoch 15 끝 (local_steps=1053, global_steps=1053)
2025-11-18 15:59:31,853 DDP_Script [Rank 0] [INFO] val acc 89.91%
2025-11-18 15:59:31,874 DDP_Script [Rank 0] [INFO] Saving checkpoint to ./checkpoints/job-fdf1c56ab505/latest_checkpoint.pth ...
2025-11-18 15:59:34,051 DDP_Script [Rank 0] [INFO] Successfully reported epoch 15/20 (Acc: 89.91%) to global server.
2025-11-18 15:59:34,054 DDP_Script [Rank 0] [INFO] epoch 16 시작
2025-11-18 15:59:34,071 DDP_Script [Rank 0] [INFO] DataLoader created with batch_size=64, num_workers=4
2025-11-18 15:59:34,073 DDP_Script [Rank 0] [INFO] 모든 노드 중 max_steps = 1053
2025-11-18 15:59:34,073 DDP_Script [Rank 0] [INFO] local_steps=1053, global_steps=1053
2025-11-18 16:01:18,654 DDP_Script [Rank 0] [INFO] epoch 16 train step time: 104.58 seconds
2025-11-18 16:01:18,655 DDP_Script [Rank 0] [INFO] epoch 16 끝 (local_steps=1053, global_steps=1053)
2025-11-18 16:01:19,209 DDP_Script [Rank 0] [INFO] val acc 90.14%
2025-11-18 16:01:19,233 DDP_Script [Rank 0] [INFO] Saving checkpoint to ./checkpoints/job-fdf1c56ab505/latest_checkpoint.pth ...
2025-11-18 16:01:21,701 DDP_Script [Rank 0] [INFO] Successfully reported epoch 16/20 (Acc: 90.14%) to global server.
2025-11-18 16:01:21,703 DDP_Script [Rank 0] [INFO] epoch 17 시작
2025-11-18 16:01:21,714 DDP_Script [Rank 0] [INFO] DataLoader created with batch_size=64, num_workers=4
2025-11-18 16:01:21,716 DDP_Script [Rank 0] [INFO] 모든 노드 중 max_steps = 1053
2025-11-18 16:01:21,716 DDP_Script [Rank 0] [INFO] local_steps=1053, global_steps=1053
2025-11-18 16:03:05,864 DDP_Script [Rank 0] [INFO] epoch 17 train step time: 104.15 seconds
2025-11-18 16:03:05,866 DDP_Script [Rank 0] [INFO] epoch 17 끝 (local_steps=1053, global_steps=1053)
2025-11-18 16:03:06,428 DDP_Script [Rank 0] [INFO] val acc 89.22%
2025-11-18 16:03:06,441 DDP_Script [Rank 0] [INFO] Saving checkpoint to ./checkpoints/job-fdf1c56ab505/latest_checkpoint.pth ...
2025-11-18 16:03:08,581 DDP_Script [Rank 0] [INFO] Successfully reported epoch 17/20 (Acc: 89.22%) to global server.
2025-11-18 16:03:08,582 DDP_Script [Rank 0] [INFO] epoch 18 시작
2025-11-18 16:03:08,594 DDP_Script [Rank 0] [INFO] DataLoader created with batch_size=64, num_workers=4
2025-11-18 16:03:08,596 DDP_Script [Rank 0] [INFO] 모든 노드 중 max_steps = 1053
2025-11-18 16:03:08,596 DDP_Script [Rank 0] [INFO] local_steps=1053, global_steps=1053
2025-11-18 16:04:52,925 DDP_Script [Rank 0] [INFO] epoch 18 train step time: 104.33 seconds
2025-11-18 16:04:52,926 DDP_Script [Rank 0] [INFO] epoch 18 끝 (local_steps=1053, global_steps=1053)
2025-11-18 16:04:53,467 DDP_Script [Rank 0] [INFO] val acc 89.56%
2025-11-18 16:04:53,481 DDP_Script [Rank 0] [INFO] Saving checkpoint to ./checkpoints/job-fdf1c56ab505/latest_checkpoint.pth ...
2025-11-18 16:04:55,793 DDP_Script [Rank 0] [INFO] Successfully reported epoch 18/20 (Acc: 89.56%) to global server.
2025-11-18 16:04:55,795 DDP_Script [Rank 0] [INFO] epoch 19 시작
2025-11-18 16:04:55,807 DDP_Script [Rank 0] [INFO] DataLoader created with batch_size=64, num_workers=4
2025-11-18 16:04:55,809 DDP_Script [Rank 0] [INFO] 모든 노드 중 max_steps = 1053
2025-11-18 16:04:55,809 DDP_Script [Rank 0] [INFO] local_steps=1053, global_steps=1053
2025-11-18 16:06:39,756 DDP_Script [Rank 0] [INFO] epoch 19 train step time: 103.95 seconds
2025-11-18 16:06:39,757 DDP_Script [Rank 0] [INFO] epoch 19 끝 (local_steps=1053, global_steps=1053)
2025-11-18 16:06:40,311 DDP_Script [Rank 0] [INFO] val acc 89.56%
2025-11-18 16:06:40,328 DDP_Script [Rank 0] [INFO] Saving checkpoint to ./checkpoints/job-fdf1c56ab505/latest_checkpoint.pth ...
2025-11-18 16:06:42,437 DDP_Script [Rank 0] [INFO] Successfully reported epoch 19/20 (Acc: 89.56%) to global server.
2025-11-18 16:06:42,439 DDP_Script [Rank 0] [INFO] epoch 20 시작
2025-11-18 16:06:42,456 DDP_Script [Rank 0] [INFO] DataLoader created with batch_size=64, num_workers=4
2025-11-18 16:06:42,458 DDP_Script [Rank 0] [INFO] 모든 노드 중 max_steps = 1053
2025-11-18 16:06:42,458 DDP_Script [Rank 0] [INFO] local_steps=1053, global_steps=1053
2025-11-18 16:08:27,385 DDP_Script [Rank 0] [INFO] epoch 20 train step time: 104.93 seconds
2025-11-18 16:08:27,387 DDP_Script [Rank 0] [INFO] epoch 20 끝 (local_steps=1053, global_steps=1053)
2025-11-18 16:08:27,967 DDP_Script [Rank 0] [INFO] val acc 89.22%
2025-11-18 16:08:27,982 DDP_Script [Rank 0] [INFO] Saving checkpoint to ./checkpoints/job-fdf1c56ab505/latest_checkpoint.pth ...
2025-11-18 16:08:30,389 DDP_Script [Rank 0] [INFO] Successfully reported epoch 20/20 (Acc: 89.22%) to global server.
2025-11-18 16:08:30,390 DDP_Script [Rank 0] [INFO] Training completed successfully.
2025-11-18 16:08:30,426 DDP_Script [Rank 0] [INFO] Reported job completion to global server.
2025-11-18 16:08:30,426 DDP_Script [Rank 0] [INFO] Training loop finished.
