Current CUDA device index: 0
Current CUDA device name: NVIDIA RTX A5000
Master address: 163.180.160.62, port: 29511
2025-11-18 11:15:03,687 DDP_Script [Rank 1] [INFO] Node rank: 1, world size: 2
[Gloo] Rank 1 is connected to 1 peer ranks. Expected number of connected peer ranks is : 1
2025-11-18 11:15:04,327 DDP_Script [Rank 1] [INFO] Process group initialized: 163.180.160.62:29511
2025-11-18 11:15:04,328 DDP_Script [Rank 1] [INFO] Rank 1/2 initialized
Val sample labels: tensor([  1,  10,  28,  46,  50,  54,  55,  71,  77,  79,  98, 102, 106, 124,
        127, 135, 136, 143, 144, 150, 153, 164, 169, 179, 180, 181, 184, 186,
        188, 190, 195])
Train samples: 100000
Val   samples: 10000
/data/breath12/anaconda3/envs/Dist2/lib/python3.9/site-packages/torchvision/models/_utils.py:208: UserWarning: The parameter 'pretrained' is deprecated since 0.13 and may be removed in the future, please use 'weights' instead.
  warnings.warn(
/data/breath12/anaconda3/envs/Dist2/lib/python3.9/site-packages/torchvision/models/_utils.py:223: UserWarning: Arguments other than a weight enum or `None` for 'weights' are deprecated since 0.13 and may be removed in the future. The current behavior is equivalent to passing `weights=None`.
  warnings.warn(msg)
2025-11-18 11:15:05,380 DDP_Script [Rank 1] [INFO] Model, DDP, criterion, optimizer initialized
2025-11-18 11:15:05,414 DDP_Script [Rank 1] [INFO] Modules initialized
2025-11-18 11:15:05,414 DDP_Script [Rank 1] [INFO] Starting training from scratch (epoch 1).
2025-11-18 11:15:05,417 DDP_Script [Rank 1] [INFO] epoch 1 시작
2025-11-18 11:15:05,429 DDP_Script [Rank 1] [INFO] DataLoader created with batch_size=64, num_workers=4
2025-11-18 11:15:05,449 DDP_Script [Rank 1] [INFO] local_steps=782, global_steps=782
2025-11-18 11:17:44,205 DDP_Script [Rank 1] [INFO] epoch 1 train step time: 158.75 seconds
2025-11-18 11:17:44,213 DDP_Script [Rank 1] [INFO] epoch 1 끝 (local_steps=782, global_steps=782)
2025-11-18 11:17:49,605 DDP_Script [Rank 1] [INFO] val acc 11.05%
2025-11-18 11:17:50,043 DDP_Script [Rank 1] [INFO] epoch 2 시작
2025-11-18 11:17:50,061 DDP_Script [Rank 1] [INFO] DataLoader created with batch_size=64, num_workers=4
2025-11-18 11:17:50,065 DDP_Script [Rank 1] [INFO] local_steps=782, global_steps=782
2025-11-18 11:20:28,620 DDP_Script [Rank 1] [INFO] epoch 2 train step time: 158.55 seconds
2025-11-18 11:20:28,622 DDP_Script [Rank 1] [INFO] epoch 2 끝 (local_steps=782, global_steps=782)
2025-11-18 11:20:33,584 DDP_Script [Rank 1] [INFO] val acc 18.85%
2025-11-18 11:20:33,986 DDP_Script [Rank 1] [INFO] epoch 3 시작
2025-11-18 11:20:34,000 DDP_Script [Rank 1] [INFO] DataLoader created with batch_size=64, num_workers=4
2025-11-18 11:20:34,006 DDP_Script [Rank 1] [INFO] local_steps=782, global_steps=782
2025-11-18 11:23:12,652 DDP_Script [Rank 1] [INFO] epoch 3 train step time: 158.65 seconds
2025-11-18 11:23:12,654 DDP_Script [Rank 1] [INFO] epoch 3 끝 (local_steps=782, global_steps=782)
2025-11-18 11:23:17,649 DDP_Script [Rank 1] [INFO] val acc 25.88%
2025-11-18 11:23:18,038 DDP_Script [Rank 1] [INFO] epoch 4 시작
2025-11-18 11:23:18,053 DDP_Script [Rank 1] [INFO] DataLoader created with batch_size=64, num_workers=4
2025-11-18 11:23:18,057 DDP_Script [Rank 1] [INFO] local_steps=782, global_steps=782
2025-11-18 11:25:56,933 DDP_Script [Rank 1] [INFO] epoch 4 train step time: 158.88 seconds
2025-11-18 11:25:56,951 DDP_Script [Rank 1] [INFO] epoch 4 끝 (local_steps=782, global_steps=782)
2025-11-18 11:26:01,934 DDP_Script [Rank 1] [INFO] val acc 31.59%
2025-11-18 11:26:02,508 DDP_Script [Rank 1] [INFO] epoch 5 시작
2025-11-18 11:26:02,523 DDP_Script [Rank 1] [INFO] DataLoader created with batch_size=64, num_workers=4
2025-11-18 11:26:02,526 DDP_Script [Rank 1] [INFO] local_steps=782, global_steps=782
2025-11-18 11:28:41,559 DDP_Script [Rank 1] [INFO] epoch 5 train step time: 159.03 seconds
2025-11-18 11:28:41,561 DDP_Script [Rank 1] [INFO] epoch 5 끝 (local_steps=782, global_steps=782)
2025-11-18 11:28:46,634 DDP_Script [Rank 1] [INFO] val acc 35.09%
2025-11-18 11:28:47,246 DDP_Script [Rank 1] [INFO] epoch 6 시작
2025-11-18 11:28:47,261 DDP_Script [Rank 1] [INFO] DataLoader created with batch_size=64, num_workers=4
2025-11-18 11:28:47,266 DDP_Script [Rank 1] [INFO] local_steps=782, global_steps=782
2025-11-18 11:31:25,436 DDP_Script [Rank 1] [INFO] epoch 6 train step time: 158.17 seconds
2025-11-18 11:31:25,439 DDP_Script [Rank 1] [INFO] epoch 6 끝 (local_steps=782, global_steps=782)
2025-11-18 11:31:30,616 DDP_Script [Rank 1] [INFO] val acc 38.40%
2025-11-18 11:31:30,993 DDP_Script [Rank 1] [INFO] epoch 7 시작
2025-11-18 11:31:31,008 DDP_Script [Rank 1] [INFO] DataLoader created with batch_size=64, num_workers=4
2025-11-18 11:31:31,012 DDP_Script [Rank 1] [INFO] local_steps=782, global_steps=782
2025-11-18 11:34:09,741 DDP_Script [Rank 1] [INFO] epoch 7 train step time: 158.73 seconds
2025-11-18 11:34:09,774 DDP_Script [Rank 1] [INFO] epoch 7 끝 (local_steps=782, global_steps=782)
2025-11-18 11:34:14,748 DDP_Script [Rank 1] [INFO] val acc 39.61%
2025-11-18 11:34:15,118 DDP_Script [Rank 1] [INFO] epoch 8 시작
2025-11-18 11:34:15,132 DDP_Script [Rank 1] [INFO] DataLoader created with batch_size=64, num_workers=4
2025-11-18 11:34:15,137 DDP_Script [Rank 1] [INFO] local_steps=782, global_steps=782
2025-11-18 11:36:53,589 DDP_Script [Rank 1] [INFO] epoch 8 train step time: 158.45 seconds
2025-11-18 11:36:53,591 DDP_Script [Rank 1] [INFO] epoch 8 끝 (local_steps=782, global_steps=782)
2025-11-18 11:36:58,508 DDP_Script [Rank 1] [INFO] val acc 43.32%
2025-11-18 11:36:58,844 DDP_Script [Rank 1] [INFO] epoch 9 시작
2025-11-18 11:36:58,862 DDP_Script [Rank 1] [INFO] DataLoader created with batch_size=64, num_workers=4
2025-11-18 11:36:58,903 DDP_Script [Rank 1] [INFO] local_steps=782, global_steps=782
2025-11-18 11:39:38,090 DDP_Script [Rank 1] [INFO] epoch 9 train step time: 159.19 seconds
2025-11-18 11:39:38,095 DDP_Script [Rank 1] [INFO] epoch 9 끝 (local_steps=782, global_steps=782)
2025-11-18 11:39:43,076 DDP_Script [Rank 1] [INFO] val acc 43.76%
2025-11-18 11:39:43,587 DDP_Script [Rank 1] [INFO] epoch 10 시작
2025-11-18 11:39:43,601 DDP_Script [Rank 1] [INFO] DataLoader created with batch_size=64, num_workers=4
2025-11-18 11:39:43,605 DDP_Script [Rank 1] [INFO] local_steps=782, global_steps=782
2025-11-18 11:42:22,530 DDP_Script [Rank 1] [INFO] epoch 10 train step time: 158.92 seconds
2025-11-18 11:42:22,533 DDP_Script [Rank 1] [INFO] epoch 10 끝 (local_steps=782, global_steps=782)
2025-11-18 11:42:27,510 DDP_Script [Rank 1] [INFO] val acc 46.54%
2025-11-18 11:42:28,043 DDP_Script [Rank 1] [INFO] epoch 11 시작
2025-11-18 11:42:28,057 DDP_Script [Rank 1] [INFO] DataLoader created with batch_size=64, num_workers=4
2025-11-18 11:42:28,061 DDP_Script [Rank 1] [INFO] local_steps=782, global_steps=782
2025-11-18 11:45:05,819 DDP_Script [Rank 1] [INFO] epoch 11 train step time: 157.76 seconds
2025-11-18 11:45:05,821 DDP_Script [Rank 1] [INFO] epoch 11 끝 (local_steps=782, global_steps=782)
2025-11-18 11:45:10,811 DDP_Script [Rank 1] [INFO] val acc 48.11%
2025-11-18 11:45:11,149 DDP_Script [Rank 1] [INFO] epoch 12 시작
2025-11-18 11:45:11,163 DDP_Script [Rank 1] [INFO] DataLoader created with batch_size=64, num_workers=4
2025-11-18 11:45:11,167 DDP_Script [Rank 1] [INFO] local_steps=782, global_steps=782
2025-11-18 11:47:49,787 DDP_Script [Rank 1] [INFO] epoch 12 train step time: 158.62 seconds
2025-11-18 11:47:49,789 DDP_Script [Rank 1] [INFO] epoch 12 끝 (local_steps=782, global_steps=782)
2025-11-18 11:47:54,773 DDP_Script [Rank 1] [INFO] val acc 49.69%
2025-11-18 11:47:55,124 DDP_Script [Rank 1] [INFO] epoch 13 시작
2025-11-18 11:47:55,138 DDP_Script [Rank 1] [INFO] DataLoader created with batch_size=64, num_workers=4
2025-11-18 11:47:55,142 DDP_Script [Rank 1] [INFO] local_steps=782, global_steps=782
2025-11-18 11:50:34,274 DDP_Script [Rank 1] [INFO] epoch 13 train step time: 159.13 seconds
2025-11-18 11:50:34,276 DDP_Script [Rank 1] [INFO] epoch 13 끝 (local_steps=782, global_steps=782)
2025-11-18 11:50:39,264 DDP_Script [Rank 1] [INFO] val acc 50.84%
2025-11-18 11:50:39,718 DDP_Script [Rank 1] [INFO] epoch 14 시작
2025-11-18 11:50:39,731 DDP_Script [Rank 1] [INFO] DataLoader created with batch_size=64, num_workers=4
2025-11-18 11:50:39,736 DDP_Script [Rank 1] [INFO] local_steps=782, global_steps=782
2025-11-18 11:53:17,545 DDP_Script [Rank 1] [INFO] epoch 14 train step time: 157.81 seconds
2025-11-18 11:53:17,547 DDP_Script [Rank 1] [INFO] epoch 14 끝 (local_steps=782, global_steps=782)
2025-11-18 11:53:22,526 DDP_Script [Rank 1] [INFO] val acc 51.21%
2025-11-18 11:53:22,892 DDP_Script [Rank 1] [INFO] epoch 15 시작
2025-11-18 11:53:22,906 DDP_Script [Rank 1] [INFO] DataLoader created with batch_size=64, num_workers=4
2025-11-18 11:53:22,911 DDP_Script [Rank 1] [INFO] local_steps=782, global_steps=782
2025-11-18 11:56:02,200 DDP_Script [Rank 1] [INFO] epoch 15 train step time: 159.29 seconds
2025-11-18 11:56:02,202 DDP_Script [Rank 1] [INFO] epoch 15 끝 (local_steps=782, global_steps=782)
2025-11-18 11:56:07,164 DDP_Script [Rank 1] [INFO] val acc 52.78%
2025-11-18 11:56:07,496 DDP_Script [Rank 1] [INFO] epoch 16 시작
2025-11-18 11:56:07,510 DDP_Script [Rank 1] [INFO] DataLoader created with batch_size=64, num_workers=4
2025-11-18 11:56:07,515 DDP_Script [Rank 1] [INFO] local_steps=782, global_steps=782
2025-11-18 11:58:46,833 DDP_Script [Rank 1] [INFO] epoch 16 train step time: 159.32 seconds
2025-11-18 11:58:46,846 DDP_Script [Rank 1] [INFO] epoch 16 끝 (local_steps=782, global_steps=782)
2025-11-18 11:58:51,830 DDP_Script [Rank 1] [INFO] val acc 52.57%
2025-11-18 11:58:52,250 DDP_Script [Rank 1] [INFO] epoch 17 시작
2025-11-18 11:58:52,264 DDP_Script [Rank 1] [INFO] DataLoader created with batch_size=64, num_workers=4
2025-11-18 11:58:52,268 DDP_Script [Rank 1] [INFO] local_steps=782, global_steps=782
2025-11-18 12:01:31,389 DDP_Script [Rank 1] [INFO] epoch 17 train step time: 159.12 seconds
2025-11-18 12:01:31,391 DDP_Script [Rank 1] [INFO] epoch 17 끝 (local_steps=782, global_steps=782)
2025-11-18 12:01:36,381 DDP_Script [Rank 1] [INFO] val acc 53.80%
2025-11-18 12:01:36,748 DDP_Script [Rank 1] [INFO] epoch 18 시작
2025-11-18 12:01:36,763 DDP_Script [Rank 1] [INFO] DataLoader created with batch_size=64, num_workers=4
2025-11-18 12:01:36,767 DDP_Script [Rank 1] [INFO] local_steps=782, global_steps=782
2025-11-18 12:04:14,594 DDP_Script [Rank 1] [INFO] epoch 18 train step time: 157.83 seconds
2025-11-18 12:04:14,596 DDP_Script [Rank 1] [INFO] epoch 18 끝 (local_steps=782, global_steps=782)
2025-11-18 12:04:19,595 DDP_Script [Rank 1] [INFO] val acc 54.03%
2025-11-18 12:04:20,423 DDP_Script [Rank 1] [INFO] epoch 19 시작
2025-11-18 12:04:20,437 DDP_Script [Rank 1] [INFO] DataLoader created with batch_size=64, num_workers=4
2025-11-18 12:04:20,441 DDP_Script [Rank 1] [INFO] local_steps=782, global_steps=782
2025-11-18 12:06:59,255 DDP_Script [Rank 1] [INFO] epoch 19 train step time: 158.81 seconds
2025-11-18 12:06:59,257 DDP_Script [Rank 1] [INFO] epoch 19 끝 (local_steps=782, global_steps=782)
2025-11-18 12:07:04,216 DDP_Script [Rank 1] [INFO] val acc 54.77%
2025-11-18 12:07:04,570 DDP_Script [Rank 1] [INFO] epoch 20 시작
2025-11-18 12:07:04,585 DDP_Script [Rank 1] [INFO] DataLoader created with batch_size=64, num_workers=4
2025-11-18 12:07:04,588 DDP_Script [Rank 1] [INFO] local_steps=782, global_steps=782
2025-11-18 12:09:43,444 DDP_Script [Rank 1] [INFO] epoch 20 train step time: 158.86 seconds
2025-11-18 12:09:43,447 DDP_Script [Rank 1] [INFO] epoch 20 끝 (local_steps=782, global_steps=782)
2025-11-18 12:09:48,372 DDP_Script [Rank 1] [INFO] val acc 55.66%
2025-11-18 12:09:48,760 DDP_Script [Rank 1] [INFO] Training loop finished.
