/nas2/data/dlwmznzl1/anaconda3/envs/Dist1/lib/python3.9/site-packages/torch/cuda/__init__.py:63: FutureWarning: The pynvml package is deprecated. Please install nvidia-ml-py instead. If you did not install pynvml directly, please report this to the maintainers of the package that installed pynvml for you.
  import pynvml  # type: ignore[import]
Current CUDA device index: 0
Current CUDA device name: NVIDIA RTX A5000
Master address: 163.180.160.62, port: 29599
2025-12-04 12:43:14,408 DDP_Script [Rank 0] [INFO] Node rank: 0, world size: 1
[Gloo] Rank 0 is connected to 0 peer ranks. Expected number of connected peer ranks is : 0
2025-12-04 12:43:14,414 DDP_Script [Rank 0] [INFO] Process group initialized: 163.180.160.62:29599
2025-12-04 12:43:14,415 DDP_Script [Rank 0] [INFO] Rank 0/1 initialized
2025-12-04 12:43:14,415 DDP_Script [Rank 0] [INFO] Rank 0 downloading tokenizer: distilbert-base-uncased
2025-12-04 12:43:15,433 DDP_Script [Rank 0] [INFO] Rank 0 downloading dataset: glue/sst2
2025-12-04 12:43:20,168 DDP_Script [Rank 0] [INFO] Tokenizing datasets...
2025-12-04 12:43:20,193 DDP_Script [Rank 0] [INFO] SST-2 Dataset and Tokenizer loaded.
2025-12-04 12:43:20,194 DDP_Script [Rank 0] [INFO] Rank 0 downloading model: distilbert-base-uncased
Some weights of DistilBertForSequenceClassification were not initialized from the model checkpoint at distilbert-base-uncased and are newly initialized: ['classifier.bias', 'classifier.weight', 'pre_classifier.bias', 'pre_classifier.weight']
You should probably TRAIN this model on a down-stream task to be able to use it for predictions and inference.
2025-12-04 12:43:21,027 DDP_Script [Rank 0] [INFO] Model (DistilBert), DDP, optimizer (AdamW) initialized
2025-12-04 12:43:21,057 DDP_Script [Rank 0] [INFO] Modules initialized
2025-12-04 12:43:21,058 DDP_Script [Rank 0] [INFO] Checkpoint directory created: ./checkpoints/job-b5bf02df3946
2025-12-04 12:43:21,058 DDP_Script [Rank 0] [INFO] Starting training from scratch (epoch 1).
2025-12-04 12:43:21,059 DDP_Script [Rank 0] [INFO] epoch 1 시작
2025-12-04 12:43:21,086 DDP_Script [Rank 0] [INFO] DataLoader created with batch_size=32, num_workers=4
2025-12-04 12:43:21,098 DDP_Script [Rank 0] [INFO] 모든 노드 중 max_steps = 2105
2025-12-04 12:43:21,099 DDP_Script [Rank 0] [INFO] local_steps=2105, global_steps=2105
2025-12-04 12:45:30,797 DDP_Script [Rank 0] [INFO] epoch 1 train step time: 129.70 seconds
2025-12-04 12:45:30,799 DDP_Script [Rank 0] [INFO] epoch 1 끝 (local_steps=2105, global_steps=2105)
2025-12-04 12:45:31,337 DDP_Script [Rank 0] [INFO] val acc 90.37%
2025-12-04 12:45:31,356 DDP_Script [Rank 0] [INFO] Saving checkpoint to ./checkpoints/job-b5bf02df3946/latest_checkpoint.pth ...
2025-12-04 12:45:33,323 DDP_Script [Rank 0] [INFO] Successfully reported epoch 1/20 (Acc: 90.37%) to global server.
2025-12-04 12:45:33,325 DDP_Script [Rank 0] [INFO] epoch 2 시작
2025-12-04 12:45:33,339 DDP_Script [Rank 0] [INFO] DataLoader created with batch_size=32, num_workers=4
2025-12-04 12:45:33,341 DDP_Script [Rank 0] [INFO] 모든 노드 중 max_steps = 2105
2025-12-04 12:45:33,341 DDP_Script [Rank 0] [INFO] local_steps=2105, global_steps=2105
2025-12-04 12:47:43,601 DDP_Script [Rank 0] [INFO] epoch 2 train step time: 130.26 seconds
2025-12-04 12:47:43,602 DDP_Script [Rank 0] [INFO] epoch 2 끝 (local_steps=2105, global_steps=2105)
2025-12-04 12:47:44,135 DDP_Script [Rank 0] [INFO] val acc 88.42%
2025-12-04 12:47:44,147 DDP_Script [Rank 0] [INFO] Saving checkpoint to ./checkpoints/job-b5bf02df3946/latest_checkpoint.pth ...
2025-12-04 12:47:46,444 DDP_Script [Rank 0] [INFO] Successfully reported epoch 2/20 (Acc: 88.42%) to global server.
2025-12-04 12:47:46,446 DDP_Script [Rank 0] [INFO] epoch 3 시작
2025-12-04 12:47:46,453 DDP_Script [Rank 0] [INFO] DataLoader created with batch_size=32, num_workers=4
2025-12-04 12:47:46,454 DDP_Script [Rank 0] [INFO] 모든 노드 중 max_steps = 2105
2025-12-04 12:47:46,454 DDP_Script [Rank 0] [INFO] local_steps=2105, global_steps=2105
2025-12-04 12:49:55,342 DDP_Script [Rank 0] [INFO] epoch 3 train step time: 128.89 seconds
2025-12-04 12:49:55,343 DDP_Script [Rank 0] [INFO] epoch 3 끝 (local_steps=2105, global_steps=2105)
2025-12-04 12:49:55,867 DDP_Script [Rank 0] [INFO] val acc 90.60%
2025-12-04 12:49:55,883 DDP_Script [Rank 0] [INFO] Saving checkpoint to ./checkpoints/job-b5bf02df3946/latest_checkpoint.pth ...
2025-12-04 12:49:58,092 DDP_Script [Rank 0] [INFO] Successfully reported epoch 3/20 (Acc: 90.60%) to global server.
2025-12-04 12:49:58,094 DDP_Script [Rank 0] [INFO] epoch 4 시작
2025-12-04 12:49:58,107 DDP_Script [Rank 0] [INFO] DataLoader created with batch_size=32, num_workers=4
2025-12-04 12:49:58,109 DDP_Script [Rank 0] [INFO] 모든 노드 중 max_steps = 2105
2025-12-04 12:49:58,109 DDP_Script [Rank 0] [INFO] local_steps=2105, global_steps=2105
2025-12-04 12:52:08,276 DDP_Script [Rank 0] [INFO] epoch 4 train step time: 130.17 seconds
2025-12-04 12:52:08,277 DDP_Script [Rank 0] [INFO] epoch 4 끝 (local_steps=2105, global_steps=2105)
2025-12-04 12:52:08,813 DDP_Script [Rank 0] [INFO] val acc 90.37%
2025-12-04 12:52:08,819 DDP_Script [Rank 0] [INFO] Saving checkpoint to ./checkpoints/job-b5bf02df3946/latest_checkpoint.pth ...
2025-12-04 12:52:11,244 DDP_Script [Rank 0] [INFO] Successfully reported epoch 4/20 (Acc: 90.37%) to global server.
2025-12-04 12:52:11,245 DDP_Script [Rank 0] [INFO] epoch 5 시작
2025-12-04 12:52:11,278 DDP_Script [Rank 0] [INFO] DataLoader created with batch_size=32, num_workers=4
2025-12-04 12:52:11,279 DDP_Script [Rank 0] [INFO] 모든 노드 중 max_steps = 2105
2025-12-04 12:52:11,279 DDP_Script [Rank 0] [INFO] local_steps=2105, global_steps=2105
2025-12-04 12:54:20,611 DDP_Script [Rank 0] [INFO] epoch 5 train step time: 129.33 seconds
2025-12-04 12:54:20,613 DDP_Script [Rank 0] [INFO] epoch 5 끝 (local_steps=2105, global_steps=2105)
2025-12-04 12:54:21,139 DDP_Script [Rank 0] [INFO] val acc 90.02%
2025-12-04 12:54:21,154 DDP_Script [Rank 0] [INFO] Saving checkpoint to ./checkpoints/job-b5bf02df3946/latest_checkpoint.pth ...
2025-12-04 12:54:23,580 DDP_Script [Rank 0] [INFO] Successfully reported epoch 5/20 (Acc: 90.02%) to global server.
2025-12-04 12:54:23,582 DDP_Script [Rank 0] [INFO] epoch 6 시작
2025-12-04 12:54:23,613 DDP_Script [Rank 0] [INFO] DataLoader created with batch_size=32, num_workers=4
2025-12-04 12:54:23,614 DDP_Script [Rank 0] [INFO] 모든 노드 중 max_steps = 2105
2025-12-04 12:54:23,614 DDP_Script [Rank 0] [INFO] local_steps=2105, global_steps=2105
2025-12-04 12:56:34,877 DDP_Script [Rank 0] [INFO] epoch 6 train step time: 131.26 seconds
2025-12-04 12:56:34,878 DDP_Script [Rank 0] [INFO] epoch 6 끝 (local_steps=2105, global_steps=2105)
2025-12-04 12:56:35,419 DDP_Script [Rank 0] [INFO] val acc 91.28%
2025-12-04 12:56:35,427 DDP_Script [Rank 0] [INFO] Saving checkpoint to ./checkpoints/job-b5bf02df3946/latest_checkpoint.pth ...
2025-12-04 12:56:37,804 DDP_Script [Rank 0] [INFO] Successfully reported epoch 6/20 (Acc: 91.28%) to global server.
2025-12-04 12:56:37,806 DDP_Script [Rank 0] [INFO] epoch 7 시작
2025-12-04 12:56:37,861 DDP_Script [Rank 0] [INFO] DataLoader created with batch_size=32, num_workers=4
2025-12-04 12:56:37,864 DDP_Script [Rank 0] [INFO] 모든 노드 중 max_steps = 2105
2025-12-04 12:56:37,864 DDP_Script [Rank 0] [INFO] local_steps=2105, global_steps=2105
2025-12-04 12:58:45,734 DDP_Script [Rank 0] [INFO] epoch 7 train step time: 127.87 seconds
2025-12-04 12:58:45,735 DDP_Script [Rank 0] [INFO] epoch 7 끝 (local_steps=2105, global_steps=2105)
2025-12-04 12:58:46,262 DDP_Script [Rank 0] [INFO] val acc 90.14%
2025-12-04 12:58:46,280 DDP_Script [Rank 0] [INFO] Saving checkpoint to ./checkpoints/job-b5bf02df3946/latest_checkpoint.pth ...
2025-12-04 12:58:48,333 DDP_Script [Rank 0] [INFO] Successfully reported epoch 7/20 (Acc: 90.14%) to global server.
2025-12-04 12:58:48,335 DDP_Script [Rank 0] [INFO] epoch 8 시작
2025-12-04 12:58:48,366 DDP_Script [Rank 0] [INFO] DataLoader created with batch_size=32, num_workers=4
2025-12-04 12:58:48,367 DDP_Script [Rank 0] [INFO] 모든 노드 중 max_steps = 2105
2025-12-04 12:58:48,367 DDP_Script [Rank 0] [INFO] local_steps=2105, global_steps=2105
2025-12-04 13:00:56,467 DDP_Script [Rank 0] [INFO] epoch 8 train step time: 128.10 seconds
2025-12-04 13:00:56,468 DDP_Script [Rank 0] [INFO] epoch 8 끝 (local_steps=2105, global_steps=2105)
2025-12-04 13:00:57,015 DDP_Script [Rank 0] [INFO] val acc 90.60%
2025-12-04 13:00:57,029 DDP_Script [Rank 0] [INFO] Saving checkpoint to ./checkpoints/job-b5bf02df3946/latest_checkpoint.pth ...
2025-12-04 13:00:59,376 DDP_Script [Rank 0] [INFO] Successfully reported epoch 8/20 (Acc: 90.60%) to global server.
2025-12-04 13:00:59,378 DDP_Script [Rank 0] [INFO] epoch 9 시작
2025-12-04 13:00:59,411 DDP_Script [Rank 0] [INFO] DataLoader created with batch_size=32, num_workers=4
2025-12-04 13:00:59,412 DDP_Script [Rank 0] [INFO] 모든 노드 중 max_steps = 2105
2025-12-04 13:00:59,412 DDP_Script [Rank 0] [INFO] local_steps=2105, global_steps=2105
2025-12-04 13:03:10,852 DDP_Script [Rank 0] [INFO] epoch 9 train step time: 131.44 seconds
2025-12-04 13:03:10,854 DDP_Script [Rank 0] [INFO] epoch 9 끝 (local_steps=2105, global_steps=2105)
2025-12-04 13:03:11,388 DDP_Script [Rank 0] [INFO] val acc 88.99%
2025-12-04 13:03:11,412 DDP_Script [Rank 0] [INFO] Saving checkpoint to ./checkpoints/job-b5bf02df3946/latest_checkpoint.pth ...
2025-12-04 13:03:13,850 DDP_Script [Rank 0] [INFO] Successfully reported epoch 9/20 (Acc: 88.99%) to global server.
2025-12-04 13:03:13,852 DDP_Script [Rank 0] [INFO] epoch 10 시작
2025-12-04 13:03:13,884 DDP_Script [Rank 0] [INFO] DataLoader created with batch_size=32, num_workers=4
2025-12-04 13:03:13,885 DDP_Script [Rank 0] [INFO] 모든 노드 중 max_steps = 2105
2025-12-04 13:03:13,886 DDP_Script [Rank 0] [INFO] local_steps=2105, global_steps=2105
2025-12-04 13:05:25,142 DDP_Script [Rank 0] [INFO] epoch 10 train step time: 131.26 seconds
2025-12-04 13:05:25,144 DDP_Script [Rank 0] [INFO] epoch 10 끝 (local_steps=2105, global_steps=2105)
2025-12-04 13:05:25,680 DDP_Script [Rank 0] [INFO] val acc 89.22%
2025-12-04 13:05:25,691 DDP_Script [Rank 0] [INFO] Saving checkpoint to ./checkpoints/job-b5bf02df3946/latest_checkpoint.pth ...
2025-12-04 13:05:27,812 DDP_Script [Rank 0] [INFO] Successfully reported epoch 10/20 (Acc: 89.22%) to global server.
2025-12-04 13:05:27,814 DDP_Script [Rank 0] [INFO] epoch 11 시작
2025-12-04 13:05:27,847 DDP_Script [Rank 0] [INFO] DataLoader created with batch_size=32, num_workers=4
2025-12-04 13:05:27,848 DDP_Script [Rank 0] [INFO] 모든 노드 중 max_steps = 2105
2025-12-04 13:05:27,848 DDP_Script [Rank 0] [INFO] local_steps=2105, global_steps=2105
2025-12-04 13:07:37,689 DDP_Script [Rank 0] [INFO] epoch 11 train step time: 129.84 seconds
2025-12-04 13:07:37,690 DDP_Script [Rank 0] [INFO] epoch 11 끝 (local_steps=2105, global_steps=2105)
2025-12-04 13:07:38,219 DDP_Script [Rank 0] [INFO] val acc 88.30%
2025-12-04 13:07:38,235 DDP_Script [Rank 0] [INFO] Saving checkpoint to ./checkpoints/job-b5bf02df3946/latest_checkpoint.pth ...
2025-12-04 13:07:40,635 DDP_Script [Rank 0] [INFO] Successfully reported epoch 11/20 (Acc: 88.30%) to global server.
2025-12-04 13:07:40,636 DDP_Script [Rank 0] [INFO] epoch 12 시작
2025-12-04 13:07:40,668 DDP_Script [Rank 0] [INFO] DataLoader created with batch_size=32, num_workers=4
2025-12-04 13:07:40,669 DDP_Script [Rank 0] [INFO] 모든 노드 중 max_steps = 2105
2025-12-04 13:07:40,669 DDP_Script [Rank 0] [INFO] local_steps=2105, global_steps=2105
2025-12-04 13:09:49,150 DDP_Script [Rank 0] [INFO] epoch 12 train step time: 128.48 seconds
2025-12-04 13:09:49,152 DDP_Script [Rank 0] [INFO] epoch 12 끝 (local_steps=2105, global_steps=2105)
2025-12-04 13:09:49,681 DDP_Script [Rank 0] [INFO] val acc 90.48%
2025-12-04 13:09:49,697 DDP_Script [Rank 0] [INFO] Saving checkpoint to ./checkpoints/job-b5bf02df3946/latest_checkpoint.pth ...
2025-12-04 13:09:51,998 DDP_Script [Rank 0] [INFO] Successfully reported epoch 12/20 (Acc: 90.48%) to global server.
2025-12-04 13:09:52,000 DDP_Script [Rank 0] [INFO] epoch 13 시작
2025-12-04 13:09:52,032 DDP_Script [Rank 0] [INFO] DataLoader created with batch_size=32, num_workers=4
2025-12-04 13:09:52,033 DDP_Script [Rank 0] [INFO] 모든 노드 중 max_steps = 2105
2025-12-04 13:09:52,033 DDP_Script [Rank 0] [INFO] local_steps=2105, global_steps=2105
2025-12-04 13:11:55,776 DDP_Script [Rank 0] [INFO] epoch 13 train step time: 123.74 seconds
2025-12-04 13:11:55,777 DDP_Script [Rank 0] [INFO] epoch 13 끝 (local_steps=2105, global_steps=2105)
2025-12-04 13:11:56,306 DDP_Script [Rank 0] [INFO] val acc 90.25%
2025-12-04 13:11:56,330 DDP_Script [Rank 0] [INFO] Saving checkpoint to ./checkpoints/job-b5bf02df3946/latest_checkpoint.pth ...
2025-12-04 13:11:58,717 DDP_Script [Rank 0] [INFO] Successfully reported epoch 13/20 (Acc: 90.25%) to global server.
2025-12-04 13:11:58,720 DDP_Script [Rank 0] [INFO] epoch 14 시작
2025-12-04 13:11:58,753 DDP_Script [Rank 0] [INFO] DataLoader created with batch_size=32, num_workers=4
2025-12-04 13:11:58,755 DDP_Script [Rank 0] [INFO] 모든 노드 중 max_steps = 2105
2025-12-04 13:11:58,755 DDP_Script [Rank 0] [INFO] local_steps=2105, global_steps=2105
2025-12-04 13:14:06,439 DDP_Script [Rank 0] [INFO] epoch 14 train step time: 127.66 seconds
2025-12-04 13:14:06,441 DDP_Script [Rank 0] [INFO] epoch 14 끝 (local_steps=2105, global_steps=2105)
2025-12-04 13:14:06,963 DDP_Script [Rank 0] [INFO] val acc 90.60%
2025-12-04 13:14:06,976 DDP_Script [Rank 0] [INFO] Saving checkpoint to ./checkpoints/job-b5bf02df3946/latest_checkpoint.pth ...
2025-12-04 13:14:09,121 DDP_Script [Rank 0] [INFO] Successfully reported epoch 14/20 (Acc: 90.60%) to global server.
2025-12-04 13:14:09,123 DDP_Script [Rank 0] [INFO] epoch 15 시작
2025-12-04 13:14:09,153 DDP_Script [Rank 0] [INFO] DataLoader created with batch_size=32, num_workers=4
2025-12-04 13:14:09,154 DDP_Script [Rank 0] [INFO] 모든 노드 중 max_steps = 2105
2025-12-04 13:14:09,154 DDP_Script [Rank 0] [INFO] local_steps=2105, global_steps=2105
2025-12-04 13:16:17,032 DDP_Script [Rank 0] [INFO] epoch 15 train step time: 127.88 seconds
2025-12-04 13:16:17,033 DDP_Script [Rank 0] [INFO] epoch 15 끝 (local_steps=2105, global_steps=2105)
2025-12-04 13:16:17,561 DDP_Script [Rank 0] [INFO] val acc 88.19%
2025-12-04 13:16:17,577 DDP_Script [Rank 0] [INFO] Saving checkpoint to ./checkpoints/job-b5bf02df3946/latest_checkpoint.pth ...
2025-12-04 13:16:19,382 DDP_Script [Rank 0] [INFO] Successfully reported epoch 15/20 (Acc: 88.19%) to global server.
2025-12-04 13:16:19,384 DDP_Script [Rank 0] [INFO] epoch 16 시작
2025-12-04 13:16:19,417 DDP_Script [Rank 0] [INFO] DataLoader created with batch_size=32, num_workers=4
2025-12-04 13:16:19,418 DDP_Script [Rank 0] [INFO] 모든 노드 중 max_steps = 2105
2025-12-04 13:16:19,418 DDP_Script [Rank 0] [INFO] local_steps=2105, global_steps=2105
2025-12-04 13:18:28,711 DDP_Script [Rank 0] [INFO] epoch 16 train step time: 129.29 seconds
2025-12-04 13:18:28,713 DDP_Script [Rank 0] [INFO] epoch 16 끝 (local_steps=2105, global_steps=2105)
2025-12-04 13:18:29,241 DDP_Script [Rank 0] [INFO] val acc 89.33%
2025-12-04 13:18:29,260 DDP_Script [Rank 0] [INFO] Saving checkpoint to ./checkpoints/job-b5bf02df3946/latest_checkpoint.pth ...
2025-12-04 13:18:31,664 DDP_Script [Rank 0] [INFO] Successfully reported epoch 16/20 (Acc: 89.33%) to global server.
2025-12-04 13:18:31,665 DDP_Script [Rank 0] [INFO] epoch 17 시작
2025-12-04 13:18:31,697 DDP_Script [Rank 0] [INFO] DataLoader created with batch_size=32, num_workers=4
2025-12-04 13:18:31,698 DDP_Script [Rank 0] [INFO] 모든 노드 중 max_steps = 2105
2025-12-04 13:18:31,698 DDP_Script [Rank 0] [INFO] local_steps=2105, global_steps=2105
2025-12-04 13:20:38,271 DDP_Script [Rank 0] [INFO] epoch 17 train step time: 126.57 seconds
2025-12-04 13:20:38,272 DDP_Script [Rank 0] [INFO] epoch 17 끝 (local_steps=2105, global_steps=2105)
2025-12-04 13:20:38,806 DDP_Script [Rank 0] [INFO] val acc 89.91%
2025-12-04 13:20:38,824 DDP_Script [Rank 0] [INFO] Saving checkpoint to ./checkpoints/job-b5bf02df3946/latest_checkpoint.pth ...
2025-12-04 13:20:40,997 DDP_Script [Rank 0] [INFO] Successfully reported epoch 17/20 (Acc: 89.91%) to global server.
2025-12-04 13:20:40,999 DDP_Script [Rank 0] [INFO] epoch 18 시작
2025-12-04 13:20:41,032 DDP_Script [Rank 0] [INFO] DataLoader created with batch_size=32, num_workers=4
2025-12-04 13:20:41,033 DDP_Script [Rank 0] [INFO] 모든 노드 중 max_steps = 2105
2025-12-04 13:20:41,033 DDP_Script [Rank 0] [INFO] local_steps=2105, global_steps=2105
2025-12-04 13:22:50,119 DDP_Script [Rank 0] [INFO] epoch 18 train step time: 129.09 seconds
2025-12-04 13:22:50,120 DDP_Script [Rank 0] [INFO] epoch 18 끝 (local_steps=2105, global_steps=2105)
2025-12-04 13:22:50,654 DDP_Script [Rank 0] [INFO] val acc 89.45%
2025-12-04 13:22:50,671 DDP_Script [Rank 0] [INFO] Saving checkpoint to ./checkpoints/job-b5bf02df3946/latest_checkpoint.pth ...
2025-12-04 13:22:52,833 DDP_Script [Rank 0] [INFO] Successfully reported epoch 18/20 (Acc: 89.45%) to global server.
2025-12-04 13:22:52,835 DDP_Script [Rank 0] [INFO] epoch 19 시작
2025-12-04 13:22:52,867 DDP_Script [Rank 0] [INFO] DataLoader created with batch_size=32, num_workers=4
2025-12-04 13:22:52,868 DDP_Script [Rank 0] [INFO] 모든 노드 중 max_steps = 2105
2025-12-04 13:22:52,868 DDP_Script [Rank 0] [INFO] local_steps=2105, global_steps=2105
2025-12-04 13:25:00,270 DDP_Script [Rank 0] [INFO] epoch 19 train step time: 127.40 seconds
2025-12-04 13:25:00,271 DDP_Script [Rank 0] [INFO] epoch 19 끝 (local_steps=2105, global_steps=2105)
2025-12-04 13:25:00,853 DDP_Script [Rank 0] [INFO] val acc 90.60%
2025-12-04 13:25:00,860 DDP_Script [Rank 0] [INFO] Saving checkpoint to ./checkpoints/job-b5bf02df3946/latest_checkpoint.pth ...
2025-12-04 13:25:03,194 DDP_Script [Rank 0] [INFO] Successfully reported epoch 19/20 (Acc: 90.60%) to global server.
2025-12-04 13:25:03,195 DDP_Script [Rank 0] [INFO] epoch 20 시작
2025-12-04 13:25:03,229 DDP_Script [Rank 0] [INFO] DataLoader created with batch_size=32, num_workers=4
2025-12-04 13:25:03,231 DDP_Script [Rank 0] [INFO] 모든 노드 중 max_steps = 2105
2025-12-04 13:25:03,231 DDP_Script [Rank 0] [INFO] local_steps=2105, global_steps=2105
2025-12-04 13:27:12,290 DDP_Script [Rank 0] [INFO] epoch 20 train step time: 129.06 seconds
2025-12-04 13:27:12,292 DDP_Script [Rank 0] [INFO] epoch 20 끝 (local_steps=2105, global_steps=2105)
2025-12-04 13:27:12,829 DDP_Script [Rank 0] [INFO] val acc 89.22%
2025-12-04 13:27:12,840 DDP_Script [Rank 0] [INFO] Saving checkpoint to ./checkpoints/job-b5bf02df3946/latest_checkpoint.pth ...
2025-12-04 13:27:15,247 DDP_Script [Rank 0] [INFO] Successfully reported epoch 20/20 (Acc: 89.22%) to global server.
2025-12-04 13:27:15,249 DDP_Script [Rank 0] [INFO] Training completed successfully.
2025-12-04 13:27:15,286 DDP_Script [Rank 0] [INFO] Reported job completion to global server.
2025-12-04 13:27:15,286 DDP_Script [Rank 0] [INFO] Training loop finished.
