/data/breath12/anaconda3/envs/Dist1/lib/python3.9/site-packages/torch/cuda/__init__.py:63: FutureWarning: The pynvml package is deprecated. Please install nvidia-ml-py instead. If you did not install pynvml directly, please report this to the maintainers of the package that installed pynvml for you.
  import pynvml  # type: ignore[import]
Current CUDA device index: 0
Current CUDA device name: NVIDIA RTX A5000
Master address: 163.180.160.62, port: 29553
2025-11-18 15:06:44,353 DDP_Script [Rank 0] [INFO] Node rank: 0, world size: 1
[Gloo] Rank 0 is connected to 0 peer ranks. Expected number of connected peer ranks is : 0
2025-11-18 15:06:44,359 DDP_Script [Rank 0] [INFO] Process group initialized: 163.180.160.62:29553
2025-11-18 15:06:44,359 DDP_Script [Rank 0] [INFO] Rank 0/1 initialized
/data/breath12/anaconda3/envs/Dist1/lib/python3.9/site-packages/torchvision/models/_utils.py:208: UserWarning: The parameter 'pretrained' is deprecated since 0.13 and may be removed in the future, please use 'weights' instead.
  warnings.warn(
/data/breath12/anaconda3/envs/Dist1/lib/python3.9/site-packages/torchvision/models/_utils.py:223: UserWarning: Arguments other than a weight enum or `None` for 'weights' are deprecated since 0.13 and may be removed in the future. The current behavior is equivalent to passing `weights=None`.
  warnings.warn(msg)
2025-11-18 15:06:44,860 DDP_Script [Rank 0] [INFO] Model, DDP, criterion, optimizer initialized
2025-11-18 15:06:44,882 DDP_Script [Rank 0] [INFO] Modules initialized
2025-11-18 15:06:44,883 DDP_Script [Rank 0] [INFO] Checkpoint directory created: ./checkpoints/job-fa6c5adf5667
2025-11-18 15:06:44,883 DDP_Script [Rank 0] [INFO] Starting training from scratch (epoch 1).
2025-11-18 15:06:44,883 DDP_Script [Rank 0] [INFO] epoch 1 시작
2025-11-18 15:06:44,889 DDP_Script [Rank 0] [INFO] DataLoader created with batch_size=64, num_workers=4
2025-11-18 15:06:44,894 DDP_Script [Rank 0] [INFO] 모든 노드 중 max_steps = 938
2025-11-18 15:06:44,894 DDP_Script [Rank 0] [INFO] local_steps=938, global_steps=938
2025-11-18 15:10:11,395 DDP_Script [Rank 0] [INFO] epoch 1 train step time: 206.50 seconds
2025-11-18 15:10:11,396 DDP_Script [Rank 0] [INFO] epoch 1 끝 (local_steps=938, global_steps=938)
2025-11-18 15:10:22,122 DDP_Script [Rank 0] [INFO] val acc 97.94%
2025-11-18 15:10:22,171 DDP_Script [Rank 0] [INFO] Saving checkpoint to ./checkpoints/job-fa6c5adf5667/latest_checkpoint.pth ...
2025-11-18 15:10:23,021 DDP_Script [Rank 0] [INFO] Successfully reported epoch 1/20 (Acc: 97.94%) to global server.
2025-11-18 15:10:23,021 DDP_Script [Rank 0] [INFO] epoch 2 시작
2025-11-18 15:10:23,031 DDP_Script [Rank 0] [INFO] DataLoader created with batch_size=64, num_workers=4
2025-11-18 15:10:23,035 DDP_Script [Rank 0] [INFO] 모든 노드 중 max_steps = 938
2025-11-18 15:10:23,035 DDP_Script [Rank 0] [INFO] local_steps=938, global_steps=938
2025-11-18 15:13:51,063 DDP_Script [Rank 0] [INFO] epoch 2 train step time: 208.03 seconds
2025-11-18 15:13:51,065 DDP_Script [Rank 0] [INFO] epoch 2 끝 (local_steps=938, global_steps=938)
2025-11-18 15:14:01,543 DDP_Script [Rank 0] [INFO] val acc 98.51%
2025-11-18 15:14:01,589 DDP_Script [Rank 0] [INFO] Saving checkpoint to ./checkpoints/job-fa6c5adf5667/latest_checkpoint.pth ...
2025-11-18 15:14:02,355 DDP_Script [Rank 0] [INFO] Successfully reported epoch 2/20 (Acc: 98.51%) to global server.
2025-11-18 15:14:02,356 DDP_Script [Rank 0] [INFO] epoch 3 시작
2025-11-18 15:14:02,378 DDP_Script [Rank 0] [INFO] DataLoader created with batch_size=64, num_workers=4
2025-11-18 15:14:02,383 DDP_Script [Rank 0] [INFO] 모든 노드 중 max_steps = 938
2025-11-18 15:14:02,383 DDP_Script [Rank 0] [INFO] local_steps=938, global_steps=938
2025-11-18 15:17:29,353 DDP_Script [Rank 0] [INFO] epoch 3 train step time: 206.97 seconds
2025-11-18 15:17:29,354 DDP_Script [Rank 0] [INFO] epoch 3 끝 (local_steps=938, global_steps=938)
2025-11-18 15:17:39,848 DDP_Script [Rank 0] [INFO] val acc 99.23%
2025-11-18 15:17:39,864 DDP_Script [Rank 0] [INFO] Saving checkpoint to ./checkpoints/job-fa6c5adf5667/latest_checkpoint.pth ...
2025-11-18 15:17:40,613 DDP_Script [Rank 0] [INFO] Successfully reported epoch 3/20 (Acc: 99.23%) to global server.
2025-11-18 15:17:40,614 DDP_Script [Rank 0] [INFO] epoch 4 시작
2025-11-18 15:17:40,631 DDP_Script [Rank 0] [INFO] DataLoader created with batch_size=64, num_workers=4
2025-11-18 15:17:40,635 DDP_Script [Rank 0] [INFO] 모든 노드 중 max_steps = 938
2025-11-18 15:17:40,635 DDP_Script [Rank 0] [INFO] local_steps=938, global_steps=938
2025-11-18 15:21:08,033 DDP_Script [Rank 0] [INFO] epoch 4 train step time: 207.40 seconds
2025-11-18 15:21:08,034 DDP_Script [Rank 0] [INFO] epoch 4 끝 (local_steps=938, global_steps=938)
2025-11-18 15:21:18,516 DDP_Script [Rank 0] [INFO] val acc 98.82%
2025-11-18 15:21:18,563 DDP_Script [Rank 0] [INFO] Saving checkpoint to ./checkpoints/job-fa6c5adf5667/latest_checkpoint.pth ...
2025-11-18 15:21:19,405 DDP_Script [Rank 0] [INFO] Successfully reported epoch 4/20 (Acc: 98.82%) to global server.
2025-11-18 15:21:19,406 DDP_Script [Rank 0] [INFO] epoch 5 시작
2025-11-18 15:21:19,412 DDP_Script [Rank 0] [INFO] DataLoader created with batch_size=64, num_workers=4
2025-11-18 15:21:19,416 DDP_Script [Rank 0] [INFO] 모든 노드 중 max_steps = 938
2025-11-18 15:21:19,416 DDP_Script [Rank 0] [INFO] local_steps=938, global_steps=938
2025-11-18 15:24:47,332 DDP_Script [Rank 0] [INFO] epoch 5 train step time: 207.92 seconds
2025-11-18 15:24:47,334 DDP_Script [Rank 0] [INFO] epoch 5 끝 (local_steps=938, global_steps=938)
2025-11-18 15:24:57,800 DDP_Script [Rank 0] [INFO] val acc 98.67%
2025-11-18 15:24:57,840 DDP_Script [Rank 0] [INFO] Saving checkpoint to ./checkpoints/job-fa6c5adf5667/latest_checkpoint.pth ...
2025-11-18 15:24:58,717 DDP_Script [Rank 0] [INFO] Successfully reported epoch 5/20 (Acc: 98.67%) to global server.
2025-11-18 15:24:58,718 DDP_Script [Rank 0] [INFO] epoch 6 시작
2025-11-18 15:24:58,739 DDP_Script [Rank 0] [INFO] DataLoader created with batch_size=64, num_workers=4
2025-11-18 15:24:58,743 DDP_Script [Rank 0] [INFO] 모든 노드 중 max_steps = 938
2025-11-18 15:24:58,743 DDP_Script [Rank 0] [INFO] local_steps=938, global_steps=938
2025-11-18 15:28:23,029 DDP_Script [Rank 0] [INFO] epoch 6 train step time: 204.29 seconds
2025-11-18 15:28:23,031 DDP_Script [Rank 0] [INFO] epoch 6 끝 (local_steps=938, global_steps=938)
2025-11-18 15:28:33,546 DDP_Script [Rank 0] [INFO] val acc 99.34%
2025-11-18 15:28:33,570 DDP_Script [Rank 0] [INFO] Saving checkpoint to ./checkpoints/job-fa6c5adf5667/latest_checkpoint.pth ...
2025-11-18 15:28:34,465 DDP_Script [Rank 0] [INFO] Successfully reported epoch 6/20 (Acc: 99.34%) to global server.
2025-11-18 15:28:34,466 DDP_Script [Rank 0] [INFO] epoch 7 시작
2025-11-18 15:28:34,476 DDP_Script [Rank 0] [INFO] DataLoader created with batch_size=64, num_workers=4
2025-11-18 15:28:34,482 DDP_Script [Rank 0] [INFO] 모든 노드 중 max_steps = 938
2025-11-18 15:28:34,482 DDP_Script [Rank 0] [INFO] local_steps=938, global_steps=938
2025-11-18 15:32:02,925 DDP_Script [Rank 0] [INFO] epoch 7 train step time: 208.42 seconds
2025-11-18 15:32:02,927 DDP_Script [Rank 0] [INFO] epoch 7 끝 (local_steps=938, global_steps=938)
2025-11-18 15:32:13,489 DDP_Script [Rank 0] [INFO] val acc 99.03%
2025-11-18 15:32:13,521 DDP_Script [Rank 0] [INFO] Saving checkpoint to ./checkpoints/job-fa6c5adf5667/latest_checkpoint.pth ...
2025-11-18 15:32:14,594 DDP_Script [Rank 0] [INFO] Successfully reported epoch 7/20 (Acc: 99.03%) to global server.
2025-11-18 15:32:14,595 DDP_Script [Rank 0] [INFO] epoch 8 시작
2025-11-18 15:32:14,605 DDP_Script [Rank 0] [INFO] DataLoader created with batch_size=64, num_workers=4
2025-11-18 15:32:14,612 DDP_Script [Rank 0] [INFO] 모든 노드 중 max_steps = 938
2025-11-18 15:32:14,612 DDP_Script [Rank 0] [INFO] local_steps=938, global_steps=938
2025-11-18 15:35:44,454 DDP_Script [Rank 0] [INFO] epoch 8 train step time: 209.84 seconds
2025-11-18 15:35:44,455 DDP_Script [Rank 0] [INFO] epoch 8 끝 (local_steps=938, global_steps=938)
2025-11-18 15:35:54,960 DDP_Script [Rank 0] [INFO] val acc 99.45%
2025-11-18 15:35:54,998 DDP_Script [Rank 0] [INFO] Saving checkpoint to ./checkpoints/job-fa6c5adf5667/latest_checkpoint.pth ...
2025-11-18 15:35:55,781 DDP_Script [Rank 0] [INFO] Successfully reported epoch 8/20 (Acc: 99.45%) to global server.
2025-11-18 15:35:55,782 DDP_Script [Rank 0] [INFO] epoch 9 시작
2025-11-18 15:35:55,795 DDP_Script [Rank 0] [INFO] DataLoader created with batch_size=64, num_workers=4
2025-11-18 15:35:55,800 DDP_Script [Rank 0] [INFO] 모든 노드 중 max_steps = 938
2025-11-18 15:35:55,800 DDP_Script [Rank 0] [INFO] local_steps=938, global_steps=938
2025-11-18 15:39:26,455 DDP_Script [Rank 0] [INFO] epoch 9 train step time: 210.65 seconds
2025-11-18 15:39:26,457 DDP_Script [Rank 0] [INFO] epoch 9 끝 (local_steps=938, global_steps=938)
2025-11-18 15:39:36,909 DDP_Script [Rank 0] [INFO] val acc 99.35%
2025-11-18 15:39:36,935 DDP_Script [Rank 0] [INFO] Saving checkpoint to ./checkpoints/job-fa6c5adf5667/latest_checkpoint.pth ...
2025-11-18 15:39:37,787 DDP_Script [Rank 0] [INFO] Successfully reported epoch 9/20 (Acc: 99.35%) to global server.
2025-11-18 15:39:37,788 DDP_Script [Rank 0] [INFO] epoch 10 시작
2025-11-18 15:39:37,810 DDP_Script [Rank 0] [INFO] DataLoader created with batch_size=64, num_workers=4
2025-11-18 15:39:37,813 DDP_Script [Rank 0] [INFO] 모든 노드 중 max_steps = 938
2025-11-18 15:39:37,813 DDP_Script [Rank 0] [INFO] local_steps=938, global_steps=938
2025-11-18 15:43:06,778 DDP_Script [Rank 0] [INFO] epoch 10 train step time: 208.96 seconds
2025-11-18 15:43:06,779 DDP_Script [Rank 0] [INFO] epoch 10 끝 (local_steps=938, global_steps=938)
2025-11-18 15:43:17,275 DDP_Script [Rank 0] [INFO] val acc 99.37%
2025-11-18 15:43:17,300 DDP_Script [Rank 0] [INFO] Saving checkpoint to ./checkpoints/job-fa6c5adf5667/latest_checkpoint.pth ...
2025-11-18 15:43:18,027 DDP_Script [Rank 0] [INFO] Successfully reported epoch 10/20 (Acc: 99.37%) to global server.
2025-11-18 15:43:18,029 DDP_Script [Rank 0] [INFO] epoch 11 시작
2025-11-18 15:43:18,039 DDP_Script [Rank 0] [INFO] DataLoader created with batch_size=64, num_workers=4
2025-11-18 15:43:18,046 DDP_Script [Rank 0] [INFO] 모든 노드 중 max_steps = 938
2025-11-18 15:43:18,046 DDP_Script [Rank 0] [INFO] local_steps=938, global_steps=938
2025-11-18 15:46:47,410 DDP_Script [Rank 0] [INFO] epoch 11 train step time: 209.36 seconds
2025-11-18 15:46:47,411 DDP_Script [Rank 0] [INFO] epoch 11 끝 (local_steps=938, global_steps=938)
2025-11-18 15:46:57,987 DDP_Script [Rank 0] [INFO] val acc 99.39%
2025-11-18 15:46:58,033 DDP_Script [Rank 0] [INFO] Saving checkpoint to ./checkpoints/job-fa6c5adf5667/latest_checkpoint.pth ...
2025-11-18 15:46:58,808 DDP_Script [Rank 0] [INFO] Successfully reported epoch 11/20 (Acc: 99.39%) to global server.
2025-11-18 15:46:58,809 DDP_Script [Rank 0] [INFO] epoch 12 시작
2025-11-18 15:46:58,819 DDP_Script [Rank 0] [INFO] DataLoader created with batch_size=64, num_workers=4
2025-11-18 15:46:58,825 DDP_Script [Rank 0] [INFO] 모든 노드 중 max_steps = 938
2025-11-18 15:46:58,825 DDP_Script [Rank 0] [INFO] local_steps=938, global_steps=938
2025-11-18 15:50:28,116 DDP_Script [Rank 0] [INFO] epoch 12 train step time: 209.29 seconds
2025-11-18 15:50:28,117 DDP_Script [Rank 0] [INFO] epoch 12 끝 (local_steps=938, global_steps=938)
2025-11-18 15:50:38,633 DDP_Script [Rank 0] [INFO] val acc 99.26%
2025-11-18 15:50:38,658 DDP_Script [Rank 0] [INFO] Saving checkpoint to ./checkpoints/job-fa6c5adf5667/latest_checkpoint.pth ...
2025-11-18 15:50:39,401 DDP_Script [Rank 0] [INFO] Successfully reported epoch 12/20 (Acc: 99.26%) to global server.
2025-11-18 15:50:39,402 DDP_Script [Rank 0] [INFO] epoch 13 시작
2025-11-18 15:50:39,416 DDP_Script [Rank 0] [INFO] DataLoader created with batch_size=64, num_workers=4
2025-11-18 15:50:39,421 DDP_Script [Rank 0] [INFO] 모든 노드 중 max_steps = 938
2025-11-18 15:50:39,421 DDP_Script [Rank 0] [INFO] local_steps=938, global_steps=938
2025-11-18 15:54:09,310 DDP_Script [Rank 0] [INFO] epoch 13 train step time: 209.89 seconds
2025-11-18 15:54:09,311 DDP_Script [Rank 0] [INFO] epoch 13 끝 (local_steps=938, global_steps=938)
2025-11-18 15:54:19,821 DDP_Script [Rank 0] [INFO] val acc 99.40%
2025-11-18 15:54:19,847 DDP_Script [Rank 0] [INFO] Saving checkpoint to ./checkpoints/job-fa6c5adf5667/latest_checkpoint.pth ...
2025-11-18 15:54:20,622 DDP_Script [Rank 0] [INFO] Successfully reported epoch 13/20 (Acc: 99.40%) to global server.
2025-11-18 15:54:20,623 DDP_Script [Rank 0] [INFO] epoch 14 시작
2025-11-18 15:54:20,639 DDP_Script [Rank 0] [INFO] DataLoader created with batch_size=64, num_workers=4
2025-11-18 15:54:20,643 DDP_Script [Rank 0] [INFO] 모든 노드 중 max_steps = 938
2025-11-18 15:54:20,643 DDP_Script [Rank 0] [INFO] local_steps=938, global_steps=938
2025-11-18 15:57:50,455 DDP_Script [Rank 0] [INFO] epoch 14 train step time: 209.81 seconds
2025-11-18 15:57:50,457 DDP_Script [Rank 0] [INFO] epoch 14 끝 (local_steps=938, global_steps=938)
2025-11-18 15:58:01,128 DDP_Script [Rank 0] [INFO] val acc 99.41%
2025-11-18 15:58:01,151 DDP_Script [Rank 0] [INFO] Saving checkpoint to ./checkpoints/job-fa6c5adf5667/latest_checkpoint.pth ...
2025-11-18 15:58:02,015 DDP_Script [Rank 0] [INFO] Successfully reported epoch 14/20 (Acc: 99.41%) to global server.
2025-11-18 15:58:02,016 DDP_Script [Rank 0] [INFO] epoch 15 시작
2025-11-18 15:58:02,038 DDP_Script [Rank 0] [INFO] DataLoader created with batch_size=64, num_workers=4
2025-11-18 15:58:02,041 DDP_Script [Rank 0] [INFO] 모든 노드 중 max_steps = 938
2025-11-18 15:58:02,041 DDP_Script [Rank 0] [INFO] local_steps=938, global_steps=938
2025-11-18 16:01:32,834 DDP_Script [Rank 0] [INFO] epoch 15 train step time: 210.79 seconds
2025-11-18 16:01:32,835 DDP_Script [Rank 0] [INFO] epoch 15 끝 (local_steps=938, global_steps=938)
2025-11-18 16:01:43,381 DDP_Script [Rank 0] [INFO] val acc 99.39%
2025-11-18 16:01:43,432 DDP_Script [Rank 0] [INFO] Saving checkpoint to ./checkpoints/job-fa6c5adf5667/latest_checkpoint.pth ...
2025-11-18 16:01:44,175 DDP_Script [Rank 0] [INFO] Successfully reported epoch 15/20 (Acc: 99.39%) to global server.
2025-11-18 16:01:44,176 DDP_Script [Rank 0] [INFO] epoch 16 시작
2025-11-18 16:01:44,187 DDP_Script [Rank 0] [INFO] DataLoader created with batch_size=64, num_workers=4
2025-11-18 16:01:44,192 DDP_Script [Rank 0] [INFO] 모든 노드 중 max_steps = 938
2025-11-18 16:01:44,192 DDP_Script [Rank 0] [INFO] local_steps=938, global_steps=938
2025-11-18 16:05:14,788 DDP_Script [Rank 0] [INFO] epoch 16 train step time: 210.59 seconds
2025-11-18 16:05:14,789 DDP_Script [Rank 0] [INFO] epoch 16 끝 (local_steps=938, global_steps=938)
2025-11-18 16:05:25,263 DDP_Script [Rank 0] [INFO] val acc 99.27%
2025-11-18 16:05:25,313 DDP_Script [Rank 0] [INFO] Saving checkpoint to ./checkpoints/job-fa6c5adf5667/latest_checkpoint.pth ...
2025-11-18 16:05:26,105 DDP_Script [Rank 0] [INFO] Successfully reported epoch 16/20 (Acc: 99.27%) to global server.
2025-11-18 16:05:26,106 DDP_Script [Rank 0] [INFO] epoch 17 시작
2025-11-18 16:05:26,116 DDP_Script [Rank 0] [INFO] DataLoader created with batch_size=64, num_workers=4
2025-11-18 16:05:26,122 DDP_Script [Rank 0] [INFO] 모든 노드 중 max_steps = 938
2025-11-18 16:05:26,122 DDP_Script [Rank 0] [INFO] local_steps=938, global_steps=938
2025-11-18 16:08:56,970 DDP_Script [Rank 0] [INFO] epoch 17 train step time: 210.85 seconds
2025-11-18 16:08:56,972 DDP_Script [Rank 0] [INFO] epoch 17 끝 (local_steps=938, global_steps=938)
2025-11-18 16:09:07,441 DDP_Script [Rank 0] [INFO] val acc 99.52%
2025-11-18 16:09:07,487 DDP_Script [Rank 0] [INFO] Saving checkpoint to ./checkpoints/job-fa6c5adf5667/latest_checkpoint.pth ...
2025-11-18 16:09:08,231 DDP_Script [Rank 0] [INFO] Successfully reported epoch 17/20 (Acc: 99.52%) to global server.
2025-11-18 16:09:08,232 DDP_Script [Rank 0] [INFO] epoch 18 시작
2025-11-18 16:09:08,243 DDP_Script [Rank 0] [INFO] DataLoader created with batch_size=64, num_workers=4
2025-11-18 16:09:08,249 DDP_Script [Rank 0] [INFO] 모든 노드 중 max_steps = 938
2025-11-18 16:09:08,249 DDP_Script [Rank 0] [INFO] local_steps=938, global_steps=938
2025-11-18 16:12:36,833 DDP_Script [Rank 0] [INFO] epoch 18 train step time: 208.58 seconds
2025-11-18 16:12:36,834 DDP_Script [Rank 0] [INFO] epoch 18 끝 (local_steps=938, global_steps=938)
2025-11-18 16:12:47,324 DDP_Script [Rank 0] [INFO] val acc 99.52%
2025-11-18 16:12:47,378 DDP_Script [Rank 0] [INFO] Saving checkpoint to ./checkpoints/job-fa6c5adf5667/latest_checkpoint.pth ...
2025-11-18 16:12:48,141 DDP_Script [Rank 0] [INFO] Successfully reported epoch 18/20 (Acc: 99.52%) to global server.
2025-11-18 16:12:48,143 DDP_Script [Rank 0] [INFO] epoch 19 시작
2025-11-18 16:12:48,159 DDP_Script [Rank 0] [INFO] DataLoader created with batch_size=64, num_workers=4
2025-11-18 16:12:48,164 DDP_Script [Rank 0] [INFO] 모든 노드 중 max_steps = 938
2025-11-18 16:12:48,164 DDP_Script [Rank 0] [INFO] local_steps=938, global_steps=938
2025-11-18 16:16:14,699 DDP_Script [Rank 0] [INFO] epoch 19 train step time: 206.53 seconds
2025-11-18 16:16:14,701 DDP_Script [Rank 0] [INFO] epoch 19 끝 (local_steps=938, global_steps=938)
2025-11-18 16:16:25,191 DDP_Script [Rank 0] [INFO] val acc 99.60%
2025-11-18 16:16:25,242 DDP_Script [Rank 0] [INFO] Saving checkpoint to ./checkpoints/job-fa6c5adf5667/latest_checkpoint.pth ...
2025-11-18 16:16:26,240 DDP_Script [Rank 0] [INFO] Successfully reported epoch 19/20 (Acc: 99.60%) to global server.
2025-11-18 16:16:26,242 DDP_Script [Rank 0] [INFO] epoch 20 시작
2025-11-18 16:16:26,252 DDP_Script [Rank 0] [INFO] DataLoader created with batch_size=64, num_workers=4
2025-11-18 16:16:26,258 DDP_Script [Rank 0] [INFO] 모든 노드 중 max_steps = 938
2025-11-18 16:16:26,258 DDP_Script [Rank 0] [INFO] local_steps=938, global_steps=938
2025-11-18 16:19:54,668 DDP_Script [Rank 0] [INFO] epoch 20 train step time: 208.41 seconds
2025-11-18 16:19:54,670 DDP_Script [Rank 0] [INFO] epoch 20 끝 (local_steps=938, global_steps=938)
2025-11-18 16:20:05,179 DDP_Script [Rank 0] [INFO] val acc 99.63%
2025-11-18 16:20:05,221 DDP_Script [Rank 0] [INFO] Saving checkpoint to ./checkpoints/job-fa6c5adf5667/latest_checkpoint.pth ...
2025-11-18 16:20:06,108 DDP_Script [Rank 0] [INFO] Successfully reported epoch 20/20 (Acc: 99.63%) to global server.
2025-11-18 16:20:06,110 DDP_Script [Rank 0] [INFO] Training completed successfully.
2025-11-18 16:20:06,124 DDP_Script [Rank 0] [INFO] Reported job completion to global server.
2025-11-18 16:20:06,124 DDP_Script [Rank 0] [INFO] Training loop finished.
