Current CUDA device index: 0
Current CUDA device name: NVIDIA GeForce RTX 5070 Ti
Master address: 163.180.117.216, port: 29575
2025-11-18 16:05:57,509 DDP_Script [Rank 1] [INFO] Node rank: 1, world size: 2
[Gloo] Rank 1 is connected to 1 peer ranks. Expected number of connected peer ranks is : 1
2025-11-18 16:05:57,642 DDP_Script [Rank 1] [INFO] Process group initialized: 163.180.117.216:29575
2025-11-18 16:05:57,643 DDP_Script [Rank 1] [INFO] Rank 1/2 initialized
/home/ubuntu216/anaconda3/envs/Dist3/lib/python3.9/site-packages/torchvision/models/_utils.py:208: UserWarning: The parameter 'pretrained' is deprecated since 0.13 and may be removed in the future, please use 'weights' instead.
  warnings.warn(
/home/ubuntu216/anaconda3/envs/Dist3/lib/python3.9/site-packages/torchvision/models/_utils.py:223: UserWarning: Arguments other than a weight enum or `None` for 'weights' are deprecated since 0.13 and may be removed in the future. The current behavior is equivalent to passing `weights=None`.
  warnings.warn(msg)
2025-11-18 16:06:00,198 DDP_Script [Rank 1] [INFO] Model, DDP, criterion, optimizer initialized
2025-11-18 16:06:00,203 DDP_Script [Rank 1] [INFO] Modules initialized
2025-11-18 16:06:00,203 DDP_Script [Rank 1] [INFO] Starting training from scratch (epoch 1).
2025-11-18 16:06:00,238 DDP_Script [Rank 1] [INFO] epoch 1 시작
2025-11-18 16:06:00,252 DDP_Script [Rank 1] [INFO] DataLoader created with batch_size=64, num_workers=4
2025-11-18 16:06:00,255 DDP_Script [Rank 1] [INFO] local_steps=391, global_steps=391
2025-11-18 16:06:36,344 DDP_Script [Rank 1] [INFO] epoch 1 train step time: 36.09 seconds
2025-11-18 16:06:36,347 DDP_Script [Rank 1] [INFO] epoch 1 끝 (local_steps=391, global_steps=391)
2025-11-18 16:06:39,847 DDP_Script [Rank 1] [INFO] val acc 13.80%
2025-11-18 16:06:40,162 DDP_Script [Rank 1] [INFO] epoch 2 시작
2025-11-18 16:06:40,170 DDP_Script [Rank 1] [INFO] DataLoader created with batch_size=64, num_workers=4
2025-11-18 16:06:40,172 DDP_Script [Rank 1] [INFO] local_steps=391, global_steps=391
2025-11-18 16:07:16,185 DDP_Script [Rank 1] [INFO] epoch 2 train step time: 36.01 seconds
2025-11-18 16:07:16,188 DDP_Script [Rank 1] [INFO] epoch 2 끝 (local_steps=391, global_steps=391)
2025-11-18 16:07:19,689 DDP_Script [Rank 1] [INFO] val acc 19.14%
2025-11-18 16:07:20,200 DDP_Script [Rank 1] [INFO] epoch 3 시작
2025-11-18 16:07:20,211 DDP_Script [Rank 1] [INFO] DataLoader created with batch_size=64, num_workers=4
2025-11-18 16:07:20,214 DDP_Script [Rank 1] [INFO] local_steps=391, global_steps=391
2025-11-18 16:07:56,306 DDP_Script [Rank 1] [INFO] epoch 3 train step time: 36.09 seconds
2025-11-18 16:07:56,322 DDP_Script [Rank 1] [INFO] epoch 3 끝 (local_steps=391, global_steps=391)
2025-11-18 16:07:59,759 DDP_Script [Rank 1] [INFO] val acc 27.15%
2025-11-18 16:08:00,285 DDP_Script [Rank 1] [INFO] epoch 4 시작
2025-11-18 16:08:00,299 DDP_Script [Rank 1] [INFO] DataLoader created with batch_size=64, num_workers=4
2025-11-18 16:08:00,301 DDP_Script [Rank 1] [INFO] local_steps=391, global_steps=391
2025-11-18 16:08:36,900 DDP_Script [Rank 1] [INFO] epoch 4 train step time: 36.60 seconds
2025-11-18 16:08:36,904 DDP_Script [Rank 1] [INFO] epoch 4 끝 (local_steps=391, global_steps=391)
2025-11-18 16:08:40,426 DDP_Script [Rank 1] [INFO] val acc 34.07%
2025-11-18 16:08:40,994 DDP_Script [Rank 1] [INFO] epoch 5 시작
2025-11-18 16:08:41,008 DDP_Script [Rank 1] [INFO] DataLoader created with batch_size=64, num_workers=4
2025-11-18 16:08:41,011 DDP_Script [Rank 1] [INFO] local_steps=391, global_steps=391
2025-11-18 16:09:17,508 DDP_Script [Rank 1] [INFO] epoch 5 train step time: 36.50 seconds
2025-11-18 16:09:17,511 DDP_Script [Rank 1] [INFO] epoch 5 끝 (local_steps=391, global_steps=391)
2025-11-18 16:09:21,033 DDP_Script [Rank 1] [INFO] val acc 37.65%
2025-11-18 16:09:21,536 DDP_Script [Rank 1] [INFO] epoch 6 시작
2025-11-18 16:09:21,558 DDP_Script [Rank 1] [INFO] DataLoader created with batch_size=64, num_workers=4
2025-11-18 16:09:21,561 DDP_Script [Rank 1] [INFO] local_steps=391, global_steps=391
2025-11-18 16:09:58,049 DDP_Script [Rank 1] [INFO] epoch 6 train step time: 36.49 seconds
2025-11-18 16:09:58,064 DDP_Script [Rank 1] [INFO] epoch 6 끝 (local_steps=391, global_steps=391)
2025-11-18 16:10:01,721 DDP_Script [Rank 1] [INFO] val acc 42.48%
2025-11-18 16:10:02,280 DDP_Script [Rank 1] [INFO] epoch 7 시작
2025-11-18 16:10:02,293 DDP_Script [Rank 1] [INFO] DataLoader created with batch_size=64, num_workers=4
2025-11-18 16:10:02,295 DDP_Script [Rank 1] [INFO] local_steps=391, global_steps=391
2025-11-18 16:10:39,118 DDP_Script [Rank 1] [INFO] epoch 7 train step time: 36.82 seconds
2025-11-18 16:10:39,127 DDP_Script [Rank 1] [INFO] epoch 7 끝 (local_steps=391, global_steps=391)
2025-11-18 16:10:42,667 DDP_Script [Rank 1] [INFO] val acc 44.93%
2025-11-18 16:10:43,173 DDP_Script [Rank 1] [INFO] epoch 8 시작
2025-11-18 16:10:43,187 DDP_Script [Rank 1] [INFO] DataLoader created with batch_size=64, num_workers=4
2025-11-18 16:10:43,189 DDP_Script [Rank 1] [INFO] local_steps=391, global_steps=391
2025-11-18 16:11:18,964 DDP_Script [Rank 1] [INFO] epoch 8 train step time: 35.77 seconds
2025-11-18 16:11:18,973 DDP_Script [Rank 1] [INFO] epoch 8 끝 (local_steps=391, global_steps=391)
2025-11-18 16:11:22,529 DDP_Script [Rank 1] [INFO] val acc 49.47%
2025-11-18 16:11:23,045 DDP_Script [Rank 1] [INFO] epoch 9 시작
2025-11-18 16:11:23,056 DDP_Script [Rank 1] [INFO] DataLoader created with batch_size=64, num_workers=4
2025-11-18 16:11:23,058 DDP_Script [Rank 1] [INFO] local_steps=391, global_steps=391
2025-11-18 16:11:59,840 DDP_Script [Rank 1] [INFO] epoch 9 train step time: 36.78 seconds
2025-11-18 16:11:59,845 DDP_Script [Rank 1] [INFO] epoch 9 끝 (local_steps=391, global_steps=391)
2025-11-18 16:12:03,378 DDP_Script [Rank 1] [INFO] val acc 51.54%
2025-11-18 16:12:03,892 DDP_Script [Rank 1] [INFO] epoch 10 시작
2025-11-18 16:12:03,911 DDP_Script [Rank 1] [INFO] DataLoader created with batch_size=64, num_workers=4
2025-11-18 16:12:03,915 DDP_Script [Rank 1] [INFO] local_steps=391, global_steps=391
2025-11-18 16:12:39,915 DDP_Script [Rank 1] [INFO] epoch 10 train step time: 36.00 seconds
2025-11-18 16:12:39,930 DDP_Script [Rank 1] [INFO] epoch 10 끝 (local_steps=391, global_steps=391)
2025-11-18 16:12:43,326 DDP_Script [Rank 1] [INFO] val acc 55.48%
2025-11-18 16:12:43,979 DDP_Script [Rank 1] [INFO] epoch 11 시작
2025-11-18 16:12:43,995 DDP_Script [Rank 1] [INFO] DataLoader created with batch_size=64, num_workers=4
2025-11-18 16:12:44,000 DDP_Script [Rank 1] [INFO] local_steps=391, global_steps=391
2025-11-18 16:13:19,268 DDP_Script [Rank 1] [INFO] epoch 11 train step time: 35.27 seconds
2025-11-18 16:13:19,271 DDP_Script [Rank 1] [INFO] epoch 11 끝 (local_steps=391, global_steps=391)
2025-11-18 16:13:22,903 DDP_Script [Rank 1] [INFO] val acc 56.79%
2025-11-18 16:13:23,456 DDP_Script [Rank 1] [INFO] epoch 12 시작
2025-11-18 16:13:23,470 DDP_Script [Rank 1] [INFO] DataLoader created with batch_size=64, num_workers=4
2025-11-18 16:13:23,473 DDP_Script [Rank 1] [INFO] local_steps=391, global_steps=391
2025-11-18 16:14:00,154 DDP_Script [Rank 1] [INFO] epoch 12 train step time: 36.68 seconds
2025-11-18 16:14:00,186 DDP_Script [Rank 1] [INFO] epoch 12 끝 (local_steps=391, global_steps=391)
2025-11-18 16:14:03,710 DDP_Script [Rank 1] [INFO] val acc 58.46%
2025-11-18 16:14:04,234 DDP_Script [Rank 1] [INFO] epoch 13 시작
2025-11-18 16:14:04,245 DDP_Script [Rank 1] [INFO] DataLoader created with batch_size=64, num_workers=4
2025-11-18 16:14:04,248 DDP_Script [Rank 1] [INFO] local_steps=391, global_steps=391
2025-11-18 16:14:40,763 DDP_Script [Rank 1] [INFO] epoch 13 train step time: 36.51 seconds
2025-11-18 16:14:40,777 DDP_Script [Rank 1] [INFO] epoch 13 끝 (local_steps=391, global_steps=391)
2025-11-18 16:14:44,243 DDP_Script [Rank 1] [INFO] val acc 59.66%
2025-11-18 16:14:44,952 DDP_Script [Rank 1] [INFO] epoch 14 시작
2025-11-18 16:14:44,966 DDP_Script [Rank 1] [INFO] DataLoader created with batch_size=64, num_workers=4
2025-11-18 16:14:44,969 DDP_Script [Rank 1] [INFO] local_steps=391, global_steps=391
2025-11-18 16:15:21,862 DDP_Script [Rank 1] [INFO] epoch 14 train step time: 36.89 seconds
2025-11-18 16:15:21,891 DDP_Script [Rank 1] [INFO] epoch 14 끝 (local_steps=391, global_steps=391)
2025-11-18 16:15:25,390 DDP_Script [Rank 1] [INFO] val acc 60.74%
2025-11-18 16:15:25,917 DDP_Script [Rank 1] [INFO] epoch 15 시작
2025-11-18 16:15:25,928 DDP_Script [Rank 1] [INFO] DataLoader created with batch_size=64, num_workers=4
2025-11-18 16:15:25,931 DDP_Script [Rank 1] [INFO] local_steps=391, global_steps=391
2025-11-18 16:16:03,111 DDP_Script [Rank 1] [INFO] epoch 15 train step time: 37.18 seconds
2025-11-18 16:16:03,122 DDP_Script [Rank 1] [INFO] epoch 15 끝 (local_steps=391, global_steps=391)
2025-11-18 16:16:06,632 DDP_Script [Rank 1] [INFO] val acc 60.92%
2025-11-18 16:16:07,143 DDP_Script [Rank 1] [INFO] epoch 16 시작
2025-11-18 16:16:07,154 DDP_Script [Rank 1] [INFO] DataLoader created with batch_size=64, num_workers=4
2025-11-18 16:16:07,156 DDP_Script [Rank 1] [INFO] local_steps=391, global_steps=391
2025-11-18 16:16:43,738 DDP_Script [Rank 1] [INFO] epoch 16 train step time: 36.58 seconds
2025-11-18 16:16:43,743 DDP_Script [Rank 1] [INFO] epoch 16 끝 (local_steps=391, global_steps=391)
2025-11-18 16:16:47,300 DDP_Script [Rank 1] [INFO] val acc 63.18%
2025-11-18 16:16:47,815 DDP_Script [Rank 1] [INFO] epoch 17 시작
2025-11-18 16:16:47,830 DDP_Script [Rank 1] [INFO] DataLoader created with batch_size=64, num_workers=4
2025-11-18 16:16:47,833 DDP_Script [Rank 1] [INFO] local_steps=391, global_steps=391
2025-11-18 16:17:23,700 DDP_Script [Rank 1] [INFO] epoch 17 train step time: 35.87 seconds
2025-11-18 16:17:23,711 DDP_Script [Rank 1] [INFO] epoch 17 끝 (local_steps=391, global_steps=391)
2025-11-18 16:17:27,230 DDP_Script [Rank 1] [INFO] val acc 61.54%
2025-11-18 16:17:27,737 DDP_Script [Rank 1] [INFO] epoch 18 시작
2025-11-18 16:17:27,753 DDP_Script [Rank 1] [INFO] DataLoader created with batch_size=64, num_workers=4
2025-11-18 16:17:27,755 DDP_Script [Rank 1] [INFO] local_steps=391, global_steps=391
2025-11-18 16:18:04,258 DDP_Script [Rank 1] [INFO] epoch 18 train step time: 36.50 seconds
2025-11-18 16:18:04,280 DDP_Script [Rank 1] [INFO] epoch 18 끝 (local_steps=391, global_steps=391)
2025-11-18 16:18:07,829 DDP_Script [Rank 1] [INFO] val acc 63.61%
2025-11-18 16:18:08,313 DDP_Script [Rank 1] [INFO] epoch 19 시작
2025-11-18 16:18:08,327 DDP_Script [Rank 1] [INFO] DataLoader created with batch_size=64, num_workers=4
2025-11-18 16:18:08,329 DDP_Script [Rank 1] [INFO] local_steps=391, global_steps=391
2025-11-18 16:18:44,805 DDP_Script [Rank 1] [INFO] epoch 19 train step time: 36.48 seconds
2025-11-18 16:18:44,818 DDP_Script [Rank 1] [INFO] epoch 19 끝 (local_steps=391, global_steps=391)
2025-11-18 16:18:48,398 DDP_Script [Rank 1] [INFO] val acc 64.74%
2025-11-18 16:18:48,930 DDP_Script [Rank 1] [INFO] epoch 20 시작
2025-11-18 16:18:48,944 DDP_Script [Rank 1] [INFO] DataLoader created with batch_size=64, num_workers=4
2025-11-18 16:18:48,947 DDP_Script [Rank 1] [INFO] local_steps=391, global_steps=391
2025-11-18 16:19:25,775 DDP_Script [Rank 1] [INFO] epoch 20 train step time: 36.83 seconds
2025-11-18 16:19:25,791 DDP_Script [Rank 1] [INFO] epoch 20 끝 (local_steps=391, global_steps=391)
2025-11-18 16:19:29,461 DDP_Script [Rank 1] [INFO] val acc 65.16%
2025-11-18 16:19:29,977 DDP_Script [Rank 1] [INFO] Training loop finished.
