Current CUDA device index: 0
Current CUDA device name: NVIDIA GeForce RTX 5070 Ti
Master address: 163.180.117.216, port: 29507
2025-11-17 16:49:32,308 DDP_Script [Rank 0] [INFO] Node rank: 0, world size: 1
[Gloo] Rank 0 is connected to 0 peer ranks. Expected number of connected peer ranks is : 0
2025-11-17 16:49:32,420 DDP_Script [Rank 0] [INFO] Process group initialized: 163.180.117.216:29507
2025-11-17 16:49:32,420 DDP_Script [Rank 0] [INFO] Rank 0/1 initialized
/home/ubuntu216/anaconda3/envs/Dist3/lib/python3.9/site-packages/torchvision/models/_utils.py:208: UserWarning: The parameter 'pretrained' is deprecated since 0.13 and may be removed in the future, please use 'weights' instead.
  warnings.warn(
/home/ubuntu216/anaconda3/envs/Dist3/lib/python3.9/site-packages/torchvision/models/_utils.py:223: UserWarning: Arguments other than a weight enum or `None` for 'weights' are deprecated since 0.13 and may be removed in the future. The current behavior is equivalent to passing `weights=None`.
  warnings.warn(msg)
2025-11-17 16:49:34,554 DDP_Script [Rank 0] [INFO] Model, DDP, criterion, optimizer initialized
2025-11-17 16:49:34,558 DDP_Script [Rank 0] [INFO] Modules initialized
2025-11-17 16:49:34,558 DDP_Script [Rank 0] [INFO] Checkpoint directory created: ./checkpoints/job-cd5c9105b50b
2025-11-17 16:49:34,558 DDP_Script [Rank 0] [INFO] Starting training from scratch (epoch 1).
2025-11-17 16:49:34,559 DDP_Script [Rank 0] [INFO] epoch 1 시작
2025-11-17 16:49:34,600 DDP_Script [Rank 0] [INFO] DataLoader created with batch_size=32, num_workers=4
2025-11-17 16:49:34,602 DDP_Script [Rank 0] [INFO] 모든 노드 중 max_steps = 1563
2025-11-17 16:49:34,602 DDP_Script [Rank 0] [INFO] local_steps=1563, global_steps=1563
2025-11-17 16:50:43,521 DDP_Script [Rank 0] [INFO] epoch 1 train step time: 68.92 seconds
2025-11-17 16:50:43,523 DDP_Script [Rank 0] [INFO] epoch 1 끝 (local_steps=1563, global_steps=1563)
2025-11-17 16:50:49,766 DDP_Script [Rank 0] [INFO] val acc 12.83%
2025-11-17 16:50:49,784 DDP_Script [Rank 0] [INFO] Saving checkpoint to ./checkpoints/job-cd5c9105b50b/latest_checkpoint.pth ...
2025-11-17 16:50:49,990 DDP_Script [Rank 0] [INFO] Successfully reported epoch 1/20 (Acc: 12.83%) to global server.
2025-11-17 16:50:49,991 DDP_Script [Rank 0] [INFO] epoch 2 시작
2025-11-17 16:50:49,997 DDP_Script [Rank 0] [INFO] DataLoader created with batch_size=32, num_workers=4
2025-11-17 16:50:49,998 DDP_Script [Rank 0] [INFO] 모든 노드 중 max_steps = 1563
2025-11-17 16:50:49,998 DDP_Script [Rank 0] [INFO] local_steps=1563, global_steps=1563
2025-11-17 16:52:00,619 DDP_Script [Rank 0] [INFO] epoch 2 train step time: 70.62 seconds
2025-11-17 16:52:00,620 DDP_Script [Rank 0] [INFO] epoch 2 끝 (local_steps=1563, global_steps=1563)
2025-11-17 16:52:06,493 DDP_Script [Rank 0] [INFO] val acc 20.66%
2025-11-17 16:52:06,513 DDP_Script [Rank 0] [INFO] Saving checkpoint to ./checkpoints/job-cd5c9105b50b/latest_checkpoint.pth ...
2025-11-17 16:52:06,996 DDP_Script [Rank 0] [INFO] Successfully reported epoch 2/20 (Acc: 20.66%) to global server.
2025-11-17 16:52:06,997 DDP_Script [Rank 0] [INFO] epoch 3 시작
2025-11-17 16:52:07,009 DDP_Script [Rank 0] [INFO] DataLoader created with batch_size=32, num_workers=4
2025-11-17 16:52:07,011 DDP_Script [Rank 0] [INFO] 모든 노드 중 max_steps = 1563
2025-11-17 16:52:07,011 DDP_Script [Rank 0] [INFO] local_steps=1563, global_steps=1563
2025-11-17 16:53:17,718 DDP_Script [Rank 0] [INFO] epoch 3 train step time: 70.71 seconds
2025-11-17 16:53:17,720 DDP_Script [Rank 0] [INFO] epoch 3 끝 (local_steps=1563, global_steps=1563)
2025-11-17 16:53:23,681 DDP_Script [Rank 0] [INFO] val acc 25.79%
2025-11-17 16:53:23,697 DDP_Script [Rank 0] [INFO] Saving checkpoint to ./checkpoints/job-cd5c9105b50b/latest_checkpoint.pth ...
2025-11-17 16:53:24,165 DDP_Script [Rank 0] [INFO] Successfully reported epoch 3/20 (Acc: 25.79%) to global server.
2025-11-17 16:53:24,167 DDP_Script [Rank 0] [INFO] epoch 4 시작
2025-11-17 16:53:24,176 DDP_Script [Rank 0] [INFO] DataLoader created with batch_size=32, num_workers=4
2025-11-17 16:53:24,177 DDP_Script [Rank 0] [INFO] 모든 노드 중 max_steps = 1563
2025-11-17 16:53:24,177 DDP_Script [Rank 0] [INFO] local_steps=1563, global_steps=1563
2025-11-17 16:54:34,908 DDP_Script [Rank 0] [INFO] epoch 4 train step time: 70.73 seconds
2025-11-17 16:54:34,910 DDP_Script [Rank 0] [INFO] epoch 4 끝 (local_steps=1563, global_steps=1563)
2025-11-17 16:54:40,661 DDP_Script [Rank 0] [INFO] val acc 30.93%
2025-11-17 16:54:40,676 DDP_Script [Rank 0] [INFO] Saving checkpoint to ./checkpoints/job-cd5c9105b50b/latest_checkpoint.pth ...
2025-11-17 16:54:41,132 DDP_Script [Rank 0] [INFO] Successfully reported epoch 4/20 (Acc: 30.93%) to global server.
2025-11-17 16:54:41,133 DDP_Script [Rank 0] [INFO] epoch 5 시작
2025-11-17 16:54:41,144 DDP_Script [Rank 0] [INFO] DataLoader created with batch_size=32, num_workers=4
2025-11-17 16:54:41,145 DDP_Script [Rank 0] [INFO] 모든 노드 중 max_steps = 1563
2025-11-17 16:54:41,145 DDP_Script [Rank 0] [INFO] local_steps=1563, global_steps=1563
2025-11-17 16:55:51,543 DDP_Script [Rank 0] [INFO] epoch 5 train step time: 70.40 seconds
2025-11-17 16:55:51,545 DDP_Script [Rank 0] [INFO] epoch 5 끝 (local_steps=1563, global_steps=1563)
2025-11-17 16:55:57,629 DDP_Script [Rank 0] [INFO] val acc 35.91%
2025-11-17 16:55:57,644 DDP_Script [Rank 0] [INFO] Saving checkpoint to ./checkpoints/job-cd5c9105b50b/latest_checkpoint.pth ...
2025-11-17 16:55:58,118 DDP_Script [Rank 0] [INFO] Successfully reported epoch 5/20 (Acc: 35.91%) to global server.
2025-11-17 16:55:58,120 DDP_Script [Rank 0] [INFO] epoch 6 시작
2025-11-17 16:55:58,130 DDP_Script [Rank 0] [INFO] DataLoader created with batch_size=32, num_workers=4
2025-11-17 16:55:58,131 DDP_Script [Rank 0] [INFO] 모든 노드 중 max_steps = 1563
2025-11-17 16:55:58,132 DDP_Script [Rank 0] [INFO] local_steps=1563, global_steps=1563
2025-11-17 16:57:09,060 DDP_Script [Rank 0] [INFO] epoch 6 train step time: 70.93 seconds
2025-11-17 16:57:09,062 DDP_Script [Rank 0] [INFO] epoch 6 끝 (local_steps=1563, global_steps=1563)
2025-11-17 16:57:15,070 DDP_Script [Rank 0] [INFO] val acc 41.08%
2025-11-17 16:57:15,093 DDP_Script [Rank 0] [INFO] Saving checkpoint to ./checkpoints/job-cd5c9105b50b/latest_checkpoint.pth ...
2025-11-17 16:57:15,654 DDP_Script [Rank 0] [INFO] Successfully reported epoch 6/20 (Acc: 41.08%) to global server.
2025-11-17 16:57:15,655 DDP_Script [Rank 0] [INFO] epoch 7 시작
2025-11-17 16:57:15,665 DDP_Script [Rank 0] [INFO] DataLoader created with batch_size=32, num_workers=4
2025-11-17 16:57:15,666 DDP_Script [Rank 0] [INFO] 모든 노드 중 max_steps = 1563
2025-11-17 16:57:15,667 DDP_Script [Rank 0] [INFO] local_steps=1563, global_steps=1563
2025-11-17 16:58:26,293 DDP_Script [Rank 0] [INFO] epoch 7 train step time: 70.63 seconds
2025-11-17 16:58:26,295 DDP_Script [Rank 0] [INFO] epoch 7 끝 (local_steps=1563, global_steps=1563)
2025-11-17 16:58:32,229 DDP_Script [Rank 0] [INFO] val acc 43.90%
2025-11-17 16:58:32,260 DDP_Script [Rank 0] [INFO] Saving checkpoint to ./checkpoints/job-cd5c9105b50b/latest_checkpoint.pth ...
2025-11-17 16:58:32,819 DDP_Script [Rank 0] [INFO] Successfully reported epoch 7/20 (Acc: 43.90%) to global server.
2025-11-17 16:58:32,820 DDP_Script [Rank 0] [INFO] epoch 8 시작
2025-11-17 16:58:32,831 DDP_Script [Rank 0] [INFO] DataLoader created with batch_size=32, num_workers=4
2025-11-17 16:58:32,833 DDP_Script [Rank 0] [INFO] 모든 노드 중 max_steps = 1563
2025-11-17 16:58:32,833 DDP_Script [Rank 0] [INFO] local_steps=1563, global_steps=1563
2025-11-17 16:59:44,439 DDP_Script [Rank 0] [INFO] epoch 8 train step time: 71.60 seconds
2025-11-17 16:59:44,441 DDP_Script [Rank 0] [INFO] epoch 8 끝 (local_steps=1563, global_steps=1563)
2025-11-17 16:59:50,498 DDP_Script [Rank 0] [INFO] val acc 47.05%
2025-11-17 16:59:50,519 DDP_Script [Rank 0] [INFO] Saving checkpoint to ./checkpoints/job-cd5c9105b50b/latest_checkpoint.pth ...
2025-11-17 16:59:51,042 DDP_Script [Rank 0] [INFO] Successfully reported epoch 8/20 (Acc: 47.05%) to global server.
2025-11-17 16:59:51,044 DDP_Script [Rank 0] [INFO] epoch 9 시작
2025-11-17 16:59:51,054 DDP_Script [Rank 0] [INFO] DataLoader created with batch_size=32, num_workers=4
2025-11-17 16:59:51,056 DDP_Script [Rank 0] [INFO] 모든 노드 중 max_steps = 1563
2025-11-17 16:59:51,056 DDP_Script [Rank 0] [INFO] local_steps=1563, global_steps=1563
2025-11-17 17:01:01,916 DDP_Script [Rank 0] [INFO] epoch 9 train step time: 70.86 seconds
2025-11-17 17:01:01,917 DDP_Script [Rank 0] [INFO] epoch 9 끝 (local_steps=1563, global_steps=1563)
2025-11-17 17:01:08,194 DDP_Script [Rank 0] [INFO] val acc 48.91%
2025-11-17 17:01:08,210 DDP_Script [Rank 0] [INFO] Saving checkpoint to ./checkpoints/job-cd5c9105b50b/latest_checkpoint.pth ...
2025-11-17 17:01:08,687 DDP_Script [Rank 0] [INFO] Successfully reported epoch 9/20 (Acc: 48.91%) to global server.
2025-11-17 17:01:08,688 DDP_Script [Rank 0] [INFO] epoch 10 시작
2025-11-17 17:01:08,697 DDP_Script [Rank 0] [INFO] DataLoader created with batch_size=32, num_workers=4
2025-11-17 17:01:08,698 DDP_Script [Rank 0] [INFO] 모든 노드 중 max_steps = 1563
2025-11-17 17:01:08,698 DDP_Script [Rank 0] [INFO] local_steps=1563, global_steps=1563
2025-11-17 17:02:20,431 DDP_Script [Rank 0] [INFO] epoch 10 train step time: 71.73 seconds
2025-11-17 17:02:20,433 DDP_Script [Rank 0] [INFO] epoch 10 끝 (local_steps=1563, global_steps=1563)
2025-11-17 17:02:26,598 DDP_Script [Rank 0] [INFO] val acc 50.19%
2025-11-17 17:02:26,614 DDP_Script [Rank 0] [INFO] Saving checkpoint to ./checkpoints/job-cd5c9105b50b/latest_checkpoint.pth ...
2025-11-17 17:02:27,069 DDP_Script [Rank 0] [INFO] Successfully reported epoch 10/20 (Acc: 50.19%) to global server.
2025-11-17 17:02:27,070 DDP_Script [Rank 0] [INFO] epoch 11 시작
2025-11-17 17:02:27,081 DDP_Script [Rank 0] [INFO] DataLoader created with batch_size=32, num_workers=4
2025-11-17 17:02:27,082 DDP_Script [Rank 0] [INFO] 모든 노드 중 max_steps = 1563
2025-11-17 17:02:27,082 DDP_Script [Rank 0] [INFO] local_steps=1563, global_steps=1563
2025-11-17 17:03:39,598 DDP_Script [Rank 0] [INFO] epoch 11 train step time: 72.51 seconds
2025-11-17 17:03:39,600 DDP_Script [Rank 0] [INFO] epoch 11 끝 (local_steps=1563, global_steps=1563)
2025-11-17 17:03:45,493 DDP_Script [Rank 0] [INFO] val acc 51.94%
2025-11-17 17:03:45,508 DDP_Script [Rank 0] [INFO] Saving checkpoint to ./checkpoints/job-cd5c9105b50b/latest_checkpoint.pth ...
2025-11-17 17:03:45,986 DDP_Script [Rank 0] [INFO] Successfully reported epoch 11/20 (Acc: 51.94%) to global server.
2025-11-17 17:03:45,987 DDP_Script [Rank 0] [INFO] epoch 12 시작
2025-11-17 17:03:45,995 DDP_Script [Rank 0] [INFO] DataLoader created with batch_size=32, num_workers=4
2025-11-17 17:03:45,997 DDP_Script [Rank 0] [INFO] 모든 노드 중 max_steps = 1563
2025-11-17 17:03:45,997 DDP_Script [Rank 0] [INFO] local_steps=1563, global_steps=1563
2025-11-17 17:04:58,691 DDP_Script [Rank 0] [INFO] epoch 12 train step time: 72.69 seconds
2025-11-17 17:04:58,693 DDP_Script [Rank 0] [INFO] epoch 12 끝 (local_steps=1563, global_steps=1563)
2025-11-17 17:05:04,646 DDP_Script [Rank 0] [INFO] val acc 52.99%
2025-11-17 17:05:04,661 DDP_Script [Rank 0] [INFO] Saving checkpoint to ./checkpoints/job-cd5c9105b50b/latest_checkpoint.pth ...
2025-11-17 17:05:05,134 DDP_Script [Rank 0] [INFO] Successfully reported epoch 12/20 (Acc: 52.99%) to global server.
2025-11-17 17:05:05,135 DDP_Script [Rank 0] [INFO] epoch 13 시작
2025-11-17 17:05:05,145 DDP_Script [Rank 0] [INFO] DataLoader created with batch_size=32, num_workers=4
2025-11-17 17:05:05,146 DDP_Script [Rank 0] [INFO] 모든 노드 중 max_steps = 1563
2025-11-17 17:05:05,146 DDP_Script [Rank 0] [INFO] local_steps=1563, global_steps=1563
2025-11-17 17:06:17,713 DDP_Script [Rank 0] [INFO] epoch 13 train step time: 72.57 seconds
2025-11-17 17:06:17,715 DDP_Script [Rank 0] [INFO] epoch 13 끝 (local_steps=1563, global_steps=1563)
2025-11-17 17:06:24,153 DDP_Script [Rank 0] [INFO] val acc 54.03%
2025-11-17 17:06:24,168 DDP_Script [Rank 0] [INFO] Saving checkpoint to ./checkpoints/job-cd5c9105b50b/latest_checkpoint.pth ...
2025-11-17 17:06:24,661 DDP_Script [Rank 0] [INFO] Successfully reported epoch 13/20 (Acc: 54.03%) to global server.
2025-11-17 17:06:24,663 DDP_Script [Rank 0] [INFO] epoch 14 시작
2025-11-17 17:06:24,673 DDP_Script [Rank 0] [INFO] DataLoader created with batch_size=32, num_workers=4
2025-11-17 17:06:24,674 DDP_Script [Rank 0] [INFO] 모든 노드 중 max_steps = 1563
2025-11-17 17:06:24,674 DDP_Script [Rank 0] [INFO] local_steps=1563, global_steps=1563
2025-11-17 17:07:37,505 DDP_Script [Rank 0] [INFO] epoch 14 train step time: 72.83 seconds
2025-11-17 17:07:37,507 DDP_Script [Rank 0] [INFO] epoch 14 끝 (local_steps=1563, global_steps=1563)
2025-11-17 17:07:44,013 DDP_Script [Rank 0] [INFO] val acc 56.15%
2025-11-17 17:07:44,040 DDP_Script [Rank 0] [INFO] Saving checkpoint to ./checkpoints/job-cd5c9105b50b/latest_checkpoint.pth ...
2025-11-17 17:07:44,556 DDP_Script [Rank 0] [INFO] Successfully reported epoch 14/20 (Acc: 56.15%) to global server.
2025-11-17 17:07:44,558 DDP_Script [Rank 0] [INFO] epoch 15 시작
2025-11-17 17:07:44,567 DDP_Script [Rank 0] [INFO] DataLoader created with batch_size=32, num_workers=4
2025-11-17 17:07:44,569 DDP_Script [Rank 0] [INFO] 모든 노드 중 max_steps = 1563
2025-11-17 17:07:44,569 DDP_Script [Rank 0] [INFO] local_steps=1563, global_steps=1563
2025-11-17 17:08:58,285 DDP_Script [Rank 0] [INFO] epoch 15 train step time: 73.72 seconds
2025-11-17 17:08:58,286 DDP_Script [Rank 0] [INFO] epoch 15 끝 (local_steps=1563, global_steps=1563)
2025-11-17 17:09:04,445 DDP_Script [Rank 0] [INFO] val acc 57.86%
2025-11-17 17:09:04,460 DDP_Script [Rank 0] [INFO] Saving checkpoint to ./checkpoints/job-cd5c9105b50b/latest_checkpoint.pth ...
2025-11-17 17:09:04,931 DDP_Script [Rank 0] [INFO] Successfully reported epoch 15/20 (Acc: 57.86%) to global server.
2025-11-17 17:09:04,932 DDP_Script [Rank 0] [INFO] epoch 16 시작
2025-11-17 17:09:04,942 DDP_Script [Rank 0] [INFO] DataLoader created with batch_size=32, num_workers=4
2025-11-17 17:09:04,944 DDP_Script [Rank 0] [INFO] 모든 노드 중 max_steps = 1563
2025-11-17 17:09:04,944 DDP_Script [Rank 0] [INFO] local_steps=1563, global_steps=1563
2025-11-17 17:10:16,864 DDP_Script [Rank 0] [INFO] epoch 16 train step time: 71.92 seconds
2025-11-17 17:10:16,866 DDP_Script [Rank 0] [INFO] epoch 16 끝 (local_steps=1563, global_steps=1563)
2025-11-17 17:10:22,958 DDP_Script [Rank 0] [INFO] val acc 58.22%
2025-11-17 17:10:22,976 DDP_Script [Rank 0] [INFO] Saving checkpoint to ./checkpoints/job-cd5c9105b50b/latest_checkpoint.pth ...
2025-11-17 17:10:23,455 DDP_Script [Rank 0] [INFO] Successfully reported epoch 16/20 (Acc: 58.22%) to global server.
2025-11-17 17:10:23,456 DDP_Script [Rank 0] [INFO] epoch 17 시작
2025-11-17 17:10:23,465 DDP_Script [Rank 0] [INFO] DataLoader created with batch_size=32, num_workers=4
2025-11-17 17:10:23,467 DDP_Script [Rank 0] [INFO] 모든 노드 중 max_steps = 1563
2025-11-17 17:10:23,467 DDP_Script [Rank 0] [INFO] local_steps=1563, global_steps=1563
2025-11-17 17:11:35,984 DDP_Script [Rank 0] [INFO] epoch 17 train step time: 72.52 seconds
2025-11-17 17:11:35,986 DDP_Script [Rank 0] [INFO] epoch 17 끝 (local_steps=1563, global_steps=1563)
2025-11-17 17:11:42,071 DDP_Script [Rank 0] [INFO] val acc 59.04%
2025-11-17 17:11:42,091 DDP_Script [Rank 0] [INFO] Saving checkpoint to ./checkpoints/job-cd5c9105b50b/latest_checkpoint.pth ...
2025-11-17 17:11:42,570 DDP_Script [Rank 0] [INFO] Successfully reported epoch 17/20 (Acc: 59.04%) to global server.
2025-11-17 17:11:42,571 DDP_Script [Rank 0] [INFO] epoch 18 시작
2025-11-17 17:11:42,582 DDP_Script [Rank 0] [INFO] DataLoader created with batch_size=32, num_workers=4
2025-11-17 17:11:42,583 DDP_Script [Rank 0] [INFO] 모든 노드 중 max_steps = 1563
2025-11-17 17:11:42,583 DDP_Script [Rank 0] [INFO] local_steps=1563, global_steps=1563
2025-11-17 17:12:54,903 DDP_Script [Rank 0] [INFO] epoch 18 train step time: 72.32 seconds
2025-11-17 17:12:54,905 DDP_Script [Rank 0] [INFO] epoch 18 끝 (local_steps=1563, global_steps=1563)
2025-11-17 17:13:01,167 DDP_Script [Rank 0] [INFO] val acc 58.99%
2025-11-17 17:13:01,183 DDP_Script [Rank 0] [INFO] Saving checkpoint to ./checkpoints/job-cd5c9105b50b/latest_checkpoint.pth ...
2025-11-17 17:13:01,806 DDP_Script [Rank 0] [INFO] Successfully reported epoch 18/20 (Acc: 58.99%) to global server.
2025-11-17 17:13:01,808 DDP_Script [Rank 0] [INFO] epoch 19 시작
2025-11-17 17:13:01,816 DDP_Script [Rank 0] [INFO] DataLoader created with batch_size=32, num_workers=4
2025-11-17 17:13:01,817 DDP_Script [Rank 0] [INFO] 모든 노드 중 max_steps = 1563
2025-11-17 17:13:01,817 DDP_Script [Rank 0] [INFO] local_steps=1563, global_steps=1563
2025-11-17 17:14:14,300 DDP_Script [Rank 0] [INFO] epoch 19 train step time: 72.48 seconds
2025-11-17 17:14:14,302 DDP_Script [Rank 0] [INFO] epoch 19 끝 (local_steps=1563, global_steps=1563)
2025-11-17 17:14:20,847 DDP_Script [Rank 0] [INFO] val acc 60.40%
2025-11-17 17:14:20,873 DDP_Script [Rank 0] [INFO] Saving checkpoint to ./checkpoints/job-cd5c9105b50b/latest_checkpoint.pth ...
2025-11-17 17:14:21,418 DDP_Script [Rank 0] [INFO] Successfully reported epoch 19/20 (Acc: 60.40%) to global server.
2025-11-17 17:14:21,419 DDP_Script [Rank 0] [INFO] epoch 20 시작
2025-11-17 17:14:21,430 DDP_Script [Rank 0] [INFO] DataLoader created with batch_size=32, num_workers=4
2025-11-17 17:14:21,432 DDP_Script [Rank 0] [INFO] 모든 노드 중 max_steps = 1563
2025-11-17 17:14:21,432 DDP_Script [Rank 0] [INFO] local_steps=1563, global_steps=1563
2025-11-17 17:15:34,644 DDP_Script [Rank 0] [INFO] epoch 20 train step time: 73.21 seconds
2025-11-17 17:15:34,646 DDP_Script [Rank 0] [INFO] epoch 20 끝 (local_steps=1563, global_steps=1563)
2025-11-17 17:15:40,948 DDP_Script [Rank 0] [INFO] val acc 61.64%
2025-11-17 17:15:40,968 DDP_Script [Rank 0] [INFO] Saving checkpoint to ./checkpoints/job-cd5c9105b50b/latest_checkpoint.pth ...
2025-11-17 17:15:41,473 DDP_Script [Rank 0] [INFO] Successfully reported epoch 20/20 (Acc: 61.64%) to global server.
2025-11-17 17:15:41,474 DDP_Script [Rank 0] [INFO] Training completed successfully.
2025-11-17 17:15:41,474 DDP_Script [Rank 0] [INFO] Training loop finished.
