Current CUDA device index: 0
Current CUDA device name: NVIDIA GeForce RTX 5070 Ti
Master address: 163.180.117.216, port: 29593
2025-11-18 02:18:59,958 DDP_Script [Rank 3] [INFO] Node rank: 3, world size: 4
[Gloo] Rank 3 is connected to 3 peer ranks. Expected number of connected peer ranks is : 3
2025-11-18 02:18:59,991 DDP_Script [Rank 3] [INFO] Process group initialized: 163.180.117.216:29593
2025-11-18 02:18:59,993 DDP_Script [Rank 3] [INFO] Rank 3/4 initialized
/home/ubuntu216/anaconda3/envs/Dist4/lib/python3.9/site-packages/torchvision/models/_utils.py:208: UserWarning: The parameter 'pretrained' is deprecated since 0.13 and may be removed in the future, please use 'weights' instead.
  warnings.warn(
/home/ubuntu216/anaconda3/envs/Dist4/lib/python3.9/site-packages/torchvision/models/_utils.py:223: UserWarning: Arguments other than a weight enum or `None` for 'weights' are deprecated since 0.13 and may be removed in the future. The current behavior is equivalent to passing `weights=None`.
  warnings.warn(msg)
2025-11-18 02:19:02,212 DDP_Script [Rank 3] [INFO] Model, DDP, criterion, optimizer initialized
2025-11-18 02:19:02,216 DDP_Script [Rank 3] [INFO] Modules initialized
2025-11-18 02:19:02,216 DDP_Script [Rank 3] [INFO] Starting training from scratch (epoch 1).
2025-11-18 02:19:02,246 DDP_Script [Rank 3] [INFO] epoch 1 시작
2025-11-18 02:19:02,259 DDP_Script [Rank 3] [INFO] DataLoader created with batch_size=32, num_workers=4
2025-11-18 02:19:02,263 DDP_Script [Rank 3] [INFO] local_steps=391, global_steps=391
2025-11-18 02:19:46,747 DDP_Script [Rank 3] [INFO] epoch 1 train step time: 44.48 seconds
2025-11-18 02:19:46,761 DDP_Script [Rank 3] [INFO] epoch 1 끝 (local_steps=391, global_steps=391)
2025-11-18 02:19:48,926 DDP_Script [Rank 3] [INFO] val acc 10.58%
2025-11-18 02:19:49,180 DDP_Script [Rank 3] [INFO] epoch 2 시작
2025-11-18 02:19:49,192 DDP_Script [Rank 3] [INFO] DataLoader created with batch_size=32, num_workers=4
2025-11-18 02:19:49,195 DDP_Script [Rank 3] [INFO] local_steps=391, global_steps=391
2025-11-18 02:20:35,117 DDP_Script [Rank 3] [INFO] epoch 2 train step time: 45.92 seconds
2025-11-18 02:20:35,122 DDP_Script [Rank 3] [INFO] epoch 2 끝 (local_steps=391, global_steps=391)
2025-11-18 02:20:37,089 DDP_Script [Rank 3] [INFO] val acc 17.75%
2025-11-18 02:20:37,619 DDP_Script [Rank 3] [INFO] epoch 3 시작
2025-11-18 02:20:37,634 DDP_Script [Rank 3] [INFO] DataLoader created with batch_size=32, num_workers=4
2025-11-18 02:20:37,636 DDP_Script [Rank 3] [INFO] local_steps=391, global_steps=391
2025-11-18 02:21:24,044 DDP_Script [Rank 3] [INFO] epoch 3 train step time: 46.41 seconds
2025-11-18 02:21:24,051 DDP_Script [Rank 3] [INFO] epoch 3 끝 (local_steps=391, global_steps=391)
2025-11-18 02:21:26,125 DDP_Script [Rank 3] [INFO] val acc 23.53%
2025-11-18 02:21:26,612 DDP_Script [Rank 3] [INFO] epoch 4 시작
2025-11-18 02:21:26,623 DDP_Script [Rank 3] [INFO] DataLoader created with batch_size=32, num_workers=4
2025-11-18 02:21:26,628 DDP_Script [Rank 3] [INFO] local_steps=391, global_steps=391
2025-11-18 02:22:13,283 DDP_Script [Rank 3] [INFO] epoch 4 train step time: 46.65 seconds
2025-11-18 02:22:13,289 DDP_Script [Rank 3] [INFO] epoch 4 끝 (local_steps=391, global_steps=391)
2025-11-18 02:22:15,346 DDP_Script [Rank 3] [INFO] val acc 30.00%
2025-11-18 02:22:15,901 DDP_Script [Rank 3] [INFO] epoch 5 시작
2025-11-18 02:22:15,913 DDP_Script [Rank 3] [INFO] DataLoader created with batch_size=32, num_workers=4
2025-11-18 02:22:15,917 DDP_Script [Rank 3] [INFO] local_steps=391, global_steps=391
2025-11-18 02:23:01,781 DDP_Script [Rank 3] [INFO] epoch 5 train step time: 45.86 seconds
2025-11-18 02:23:01,789 DDP_Script [Rank 3] [INFO] epoch 5 끝 (local_steps=391, global_steps=391)
2025-11-18 02:23:03,823 DDP_Script [Rank 3] [INFO] val acc 35.39%
2025-11-18 02:23:04,316 DDP_Script [Rank 3] [INFO] epoch 6 시작
2025-11-18 02:23:04,329 DDP_Script [Rank 3] [INFO] DataLoader created with batch_size=32, num_workers=4
2025-11-18 02:23:04,331 DDP_Script [Rank 3] [INFO] local_steps=391, global_steps=391
2025-11-18 02:23:50,719 DDP_Script [Rank 3] [INFO] epoch 6 train step time: 46.39 seconds
2025-11-18 02:23:50,726 DDP_Script [Rank 3] [INFO] epoch 6 끝 (local_steps=391, global_steps=391)
2025-11-18 02:23:52,672 DDP_Script [Rank 3] [INFO] val acc 41.52%
2025-11-18 02:23:53,206 DDP_Script [Rank 3] [INFO] epoch 7 시작
2025-11-18 02:23:53,219 DDP_Script [Rank 3] [INFO] DataLoader created with batch_size=32, num_workers=4
2025-11-18 02:23:53,228 DDP_Script [Rank 3] [INFO] local_steps=391, global_steps=391
2025-11-18 02:24:38,518 DDP_Script [Rank 3] [INFO] epoch 7 train step time: 45.29 seconds
2025-11-18 02:24:38,541 DDP_Script [Rank 3] [INFO] epoch 7 끝 (local_steps=391, global_steps=391)
2025-11-18 02:24:40,471 DDP_Script [Rank 3] [INFO] val acc 43.43%
2025-11-18 02:24:41,082 DDP_Script [Rank 3] [INFO] epoch 8 시작
2025-11-18 02:24:41,098 DDP_Script [Rank 3] [INFO] DataLoader created with batch_size=32, num_workers=4
2025-11-18 02:24:41,101 DDP_Script [Rank 3] [INFO] local_steps=391, global_steps=391
2025-11-18 02:25:27,987 DDP_Script [Rank 3] [INFO] epoch 8 train step time: 46.88 seconds
2025-11-18 02:25:27,997 DDP_Script [Rank 3] [INFO] epoch 8 끝 (local_steps=391, global_steps=391)
2025-11-18 02:25:30,040 DDP_Script [Rank 3] [INFO] val acc 49.73%
2025-11-18 02:25:30,565 DDP_Script [Rank 3] [INFO] epoch 9 시작
2025-11-18 02:25:30,581 DDP_Script [Rank 3] [INFO] DataLoader created with batch_size=32, num_workers=4
2025-11-18 02:25:30,658 DDP_Script [Rank 3] [INFO] local_steps=391, global_steps=391
2025-11-18 02:26:17,415 DDP_Script [Rank 3] [INFO] epoch 9 train step time: 46.76 seconds
2025-11-18 02:26:17,422 DDP_Script [Rank 3] [INFO] epoch 9 끝 (local_steps=391, global_steps=391)
2025-11-18 02:26:19,403 DDP_Script [Rank 3] [INFO] val acc 48.66%
2025-11-18 02:26:19,893 DDP_Script [Rank 3] [INFO] epoch 10 시작
2025-11-18 02:26:19,906 DDP_Script [Rank 3] [INFO] DataLoader created with batch_size=32, num_workers=4
2025-11-18 02:26:19,911 DDP_Script [Rank 3] [INFO] local_steps=391, global_steps=391
2025-11-18 02:27:05,888 DDP_Script [Rank 3] [INFO] epoch 10 train step time: 45.98 seconds
2025-11-18 02:27:05,901 DDP_Script [Rank 3] [INFO] epoch 10 끝 (local_steps=391, global_steps=391)
2025-11-18 02:27:07,908 DDP_Script [Rank 3] [INFO] val acc 51.60%
2025-11-18 02:27:08,408 DDP_Script [Rank 3] [INFO] epoch 11 시작
2025-11-18 02:27:08,419 DDP_Script [Rank 3] [INFO] DataLoader created with batch_size=32, num_workers=4
2025-11-18 02:27:08,424 DDP_Script [Rank 3] [INFO] local_steps=391, global_steps=391
2025-11-18 02:27:54,978 DDP_Script [Rank 3] [INFO] epoch 11 train step time: 46.55 seconds
2025-11-18 02:27:54,985 DDP_Script [Rank 3] [INFO] epoch 11 끝 (local_steps=391, global_steps=391)
2025-11-18 02:27:57,044 DDP_Script [Rank 3] [INFO] val acc 55.54%
2025-11-18 02:27:57,523 DDP_Script [Rank 3] [INFO] epoch 12 시작
2025-11-18 02:27:57,533 DDP_Script [Rank 3] [INFO] DataLoader created with batch_size=32, num_workers=4
2025-11-18 02:27:57,545 DDP_Script [Rank 3] [INFO] local_steps=391, global_steps=391
2025-11-18 02:28:43,708 DDP_Script [Rank 3] [INFO] epoch 12 train step time: 46.16 seconds
2025-11-18 02:28:43,716 DDP_Script [Rank 3] [INFO] epoch 12 끝 (local_steps=391, global_steps=391)
2025-11-18 02:28:45,730 DDP_Script [Rank 3] [INFO] val acc 56.91%
2025-11-18 02:28:46,225 DDP_Script [Rank 3] [INFO] epoch 13 시작
2025-11-18 02:28:46,241 DDP_Script [Rank 3] [INFO] DataLoader created with batch_size=32, num_workers=4
2025-11-18 02:28:46,243 DDP_Script [Rank 3] [INFO] local_steps=391, global_steps=391
2025-11-18 02:29:32,936 DDP_Script [Rank 3] [INFO] epoch 13 train step time: 46.69 seconds
2025-11-18 02:29:32,941 DDP_Script [Rank 3] [INFO] epoch 13 끝 (local_steps=391, global_steps=391)
2025-11-18 02:29:35,002 DDP_Script [Rank 3] [INFO] val acc 58.46%
2025-11-18 02:29:35,596 DDP_Script [Rank 3] [INFO] epoch 14 시작
2025-11-18 02:29:35,610 DDP_Script [Rank 3] [INFO] DataLoader created with batch_size=32, num_workers=4
2025-11-18 02:29:35,616 DDP_Script [Rank 3] [INFO] local_steps=391, global_steps=391
2025-11-18 02:30:21,725 DDP_Script [Rank 3] [INFO] epoch 14 train step time: 46.11 seconds
2025-11-18 02:30:21,732 DDP_Script [Rank 3] [INFO] epoch 14 끝 (local_steps=391, global_steps=391)
2025-11-18 02:30:23,858 DDP_Script [Rank 3] [INFO] val acc 60.30%
2025-11-18 02:30:24,347 DDP_Script [Rank 3] [INFO] epoch 15 시작
2025-11-18 02:30:24,365 DDP_Script [Rank 3] [INFO] DataLoader created with batch_size=32, num_workers=4
2025-11-18 02:30:24,368 DDP_Script [Rank 3] [INFO] local_steps=391, global_steps=391
2025-11-18 02:31:10,630 DDP_Script [Rank 3] [INFO] epoch 15 train step time: 46.26 seconds
2025-11-18 02:31:10,646 DDP_Script [Rank 3] [INFO] epoch 15 끝 (local_steps=391, global_steps=391)
2025-11-18 02:31:12,722 DDP_Script [Rank 3] [INFO] val acc 60.51%
2025-11-18 02:31:13,230 DDP_Script [Rank 3] [INFO] epoch 16 시작
2025-11-18 02:31:13,244 DDP_Script [Rank 3] [INFO] DataLoader created with batch_size=32, num_workers=4
2025-11-18 02:31:13,249 DDP_Script [Rank 3] [INFO] local_steps=391, global_steps=391
2025-11-18 02:31:59,799 DDP_Script [Rank 3] [INFO] epoch 16 train step time: 46.55 seconds
2025-11-18 02:31:59,817 DDP_Script [Rank 3] [INFO] epoch 16 끝 (local_steps=391, global_steps=391)
2025-11-18 02:32:01,867 DDP_Script [Rank 3] [INFO] val acc 61.50%
2025-11-18 02:32:02,354 DDP_Script [Rank 3] [INFO] epoch 17 시작
2025-11-18 02:32:02,369 DDP_Script [Rank 3] [INFO] DataLoader created with batch_size=32, num_workers=4
2025-11-18 02:32:02,372 DDP_Script [Rank 3] [INFO] local_steps=391, global_steps=391
2025-11-18 02:32:49,686 DDP_Script [Rank 3] [INFO] epoch 17 train step time: 47.31 seconds
2025-11-18 02:32:49,691 DDP_Script [Rank 3] [INFO] epoch 17 끝 (local_steps=391, global_steps=391)
2025-11-18 02:32:51,725 DDP_Script [Rank 3] [INFO] val acc 62.71%
2025-11-18 02:32:52,241 DDP_Script [Rank 3] [INFO] epoch 18 시작
2025-11-18 02:32:52,256 DDP_Script [Rank 3] [INFO] DataLoader created with batch_size=32, num_workers=4
2025-11-18 02:32:52,264 DDP_Script [Rank 3] [INFO] local_steps=391, global_steps=391
2025-11-18 02:33:39,250 DDP_Script [Rank 3] [INFO] epoch 18 train step time: 46.99 seconds
2025-11-18 02:33:39,254 DDP_Script [Rank 3] [INFO] epoch 18 끝 (local_steps=391, global_steps=391)
2025-11-18 02:33:41,320 DDP_Script [Rank 3] [INFO] val acc 63.42%
2025-11-18 02:33:41,797 DDP_Script [Rank 3] [INFO] epoch 19 시작
2025-11-18 02:33:41,817 DDP_Script [Rank 3] [INFO] DataLoader created with batch_size=32, num_workers=4
2025-11-18 02:33:41,827 DDP_Script [Rank 3] [INFO] local_steps=391, global_steps=391
2025-11-18 02:34:28,626 DDP_Script [Rank 3] [INFO] epoch 19 train step time: 46.80 seconds
2025-11-18 02:34:28,634 DDP_Script [Rank 3] [INFO] epoch 19 끝 (local_steps=391, global_steps=391)
2025-11-18 02:34:30,635 DDP_Script [Rank 3] [INFO] val acc 63.91%
2025-11-18 02:34:31,145 DDP_Script [Rank 3] [INFO] epoch 20 시작
2025-11-18 02:34:31,156 DDP_Script [Rank 3] [INFO] DataLoader created with batch_size=32, num_workers=4
2025-11-18 02:34:31,163 DDP_Script [Rank 3] [INFO] local_steps=391, global_steps=391
2025-11-18 02:35:16,758 DDP_Script [Rank 3] [INFO] epoch 20 train step time: 45.59 seconds
2025-11-18 02:35:16,766 DDP_Script [Rank 3] [INFO] epoch 20 끝 (local_steps=391, global_steps=391)
2025-11-18 02:35:18,768 DDP_Script [Rank 3] [INFO] val acc 65.09%
2025-11-18 02:35:19,292 DDP_Script [Rank 3] [INFO] Training loop finished.
