Current CUDA device index: 0
Current CUDA device name: NVIDIA GeForce RTX 5070 Ti
Master address: 163.180.117.216, port: 29547
2025-11-18 12:56:46,340 DDP_Script [Rank 0] [INFO] Node rank: 0, world size: 1
[Gloo] Rank 0 is connected to 0 peer ranks. Expected number of connected peer ranks is : 0
2025-11-18 12:56:46,369 DDP_Script [Rank 0] [INFO] Process group initialized: 163.180.117.216:29547
2025-11-18 12:56:46,369 DDP_Script [Rank 0] [INFO] Rank 0/1 initialized
/home/ubuntu216/anaconda3/envs/Dist2/lib/python3.9/site-packages/torchvision/models/_utils.py:208: UserWarning: The parameter 'pretrained' is deprecated since 0.13 and may be removed in the future, please use 'weights' instead.
  warnings.warn(
/home/ubuntu216/anaconda3/envs/Dist2/lib/python3.9/site-packages/torchvision/models/_utils.py:223: UserWarning: Arguments other than a weight enum or `None` for 'weights' are deprecated since 0.13 and may be removed in the future. The current behavior is equivalent to passing `weights=None`.
  warnings.warn(msg)
2025-11-18 12:56:48,716 DDP_Script [Rank 0] [INFO] Model, DDP, criterion, optimizer initialized
2025-11-18 12:56:48,720 DDP_Script [Rank 0] [INFO] Modules initialized
2025-11-18 12:56:48,720 DDP_Script [Rank 0] [INFO] Checkpoint directory created: ./checkpoints/job-e2363ad94688
2025-11-18 12:56:48,720 DDP_Script [Rank 0] [INFO] Starting training from scratch (epoch 1).
2025-11-18 12:56:48,721 DDP_Script [Rank 0] [INFO] epoch 1 시작
2025-11-18 12:56:48,761 DDP_Script [Rank 0] [INFO] DataLoader created with batch_size=64, num_workers=4
2025-11-18 12:56:48,764 DDP_Script [Rank 0] [INFO] 모든 노드 중 max_steps = 782
2025-11-18 12:56:48,764 DDP_Script [Rank 0] [INFO] local_steps=782, global_steps=782
2025-11-18 12:57:30,288 DDP_Script [Rank 0] [INFO] epoch 1 train step time: 41.52 seconds
2025-11-18 12:57:30,289 DDP_Script [Rank 0] [INFO] epoch 1 끝 (local_steps=782, global_steps=782)
2025-11-18 12:57:36,523 DDP_Script [Rank 0] [INFO] val acc 11.96%
2025-11-18 12:57:36,544 DDP_Script [Rank 0] [INFO] Saving checkpoint to ./checkpoints/job-e2363ad94688/latest_checkpoint.pth ...
2025-11-18 12:57:36,771 DDP_Script [Rank 0] [INFO] Successfully reported epoch 1/20 (Acc: 11.96%) to global server.
2025-11-18 12:57:36,772 DDP_Script [Rank 0] [INFO] epoch 2 시작
2025-11-18 12:57:36,779 DDP_Script [Rank 0] [INFO] DataLoader created with batch_size=64, num_workers=4
2025-11-18 12:57:36,781 DDP_Script [Rank 0] [INFO] 모든 노드 중 max_steps = 782
2025-11-18 12:57:36,781 DDP_Script [Rank 0] [INFO] local_steps=782, global_steps=782
2025-11-18 12:58:18,426 DDP_Script [Rank 0] [INFO] epoch 2 train step time: 41.64 seconds
2025-11-18 12:58:18,428 DDP_Script [Rank 0] [INFO] epoch 2 끝 (local_steps=782, global_steps=782)
2025-11-18 12:58:24,775 DDP_Script [Rank 0] [INFO] val acc 17.12%
2025-11-18 12:58:24,792 DDP_Script [Rank 0] [INFO] Saving checkpoint to ./checkpoints/job-e2363ad94688/latest_checkpoint.pth ...
2025-11-18 12:58:25,296 DDP_Script [Rank 0] [INFO] Successfully reported epoch 2/20 (Acc: 17.12%) to global server.
2025-11-18 12:58:25,298 DDP_Script [Rank 0] [INFO] epoch 3 시작
2025-11-18 12:58:25,307 DDP_Script [Rank 0] [INFO] DataLoader created with batch_size=64, num_workers=4
2025-11-18 12:58:25,309 DDP_Script [Rank 0] [INFO] 모든 노드 중 max_steps = 782
2025-11-18 12:58:25,309 DDP_Script [Rank 0] [INFO] local_steps=782, global_steps=782
2025-11-18 12:59:07,423 DDP_Script [Rank 0] [INFO] epoch 3 train step time: 42.11 seconds
2025-11-18 12:59:07,425 DDP_Script [Rank 0] [INFO] epoch 3 끝 (local_steps=782, global_steps=782)
2025-11-18 12:59:13,420 DDP_Script [Rank 0] [INFO] val acc 25.76%
2025-11-18 12:59:13,436 DDP_Script [Rank 0] [INFO] Saving checkpoint to ./checkpoints/job-e2363ad94688/latest_checkpoint.pth ...
2025-11-18 12:59:14,061 DDP_Script [Rank 0] [INFO] Successfully reported epoch 3/20 (Acc: 25.76%) to global server.
2025-11-18 12:59:14,064 DDP_Script [Rank 0] [INFO] epoch 4 시작
2025-11-18 12:59:14,074 DDP_Script [Rank 0] [INFO] DataLoader created with batch_size=64, num_workers=4
2025-11-18 12:59:14,076 DDP_Script [Rank 0] [INFO] 모든 노드 중 max_steps = 782
2025-11-18 12:59:14,076 DDP_Script [Rank 0] [INFO] local_steps=782, global_steps=782
2025-11-18 12:59:55,708 DDP_Script [Rank 0] [INFO] epoch 4 train step time: 41.63 seconds
2025-11-18 12:59:55,710 DDP_Script [Rank 0] [INFO] epoch 4 끝 (local_steps=782, global_steps=782)
2025-11-18 13:00:01,706 DDP_Script [Rank 0] [INFO] val acc 32.75%
2025-11-18 13:00:01,724 DDP_Script [Rank 0] [INFO] Saving checkpoint to ./checkpoints/job-e2363ad94688/latest_checkpoint.pth ...
2025-11-18 13:00:02,252 DDP_Script [Rank 0] [INFO] Successfully reported epoch 4/20 (Acc: 32.75%) to global server.
2025-11-18 13:00:02,253 DDP_Script [Rank 0] [INFO] epoch 5 시작
2025-11-18 13:00:02,264 DDP_Script [Rank 0] [INFO] DataLoader created with batch_size=64, num_workers=4
2025-11-18 13:00:02,266 DDP_Script [Rank 0] [INFO] 모든 노드 중 max_steps = 782
2025-11-18 13:00:02,266 DDP_Script [Rank 0] [INFO] local_steps=782, global_steps=782
2025-11-18 13:00:43,752 DDP_Script [Rank 0] [INFO] epoch 5 train step time: 41.49 seconds
2025-11-18 13:00:43,754 DDP_Script [Rank 0] [INFO] epoch 5 끝 (local_steps=782, global_steps=782)
2025-11-18 13:00:50,110 DDP_Script [Rank 0] [INFO] val acc 38.14%
2025-11-18 13:00:50,127 DDP_Script [Rank 0] [INFO] Saving checkpoint to ./checkpoints/job-e2363ad94688/latest_checkpoint.pth ...
2025-11-18 13:00:50,633 DDP_Script [Rank 0] [INFO] Successfully reported epoch 5/20 (Acc: 38.14%) to global server.
2025-11-18 13:00:50,634 DDP_Script [Rank 0] [INFO] epoch 6 시작
2025-11-18 13:00:50,644 DDP_Script [Rank 0] [INFO] DataLoader created with batch_size=64, num_workers=4
2025-11-18 13:00:50,646 DDP_Script [Rank 0] [INFO] 모든 노드 중 max_steps = 782
2025-11-18 13:00:50,646 DDP_Script [Rank 0] [INFO] local_steps=782, global_steps=782
2025-11-18 13:01:33,782 DDP_Script [Rank 0] [INFO] epoch 6 train step time: 43.13 seconds
2025-11-18 13:01:33,784 DDP_Script [Rank 0] [INFO] epoch 6 끝 (local_steps=782, global_steps=782)
2025-11-18 13:01:39,939 DDP_Script [Rank 0] [INFO] val acc 42.62%
2025-11-18 13:01:39,955 DDP_Script [Rank 0] [INFO] Saving checkpoint to ./checkpoints/job-e2363ad94688/latest_checkpoint.pth ...
2025-11-18 13:01:40,432 DDP_Script [Rank 0] [INFO] Successfully reported epoch 6/20 (Acc: 42.62%) to global server.
2025-11-18 13:01:40,433 DDP_Script [Rank 0] [INFO] epoch 7 시작
2025-11-18 13:01:40,443 DDP_Script [Rank 0] [INFO] DataLoader created with batch_size=64, num_workers=4
2025-11-18 13:01:40,445 DDP_Script [Rank 0] [INFO] 모든 노드 중 max_steps = 782
2025-11-18 13:01:40,445 DDP_Script [Rank 0] [INFO] local_steps=782, global_steps=782
2025-11-18 13:02:22,721 DDP_Script [Rank 0] [INFO] epoch 7 train step time: 42.28 seconds
2025-11-18 13:02:22,723 DDP_Script [Rank 0] [INFO] epoch 7 끝 (local_steps=782, global_steps=782)
2025-11-18 13:02:29,045 DDP_Script [Rank 0] [INFO] val acc 46.98%
2025-11-18 13:02:29,065 DDP_Script [Rank 0] [INFO] Saving checkpoint to ./checkpoints/job-e2363ad94688/latest_checkpoint.pth ...
2025-11-18 13:02:29,608 DDP_Script [Rank 0] [INFO] Successfully reported epoch 7/20 (Acc: 46.98%) to global server.
2025-11-18 13:02:29,609 DDP_Script [Rank 0] [INFO] epoch 8 시작
2025-11-18 13:02:29,618 DDP_Script [Rank 0] [INFO] DataLoader created with batch_size=64, num_workers=4
2025-11-18 13:02:29,619 DDP_Script [Rank 0] [INFO] 모든 노드 중 max_steps = 782
2025-11-18 13:02:29,620 DDP_Script [Rank 0] [INFO] local_steps=782, global_steps=782
2025-11-18 13:03:10,963 DDP_Script [Rank 0] [INFO] epoch 8 train step time: 41.34 seconds
2025-11-18 13:03:10,965 DDP_Script [Rank 0] [INFO] epoch 8 끝 (local_steps=782, global_steps=782)
2025-11-18 13:03:17,462 DDP_Script [Rank 0] [INFO] val acc 48.25%
2025-11-18 13:03:17,477 DDP_Script [Rank 0] [INFO] Saving checkpoint to ./checkpoints/job-e2363ad94688/latest_checkpoint.pth ...
2025-11-18 13:03:17,973 DDP_Script [Rank 0] [INFO] Successfully reported epoch 8/20 (Acc: 48.25%) to global server.
2025-11-18 13:03:17,974 DDP_Script [Rank 0] [INFO] epoch 9 시작
2025-11-18 13:03:17,983 DDP_Script [Rank 0] [INFO] DataLoader created with batch_size=64, num_workers=4
2025-11-18 13:03:17,984 DDP_Script [Rank 0] [INFO] 모든 노드 중 max_steps = 782
2025-11-18 13:03:17,985 DDP_Script [Rank 0] [INFO] local_steps=782, global_steps=782
2025-11-18 13:03:59,540 DDP_Script [Rank 0] [INFO] epoch 9 train step time: 41.55 seconds
2025-11-18 13:03:59,541 DDP_Script [Rank 0] [INFO] epoch 9 끝 (local_steps=782, global_steps=782)
2025-11-18 13:04:05,520 DDP_Script [Rank 0] [INFO] val acc 52.87%
2025-11-18 13:04:05,544 DDP_Script [Rank 0] [INFO] Saving checkpoint to ./checkpoints/job-e2363ad94688/latest_checkpoint.pth ...
2025-11-18 13:04:06,065 DDP_Script [Rank 0] [INFO] Successfully reported epoch 9/20 (Acc: 52.87%) to global server.
2025-11-18 13:04:06,066 DDP_Script [Rank 0] [INFO] epoch 10 시작
2025-11-18 13:04:06,075 DDP_Script [Rank 0] [INFO] DataLoader created with batch_size=64, num_workers=4
2025-11-18 13:04:06,076 DDP_Script [Rank 0] [INFO] 모든 노드 중 max_steps = 782
2025-11-18 13:04:06,077 DDP_Script [Rank 0] [INFO] local_steps=782, global_steps=782
2025-11-18 13:04:47,582 DDP_Script [Rank 0] [INFO] epoch 10 train step time: 41.50 seconds
2025-11-18 13:04:47,584 DDP_Script [Rank 0] [INFO] epoch 10 끝 (local_steps=782, global_steps=782)
2025-11-18 13:04:53,550 DDP_Script [Rank 0] [INFO] val acc 54.37%
2025-11-18 13:04:53,564 DDP_Script [Rank 0] [INFO] Saving checkpoint to ./checkpoints/job-e2363ad94688/latest_checkpoint.pth ...
2025-11-18 13:04:54,063 DDP_Script [Rank 0] [INFO] Successfully reported epoch 10/20 (Acc: 54.37%) to global server.
2025-11-18 13:04:54,065 DDP_Script [Rank 0] [INFO] epoch 11 시작
2025-11-18 13:04:54,075 DDP_Script [Rank 0] [INFO] DataLoader created with batch_size=64, num_workers=4
2025-11-18 13:04:54,077 DDP_Script [Rank 0] [INFO] 모든 노드 중 max_steps = 782
2025-11-18 13:04:54,077 DDP_Script [Rank 0] [INFO] local_steps=782, global_steps=782
2025-11-18 13:05:36,122 DDP_Script [Rank 0] [INFO] epoch 11 train step time: 42.04 seconds
2025-11-18 13:05:36,124 DDP_Script [Rank 0] [INFO] epoch 11 끝 (local_steps=782, global_steps=782)
2025-11-18 13:05:42,092 DDP_Script [Rank 0] [INFO] val acc 56.17%
2025-11-18 13:05:42,109 DDP_Script [Rank 0] [INFO] Saving checkpoint to ./checkpoints/job-e2363ad94688/latest_checkpoint.pth ...
2025-11-18 13:05:42,595 DDP_Script [Rank 0] [INFO] Successfully reported epoch 11/20 (Acc: 56.17%) to global server.
2025-11-18 13:05:42,596 DDP_Script [Rank 0] [INFO] epoch 12 시작
2025-11-18 13:05:42,605 DDP_Script [Rank 0] [INFO] DataLoader created with batch_size=64, num_workers=4
2025-11-18 13:05:42,606 DDP_Script [Rank 0] [INFO] 모든 노드 중 max_steps = 782
2025-11-18 13:05:42,606 DDP_Script [Rank 0] [INFO] local_steps=782, global_steps=782
2025-11-18 13:06:24,621 DDP_Script [Rank 0] [INFO] epoch 12 train step time: 42.01 seconds
2025-11-18 13:06:24,623 DDP_Script [Rank 0] [INFO] epoch 12 끝 (local_steps=782, global_steps=782)
2025-11-18 13:06:30,568 DDP_Script [Rank 0] [INFO] val acc 57.25%
2025-11-18 13:06:30,587 DDP_Script [Rank 0] [INFO] Saving checkpoint to ./checkpoints/job-e2363ad94688/latest_checkpoint.pth ...
2025-11-18 13:06:31,129 DDP_Script [Rank 0] [INFO] Successfully reported epoch 12/20 (Acc: 57.25%) to global server.
2025-11-18 13:06:31,130 DDP_Script [Rank 0] [INFO] epoch 13 시작
2025-11-18 13:06:31,140 DDP_Script [Rank 0] [INFO] DataLoader created with batch_size=64, num_workers=4
2025-11-18 13:06:31,141 DDP_Script [Rank 0] [INFO] 모든 노드 중 max_steps = 782
2025-11-18 13:06:31,141 DDP_Script [Rank 0] [INFO] local_steps=782, global_steps=782
2025-11-18 13:07:12,736 DDP_Script [Rank 0] [INFO] epoch 13 train step time: 41.59 seconds
2025-11-18 13:07:12,738 DDP_Script [Rank 0] [INFO] epoch 13 끝 (local_steps=782, global_steps=782)
2025-11-18 13:07:18,885 DDP_Script [Rank 0] [INFO] val acc 58.96%
2025-11-18 13:07:18,909 DDP_Script [Rank 0] [INFO] Saving checkpoint to ./checkpoints/job-e2363ad94688/latest_checkpoint.pth ...
2025-11-18 13:07:19,540 DDP_Script [Rank 0] [INFO] Successfully reported epoch 13/20 (Acc: 58.96%) to global server.
2025-11-18 13:07:19,544 DDP_Script [Rank 0] [INFO] epoch 14 시작
2025-11-18 13:07:19,565 DDP_Script [Rank 0] [INFO] DataLoader created with batch_size=64, num_workers=4
2025-11-18 13:07:19,569 DDP_Script [Rank 0] [INFO] 모든 노드 중 max_steps = 782
2025-11-18 13:07:19,569 DDP_Script [Rank 0] [INFO] local_steps=782, global_steps=782
2025-11-18 13:08:00,214 DDP_Script [Rank 0] [INFO] epoch 14 train step time: 40.64 seconds
2025-11-18 13:08:00,216 DDP_Script [Rank 0] [INFO] epoch 14 끝 (local_steps=782, global_steps=782)
2025-11-18 13:08:06,258 DDP_Script [Rank 0] [INFO] val acc 60.09%
2025-11-18 13:08:06,275 DDP_Script [Rank 0] [INFO] Saving checkpoint to ./checkpoints/job-e2363ad94688/latest_checkpoint.pth ...
2025-11-18 13:08:06,776 DDP_Script [Rank 0] [INFO] Successfully reported epoch 14/20 (Acc: 60.09%) to global server.
2025-11-18 13:08:06,777 DDP_Script [Rank 0] [INFO] epoch 15 시작
2025-11-18 13:08:06,786 DDP_Script [Rank 0] [INFO] DataLoader created with batch_size=64, num_workers=4
2025-11-18 13:08:06,788 DDP_Script [Rank 0] [INFO] 모든 노드 중 max_steps = 782
2025-11-18 13:08:06,788 DDP_Script [Rank 0] [INFO] local_steps=782, global_steps=782
2025-11-18 13:08:48,834 DDP_Script [Rank 0] [INFO] epoch 15 train step time: 42.04 seconds
2025-11-18 13:08:48,836 DDP_Script [Rank 0] [INFO] epoch 15 끝 (local_steps=782, global_steps=782)
2025-11-18 13:08:54,634 DDP_Script [Rank 0] [INFO] val acc 60.93%
2025-11-18 13:08:54,650 DDP_Script [Rank 0] [INFO] Saving checkpoint to ./checkpoints/job-e2363ad94688/latest_checkpoint.pth ...
2025-11-18 13:08:55,148 DDP_Script [Rank 0] [INFO] Successfully reported epoch 15/20 (Acc: 60.93%) to global server.
2025-11-18 13:08:55,150 DDP_Script [Rank 0] [INFO] epoch 16 시작
2025-11-18 13:08:55,160 DDP_Script [Rank 0] [INFO] DataLoader created with batch_size=64, num_workers=4
2025-11-18 13:08:55,161 DDP_Script [Rank 0] [INFO] 모든 노드 중 max_steps = 782
2025-11-18 13:08:55,161 DDP_Script [Rank 0] [INFO] local_steps=782, global_steps=782
2025-11-18 13:09:36,727 DDP_Script [Rank 0] [INFO] epoch 16 train step time: 41.57 seconds
2025-11-18 13:09:36,729 DDP_Script [Rank 0] [INFO] epoch 16 끝 (local_steps=782, global_steps=782)
2025-11-18 13:09:42,640 DDP_Script [Rank 0] [INFO] val acc 63.22%
2025-11-18 13:09:42,659 DDP_Script [Rank 0] [INFO] Saving checkpoint to ./checkpoints/job-e2363ad94688/latest_checkpoint.pth ...
2025-11-18 13:09:43,164 DDP_Script [Rank 0] [INFO] Successfully reported epoch 16/20 (Acc: 63.22%) to global server.
2025-11-18 13:09:43,166 DDP_Script [Rank 0] [INFO] epoch 17 시작
2025-11-18 13:09:43,175 DDP_Script [Rank 0] [INFO] DataLoader created with batch_size=64, num_workers=4
2025-11-18 13:09:43,177 DDP_Script [Rank 0] [INFO] 모든 노드 중 max_steps = 782
2025-11-18 13:09:43,177 DDP_Script [Rank 0] [INFO] local_steps=782, global_steps=782
2025-11-18 13:10:24,789 DDP_Script [Rank 0] [INFO] epoch 17 train step time: 41.61 seconds
2025-11-18 13:10:24,790 DDP_Script [Rank 0] [INFO] epoch 17 끝 (local_steps=782, global_steps=782)
2025-11-18 13:10:30,976 DDP_Script [Rank 0] [INFO] val acc 63.74%
2025-11-18 13:10:31,009 DDP_Script [Rank 0] [INFO] Saving checkpoint to ./checkpoints/job-e2363ad94688/latest_checkpoint.pth ...
2025-11-18 13:10:31,552 DDP_Script [Rank 0] [INFO] Successfully reported epoch 17/20 (Acc: 63.74%) to global server.
2025-11-18 13:10:31,554 DDP_Script [Rank 0] [INFO] epoch 18 시작
2025-11-18 13:10:31,562 DDP_Script [Rank 0] [INFO] DataLoader created with batch_size=64, num_workers=4
2025-11-18 13:10:31,564 DDP_Script [Rank 0] [INFO] 모든 노드 중 max_steps = 782
2025-11-18 13:10:31,564 DDP_Script [Rank 0] [INFO] local_steps=782, global_steps=782
2025-11-18 13:11:13,380 DDP_Script [Rank 0] [INFO] epoch 18 train step time: 41.82 seconds
2025-11-18 13:11:13,382 DDP_Script [Rank 0] [INFO] epoch 18 끝 (local_steps=782, global_steps=782)
2025-11-18 13:11:19,530 DDP_Script [Rank 0] [INFO] val acc 64.20%
2025-11-18 13:11:19,546 DDP_Script [Rank 0] [INFO] Saving checkpoint to ./checkpoints/job-e2363ad94688/latest_checkpoint.pth ...
2025-11-18 13:11:20,052 DDP_Script [Rank 0] [INFO] Successfully reported epoch 18/20 (Acc: 64.20%) to global server.
2025-11-18 13:11:20,053 DDP_Script [Rank 0] [INFO] epoch 19 시작
2025-11-18 13:11:20,062 DDP_Script [Rank 0] [INFO] DataLoader created with batch_size=64, num_workers=4
2025-11-18 13:11:20,064 DDP_Script [Rank 0] [INFO] 모든 노드 중 max_steps = 782
2025-11-18 13:11:20,064 DDP_Script [Rank 0] [INFO] local_steps=782, global_steps=782
2025-11-18 13:12:01,860 DDP_Script [Rank 0] [INFO] epoch 19 train step time: 41.79 seconds
2025-11-18 13:12:01,862 DDP_Script [Rank 0] [INFO] epoch 19 끝 (local_steps=782, global_steps=782)
2025-11-18 13:12:07,774 DDP_Script [Rank 0] [INFO] val acc 64.09%
2025-11-18 13:12:07,792 DDP_Script [Rank 0] [INFO] Saving checkpoint to ./checkpoints/job-e2363ad94688/latest_checkpoint.pth ...
2025-11-18 13:12:08,299 DDP_Script [Rank 0] [INFO] Successfully reported epoch 19/20 (Acc: 64.09%) to global server.
2025-11-18 13:12:08,300 DDP_Script [Rank 0] [INFO] epoch 20 시작
2025-11-18 13:12:08,310 DDP_Script [Rank 0] [INFO] DataLoader created with batch_size=64, num_workers=4
2025-11-18 13:12:08,312 DDP_Script [Rank 0] [INFO] 모든 노드 중 max_steps = 782
2025-11-18 13:12:08,313 DDP_Script [Rank 0] [INFO] local_steps=782, global_steps=782
2025-11-18 13:12:49,989 DDP_Script [Rank 0] [INFO] epoch 20 train step time: 41.68 seconds
2025-11-18 13:12:49,991 DDP_Script [Rank 0] [INFO] epoch 20 끝 (local_steps=782, global_steps=782)
2025-11-18 13:12:56,017 DDP_Script [Rank 0] [INFO] val acc 65.11%
2025-11-18 13:12:56,032 DDP_Script [Rank 0] [INFO] Saving checkpoint to ./checkpoints/job-e2363ad94688/latest_checkpoint.pth ...
2025-11-18 13:12:56,547 DDP_Script [Rank 0] [INFO] Successfully reported epoch 20/20 (Acc: 65.11%) to global server.
2025-11-18 13:12:56,548 DDP_Script [Rank 0] [INFO] Training completed successfully.
2025-11-18 13:12:56,549 DDP_Script [Rank 0] [INFO] Training loop finished.
