Current CUDA device index: 0
Current CUDA device name: NVIDIA GeForce RTX 5070 Ti
Master address: 163.180.117.216, port: 29543
2025-11-18 22:04:33,397 DDP_Script [Rank 0] [INFO] Node rank: 0, world size: 4
[Gloo] Rank 0 is connected to 3 peer ranks. Expected number of connected peer ranks is : 3
2025-11-18 22:04:34,022 DDP_Script [Rank 0] [INFO] Process group initialized: 163.180.117.216:29543
2025-11-18 22:04:34,023 DDP_Script [Rank 0] [INFO] Rank 0/4 initialized
Val sample labels: tensor([  0,  12,  15,  22,  24,  27,  41,  50,  66,  81,  91, 102, 123, 124,
        140, 161, 163, 168, 173, 174, 179, 180, 186, 188, 195, 199])
Train samples: 100000
Val   samples: 10000
/home/ubuntu216/anaconda3/envs/Dist1/lib/python3.9/site-packages/torchvision/models/_utils.py:208: UserWarning: The parameter 'pretrained' is deprecated since 0.13 and may be removed in the future, please use 'weights' instead.
  warnings.warn(
/home/ubuntu216/anaconda3/envs/Dist1/lib/python3.9/site-packages/torchvision/models/_utils.py:223: UserWarning: Arguments other than a weight enum or `None` for 'weights' are deprecated since 0.13 and may be removed in the future. The current behavior is equivalent to passing `weights=None`.
  warnings.warn(msg)
2025-11-18 22:04:35,613 DDP_Script [Rank 0] [INFO] Model, DDP, criterion, optimizer initialized
2025-11-18 22:04:35,617 DDP_Script [Rank 0] [INFO] Modules initialized
2025-11-18 22:04:35,617 DDP_Script [Rank 0] [INFO] Checkpoint directory created: ./checkpoints/job-35c86c0e9ad6
2025-11-18 22:04:35,617 DDP_Script [Rank 0] [INFO] Starting training from scratch (epoch 1).
2025-11-18 22:04:35,649 DDP_Script [Rank 0] [INFO] epoch 1 시작
2025-11-18 22:04:35,664 DDP_Script [Rank 0] [INFO] DataLoader created with batch_size=64, num_workers=4
2025-11-18 22:04:35,711 DDP_Script [Rank 0] [INFO] 모든 노드 중 max_steps = 391
2025-11-18 22:04:35,712 DDP_Script [Rank 0] [INFO] local_steps=391, global_steps=391
2025-11-18 22:06:10,977 DDP_Script [Rank 0] [INFO] epoch 1 train step time: 95.26 seconds
2025-11-18 22:06:10,982 DDP_Script [Rank 0] [INFO] epoch 1 끝 (local_steps=391, global_steps=391)
2025-11-18 22:06:14,596 DDP_Script [Rank 0] [INFO] val acc 11.81%
2025-11-18 22:06:14,636 DDP_Script [Rank 0] [INFO] Saving checkpoint to ./checkpoints/job-35c86c0e9ad6/latest_checkpoint.pth ...
2025-11-18 22:06:14,923 DDP_Script [Rank 0] [INFO] Successfully reported epoch 1/20 (Acc: 11.81%) to global server.
2025-11-18 22:06:14,926 DDP_Script [Rank 0] [INFO] epoch 2 시작
2025-11-18 22:06:14,934 DDP_Script [Rank 0] [INFO] DataLoader created with batch_size=64, num_workers=4
2025-11-18 22:06:14,956 DDP_Script [Rank 0] [INFO] 모든 노드 중 max_steps = 391
2025-11-18 22:06:14,956 DDP_Script [Rank 0] [INFO] local_steps=391, global_steps=391
2025-11-18 22:07:50,904 DDP_Script [Rank 0] [INFO] epoch 2 train step time: 95.95 seconds
2025-11-18 22:07:50,910 DDP_Script [Rank 0] [INFO] epoch 2 끝 (local_steps=391, global_steps=391)
2025-11-18 22:07:54,025 DDP_Script [Rank 0] [INFO] val acc 17.68%
2025-11-18 22:07:54,062 DDP_Script [Rank 0] [INFO] Saving checkpoint to ./checkpoints/job-35c86c0e9ad6/latest_checkpoint.pth ...
2025-11-18 22:07:54,518 DDP_Script [Rank 0] [INFO] Successfully reported epoch 2/20 (Acc: 17.68%) to global server.
2025-11-18 22:07:54,520 DDP_Script [Rank 0] [INFO] epoch 3 시작
2025-11-18 22:07:54,547 DDP_Script [Rank 0] [INFO] DataLoader created with batch_size=64, num_workers=4
2025-11-18 22:07:54,557 DDP_Script [Rank 0] [INFO] 모든 노드 중 max_steps = 391
2025-11-18 22:07:54,557 DDP_Script [Rank 0] [INFO] local_steps=391, global_steps=391
2025-11-18 22:09:32,318 DDP_Script [Rank 0] [INFO] epoch 3 train step time: 97.76 seconds
2025-11-18 22:09:32,322 DDP_Script [Rank 0] [INFO] epoch 3 끝 (local_steps=391, global_steps=391)
2025-11-18 22:09:35,410 DDP_Script [Rank 0] [INFO] val acc 24.68%
2025-11-18 22:09:35,434 DDP_Script [Rank 0] [INFO] Saving checkpoint to ./checkpoints/job-35c86c0e9ad6/latest_checkpoint.pth ...
2025-11-18 22:09:35,968 DDP_Script [Rank 0] [INFO] Successfully reported epoch 3/20 (Acc: 24.68%) to global server.
2025-11-18 22:09:36,088 DDP_Script [Rank 0] [INFO] epoch 4 시작
2025-11-18 22:09:36,103 DDP_Script [Rank 0] [INFO] DataLoader created with batch_size=64, num_workers=4
2025-11-18 22:09:36,205 DDP_Script [Rank 0] [INFO] 모든 노드 중 max_steps = 391
2025-11-18 22:09:36,205 DDP_Script [Rank 0] [INFO] local_steps=391, global_steps=391
2025-11-18 22:11:14,132 DDP_Script [Rank 0] [INFO] epoch 4 train step time: 97.93 seconds
2025-11-18 22:11:14,137 DDP_Script [Rank 0] [INFO] epoch 4 끝 (local_steps=391, global_steps=391)
2025-11-18 22:11:17,456 DDP_Script [Rank 0] [INFO] val acc 29.76%
2025-11-18 22:11:17,491 DDP_Script [Rank 0] [INFO] Saving checkpoint to ./checkpoints/job-35c86c0e9ad6/latest_checkpoint.pth ...
2025-11-18 22:11:18,093 DDP_Script [Rank 0] [INFO] Successfully reported epoch 4/20 (Acc: 29.76%) to global server.
2025-11-18 22:11:18,095 DDP_Script [Rank 0] [INFO] epoch 5 시작
2025-11-18 22:11:18,110 DDP_Script [Rank 0] [INFO] DataLoader created with batch_size=64, num_workers=4
2025-11-18 22:11:18,127 DDP_Script [Rank 0] [INFO] 모든 노드 중 max_steps = 391
2025-11-18 22:11:18,127 DDP_Script [Rank 0] [INFO] local_steps=391, global_steps=391
2025-11-18 22:12:56,444 DDP_Script [Rank 0] [INFO] epoch 5 train step time: 98.32 seconds
2025-11-18 22:12:56,572 DDP_Script [Rank 0] [INFO] epoch 5 끝 (local_steps=391, global_steps=391)
2025-11-18 22:12:59,710 DDP_Script [Rank 0] [INFO] val acc 33.84%
2025-11-18 22:12:59,730 DDP_Script [Rank 0] [INFO] Saving checkpoint to ./checkpoints/job-35c86c0e9ad6/latest_checkpoint.pth ...
2025-11-18 22:13:00,166 DDP_Script [Rank 0] [INFO] Successfully reported epoch 5/20 (Acc: 33.84%) to global server.
2025-11-18 22:13:00,169 DDP_Script [Rank 0] [INFO] epoch 6 시작
2025-11-18 22:13:00,186 DDP_Script [Rank 0] [INFO] DataLoader created with batch_size=64, num_workers=4
2025-11-18 22:13:00,199 DDP_Script [Rank 0] [INFO] 모든 노드 중 max_steps = 391
2025-11-18 22:13:00,199 DDP_Script [Rank 0] [INFO] local_steps=391, global_steps=391
2025-11-18 22:14:40,042 DDP_Script [Rank 0] [INFO] epoch 6 train step time: 99.84 seconds
2025-11-18 22:14:40,078 DDP_Script [Rank 0] [INFO] epoch 6 끝 (local_steps=391, global_steps=391)
2025-11-18 22:14:43,277 DDP_Script [Rank 0] [INFO] val acc 37.83%
2025-11-18 22:14:43,313 DDP_Script [Rank 0] [INFO] Saving checkpoint to ./checkpoints/job-35c86c0e9ad6/latest_checkpoint.pth ...
2025-11-18 22:14:43,771 DDP_Script [Rank 0] [INFO] Successfully reported epoch 6/20 (Acc: 37.83%) to global server.
2025-11-18 22:14:43,773 DDP_Script [Rank 0] [INFO] epoch 7 시작
2025-11-18 22:14:43,789 DDP_Script [Rank 0] [INFO] DataLoader created with batch_size=64, num_workers=4
2025-11-18 22:14:43,798 DDP_Script [Rank 0] [INFO] 모든 노드 중 max_steps = 391
2025-11-18 22:14:43,798 DDP_Script [Rank 0] [INFO] local_steps=391, global_steps=391
2025-11-18 22:16:23,184 DDP_Script [Rank 0] [INFO] epoch 7 train step time: 99.38 seconds
2025-11-18 22:16:23,201 DDP_Script [Rank 0] [INFO] epoch 7 끝 (local_steps=391, global_steps=391)
2025-11-18 22:16:26,229 DDP_Script [Rank 0] [INFO] val acc 40.17%
2025-11-18 22:16:26,266 DDP_Script [Rank 0] [INFO] Saving checkpoint to ./checkpoints/job-35c86c0e9ad6/latest_checkpoint.pth ...
2025-11-18 22:16:26,718 DDP_Script [Rank 0] [INFO] Successfully reported epoch 7/20 (Acc: 40.17%) to global server.
2025-11-18 22:16:26,721 DDP_Script [Rank 0] [INFO] epoch 8 시작
2025-11-18 22:16:26,737 DDP_Script [Rank 0] [INFO] DataLoader created with batch_size=64, num_workers=4
2025-11-18 22:16:26,746 DDP_Script [Rank 0] [INFO] 모든 노드 중 max_steps = 391
2025-11-18 22:16:26,746 DDP_Script [Rank 0] [INFO] local_steps=391, global_steps=391
2025-11-18 22:18:05,444 DDP_Script [Rank 0] [INFO] epoch 8 train step time: 98.70 seconds
2025-11-18 22:18:05,462 DDP_Script [Rank 0] [INFO] epoch 8 끝 (local_steps=391, global_steps=391)
2025-11-18 22:18:09,105 DDP_Script [Rank 0] [INFO] val acc 41.77%
2025-11-18 22:18:09,191 DDP_Script [Rank 0] [INFO] Saving checkpoint to ./checkpoints/job-35c86c0e9ad6/latest_checkpoint.pth ...
2025-11-18 22:18:09,760 DDP_Script [Rank 0] [INFO] Successfully reported epoch 8/20 (Acc: 41.77%) to global server.
2025-11-18 22:18:09,763 DDP_Script [Rank 0] [INFO] epoch 9 시작
2025-11-18 22:18:09,779 DDP_Script [Rank 0] [INFO] DataLoader created with batch_size=64, num_workers=4
2025-11-18 22:18:09,788 DDP_Script [Rank 0] [INFO] 모든 노드 중 max_steps = 391
2025-11-18 22:18:09,789 DDP_Script [Rank 0] [INFO] local_steps=391, global_steps=391
2025-11-18 22:19:49,228 DDP_Script [Rank 0] [INFO] epoch 9 train step time: 99.44 seconds
2025-11-18 22:19:49,261 DDP_Script [Rank 0] [INFO] epoch 9 끝 (local_steps=391, global_steps=391)
2025-11-18 22:19:52,427 DDP_Script [Rank 0] [INFO] val acc 44.54%
2025-11-18 22:19:52,454 DDP_Script [Rank 0] [INFO] Saving checkpoint to ./checkpoints/job-35c86c0e9ad6/latest_checkpoint.pth ...
2025-11-18 22:19:52,895 DDP_Script [Rank 0] [INFO] Successfully reported epoch 9/20 (Acc: 44.54%) to global server.
2025-11-18 22:19:52,897 DDP_Script [Rank 0] [INFO] epoch 10 시작
2025-11-18 22:19:52,913 DDP_Script [Rank 0] [INFO] DataLoader created with batch_size=64, num_workers=4
2025-11-18 22:19:52,924 DDP_Script [Rank 0] [INFO] 모든 노드 중 max_steps = 391
2025-11-18 22:19:52,924 DDP_Script [Rank 0] [INFO] local_steps=391, global_steps=391
2025-11-18 22:21:32,931 DDP_Script [Rank 0] [INFO] epoch 10 train step time: 100.01 seconds
2025-11-18 22:21:32,943 DDP_Script [Rank 0] [INFO] epoch 10 끝 (local_steps=391, global_steps=391)
2025-11-18 22:21:36,044 DDP_Script [Rank 0] [INFO] val acc 45.26%
2025-11-18 22:21:36,075 DDP_Script [Rank 0] [INFO] Saving checkpoint to ./checkpoints/job-35c86c0e9ad6/latest_checkpoint.pth ...
2025-11-18 22:21:36,617 DDP_Script [Rank 0] [INFO] Successfully reported epoch 10/20 (Acc: 45.26%) to global server.
2025-11-18 22:21:36,619 DDP_Script [Rank 0] [INFO] epoch 11 시작
2025-11-18 22:21:36,635 DDP_Script [Rank 0] [INFO] DataLoader created with batch_size=64, num_workers=4
2025-11-18 22:21:36,653 DDP_Script [Rank 0] [INFO] 모든 노드 중 max_steps = 391
2025-11-18 22:21:36,653 DDP_Script [Rank 0] [INFO] local_steps=391, global_steps=391
2025-11-18 22:23:16,982 DDP_Script [Rank 0] [INFO] epoch 11 train step time: 100.33 seconds
2025-11-18 22:23:17,026 DDP_Script [Rank 0] [INFO] epoch 11 끝 (local_steps=391, global_steps=391)
2025-11-18 22:23:20,182 DDP_Script [Rank 0] [INFO] val acc 46.42%
2025-11-18 22:23:20,219 DDP_Script [Rank 0] [INFO] Saving checkpoint to ./checkpoints/job-35c86c0e9ad6/latest_checkpoint.pth ...
2025-11-18 22:23:20,679 DDP_Script [Rank 0] [INFO] Successfully reported epoch 11/20 (Acc: 46.42%) to global server.
2025-11-18 22:23:20,682 DDP_Script [Rank 0] [INFO] epoch 12 시작
2025-11-18 22:23:20,698 DDP_Script [Rank 0] [INFO] DataLoader created with batch_size=64, num_workers=4
2025-11-18 22:23:20,706 DDP_Script [Rank 0] [INFO] 모든 노드 중 max_steps = 391
2025-11-18 22:23:20,706 DDP_Script [Rank 0] [INFO] local_steps=391, global_steps=391
2025-11-18 22:25:00,729 DDP_Script [Rank 0] [INFO] epoch 12 train step time: 100.02 seconds
2025-11-18 22:25:00,753 DDP_Script [Rank 0] [INFO] epoch 12 끝 (local_steps=391, global_steps=391)
2025-11-18 22:25:03,857 DDP_Script [Rank 0] [INFO] val acc 47.36%
2025-11-18 22:25:03,893 DDP_Script [Rank 0] [INFO] Saving checkpoint to ./checkpoints/job-35c86c0e9ad6/latest_checkpoint.pth ...
2025-11-18 22:25:04,478 DDP_Script [Rank 0] [INFO] Successfully reported epoch 12/20 (Acc: 47.36%) to global server.
2025-11-18 22:25:04,480 DDP_Script [Rank 0] [INFO] epoch 13 시작
2025-11-18 22:25:04,497 DDP_Script [Rank 0] [INFO] DataLoader created with batch_size=64, num_workers=4
2025-11-18 22:25:04,507 DDP_Script [Rank 0] [INFO] 모든 노드 중 max_steps = 391
2025-11-18 22:25:04,507 DDP_Script [Rank 0] [INFO] local_steps=391, global_steps=391
2025-11-18 22:26:43,568 DDP_Script [Rank 0] [INFO] epoch 13 train step time: 99.06 seconds
2025-11-18 22:26:43,589 DDP_Script [Rank 0] [INFO] epoch 13 끝 (local_steps=391, global_steps=391)
2025-11-18 22:26:46,690 DDP_Script [Rank 0] [INFO] val acc 49.43%
2025-11-18 22:26:46,725 DDP_Script [Rank 0] [INFO] Saving checkpoint to ./checkpoints/job-35c86c0e9ad6/latest_checkpoint.pth ...
2025-11-18 22:26:47,451 DDP_Script [Rank 0] [INFO] Successfully reported epoch 13/20 (Acc: 49.43%) to global server.
2025-11-18 22:26:47,454 DDP_Script [Rank 0] [INFO] epoch 14 시작
2025-11-18 22:26:47,470 DDP_Script [Rank 0] [INFO] DataLoader created with batch_size=64, num_workers=4
2025-11-18 22:26:47,480 DDP_Script [Rank 0] [INFO] 모든 노드 중 max_steps = 391
2025-11-18 22:26:47,480 DDP_Script [Rank 0] [INFO] local_steps=391, global_steps=391
2025-11-18 22:28:27,299 DDP_Script [Rank 0] [INFO] epoch 14 train step time: 99.82 seconds
2025-11-18 22:28:27,371 DDP_Script [Rank 0] [INFO] epoch 14 끝 (local_steps=391, global_steps=391)
2025-11-18 22:28:30,828 DDP_Script [Rank 0] [INFO] val acc 49.69%
2025-11-18 22:28:30,865 DDP_Script [Rank 0] [INFO] Saving checkpoint to ./checkpoints/job-35c86c0e9ad6/latest_checkpoint.pth ...
2025-11-18 22:28:31,423 DDP_Script [Rank 0] [INFO] Successfully reported epoch 14/20 (Acc: 49.69%) to global server.
2025-11-18 22:28:31,425 DDP_Script [Rank 0] [INFO] epoch 15 시작
2025-11-18 22:28:31,441 DDP_Script [Rank 0] [INFO] DataLoader created with batch_size=64, num_workers=4
2025-11-18 22:28:31,452 DDP_Script [Rank 0] [INFO] 모든 노드 중 max_steps = 391
2025-11-18 22:28:31,452 DDP_Script [Rank 0] [INFO] local_steps=391, global_steps=391
2025-11-18 22:30:10,342 DDP_Script [Rank 0] [INFO] epoch 15 train step time: 98.89 seconds
2025-11-18 22:30:10,376 DDP_Script [Rank 0] [INFO] epoch 15 끝 (local_steps=391, global_steps=391)
2025-11-18 22:30:13,700 DDP_Script [Rank 0] [INFO] val acc 50.64%
2025-11-18 22:30:13,738 DDP_Script [Rank 0] [INFO] Saving checkpoint to ./checkpoints/job-35c86c0e9ad6/latest_checkpoint.pth ...
2025-11-18 22:30:14,212 DDP_Script [Rank 0] [INFO] Successfully reported epoch 15/20 (Acc: 50.64%) to global server.
2025-11-18 22:30:14,215 DDP_Script [Rank 0] [INFO] epoch 16 시작
2025-11-18 22:30:14,231 DDP_Script [Rank 0] [INFO] DataLoader created with batch_size=64, num_workers=4
2025-11-18 22:30:14,243 DDP_Script [Rank 0] [INFO] 모든 노드 중 max_steps = 391
2025-11-18 22:30:14,243 DDP_Script [Rank 0] [INFO] local_steps=391, global_steps=391
2025-11-18 22:31:54,318 DDP_Script [Rank 0] [INFO] epoch 16 train step time: 100.07 seconds
2025-11-18 22:31:54,322 DDP_Script [Rank 0] [INFO] epoch 16 끝 (local_steps=391, global_steps=391)
2025-11-18 22:31:57,391 DDP_Script [Rank 0] [INFO] val acc 51.57%
2025-11-18 22:31:57,428 DDP_Script [Rank 0] [INFO] Saving checkpoint to ./checkpoints/job-35c86c0e9ad6/latest_checkpoint.pth ...
2025-11-18 22:31:57,881 DDP_Script [Rank 0] [INFO] Successfully reported epoch 16/20 (Acc: 51.57%) to global server.
2025-11-18 22:31:57,884 DDP_Script [Rank 0] [INFO] epoch 17 시작
2025-11-18 22:31:57,899 DDP_Script [Rank 0] [INFO] DataLoader created with batch_size=64, num_workers=4
2025-11-18 22:31:57,908 DDP_Script [Rank 0] [INFO] 모든 노드 중 max_steps = 391
2025-11-18 22:31:57,908 DDP_Script [Rank 0] [INFO] local_steps=391, global_steps=391
2025-11-18 22:33:37,515 DDP_Script [Rank 0] [INFO] epoch 17 train step time: 99.61 seconds
2025-11-18 22:33:37,549 DDP_Script [Rank 0] [INFO] epoch 17 끝 (local_steps=391, global_steps=391)
2025-11-18 22:33:40,792 DDP_Script [Rank 0] [INFO] val acc 51.24%
2025-11-18 22:33:40,828 DDP_Script [Rank 0] [INFO] Saving checkpoint to ./checkpoints/job-35c86c0e9ad6/latest_checkpoint.pth ...
2025-11-18 22:33:41,270 DDP_Script [Rank 0] [INFO] Successfully reported epoch 17/20 (Acc: 51.24%) to global server.
2025-11-18 22:33:41,272 DDP_Script [Rank 0] [INFO] epoch 18 시작
2025-11-18 22:33:41,288 DDP_Script [Rank 0] [INFO] DataLoader created with batch_size=64, num_workers=4
2025-11-18 22:33:41,298 DDP_Script [Rank 0] [INFO] 모든 노드 중 max_steps = 391
2025-11-18 22:33:41,298 DDP_Script [Rank 0] [INFO] local_steps=391, global_steps=391
2025-11-18 22:35:20,296 DDP_Script [Rank 0] [INFO] epoch 18 train step time: 99.00 seconds
2025-11-18 22:35:20,319 DDP_Script [Rank 0] [INFO] epoch 18 끝 (local_steps=391, global_steps=391)
2025-11-18 22:35:23,269 DDP_Script [Rank 0] [INFO] val acc 53.22%
2025-11-18 22:35:23,304 DDP_Script [Rank 0] [INFO] Saving checkpoint to ./checkpoints/job-35c86c0e9ad6/latest_checkpoint.pth ...
2025-11-18 22:35:23,752 DDP_Script [Rank 0] [INFO] Successfully reported epoch 18/20 (Acc: 53.22%) to global server.
2025-11-18 22:35:23,754 DDP_Script [Rank 0] [INFO] epoch 19 시작
2025-11-18 22:35:23,769 DDP_Script [Rank 0] [INFO] DataLoader created with batch_size=64, num_workers=4
2025-11-18 22:35:23,778 DDP_Script [Rank 0] [INFO] 모든 노드 중 max_steps = 391
2025-11-18 22:35:23,778 DDP_Script [Rank 0] [INFO] local_steps=391, global_steps=391
2025-11-18 22:37:02,997 DDP_Script [Rank 0] [INFO] epoch 19 train step time: 99.22 seconds
2025-11-18 22:37:03,006 DDP_Script [Rank 0] [INFO] epoch 19 끝 (local_steps=391, global_steps=391)
2025-11-18 22:37:06,120 DDP_Script [Rank 0] [INFO] val acc 53.12%
2025-11-18 22:37:06,251 DDP_Script [Rank 0] [INFO] Saving checkpoint to ./checkpoints/job-35c86c0e9ad6/latest_checkpoint.pth ...
2025-11-18 22:37:06,711 DDP_Script [Rank 0] [INFO] Successfully reported epoch 19/20 (Acc: 53.12%) to global server.
2025-11-18 22:37:06,717 DDP_Script [Rank 0] [INFO] epoch 20 시작
2025-11-18 22:37:06,732 DDP_Script [Rank 0] [INFO] DataLoader created with batch_size=64, num_workers=4
2025-11-18 22:37:06,743 DDP_Script [Rank 0] [INFO] 모든 노드 중 max_steps = 391
2025-11-18 22:37:06,743 DDP_Script [Rank 0] [INFO] local_steps=391, global_steps=391
[rank0]: Traceback (most recent call last):
[rank0]:   File "/home/ubuntu216/SUN/DDP_TinyImageNet_Densenet121.py", line 569, in <module>
[rank0]:     main()
[rank0]:   File "/home/ubuntu216/SUN/DDP_TinyImageNet_Densenet121.py", line 364, in main
[rank0]:     outputs = model(inputs)
[rank0]:   File "/home/ubuntu216/anaconda3/envs/Dist1/lib/python3.9/site-packages/torch/nn/modules/module.py", line 1773, in _wrapped_call_impl
[rank0]:     return self._call_impl(*args, **kwargs)
[rank0]:   File "/home/ubuntu216/anaconda3/envs/Dist1/lib/python3.9/site-packages/torch/nn/modules/module.py", line 1784, in _call_impl
[rank0]:     return forward_call(*args, **kwargs)
[rank0]:   File "/home/ubuntu216/anaconda3/envs/Dist1/lib/python3.9/site-packages/torch/nn/parallel/distributed.py", line 1644, in forward
[rank0]:     inputs, kwargs = self._pre_forward(*inputs, **kwargs)
[rank0]:   File "/home/ubuntu216/anaconda3/envs/Dist1/lib/python3.9/site-packages/torch/nn/parallel/distributed.py", line 1540, in _pre_forward
[rank0]:     self._sync_buffers()
[rank0]:   File "/home/ubuntu216/anaconda3/envs/Dist1/lib/python3.9/site-packages/torch/nn/parallel/distributed.py", line 2177, in _sync_buffers
[rank0]:     self._sync_module_buffers(authoritative_rank)
[rank0]:   File "/home/ubuntu216/anaconda3/envs/Dist1/lib/python3.9/site-packages/torch/nn/parallel/distributed.py", line 2181, in _sync_module_buffers
[rank0]:     self._default_broadcast_coalesced(authoritative_rank=authoritative_rank)
[rank0]:   File "/home/ubuntu216/anaconda3/envs/Dist1/lib/python3.9/site-packages/torch/nn/parallel/distributed.py", line 2203, in _default_broadcast_coalesced
[rank0]:     self._distributed_broadcast_coalesced(bufs, bucket_size, authoritative_rank)
[rank0]:   File "/home/ubuntu216/anaconda3/envs/Dist1/lib/python3.9/site-packages/torch/nn/parallel/distributed.py", line 2118, in _distributed_broadcast_coalesced
[rank0]:     dist._broadcast_coalesced(
[rank0]: KeyboardInterrupt
