Current CUDA device index: 0
Current CUDA device name: NVIDIA GeForce RTX 5070 Ti
Master address: 163.180.117.216, port: 29595
2025-11-18 02:35:28,970 DDP_Script [Rank 2] [INFO] Node rank: 2, world size: 4
[Gloo] Rank 2 is connected to 3 peer ranks. Expected number of connected peer ranks is : 3
2025-11-18 02:35:29,305 DDP_Script [Rank 2] [INFO] Process group initialized: 163.180.117.216:29595
2025-11-18 02:35:29,305 DDP_Script [Rank 2] [INFO] Rank 2/4 initialized
/home/ubuntu216/anaconda3/envs/Dist3/lib/python3.9/site-packages/torchvision/models/_utils.py:208: UserWarning: The parameter 'pretrained' is deprecated since 0.13 and may be removed in the future, please use 'weights' instead.
  warnings.warn(
/home/ubuntu216/anaconda3/envs/Dist3/lib/python3.9/site-packages/torchvision/models/_utils.py:223: UserWarning: Arguments other than a weight enum or `None` for 'weights' are deprecated since 0.13 and may be removed in the future. The current behavior is equivalent to passing `weights=None`.
  warnings.warn(msg)
2025-11-18 02:35:31,822 DDP_Script [Rank 2] [INFO] Model, DDP, criterion, optimizer initialized
2025-11-18 02:35:31,827 DDP_Script [Rank 2] [INFO] Modules initialized
2025-11-18 02:35:31,827 DDP_Script [Rank 2] [INFO] Starting training from scratch (epoch 1).
2025-11-18 02:35:31,861 DDP_Script [Rank 2] [INFO] epoch 1 시작
2025-11-18 02:35:31,877 DDP_Script [Rank 2] [INFO] DataLoader created with batch_size=32, num_workers=4
2025-11-18 02:35:31,948 DDP_Script [Rank 2] [INFO] local_steps=391, global_steps=391
2025-11-18 02:36:57,968 DDP_Script [Rank 2] [INFO] epoch 1 train step time: 86.02 seconds
2025-11-18 02:36:57,976 DDP_Script [Rank 2] [INFO] epoch 1 끝 (local_steps=391, global_steps=391)
2025-11-18 02:37:00,819 DDP_Script [Rank 2] [INFO] val acc 37.70%
2025-11-18 02:37:01,227 DDP_Script [Rank 2] [INFO] epoch 2 시작
2025-11-18 02:37:01,239 DDP_Script [Rank 2] [INFO] DataLoader created with batch_size=32, num_workers=4
2025-11-18 02:37:01,243 DDP_Script [Rank 2] [INFO] local_steps=391, global_steps=391
2025-11-18 02:38:28,619 DDP_Script [Rank 2] [INFO] epoch 2 train step time: 87.38 seconds
2025-11-18 02:38:28,623 DDP_Script [Rank 2] [INFO] epoch 2 끝 (local_steps=391, global_steps=391)
2025-11-18 02:38:31,234 DDP_Script [Rank 2] [INFO] val acc 57.74%
2025-11-18 02:38:32,339 DDP_Script [Rank 2] [INFO] epoch 3 시작
2025-11-18 02:38:32,350 DDP_Script [Rank 2] [INFO] DataLoader created with batch_size=32, num_workers=4
2025-11-18 02:38:32,358 DDP_Script [Rank 2] [INFO] local_steps=391, global_steps=391
2025-11-18 02:39:59,786 DDP_Script [Rank 2] [INFO] epoch 3 train step time: 87.43 seconds
2025-11-18 02:39:59,799 DDP_Script [Rank 2] [INFO] epoch 3 끝 (local_steps=391, global_steps=391)
2025-11-18 02:40:02,560 DDP_Script [Rank 2] [INFO] val acc 57.67%
2025-11-18 02:40:03,577 DDP_Script [Rank 2] [INFO] epoch 4 시작
2025-11-18 02:40:03,590 DDP_Script [Rank 2] [INFO] DataLoader created with batch_size=32, num_workers=4
2025-11-18 02:40:03,595 DDP_Script [Rank 2] [INFO] local_steps=391, global_steps=391
2025-11-18 02:41:32,763 DDP_Script [Rank 2] [INFO] epoch 4 train step time: 89.17 seconds
2025-11-18 02:41:32,768 DDP_Script [Rank 2] [INFO] epoch 4 끝 (local_steps=391, global_steps=391)
2025-11-18 02:41:35,452 DDP_Script [Rank 2] [INFO] val acc 62.86%
2025-11-18 02:41:36,439 DDP_Script [Rank 2] [INFO] epoch 5 시작
2025-11-18 02:41:36,451 DDP_Script [Rank 2] [INFO] DataLoader created with batch_size=32, num_workers=4
2025-11-18 02:41:36,455 DDP_Script [Rank 2] [INFO] local_steps=391, global_steps=391
2025-11-18 02:43:03,345 DDP_Script [Rank 2] [INFO] epoch 5 train step time: 86.89 seconds
2025-11-18 02:43:03,377 DDP_Script [Rank 2] [INFO] epoch 5 끝 (local_steps=391, global_steps=391)
2025-11-18 02:43:06,068 DDP_Script [Rank 2] [INFO] val acc 67.10%
2025-11-18 02:43:07,033 DDP_Script [Rank 2] [INFO] epoch 6 시작
2025-11-18 02:43:07,054 DDP_Script [Rank 2] [INFO] DataLoader created with batch_size=32, num_workers=4
2025-11-18 02:43:07,059 DDP_Script [Rank 2] [INFO] local_steps=391, global_steps=391
2025-11-18 02:44:33,900 DDP_Script [Rank 2] [INFO] epoch 6 train step time: 86.84 seconds
2025-11-18 02:44:33,927 DDP_Script [Rank 2] [INFO] epoch 6 끝 (local_steps=391, global_steps=391)
2025-11-18 02:44:36,653 DDP_Script [Rank 2] [INFO] val acc 72.12%
2025-11-18 02:44:37,657 DDP_Script [Rank 2] [INFO] epoch 7 시작
2025-11-18 02:44:37,669 DDP_Script [Rank 2] [INFO] DataLoader created with batch_size=32, num_workers=4
2025-11-18 02:44:37,673 DDP_Script [Rank 2] [INFO] local_steps=391, global_steps=391
2025-11-18 02:46:06,985 DDP_Script [Rank 2] [INFO] epoch 7 train step time: 89.31 seconds
2025-11-18 02:46:06,990 DDP_Script [Rank 2] [INFO] epoch 7 끝 (local_steps=391, global_steps=391)
2025-11-18 02:46:09,776 DDP_Script [Rank 2] [INFO] val acc 73.39%
2025-11-18 02:46:10,777 DDP_Script [Rank 2] [INFO] epoch 8 시작
2025-11-18 02:46:10,789 DDP_Script [Rank 2] [INFO] DataLoader created with batch_size=32, num_workers=4
2025-11-18 02:46:10,796 DDP_Script [Rank 2] [INFO] local_steps=391, global_steps=391
2025-11-18 02:47:41,372 DDP_Script [Rank 2] [INFO] epoch 8 train step time: 90.58 seconds
2025-11-18 02:47:41,388 DDP_Script [Rank 2] [INFO] epoch 8 끝 (local_steps=391, global_steps=391)
2025-11-18 02:47:44,204 DDP_Script [Rank 2] [INFO] val acc 75.14%
2025-11-18 02:47:45,213 DDP_Script [Rank 2] [INFO] epoch 9 시작
2025-11-18 02:47:45,224 DDP_Script [Rank 2] [INFO] DataLoader created with batch_size=32, num_workers=4
2025-11-18 02:47:45,239 DDP_Script [Rank 2] [INFO] local_steps=391, global_steps=391
2025-11-18 02:49:15,474 DDP_Script [Rank 2] [INFO] epoch 9 train step time: 90.23 seconds
2025-11-18 02:49:15,479 DDP_Script [Rank 2] [INFO] epoch 9 끝 (local_steps=391, global_steps=391)
2025-11-18 02:49:18,133 DDP_Script [Rank 2] [INFO] val acc 75.79%
2025-11-18 02:49:19,135 DDP_Script [Rank 2] [INFO] epoch 10 시작
2025-11-18 02:49:19,147 DDP_Script [Rank 2] [INFO] DataLoader created with batch_size=32, num_workers=4
2025-11-18 02:49:19,154 DDP_Script [Rank 2] [INFO] local_steps=391, global_steps=391
2025-11-18 02:50:48,644 DDP_Script [Rank 2] [INFO] epoch 10 train step time: 89.49 seconds
2025-11-18 02:50:48,657 DDP_Script [Rank 2] [INFO] epoch 10 끝 (local_steps=391, global_steps=391)
2025-11-18 02:50:51,470 DDP_Script [Rank 2] [INFO] val acc 79.65%
2025-11-18 02:50:52,644 DDP_Script [Rank 2] [INFO] epoch 11 시작
2025-11-18 02:50:52,656 DDP_Script [Rank 2] [INFO] DataLoader created with batch_size=32, num_workers=4
2025-11-18 02:50:52,663 DDP_Script [Rank 2] [INFO] local_steps=391, global_steps=391
2025-11-18 02:52:21,679 DDP_Script [Rank 2] [INFO] epoch 11 train step time: 89.02 seconds
2025-11-18 02:52:21,684 DDP_Script [Rank 2] [INFO] epoch 11 끝 (local_steps=391, global_steps=391)
2025-11-18 02:52:24,310 DDP_Script [Rank 2] [INFO] val acc 80.37%
2025-11-18 02:52:25,290 DDP_Script [Rank 2] [INFO] epoch 12 시작
2025-11-18 02:52:25,305 DDP_Script [Rank 2] [INFO] DataLoader created with batch_size=32, num_workers=4
2025-11-18 02:52:25,308 DDP_Script [Rank 2] [INFO] local_steps=391, global_steps=391
2025-11-18 02:53:53,980 DDP_Script [Rank 2] [INFO] epoch 12 train step time: 88.67 seconds
2025-11-18 02:53:53,990 DDP_Script [Rank 2] [INFO] epoch 12 끝 (local_steps=391, global_steps=391)
2025-11-18 02:53:56,800 DDP_Script [Rank 2] [INFO] val acc 80.12%
2025-11-18 02:53:57,825 DDP_Script [Rank 2] [INFO] epoch 13 시작
2025-11-18 02:53:57,835 DDP_Script [Rank 2] [INFO] DataLoader created with batch_size=32, num_workers=4
2025-11-18 02:53:57,849 DDP_Script [Rank 2] [INFO] local_steps=391, global_steps=391
2025-11-18 02:55:26,398 DDP_Script [Rank 2] [INFO] epoch 13 train step time: 88.55 seconds
2025-11-18 02:55:26,426 DDP_Script [Rank 2] [INFO] epoch 13 끝 (local_steps=391, global_steps=391)
2025-11-18 02:55:29,234 DDP_Script [Rank 2] [INFO] val acc 83.25%
2025-11-18 02:55:30,196 DDP_Script [Rank 2] [INFO] epoch 14 시작
2025-11-18 02:55:30,209 DDP_Script [Rank 2] [INFO] DataLoader created with batch_size=32, num_workers=4
2025-11-18 02:55:30,212 DDP_Script [Rank 2] [INFO] local_steps=391, global_steps=391
2025-11-18 02:57:01,098 DDP_Script [Rank 2] [INFO] epoch 14 train step time: 90.88 seconds
2025-11-18 02:57:01,105 DDP_Script [Rank 2] [INFO] epoch 14 끝 (local_steps=391, global_steps=391)
2025-11-18 02:57:03,942 DDP_Script [Rank 2] [INFO] val acc 84.03%
2025-11-18 02:57:04,971 DDP_Script [Rank 2] [INFO] epoch 15 시작
2025-11-18 02:57:04,988 DDP_Script [Rank 2] [INFO] DataLoader created with batch_size=32, num_workers=4
2025-11-18 02:57:04,992 DDP_Script [Rank 2] [INFO] local_steps=391, global_steps=391
2025-11-18 02:58:36,823 DDP_Script [Rank 2] [INFO] epoch 15 train step time: 91.83 seconds
2025-11-18 02:58:36,828 DDP_Script [Rank 2] [INFO] epoch 15 끝 (local_steps=391, global_steps=391)
2025-11-18 02:58:39,633 DDP_Script [Rank 2] [INFO] val acc 83.93%
2025-11-18 02:58:40,639 DDP_Script [Rank 2] [INFO] epoch 16 시작
2025-11-18 02:58:40,652 DDP_Script [Rank 2] [INFO] DataLoader created with batch_size=32, num_workers=4
2025-11-18 02:58:40,655 DDP_Script [Rank 2] [INFO] local_steps=391, global_steps=391
2025-11-18 03:00:11,725 DDP_Script [Rank 2] [INFO] epoch 16 train step time: 91.07 seconds
2025-11-18 03:00:11,746 DDP_Script [Rank 2] [INFO] epoch 16 끝 (local_steps=391, global_steps=391)
2025-11-18 03:00:14,658 DDP_Script [Rank 2] [INFO] val acc 85.47%
2025-11-18 03:00:15,671 DDP_Script [Rank 2] [INFO] epoch 17 시작
2025-11-18 03:00:15,685 DDP_Script [Rank 2] [INFO] DataLoader created with batch_size=32, num_workers=4
2025-11-18 03:00:15,688 DDP_Script [Rank 2] [INFO] local_steps=391, global_steps=391
2025-11-18 03:01:47,193 DDP_Script [Rank 2] [INFO] epoch 17 train step time: 91.50 seconds
2025-11-18 03:01:47,213 DDP_Script [Rank 2] [INFO] epoch 17 끝 (local_steps=391, global_steps=391)
2025-11-18 03:01:50,037 DDP_Script [Rank 2] [INFO] val acc 84.85%
2025-11-18 03:01:51,079 DDP_Script [Rank 2] [INFO] epoch 18 시작
2025-11-18 03:01:51,093 DDP_Script [Rank 2] [INFO] DataLoader created with batch_size=32, num_workers=4
2025-11-18 03:01:51,103 DDP_Script [Rank 2] [INFO] local_steps=391, global_steps=391
2025-11-18 03:03:21,918 DDP_Script [Rank 2] [INFO] epoch 18 train step time: 90.81 seconds
2025-11-18 03:03:21,924 DDP_Script [Rank 2] [INFO] epoch 18 끝 (local_steps=391, global_steps=391)
2025-11-18 03:03:24,659 DDP_Script [Rank 2] [INFO] val acc 84.65%
2025-11-18 03:03:25,665 DDP_Script [Rank 2] [INFO] epoch 19 시작
2025-11-18 03:03:25,683 DDP_Script [Rank 2] [INFO] DataLoader created with batch_size=32, num_workers=4
2025-11-18 03:03:25,689 DDP_Script [Rank 2] [INFO] local_steps=391, global_steps=391
2025-11-18 03:04:55,156 DDP_Script [Rank 2] [INFO] epoch 19 train step time: 89.47 seconds
2025-11-18 03:04:55,176 DDP_Script [Rank 2] [INFO] epoch 19 끝 (local_steps=391, global_steps=391)
2025-11-18 03:04:57,964 DDP_Script [Rank 2] [INFO] val acc 86.07%
2025-11-18 03:04:59,113 DDP_Script [Rank 2] [INFO] epoch 20 시작
2025-11-18 03:04:59,127 DDP_Script [Rank 2] [INFO] DataLoader created with batch_size=32, num_workers=4
2025-11-18 03:04:59,136 DDP_Script [Rank 2] [INFO] local_steps=391, global_steps=391
2025-11-18 03:06:29,999 DDP_Script [Rank 2] [INFO] epoch 20 train step time: 90.86 seconds
2025-11-18 03:06:30,023 DDP_Script [Rank 2] [INFO] epoch 20 끝 (local_steps=391, global_steps=391)
2025-11-18 03:06:32,905 DDP_Script [Rank 2] [INFO] val acc 84.88%
2025-11-18 03:06:33,905 DDP_Script [Rank 2] [INFO] Training loop finished.
