Current CUDA device index: 0
Current CUDA device name: NVIDIA GeForce RTX 5070 Ti
Master address: 163.180.117.216, port: 29515
2025-11-17 17:15:53,548 DDP_Script [Rank 0] [INFO] Node rank: 0, world size: 1
[Gloo] Rank 0 is connected to 0 peer ranks. Expected number of connected peer ranks is : 0
2025-11-17 17:15:53,604 DDP_Script [Rank 0] [INFO] Process group initialized: 163.180.117.216:29515
2025-11-17 17:15:53,604 DDP_Script [Rank 0] [INFO] Rank 0/1 initialized
2025-11-17 17:15:53,604 DDP_Script [Rank 0] [INFO] Rank 0 downloading tokenizer: distilbert-base-uncased
2025-11-17 17:15:54,765 DDP_Script [Rank 0] [INFO] Rank 0 downloading dataset: glue/sst2
2025-11-17 17:15:59,949 DDP_Script [Rank 0] [INFO] Tokenizing datasets...
2025-11-17 17:15:59,991 DDP_Script [Rank 0] [INFO] SST-2 Dataset and Tokenizer loaded.
2025-11-17 17:15:59,991 DDP_Script [Rank 0] [INFO] Rank 0 downloading model: distilbert-base-uncased
Some weights of DistilBertForSequenceClassification were not initialized from the model checkpoint at distilbert-base-uncased and are newly initialized: ['classifier.bias', 'classifier.weight', 'pre_classifier.bias', 'pre_classifier.weight']
You should probably TRAIN this model on a down-stream task to be able to use it for predictions and inference.
2025-11-17 17:16:00,893 DDP_Script [Rank 0] [INFO] Model (DistilBert), DDP, optimizer (AdamW) initialized
2025-11-17 17:16:00,897 DDP_Script [Rank 0] [INFO] Modules initialized
2025-11-17 17:16:00,898 DDP_Script [Rank 0] [INFO] Checkpoint directory created: ./checkpoints/job-834327021acc
2025-11-17 17:16:00,898 DDP_Script [Rank 0] [INFO] Starting training from scratch (epoch 1).
2025-11-17 17:16:00,899 DDP_Script [Rank 0] [INFO] epoch 1 시작
2025-11-17 17:16:00,942 DDP_Script [Rank 0] [INFO] DataLoader created with batch_size=16, num_workers=4
2025-11-17 17:16:00,946 DDP_Script [Rank 0] [INFO] 모든 노드 중 max_steps = 4210
2025-11-17 17:16:00,946 DDP_Script [Rank 0] [INFO] local_steps=4210, global_steps=4210
2025-11-17 17:22:24,929 DDP_Script [Rank 0] [INFO] epoch 1 train step time: 383.98 seconds
2025-11-17 17:22:24,932 DDP_Script [Rank 0] [INFO] epoch 1 끝 (local_steps=4210, global_steps=4210)
2025-11-17 17:22:25,485 DDP_Script [Rank 0] [INFO] val acc 89.68%
2025-11-17 17:22:25,495 DDP_Script [Rank 0] [INFO] Saving checkpoint to ./checkpoints/job-834327021acc/latest_checkpoint.pth ...
2025-11-17 17:22:26,734 DDP_Script [Rank 0] [INFO] Successfully reported epoch 1/20 (Acc: 89.68%) to global server.
2025-11-17 17:22:26,735 DDP_Script [Rank 0] [INFO] epoch 2 시작
2025-11-17 17:22:26,745 DDP_Script [Rank 0] [INFO] DataLoader created with batch_size=16, num_workers=4
2025-11-17 17:22:26,747 DDP_Script [Rank 0] [INFO] 모든 노드 중 max_steps = 4210
2025-11-17 17:22:26,747 DDP_Script [Rank 0] [INFO] local_steps=4210, global_steps=4210
2025-11-17 17:28:45,940 DDP_Script [Rank 0] [INFO] epoch 2 train step time: 379.19 seconds
2025-11-17 17:28:45,942 DDP_Script [Rank 0] [INFO] epoch 2 끝 (local_steps=4210, global_steps=4210)
2025-11-17 17:28:46,667 DDP_Script [Rank 0] [INFO] val acc 89.68%
2025-11-17 17:28:46,688 DDP_Script [Rank 0] [INFO] Saving checkpoint to ./checkpoints/job-834327021acc/latest_checkpoint.pth ...
2025-11-17 17:28:49,791 DDP_Script [Rank 0] [INFO] Successfully reported epoch 2/20 (Acc: 89.68%) to global server.
2025-11-17 17:28:49,793 DDP_Script [Rank 0] [INFO] epoch 3 시작
2025-11-17 17:28:49,809 DDP_Script [Rank 0] [INFO] DataLoader created with batch_size=16, num_workers=4
2025-11-17 17:28:49,812 DDP_Script [Rank 0] [INFO] 모든 노드 중 max_steps = 4210
2025-11-17 17:28:49,813 DDP_Script [Rank 0] [INFO] local_steps=4210, global_steps=4210
2025-11-17 17:35:09,965 DDP_Script [Rank 0] [INFO] epoch 3 train step time: 380.15 seconds
2025-11-17 17:35:09,967 DDP_Script [Rank 0] [INFO] epoch 3 끝 (local_steps=4210, global_steps=4210)
2025-11-17 17:35:10,504 DDP_Script [Rank 0] [INFO] val acc 90.48%
2025-11-17 17:35:10,514 DDP_Script [Rank 0] [INFO] Saving checkpoint to ./checkpoints/job-834327021acc/latest_checkpoint.pth ...
2025-11-17 17:35:13,543 DDP_Script [Rank 0] [INFO] Successfully reported epoch 3/20 (Acc: 90.48%) to global server.
2025-11-17 17:35:13,545 DDP_Script [Rank 0] [INFO] epoch 4 시작
2025-11-17 17:35:13,562 DDP_Script [Rank 0] [INFO] DataLoader created with batch_size=16, num_workers=4
2025-11-17 17:35:13,565 DDP_Script [Rank 0] [INFO] 모든 노드 중 max_steps = 4210
2025-11-17 17:35:13,566 DDP_Script [Rank 0] [INFO] local_steps=4210, global_steps=4210
2025-11-17 17:41:33,868 DDP_Script [Rank 0] [INFO] epoch 4 train step time: 380.30 seconds
2025-11-17 17:41:33,869 DDP_Script [Rank 0] [INFO] epoch 4 끝 (local_steps=4210, global_steps=4210)
2025-11-17 17:41:34,394 DDP_Script [Rank 0] [INFO] val acc 89.91%
2025-11-17 17:41:34,404 DDP_Script [Rank 0] [INFO] Saving checkpoint to ./checkpoints/job-834327021acc/latest_checkpoint.pth ...
2025-11-17 17:41:37,239 DDP_Script [Rank 0] [INFO] Successfully reported epoch 4/20 (Acc: 89.91%) to global server.
2025-11-17 17:41:37,240 DDP_Script [Rank 0] [INFO] epoch 5 시작
2025-11-17 17:41:37,254 DDP_Script [Rank 0] [INFO] DataLoader created with batch_size=16, num_workers=4
2025-11-17 17:41:37,256 DDP_Script [Rank 0] [INFO] 모든 노드 중 max_steps = 4210
2025-11-17 17:41:37,256 DDP_Script [Rank 0] [INFO] local_steps=4210, global_steps=4210
2025-11-17 17:47:57,168 DDP_Script [Rank 0] [INFO] epoch 5 train step time: 379.91 seconds
2025-11-17 17:47:57,169 DDP_Script [Rank 0] [INFO] epoch 5 끝 (local_steps=4210, global_steps=4210)
2025-11-17 17:47:57,725 DDP_Script [Rank 0] [INFO] val acc 89.68%
2025-11-17 17:47:57,733 DDP_Script [Rank 0] [INFO] Saving checkpoint to ./checkpoints/job-834327021acc/latest_checkpoint.pth ...
2025-11-17 17:48:00,624 DDP_Script [Rank 0] [INFO] Successfully reported epoch 5/20 (Acc: 89.68%) to global server.
2025-11-17 17:48:00,628 DDP_Script [Rank 0] [INFO] epoch 6 시작
2025-11-17 17:48:00,650 DDP_Script [Rank 0] [INFO] DataLoader created with batch_size=16, num_workers=4
2025-11-17 17:48:00,654 DDP_Script [Rank 0] [INFO] 모든 노드 중 max_steps = 4210
2025-11-17 17:48:00,654 DDP_Script [Rank 0] [INFO] local_steps=4210, global_steps=4210
2025-11-17 17:54:17,549 DDP_Script [Rank 0] [INFO] epoch 6 train step time: 376.89 seconds
2025-11-17 17:54:17,551 DDP_Script [Rank 0] [INFO] epoch 6 끝 (local_steps=4210, global_steps=4210)
2025-11-17 17:54:18,090 DDP_Script [Rank 0] [INFO] val acc 90.14%
2025-11-17 17:54:18,099 DDP_Script [Rank 0] [INFO] Saving checkpoint to ./checkpoints/job-834327021acc/latest_checkpoint.pth ...
2025-11-17 17:54:20,998 DDP_Script [Rank 0] [INFO] Successfully reported epoch 6/20 (Acc: 90.14%) to global server.
2025-11-17 17:54:21,000 DDP_Script [Rank 0] [INFO] epoch 7 시작
2025-11-17 17:54:21,016 DDP_Script [Rank 0] [INFO] DataLoader created with batch_size=16, num_workers=4
2025-11-17 17:54:21,018 DDP_Script [Rank 0] [INFO] 모든 노드 중 max_steps = 4210
2025-11-17 17:54:21,018 DDP_Script [Rank 0] [INFO] local_steps=4210, global_steps=4210
2025-11-17 18:00:40,776 DDP_Script [Rank 0] [INFO] epoch 7 train step time: 379.76 seconds
2025-11-17 18:00:40,777 DDP_Script [Rank 0] [INFO] epoch 7 끝 (local_steps=4210, global_steps=4210)
2025-11-17 18:00:41,330 DDP_Script [Rank 0] [INFO] val acc 89.45%
2025-11-17 18:00:41,339 DDP_Script [Rank 0] [INFO] Saving checkpoint to ./checkpoints/job-834327021acc/latest_checkpoint.pth ...
2025-11-17 18:00:44,336 DDP_Script [Rank 0] [INFO] Successfully reported epoch 7/20 (Acc: 89.45%) to global server.
2025-11-17 18:00:44,339 DDP_Script [Rank 0] [INFO] epoch 8 시작
2025-11-17 18:00:44,361 DDP_Script [Rank 0] [INFO] DataLoader created with batch_size=16, num_workers=4
2025-11-17 18:00:44,364 DDP_Script [Rank 0] [INFO] 모든 노드 중 max_steps = 4210
2025-11-17 18:00:44,364 DDP_Script [Rank 0] [INFO] local_steps=4210, global_steps=4210
2025-11-17 18:06:54,549 DDP_Script [Rank 0] [INFO] epoch 8 train step time: 370.18 seconds
2025-11-17 18:06:54,551 DDP_Script [Rank 0] [INFO] epoch 8 끝 (local_steps=4210, global_steps=4210)
2025-11-17 18:06:55,120 DDP_Script [Rank 0] [INFO] val acc 89.11%
2025-11-17 18:06:55,129 DDP_Script [Rank 0] [INFO] Saving checkpoint to ./checkpoints/job-834327021acc/latest_checkpoint.pth ...
2025-11-17 18:06:58,035 DDP_Script [Rank 0] [INFO] Successfully reported epoch 8/20 (Acc: 89.11%) to global server.
2025-11-17 18:06:58,036 DDP_Script [Rank 0] [INFO] epoch 9 시작
2025-11-17 18:06:58,049 DDP_Script [Rank 0] [INFO] DataLoader created with batch_size=16, num_workers=4
2025-11-17 18:06:58,051 DDP_Script [Rank 0] [INFO] 모든 노드 중 max_steps = 4210
2025-11-17 18:06:58,051 DDP_Script [Rank 0] [INFO] local_steps=4210, global_steps=4210
2025-11-17 18:13:18,734 DDP_Script [Rank 0] [INFO] epoch 9 train step time: 380.68 seconds
2025-11-17 18:13:18,736 DDP_Script [Rank 0] [INFO] epoch 9 끝 (local_steps=4210, global_steps=4210)
2025-11-17 18:13:19,283 DDP_Script [Rank 0] [INFO] val acc 89.68%
2025-11-17 18:13:19,290 DDP_Script [Rank 0] [INFO] Saving checkpoint to ./checkpoints/job-834327021acc/latest_checkpoint.pth ...
2025-11-17 18:13:22,223 DDP_Script [Rank 0] [INFO] Successfully reported epoch 9/20 (Acc: 89.68%) to global server.
2025-11-17 18:13:22,226 DDP_Script [Rank 0] [INFO] epoch 10 시작
2025-11-17 18:13:22,248 DDP_Script [Rank 0] [INFO] DataLoader created with batch_size=16, num_workers=4
2025-11-17 18:13:22,251 DDP_Script [Rank 0] [INFO] 모든 노드 중 max_steps = 4210
2025-11-17 18:13:22,251 DDP_Script [Rank 0] [INFO] local_steps=4210, global_steps=4210
2025-11-17 18:19:41,480 DDP_Script [Rank 0] [INFO] epoch 10 train step time: 379.23 seconds
2025-11-17 18:19:41,482 DDP_Script [Rank 0] [INFO] epoch 10 끝 (local_steps=4210, global_steps=4210)
2025-11-17 18:19:42,063 DDP_Script [Rank 0] [INFO] val acc 89.68%
2025-11-17 18:19:42,076 DDP_Script [Rank 0] [INFO] Saving checkpoint to ./checkpoints/job-834327021acc/latest_checkpoint.pth ...
2025-11-17 18:19:45,156 DDP_Script [Rank 0] [INFO] Successfully reported epoch 10/20 (Acc: 89.68%) to global server.
2025-11-17 18:19:45,159 DDP_Script [Rank 0] [INFO] epoch 11 시작
2025-11-17 18:19:45,180 DDP_Script [Rank 0] [INFO] DataLoader created with batch_size=16, num_workers=4
2025-11-17 18:19:45,184 DDP_Script [Rank 0] [INFO] 모든 노드 중 max_steps = 4210
2025-11-17 18:19:45,184 DDP_Script [Rank 0] [INFO] local_steps=4210, global_steps=4210
2025-11-17 18:26:02,171 DDP_Script [Rank 0] [INFO] epoch 11 train step time: 376.99 seconds
2025-11-17 18:26:02,173 DDP_Script [Rank 0] [INFO] epoch 11 끝 (local_steps=4210, global_steps=4210)
2025-11-17 18:26:02,710 DDP_Script [Rank 0] [INFO] val acc 90.25%
2025-11-17 18:26:02,719 DDP_Script [Rank 0] [INFO] Saving checkpoint to ./checkpoints/job-834327021acc/latest_checkpoint.pth ...
2025-11-17 18:26:05,556 DDP_Script [Rank 0] [INFO] Successfully reported epoch 11/20 (Acc: 90.25%) to global server.
2025-11-17 18:26:05,557 DDP_Script [Rank 0] [INFO] epoch 12 시작
2025-11-17 18:26:05,569 DDP_Script [Rank 0] [INFO] DataLoader created with batch_size=16, num_workers=4
2025-11-17 18:26:05,571 DDP_Script [Rank 0] [INFO] 모든 노드 중 max_steps = 4210
2025-11-17 18:26:05,571 DDP_Script [Rank 0] [INFO] local_steps=4210, global_steps=4210
2025-11-17 18:32:26,196 DDP_Script [Rank 0] [INFO] epoch 12 train step time: 380.62 seconds
2025-11-17 18:32:26,197 DDP_Script [Rank 0] [INFO] epoch 12 끝 (local_steps=4210, global_steps=4210)
2025-11-17 18:32:26,762 DDP_Script [Rank 0] [INFO] val acc 89.91%
2025-11-17 18:32:26,773 DDP_Script [Rank 0] [INFO] Saving checkpoint to ./checkpoints/job-834327021acc/latest_checkpoint.pth ...
2025-11-17 18:32:29,814 DDP_Script [Rank 0] [INFO] Successfully reported epoch 12/20 (Acc: 89.91%) to global server.
2025-11-17 18:32:29,816 DDP_Script [Rank 0] [INFO] epoch 13 시작
2025-11-17 18:32:29,832 DDP_Script [Rank 0] [INFO] DataLoader created with batch_size=16, num_workers=4
2025-11-17 18:32:29,836 DDP_Script [Rank 0] [INFO] 모든 노드 중 max_steps = 4210
2025-11-17 18:32:29,836 DDP_Script [Rank 0] [INFO] local_steps=4210, global_steps=4210
2025-11-17 18:38:51,088 DDP_Script [Rank 0] [INFO] epoch 13 train step time: 381.25 seconds
2025-11-17 18:38:51,090 DDP_Script [Rank 0] [INFO] epoch 13 끝 (local_steps=4210, global_steps=4210)
2025-11-17 18:38:51,666 DDP_Script [Rank 0] [INFO] val acc 89.68%
2025-11-17 18:38:51,677 DDP_Script [Rank 0] [INFO] Saving checkpoint to ./checkpoints/job-834327021acc/latest_checkpoint.pth ...
2025-11-17 18:38:54,783 DDP_Script [Rank 0] [INFO] Successfully reported epoch 13/20 (Acc: 89.68%) to global server.
2025-11-17 18:38:54,785 DDP_Script [Rank 0] [INFO] epoch 14 시작
2025-11-17 18:38:54,799 DDP_Script [Rank 0] [INFO] DataLoader created with batch_size=16, num_workers=4
2025-11-17 18:38:54,801 DDP_Script [Rank 0] [INFO] 모든 노드 중 max_steps = 4210
2025-11-17 18:38:54,802 DDP_Script [Rank 0] [INFO] local_steps=4210, global_steps=4210
2025-11-17 18:45:17,214 DDP_Script [Rank 0] [INFO] epoch 14 train step time: 382.41 seconds
2025-11-17 18:45:17,216 DDP_Script [Rank 0] [INFO] epoch 14 끝 (local_steps=4210, global_steps=4210)
2025-11-17 18:45:17,771 DDP_Script [Rank 0] [INFO] val acc 89.11%
2025-11-17 18:45:17,779 DDP_Script [Rank 0] [INFO] Saving checkpoint to ./checkpoints/job-834327021acc/latest_checkpoint.pth ...
2025-11-17 18:45:20,658 DDP_Script [Rank 0] [INFO] Successfully reported epoch 14/20 (Acc: 89.11%) to global server.
2025-11-17 18:45:20,660 DDP_Script [Rank 0] [INFO] epoch 15 시작
2025-11-17 18:45:20,675 DDP_Script [Rank 0] [INFO] DataLoader created with batch_size=16, num_workers=4
2025-11-17 18:45:20,678 DDP_Script [Rank 0] [INFO] 모든 노드 중 max_steps = 4210
2025-11-17 18:45:20,678 DDP_Script [Rank 0] [INFO] local_steps=4210, global_steps=4210
2025-11-17 18:51:40,965 DDP_Script [Rank 0] [INFO] epoch 15 train step time: 380.29 seconds
2025-11-17 18:51:40,967 DDP_Script [Rank 0] [INFO] epoch 15 끝 (local_steps=4210, global_steps=4210)
2025-11-17 18:51:41,505 DDP_Script [Rank 0] [INFO] val acc 89.68%
2025-11-17 18:51:41,513 DDP_Script [Rank 0] [INFO] Saving checkpoint to ./checkpoints/job-834327021acc/latest_checkpoint.pth ...
2025-11-17 18:51:44,491 DDP_Script [Rank 0] [INFO] Successfully reported epoch 15/20 (Acc: 89.68%) to global server.
2025-11-17 18:51:44,493 DDP_Script [Rank 0] [INFO] epoch 16 시작
2025-11-17 18:51:44,511 DDP_Script [Rank 0] [INFO] DataLoader created with batch_size=16, num_workers=4
2025-11-17 18:51:44,513 DDP_Script [Rank 0] [INFO] 모든 노드 중 max_steps = 4210
2025-11-17 18:51:44,513 DDP_Script [Rank 0] [INFO] local_steps=4210, global_steps=4210
2025-11-17 18:58:03,396 DDP_Script [Rank 0] [INFO] epoch 16 train step time: 378.88 seconds
2025-11-17 18:58:03,398 DDP_Script [Rank 0] [INFO] epoch 16 끝 (local_steps=4210, global_steps=4210)
2025-11-17 18:58:03,918 DDP_Script [Rank 0] [INFO] val acc 90.25%
2025-11-17 18:58:03,928 DDP_Script [Rank 0] [INFO] Saving checkpoint to ./checkpoints/job-834327021acc/latest_checkpoint.pth ...
2025-11-17 18:58:07,027 DDP_Script [Rank 0] [INFO] Successfully reported epoch 16/20 (Acc: 90.25%) to global server.
2025-11-17 18:58:07,030 DDP_Script [Rank 0] [INFO] epoch 17 시작
2025-11-17 18:58:07,053 DDP_Script [Rank 0] [INFO] DataLoader created with batch_size=16, num_workers=4
2025-11-17 18:58:07,057 DDP_Script [Rank 0] [INFO] 모든 노드 중 max_steps = 4210
2025-11-17 18:58:07,057 DDP_Script [Rank 0] [INFO] local_steps=4210, global_steps=4210
2025-11-17 19:04:28,319 DDP_Script [Rank 0] [INFO] epoch 17 train step time: 381.26 seconds
2025-11-17 19:04:28,321 DDP_Script [Rank 0] [INFO] epoch 17 끝 (local_steps=4210, global_steps=4210)
2025-11-17 19:04:28,974 DDP_Script [Rank 0] [INFO] val acc 88.88%
2025-11-17 19:04:28,982 DDP_Script [Rank 0] [INFO] Saving checkpoint to ./checkpoints/job-834327021acc/latest_checkpoint.pth ...
2025-11-17 19:04:31,880 DDP_Script [Rank 0] [INFO] Successfully reported epoch 17/20 (Acc: 88.88%) to global server.
2025-11-17 19:04:31,882 DDP_Script [Rank 0] [INFO] epoch 18 시작
2025-11-17 19:04:31,899 DDP_Script [Rank 0] [INFO] DataLoader created with batch_size=16, num_workers=4
2025-11-17 19:04:31,901 DDP_Script [Rank 0] [INFO] 모든 노드 중 max_steps = 4210
2025-11-17 19:04:31,901 DDP_Script [Rank 0] [INFO] local_steps=4210, global_steps=4210
2025-11-17 19:10:57,280 DDP_Script [Rank 0] [INFO] epoch 18 train step time: 385.38 seconds
2025-11-17 19:10:57,283 DDP_Script [Rank 0] [INFO] epoch 18 끝 (local_steps=4210, global_steps=4210)
2025-11-17 19:10:57,831 DDP_Script [Rank 0] [INFO] val acc 89.11%
2025-11-17 19:10:57,843 DDP_Script [Rank 0] [INFO] Saving checkpoint to ./checkpoints/job-834327021acc/latest_checkpoint.pth ...
2025-11-17 19:11:00,852 DDP_Script [Rank 0] [INFO] Successfully reported epoch 18/20 (Acc: 89.11%) to global server.
2025-11-17 19:11:00,854 DDP_Script [Rank 0] [INFO] epoch 19 시작
2025-11-17 19:11:00,867 DDP_Script [Rank 0] [INFO] DataLoader created with batch_size=16, num_workers=4
2025-11-17 19:11:00,869 DDP_Script [Rank 0] [INFO] 모든 노드 중 max_steps = 4210
2025-11-17 19:11:00,869 DDP_Script [Rank 0] [INFO] local_steps=4210, global_steps=4210
2025-11-17 19:17:22,045 DDP_Script [Rank 0] [INFO] epoch 19 train step time: 381.17 seconds
2025-11-17 19:17:22,047 DDP_Script [Rank 0] [INFO] epoch 19 끝 (local_steps=4210, global_steps=4210)
2025-11-17 19:17:22,633 DDP_Script [Rank 0] [INFO] val acc 88.07%
2025-11-17 19:17:22,645 DDP_Script [Rank 0] [INFO] Saving checkpoint to ./checkpoints/job-834327021acc/latest_checkpoint.pth ...
2025-11-17 19:17:25,780 DDP_Script [Rank 0] [INFO] Successfully reported epoch 19/20 (Acc: 88.07%) to global server.
2025-11-17 19:17:25,783 DDP_Script [Rank 0] [INFO] epoch 20 시작
2025-11-17 19:17:25,798 DDP_Script [Rank 0] [INFO] DataLoader created with batch_size=16, num_workers=4
2025-11-17 19:17:25,801 DDP_Script [Rank 0] [INFO] 모든 노드 중 max_steps = 4210
2025-11-17 19:17:25,801 DDP_Script [Rank 0] [INFO] local_steps=4210, global_steps=4210
2025-11-17 19:23:47,792 DDP_Script [Rank 0] [INFO] epoch 20 train step time: 381.99 seconds
2025-11-17 19:23:47,794 DDP_Script [Rank 0] [INFO] epoch 20 끝 (local_steps=4210, global_steps=4210)
2025-11-17 19:23:48,349 DDP_Script [Rank 0] [INFO] val acc 89.33%
2025-11-17 19:23:48,358 DDP_Script [Rank 0] [INFO] Saving checkpoint to ./checkpoints/job-834327021acc/latest_checkpoint.pth ...
2025-11-17 19:23:51,409 DDP_Script [Rank 0] [INFO] Successfully reported epoch 20/20 (Acc: 89.33%) to global server.
2025-11-17 19:23:51,413 DDP_Script [Rank 0] [INFO] Training completed successfully.
2025-11-17 19:23:51,429 DDP_Script [Rank 0] [INFO] Reported job completion to global server.
2025-11-17 19:23:51,429 DDP_Script [Rank 0] [INFO] Training loop finished.
