Current CUDA device index: 0
Current CUDA device name: NVIDIA GeForce RTX 5070 Ti
Master address: 163.180.117.216, port: 29591
2025-11-18 16:39:55,474 DDP_Script [Rank 0] [INFO] Node rank: 0, world size: 2
[Gloo] Rank 0 is connected to 1 peer ranks. Expected number of connected peer ranks is : 1
2025-11-18 16:39:55,908 DDP_Script [Rank 0] [INFO] Process group initialized: 163.180.117.216:29591
2025-11-18 16:39:55,908 DDP_Script [Rank 0] [INFO] Rank 0/2 initialized
2025-11-18 16:39:55,908 DDP_Script [Rank 0] [INFO] Rank 0 downloading tokenizer: distilbert-base-uncased
2025-11-18 16:39:56,687 DDP_Script [Rank 0] [INFO] Rank 0 downloading dataset: glue/sst2
2025-11-18 16:40:01,751 DDP_Script [Rank 0] [INFO] Tokenizing datasets...
2025-11-18 16:40:01,805 DDP_Script [Rank 0] [INFO] SST-2 Dataset and Tokenizer loaded.
2025-11-18 16:40:01,806 DDP_Script [Rank 0] [INFO] Rank 0 downloading model: distilbert-base-uncased
Some weights of DistilBertForSequenceClassification were not initialized from the model checkpoint at distilbert-base-uncased and are newly initialized: ['classifier.bias', 'classifier.weight', 'pre_classifier.bias', 'pre_classifier.weight']
You should probably TRAIN this model on a down-stream task to be able to use it for predictions and inference.
2025-11-18 16:40:07,350 DDP_Script [Rank 0] [INFO] Model (DistilBert), DDP, optimizer (AdamW) initialized
2025-11-18 16:40:07,354 DDP_Script [Rank 0] [INFO] Modules initialized
2025-11-18 16:40:07,355 DDP_Script [Rank 0] [INFO] Checkpoint directory created: ./checkpoints/job-7745644b5aa7
2025-11-18 16:40:07,355 DDP_Script [Rank 0] [INFO] Starting training from scratch (epoch 1).
2025-11-18 16:40:07,386 DDP_Script [Rank 0] [INFO] epoch 1 시작
2025-11-18 16:40:07,401 DDP_Script [Rank 0] [INFO] DataLoader created with batch_size=64, num_workers=4
2025-11-18 16:40:07,404 DDP_Script [Rank 0] [INFO] 모든 노드 중 max_steps = 527
2025-11-18 16:40:07,404 DDP_Script [Rank 0] [INFO] local_steps=527, global_steps=527
2025-11-18 16:43:28,721 DDP_Script [Rank 0] [INFO] epoch 1 train step time: 201.32 seconds
2025-11-18 16:43:28,724 DDP_Script [Rank 0] [INFO] epoch 1 끝 (local_steps=527, global_steps=527)
2025-11-18 16:43:29,282 DDP_Script [Rank 0] [INFO] val acc 90.25%
2025-11-18 16:43:29,297 DDP_Script [Rank 0] [INFO] Saving checkpoint to ./checkpoints/job-7745644b5aa7/latest_checkpoint.pth ...
2025-11-18 16:43:30,641 DDP_Script [Rank 0] [INFO] Successfully reported epoch 1/20 (Acc: 90.25%) to global server.
2025-11-18 16:43:30,644 DDP_Script [Rank 0] [INFO] epoch 2 시작
2025-11-18 16:43:30,652 DDP_Script [Rank 0] [INFO] DataLoader created with batch_size=64, num_workers=4
2025-11-18 16:43:30,661 DDP_Script [Rank 0] [INFO] 모든 노드 중 max_steps = 527
2025-11-18 16:43:30,661 DDP_Script [Rank 0] [INFO] local_steps=527, global_steps=527
2025-11-18 16:46:51,623 DDP_Script [Rank 0] [INFO] epoch 2 train step time: 200.96 seconds
2025-11-18 16:46:51,635 DDP_Script [Rank 0] [INFO] epoch 2 끝 (local_steps=527, global_steps=527)
2025-11-18 16:46:52,231 DDP_Script [Rank 0] [INFO] val acc 89.68%
2025-11-18 16:46:52,242 DDP_Script [Rank 0] [INFO] Saving checkpoint to ./checkpoints/job-7745644b5aa7/latest_checkpoint.pth ...
2025-11-18 16:46:55,059 DDP_Script [Rank 0] [INFO] Successfully reported epoch 2/20 (Acc: 89.68%) to global server.
2025-11-18 16:46:55,062 DDP_Script [Rank 0] [INFO] epoch 3 시작
2025-11-18 16:46:55,076 DDP_Script [Rank 0] [INFO] DataLoader created with batch_size=64, num_workers=4
2025-11-18 16:46:55,084 DDP_Script [Rank 0] [INFO] 모든 노드 중 max_steps = 527
2025-11-18 16:46:55,084 DDP_Script [Rank 0] [INFO] local_steps=527, global_steps=527
2025-11-18 16:50:15,923 DDP_Script [Rank 0] [INFO] epoch 3 train step time: 200.84 seconds
2025-11-18 16:50:15,933 DDP_Script [Rank 0] [INFO] epoch 3 끝 (local_steps=527, global_steps=527)
2025-11-18 16:50:16,408 DDP_Script [Rank 0] [INFO] val acc 90.83%
2025-11-18 16:50:16,419 DDP_Script [Rank 0] [INFO] Saving checkpoint to ./checkpoints/job-7745644b5aa7/latest_checkpoint.pth ...
2025-11-18 16:50:19,234 DDP_Script [Rank 0] [INFO] Successfully reported epoch 3/20 (Acc: 90.83%) to global server.
2025-11-18 16:50:19,240 DDP_Script [Rank 0] [INFO] epoch 4 시작
2025-11-18 16:50:19,263 DDP_Script [Rank 0] [INFO] DataLoader created with batch_size=64, num_workers=4
2025-11-18 16:50:19,269 DDP_Script [Rank 0] [INFO] 모든 노드 중 max_steps = 527
2025-11-18 16:50:19,269 DDP_Script [Rank 0] [INFO] local_steps=527, global_steps=527
2025-11-18 16:53:30,572 DDP_Script [Rank 0] [INFO] epoch 4 train step time: 191.30 seconds
2025-11-18 16:53:30,577 DDP_Script [Rank 0] [INFO] epoch 4 끝 (local_steps=527, global_steps=527)
2025-11-18 16:53:31,032 DDP_Script [Rank 0] [INFO] val acc 90.48%
2025-11-18 16:53:31,045 DDP_Script [Rank 0] [INFO] Saving checkpoint to ./checkpoints/job-7745644b5aa7/latest_checkpoint.pth ...
2025-11-18 16:53:33,979 DDP_Script [Rank 0] [INFO] Successfully reported epoch 4/20 (Acc: 90.48%) to global server.
2025-11-18 16:53:33,982 DDP_Script [Rank 0] [INFO] epoch 5 시작
2025-11-18 16:53:33,998 DDP_Script [Rank 0] [INFO] DataLoader created with batch_size=64, num_workers=4
2025-11-18 16:53:34,002 DDP_Script [Rank 0] [INFO] 모든 노드 중 max_steps = 527
2025-11-18 16:53:34,003 DDP_Script [Rank 0] [INFO] local_steps=527, global_steps=527
2025-11-18 16:56:53,853 DDP_Script [Rank 0] [INFO] epoch 5 train step time: 199.85 seconds
2025-11-18 16:56:53,866 DDP_Script [Rank 0] [INFO] epoch 5 끝 (local_steps=527, global_steps=527)
2025-11-18 16:56:54,318 DDP_Script [Rank 0] [INFO] val acc 91.17%
2025-11-18 16:56:54,328 DDP_Script [Rank 0] [INFO] Saving checkpoint to ./checkpoints/job-7745644b5aa7/latest_checkpoint.pth ...
2025-11-18 16:56:57,127 DDP_Script [Rank 0] [INFO] Successfully reported epoch 5/20 (Acc: 91.17%) to global server.
2025-11-18 16:56:57,129 DDP_Script [Rank 0] [INFO] epoch 6 시작
2025-11-18 16:56:57,141 DDP_Script [Rank 0] [INFO] DataLoader created with batch_size=64, num_workers=4
2025-11-18 16:56:57,149 DDP_Script [Rank 0] [INFO] 모든 노드 중 max_steps = 527
2025-11-18 16:56:57,149 DDP_Script [Rank 0] [INFO] local_steps=527, global_steps=527
2025-11-18 17:00:18,162 DDP_Script [Rank 0] [INFO] epoch 6 train step time: 201.01 seconds
2025-11-18 17:00:18,173 DDP_Script [Rank 0] [INFO] epoch 6 끝 (local_steps=527, global_steps=527)
2025-11-18 17:00:18,647 DDP_Script [Rank 0] [INFO] val acc 89.91%
2025-11-18 17:00:18,658 DDP_Script [Rank 0] [INFO] Saving checkpoint to ./checkpoints/job-7745644b5aa7/latest_checkpoint.pth ...
2025-11-18 17:00:21,705 DDP_Script [Rank 0] [INFO] Successfully reported epoch 6/20 (Acc: 89.91%) to global server.
2025-11-18 17:00:21,708 DDP_Script [Rank 0] [INFO] epoch 7 시작
2025-11-18 17:00:21,722 DDP_Script [Rank 0] [INFO] DataLoader created with batch_size=64, num_workers=4
2025-11-18 17:00:21,727 DDP_Script [Rank 0] [INFO] 모든 노드 중 max_steps = 527
2025-11-18 17:00:21,727 DDP_Script [Rank 0] [INFO] local_steps=527, global_steps=527
2025-11-18 17:03:42,542 DDP_Script [Rank 0] [INFO] epoch 7 train step time: 200.81 seconds
2025-11-18 17:03:42,546 DDP_Script [Rank 0] [INFO] epoch 7 끝 (local_steps=527, global_steps=527)
2025-11-18 17:03:43,003 DDP_Script [Rank 0] [INFO] val acc 90.48%
2025-11-18 17:03:43,014 DDP_Script [Rank 0] [INFO] Saving checkpoint to ./checkpoints/job-7745644b5aa7/latest_checkpoint.pth ...
2025-11-18 17:03:45,871 DDP_Script [Rank 0] [INFO] Successfully reported epoch 7/20 (Acc: 90.48%) to global server.
2025-11-18 17:03:45,874 DDP_Script [Rank 0] [INFO] epoch 8 시작
2025-11-18 17:03:45,885 DDP_Script [Rank 0] [INFO] DataLoader created with batch_size=64, num_workers=4
2025-11-18 17:03:45,897 DDP_Script [Rank 0] [INFO] 모든 노드 중 max_steps = 527
2025-11-18 17:03:45,897 DDP_Script [Rank 0] [INFO] local_steps=527, global_steps=527
2025-11-18 17:07:07,517 DDP_Script [Rank 0] [INFO] epoch 8 train step time: 201.62 seconds
2025-11-18 17:07:07,535 DDP_Script [Rank 0] [INFO] epoch 8 끝 (local_steps=527, global_steps=527)
2025-11-18 17:07:08,036 DDP_Script [Rank 0] [INFO] val acc 89.79%
2025-11-18 17:07:08,050 DDP_Script [Rank 0] [INFO] Saving checkpoint to ./checkpoints/job-7745644b5aa7/latest_checkpoint.pth ...
2025-11-18 17:07:11,062 DDP_Script [Rank 0] [INFO] Successfully reported epoch 8/20 (Acc: 89.79%) to global server.
2025-11-18 17:07:11,128 DDP_Script [Rank 0] [INFO] epoch 9 시작
2025-11-18 17:07:11,141 DDP_Script [Rank 0] [INFO] DataLoader created with batch_size=64, num_workers=4
2025-11-18 17:07:11,155 DDP_Script [Rank 0] [INFO] 모든 노드 중 max_steps = 527
2025-11-18 17:07:11,155 DDP_Script [Rank 0] [INFO] local_steps=527, global_steps=527
2025-11-18 17:10:33,667 DDP_Script [Rank 0] [INFO] epoch 9 train step time: 202.51 seconds
2025-11-18 17:10:33,694 DDP_Script [Rank 0] [INFO] epoch 9 끝 (local_steps=527, global_steps=527)
2025-11-18 17:10:34,196 DDP_Script [Rank 0] [INFO] val acc 89.22%
2025-11-18 17:10:34,209 DDP_Script [Rank 0] [INFO] Saving checkpoint to ./checkpoints/job-7745644b5aa7/latest_checkpoint.pth ...
2025-11-18 17:10:37,164 DDP_Script [Rank 0] [INFO] Successfully reported epoch 9/20 (Acc: 89.22%) to global server.
2025-11-18 17:10:37,168 DDP_Script [Rank 0] [INFO] epoch 10 시작
2025-11-18 17:10:37,192 DDP_Script [Rank 0] [INFO] DataLoader created with batch_size=64, num_workers=4
2025-11-18 17:10:37,197 DDP_Script [Rank 0] [INFO] 모든 노드 중 max_steps = 527
2025-11-18 17:10:37,197 DDP_Script [Rank 0] [INFO] local_steps=527, global_steps=527
2025-11-18 17:13:53,550 DDP_Script [Rank 0] [INFO] epoch 10 train step time: 196.35 seconds
2025-11-18 17:13:53,554 DDP_Script [Rank 0] [INFO] epoch 10 끝 (local_steps=527, global_steps=527)
2025-11-18 17:13:54,043 DDP_Script [Rank 0] [INFO] val acc 89.68%
2025-11-18 17:13:54,056 DDP_Script [Rank 0] [INFO] Saving checkpoint to ./checkpoints/job-7745644b5aa7/latest_checkpoint.pth ...
2025-11-18 17:13:57,051 DDP_Script [Rank 0] [INFO] Successfully reported epoch 10/20 (Acc: 89.68%) to global server.
2025-11-18 17:13:57,054 DDP_Script [Rank 0] [INFO] epoch 11 시작
2025-11-18 17:13:57,067 DDP_Script [Rank 0] [INFO] DataLoader created with batch_size=64, num_workers=4
2025-11-18 17:13:57,075 DDP_Script [Rank 0] [INFO] 모든 노드 중 max_steps = 527
2025-11-18 17:13:57,075 DDP_Script [Rank 0] [INFO] local_steps=527, global_steps=527
2025-11-18 17:17:16,879 DDP_Script [Rank 0] [INFO] epoch 11 train step time: 199.80 seconds
2025-11-18 17:17:16,893 DDP_Script [Rank 0] [INFO] epoch 11 끝 (local_steps=527, global_steps=527)
2025-11-18 17:17:17,359 DDP_Script [Rank 0] [INFO] val acc 90.02%
2025-11-18 17:17:17,375 DDP_Script [Rank 0] [INFO] Saving checkpoint to ./checkpoints/job-7745644b5aa7/latest_checkpoint.pth ...
2025-11-18 17:17:20,148 DDP_Script [Rank 0] [INFO] Successfully reported epoch 11/20 (Acc: 90.02%) to global server.
2025-11-18 17:17:20,151 DDP_Script [Rank 0] [INFO] epoch 12 시작
2025-11-18 17:17:20,163 DDP_Script [Rank 0] [INFO] DataLoader created with batch_size=64, num_workers=4
2025-11-18 17:17:20,175 DDP_Script [Rank 0] [INFO] 모든 노드 중 max_steps = 527
2025-11-18 17:17:20,175 DDP_Script [Rank 0] [INFO] local_steps=527, global_steps=527
2025-11-18 17:20:41,045 DDP_Script [Rank 0] [INFO] epoch 12 train step time: 200.87 seconds
2025-11-18 17:20:41,067 DDP_Script [Rank 0] [INFO] epoch 12 끝 (local_steps=527, global_steps=527)
2025-11-18 17:20:41,592 DDP_Script [Rank 0] [INFO] val acc 90.48%
2025-11-18 17:20:41,603 DDP_Script [Rank 0] [INFO] Saving checkpoint to ./checkpoints/job-7745644b5aa7/latest_checkpoint.pth ...
2025-11-18 17:20:44,478 DDP_Script [Rank 0] [INFO] Successfully reported epoch 12/20 (Acc: 90.48%) to global server.
2025-11-18 17:20:44,481 DDP_Script [Rank 0] [INFO] epoch 13 시작
2025-11-18 17:20:44,494 DDP_Script [Rank 0] [INFO] DataLoader created with batch_size=64, num_workers=4
2025-11-18 17:20:44,497 DDP_Script [Rank 0] [INFO] 모든 노드 중 max_steps = 527
2025-11-18 17:20:44,498 DDP_Script [Rank 0] [INFO] local_steps=527, global_steps=527
2025-11-18 17:24:05,677 DDP_Script [Rank 0] [INFO] epoch 13 train step time: 201.18 seconds
2025-11-18 17:24:05,680 DDP_Script [Rank 0] [INFO] epoch 13 끝 (local_steps=527, global_steps=527)
2025-11-18 17:24:06,193 DDP_Script [Rank 0] [INFO] val acc 89.79%
2025-11-18 17:24:06,208 DDP_Script [Rank 0] [INFO] Saving checkpoint to ./checkpoints/job-7745644b5aa7/latest_checkpoint.pth ...
2025-11-18 17:24:08,996 DDP_Script [Rank 0] [INFO] Successfully reported epoch 13/20 (Acc: 89.79%) to global server.
2025-11-18 17:24:08,999 DDP_Script [Rank 0] [INFO] epoch 14 시작
2025-11-18 17:24:09,013 DDP_Script [Rank 0] [INFO] DataLoader created with batch_size=64, num_workers=4
2025-11-18 17:24:09,017 DDP_Script [Rank 0] [INFO] 모든 노드 중 max_steps = 527
2025-11-18 17:24:09,018 DDP_Script [Rank 0] [INFO] local_steps=527, global_steps=527
2025-11-18 17:27:30,772 DDP_Script [Rank 0] [INFO] epoch 14 train step time: 201.75 seconds
2025-11-18 17:27:30,779 DDP_Script [Rank 0] [INFO] epoch 14 끝 (local_steps=527, global_steps=527)
2025-11-18 17:27:31,421 DDP_Script [Rank 0] [INFO] val acc 89.91%
2025-11-18 17:27:31,432 DDP_Script [Rank 0] [INFO] Saving checkpoint to ./checkpoints/job-7745644b5aa7/latest_checkpoint.pth ...
2025-11-18 17:27:34,310 DDP_Script [Rank 0] [INFO] Successfully reported epoch 14/20 (Acc: 89.91%) to global server.
2025-11-18 17:27:34,313 DDP_Script [Rank 0] [INFO] epoch 15 시작
2025-11-18 17:27:34,325 DDP_Script [Rank 0] [INFO] DataLoader created with batch_size=64, num_workers=4
2025-11-18 17:27:34,331 DDP_Script [Rank 0] [INFO] 모든 노드 중 max_steps = 527
2025-11-18 17:27:34,331 DDP_Script [Rank 0] [INFO] local_steps=527, global_steps=527
2025-11-18 17:30:49,014 DDP_Script [Rank 0] [INFO] epoch 15 train step time: 194.68 seconds
2025-11-18 17:30:49,030 DDP_Script [Rank 0] [INFO] epoch 15 끝 (local_steps=527, global_steps=527)
2025-11-18 17:30:49,523 DDP_Script [Rank 0] [INFO] val acc 89.33%
2025-11-18 17:30:49,537 DDP_Script [Rank 0] [INFO] Saving checkpoint to ./checkpoints/job-7745644b5aa7/latest_checkpoint.pth ...
2025-11-18 17:30:52,317 DDP_Script [Rank 0] [INFO] Successfully reported epoch 15/20 (Acc: 89.33%) to global server.
2025-11-18 17:30:52,319 DDP_Script [Rank 0] [INFO] epoch 16 시작
2025-11-18 17:30:52,332 DDP_Script [Rank 0] [INFO] DataLoader created with batch_size=64, num_workers=4
2025-11-18 17:30:52,338 DDP_Script [Rank 0] [INFO] 모든 노드 중 max_steps = 527
2025-11-18 17:30:52,339 DDP_Script [Rank 0] [INFO] local_steps=527, global_steps=527
2025-11-18 17:34:06,833 DDP_Script [Rank 0] [INFO] epoch 16 train step time: 194.49 seconds
2025-11-18 17:34:06,844 DDP_Script [Rank 0] [INFO] epoch 16 끝 (local_steps=527, global_steps=527)
2025-11-18 17:34:07,311 DDP_Script [Rank 0] [INFO] val acc 90.02%
2025-11-18 17:34:07,322 DDP_Script [Rank 0] [INFO] Saving checkpoint to ./checkpoints/job-7745644b5aa7/latest_checkpoint.pth ...
2025-11-18 17:34:10,275 DDP_Script [Rank 0] [INFO] Successfully reported epoch 16/20 (Acc: 90.02%) to global server.
2025-11-18 17:34:10,280 DDP_Script [Rank 0] [INFO] epoch 17 시작
2025-11-18 17:34:10,308 DDP_Script [Rank 0] [INFO] DataLoader created with batch_size=64, num_workers=4
2025-11-18 17:34:10,312 DDP_Script [Rank 0] [INFO] 모든 노드 중 max_steps = 527
2025-11-18 17:34:10,312 DDP_Script [Rank 0] [INFO] local_steps=527, global_steps=527
2025-11-18 17:37:17,540 DDP_Script [Rank 0] [INFO] epoch 17 train step time: 187.23 seconds
2025-11-18 17:37:17,563 DDP_Script [Rank 0] [INFO] epoch 17 끝 (local_steps=527, global_steps=527)
2025-11-18 17:37:18,057 DDP_Script [Rank 0] [INFO] val acc 89.33%
2025-11-18 17:37:18,068 DDP_Script [Rank 0] [INFO] Saving checkpoint to ./checkpoints/job-7745644b5aa7/latest_checkpoint.pth ...
2025-11-18 17:37:20,884 DDP_Script [Rank 0] [INFO] Successfully reported epoch 17/20 (Acc: 89.33%) to global server.
2025-11-18 17:37:20,887 DDP_Script [Rank 0] [INFO] epoch 18 시작
2025-11-18 17:37:20,902 DDP_Script [Rank 0] [INFO] DataLoader created with batch_size=64, num_workers=4
2025-11-18 17:37:20,906 DDP_Script [Rank 0] [INFO] 모든 노드 중 max_steps = 527
2025-11-18 17:37:20,906 DDP_Script [Rank 0] [INFO] local_steps=527, global_steps=527
2025-11-18 17:40:32,776 DDP_Script [Rank 0] [INFO] epoch 18 train step time: 191.87 seconds
2025-11-18 17:40:32,781 DDP_Script [Rank 0] [INFO] epoch 18 끝 (local_steps=527, global_steps=527)
2025-11-18 17:40:33,245 DDP_Script [Rank 0] [INFO] val acc 90.25%
2025-11-18 17:40:33,256 DDP_Script [Rank 0] [INFO] Saving checkpoint to ./checkpoints/job-7745644b5aa7/latest_checkpoint.pth ...
2025-11-18 17:40:36,095 DDP_Script [Rank 0] [INFO] Successfully reported epoch 18/20 (Acc: 90.25%) to global server.
2025-11-18 17:40:36,099 DDP_Script [Rank 0] [INFO] epoch 19 시작
2025-11-18 17:40:36,112 DDP_Script [Rank 0] [INFO] DataLoader created with batch_size=64, num_workers=4
2025-11-18 17:40:36,117 DDP_Script [Rank 0] [INFO] 모든 노드 중 max_steps = 527
2025-11-18 17:40:36,117 DDP_Script [Rank 0] [INFO] local_steps=527, global_steps=527
2025-11-18 17:43:46,923 DDP_Script [Rank 0] [INFO] epoch 19 train step time: 190.81 seconds
2025-11-18 17:43:46,935 DDP_Script [Rank 0] [INFO] epoch 19 끝 (local_steps=527, global_steps=527)
2025-11-18 17:43:47,420 DDP_Script [Rank 0] [INFO] val acc 90.14%
2025-11-18 17:43:47,431 DDP_Script [Rank 0] [INFO] Saving checkpoint to ./checkpoints/job-7745644b5aa7/latest_checkpoint.pth ...
2025-11-18 17:43:50,266 DDP_Script [Rank 0] [INFO] Successfully reported epoch 19/20 (Acc: 90.14%) to global server.
2025-11-18 17:43:50,270 DDP_Script [Rank 0] [INFO] epoch 20 시작
2025-11-18 17:43:50,292 DDP_Script [Rank 0] [INFO] DataLoader created with batch_size=64, num_workers=4
2025-11-18 17:43:50,296 DDP_Script [Rank 0] [INFO] 모든 노드 중 max_steps = 527
2025-11-18 17:43:50,296 DDP_Script [Rank 0] [INFO] local_steps=527, global_steps=527
2025-11-18 17:46:57,176 DDP_Script [Rank 0] [INFO] epoch 20 train step time: 186.88 seconds
2025-11-18 17:46:57,179 DDP_Script [Rank 0] [INFO] epoch 20 끝 (local_steps=527, global_steps=527)
2025-11-18 17:46:57,653 DDP_Script [Rank 0] [INFO] val acc 89.11%
2025-11-18 17:46:57,668 DDP_Script [Rank 0] [INFO] Saving checkpoint to ./checkpoints/job-7745644b5aa7/latest_checkpoint.pth ...
2025-11-18 17:47:00,471 DDP_Script [Rank 0] [INFO] Successfully reported epoch 20/20 (Acc: 89.11%) to global server.
2025-11-18 17:47:00,474 DDP_Script [Rank 0] [INFO] Training completed successfully.
2025-11-18 17:47:00,489 DDP_Script [Rank 0] [INFO] Reported job completion to global server.
2025-11-18 17:47:00,489 DDP_Script [Rank 0] [INFO] Training loop finished.
