/nas2/data/dlwmznzl1/anaconda3/envs/Dist1/lib/python3.9/site-packages/torch/cuda/__init__.py:63: FutureWarning: The pynvml package is deprecated. Please install nvidia-ml-py instead. If you did not install pynvml directly, please report this to the maintainers of the package that installed pynvml for you.
  import pynvml  # type: ignore[import]
Current CUDA device index: 0
Current CUDA device name: NVIDIA RTX A5000
Master address: 163.180.160.62, port: 29513
2025-11-18 11:06:12,250 DDP_Script [Rank 0] [INFO] Node rank: 0, world size: 2
[Gloo] Rank 0 is connected to 1 peer ranks. Expected number of connected peer ranks is : 1
2025-11-18 11:06:12,302 DDP_Script [Rank 0] [INFO] Process group initialized: 163.180.160.62:29513
2025-11-18 11:06:12,302 DDP_Script [Rank 0] [INFO] Rank 0/2 initialized
/nas2/data/dlwmznzl1/anaconda3/envs/Dist1/lib/python3.9/site-packages/torchvision/models/_utils.py:208: UserWarning: The parameter 'pretrained' is deprecated since 0.13 and may be removed in the future, please use 'weights' instead.
  warnings.warn(
/nas2/data/dlwmznzl1/anaconda3/envs/Dist1/lib/python3.9/site-packages/torchvision/models/_utils.py:223: UserWarning: Arguments other than a weight enum or `None` for 'weights' are deprecated since 0.13 and may be removed in the future. The current behavior is equivalent to passing `weights=None`.
  warnings.warn(msg)
2025-11-18 11:06:14,559 DDP_Script [Rank 0] [INFO] Model, DDP, criterion, optimizer initialized
2025-11-18 11:06:14,592 DDP_Script [Rank 0] [INFO] Modules initialized
2025-11-18 11:06:14,593 DDP_Script [Rank 0] [INFO] Checkpoint directory created: ./checkpoints/job-187dfb783d64
2025-11-18 11:06:14,593 DDP_Script [Rank 0] [INFO] Starting training from scratch (epoch 1).
2025-11-18 11:06:14,594 DDP_Script [Rank 0] [INFO] epoch 1 시작
2025-11-18 11:06:14,633 DDP_Script [Rank 0] [INFO] DataLoader created with batch_size=128, num_workers=4
2025-11-18 11:06:14,635 DDP_Script [Rank 0] [INFO] 모든 노드 중 max_steps = 196
2025-11-18 11:06:14,636 DDP_Script [Rank 0] [INFO] local_steps=196, global_steps=196
2025-11-18 11:07:15,990 DDP_Script [Rank 0] [INFO] epoch 1 train step time: 61.35 seconds
2025-11-18 11:07:15,994 DDP_Script [Rank 0] [INFO] epoch 1 끝 (local_steps=196, global_steps=196)
2025-11-18 11:07:21,300 DDP_Script [Rank 0] [INFO] val acc 40.86%
2025-11-18 11:07:21,334 DDP_Script [Rank 0] [INFO] Saving checkpoint to ./checkpoints/job-187dfb783d64/latest_checkpoint.pth ...
2025-11-18 11:07:21,919 DDP_Script [Rank 0] [INFO] Successfully reported epoch 1/20 (Acc: 40.86%) to global server.
2025-11-18 11:07:21,922 DDP_Script [Rank 0] [INFO] epoch 2 시작
2025-11-18 11:07:21,933 DDP_Script [Rank 0] [INFO] DataLoader created with batch_size=128, num_workers=4
2025-11-18 11:07:21,937 DDP_Script [Rank 0] [INFO] 모든 노드 중 max_steps = 196
2025-11-18 11:07:21,937 DDP_Script [Rank 0] [INFO] local_steps=196, global_steps=196
2025-11-18 11:08:23,007 DDP_Script [Rank 0] [INFO] epoch 2 train step time: 61.07 seconds
2025-11-18 11:08:23,009 DDP_Script [Rank 0] [INFO] epoch 2 끝 (local_steps=196, global_steps=196)
2025-11-18 11:08:28,141 DDP_Script [Rank 0] [INFO] val acc 46.61%
2025-11-18 11:08:28,165 DDP_Script [Rank 0] [INFO] Saving checkpoint to ./checkpoints/job-187dfb783d64/latest_checkpoint.pth ...
2025-11-18 11:08:29,930 DDP_Script [Rank 0] [INFO] Successfully reported epoch 2/20 (Acc: 46.61%) to global server.
2025-11-18 11:08:29,933 DDP_Script [Rank 0] [INFO] epoch 3 시작
2025-11-18 11:08:29,950 DDP_Script [Rank 0] [INFO] DataLoader created with batch_size=128, num_workers=4
2025-11-18 11:08:29,952 DDP_Script [Rank 0] [INFO] 모든 노드 중 max_steps = 196
2025-11-18 11:08:29,952 DDP_Script [Rank 0] [INFO] local_steps=196, global_steps=196
2025-11-18 11:09:30,956 DDP_Script [Rank 0] [INFO] epoch 3 train step time: 61.00 seconds
2025-11-18 11:09:30,957 DDP_Script [Rank 0] [INFO] epoch 3 끝 (local_steps=196, global_steps=196)
2025-11-18 11:09:36,088 DDP_Script [Rank 0] [INFO] val acc 54.18%
2025-11-18 11:09:36,113 DDP_Script [Rank 0] [INFO] Saving checkpoint to ./checkpoints/job-187dfb783d64/latest_checkpoint.pth ...
2025-11-18 11:09:37,019 DDP_Script [Rank 0] [INFO] Successfully reported epoch 3/20 (Acc: 54.18%) to global server.
2025-11-18 11:09:37,021 DDP_Script [Rank 0] [INFO] epoch 4 시작
2025-11-18 11:09:37,039 DDP_Script [Rank 0] [INFO] DataLoader created with batch_size=128, num_workers=4
2025-11-18 11:09:37,041 DDP_Script [Rank 0] [INFO] 모든 노드 중 max_steps = 196
2025-11-18 11:09:37,041 DDP_Script [Rank 0] [INFO] local_steps=196, global_steps=196
2025-11-18 11:10:38,702 DDP_Script [Rank 0] [INFO] epoch 4 train step time: 61.66 seconds
2025-11-18 11:10:38,708 DDP_Script [Rank 0] [INFO] epoch 4 끝 (local_steps=196, global_steps=196)
2025-11-18 11:10:43,801 DDP_Script [Rank 0] [INFO] val acc 58.97%
2025-11-18 11:10:43,825 DDP_Script [Rank 0] [INFO] Saving checkpoint to ./checkpoints/job-187dfb783d64/latest_checkpoint.pth ...
2025-11-18 11:10:45,985 DDP_Script [Rank 0] [INFO] Successfully reported epoch 4/20 (Acc: 58.97%) to global server.
2025-11-18 11:10:45,987 DDP_Script [Rank 0] [INFO] epoch 5 시작
2025-11-18 11:10:46,002 DDP_Script [Rank 0] [INFO] DataLoader created with batch_size=128, num_workers=4
2025-11-18 11:10:46,004 DDP_Script [Rank 0] [INFO] 모든 노드 중 max_steps = 196
2025-11-18 11:10:46,004 DDP_Script [Rank 0] [INFO] local_steps=196, global_steps=196
2025-11-18 11:11:47,658 DDP_Script [Rank 0] [INFO] epoch 5 train step time: 61.65 seconds
2025-11-18 11:11:47,660 DDP_Script [Rank 0] [INFO] epoch 5 끝 (local_steps=196, global_steps=196)
2025-11-18 11:11:52,771 DDP_Script [Rank 0] [INFO] val acc 60.61%
2025-11-18 11:11:52,792 DDP_Script [Rank 0] [INFO] Saving checkpoint to ./checkpoints/job-187dfb783d64/latest_checkpoint.pth ...
2025-11-18 11:11:53,577 DDP_Script [Rank 0] [INFO] Successfully reported epoch 5/20 (Acc: 60.61%) to global server.
2025-11-18 11:11:53,579 DDP_Script [Rank 0] [INFO] epoch 6 시작
2025-11-18 11:11:53,588 DDP_Script [Rank 0] [INFO] DataLoader created with batch_size=128, num_workers=4
2025-11-18 11:11:53,593 DDP_Script [Rank 0] [INFO] 모든 노드 중 max_steps = 196
2025-11-18 11:11:53,593 DDP_Script [Rank 0] [INFO] local_steps=196, global_steps=196
2025-11-18 11:12:55,003 DDP_Script [Rank 0] [INFO] epoch 6 train step time: 61.41 seconds
2025-11-18 11:12:55,011 DDP_Script [Rank 0] [INFO] epoch 6 끝 (local_steps=196, global_steps=196)
2025-11-18 11:13:00,113 DDP_Script [Rank 0] [INFO] val acc 69.55%
2025-11-18 11:13:00,137 DDP_Script [Rank 0] [INFO] Saving checkpoint to ./checkpoints/job-187dfb783d64/latest_checkpoint.pth ...
2025-11-18 11:13:01,173 DDP_Script [Rank 0] [INFO] Successfully reported epoch 6/20 (Acc: 69.55%) to global server.
2025-11-18 11:13:01,175 DDP_Script [Rank 0] [INFO] epoch 7 시작
2025-11-18 11:13:01,196 DDP_Script [Rank 0] [INFO] DataLoader created with batch_size=128, num_workers=4
2025-11-18 11:13:01,199 DDP_Script [Rank 0] [INFO] 모든 노드 중 max_steps = 196
2025-11-18 11:13:01,199 DDP_Script [Rank 0] [INFO] local_steps=196, global_steps=196
2025-11-18 11:14:02,700 DDP_Script [Rank 0] [INFO] epoch 7 train step time: 61.50 seconds
2025-11-18 11:14:02,703 DDP_Script [Rank 0] [INFO] epoch 7 끝 (local_steps=196, global_steps=196)
2025-11-18 11:14:07,827 DDP_Script [Rank 0] [INFO] val acc 72.05%
2025-11-18 11:14:07,853 DDP_Script [Rank 0] [INFO] Saving checkpoint to ./checkpoints/job-187dfb783d64/latest_checkpoint.pth ...
2025-11-18 11:14:08,897 DDP_Script [Rank 0] [INFO] Successfully reported epoch 7/20 (Acc: 72.05%) to global server.
2025-11-18 11:14:08,900 DDP_Script [Rank 0] [INFO] epoch 8 시작
2025-11-18 11:14:08,916 DDP_Script [Rank 0] [INFO] DataLoader created with batch_size=128, num_workers=4
2025-11-18 11:14:08,918 DDP_Script [Rank 0] [INFO] 모든 노드 중 max_steps = 196
2025-11-18 11:14:08,919 DDP_Script [Rank 0] [INFO] local_steps=196, global_steps=196
2025-11-18 11:15:10,632 DDP_Script [Rank 0] [INFO] epoch 8 train step time: 61.71 seconds
2025-11-18 11:15:10,637 DDP_Script [Rank 0] [INFO] epoch 8 끝 (local_steps=196, global_steps=196)
2025-11-18 11:15:15,772 DDP_Script [Rank 0] [INFO] val acc 71.71%
2025-11-18 11:15:15,798 DDP_Script [Rank 0] [INFO] Saving checkpoint to ./checkpoints/job-187dfb783d64/latest_checkpoint.pth ...
2025-11-18 11:15:16,470 DDP_Script [Rank 0] [INFO] Successfully reported epoch 8/20 (Acc: 71.71%) to global server.
2025-11-18 11:15:16,472 DDP_Script [Rank 0] [INFO] epoch 9 시작
2025-11-18 11:15:16,490 DDP_Script [Rank 0] [INFO] DataLoader created with batch_size=128, num_workers=4
2025-11-18 11:15:16,492 DDP_Script [Rank 0] [INFO] 모든 노드 중 max_steps = 196
2025-11-18 11:15:16,492 DDP_Script [Rank 0] [INFO] local_steps=196, global_steps=196
2025-11-18 11:16:17,924 DDP_Script [Rank 0] [INFO] epoch 9 train step time: 61.43 seconds
2025-11-18 11:16:17,926 DDP_Script [Rank 0] [INFO] epoch 9 끝 (local_steps=196, global_steps=196)
2025-11-18 11:16:23,072 DDP_Script [Rank 0] [INFO] val acc 78.09%
2025-11-18 11:16:23,108 DDP_Script [Rank 0] [INFO] Saving checkpoint to ./checkpoints/job-187dfb783d64/latest_checkpoint.pth ...
2025-11-18 11:16:23,723 DDP_Script [Rank 0] [INFO] Successfully reported epoch 9/20 (Acc: 78.09%) to global server.
2025-11-18 11:16:23,725 DDP_Script [Rank 0] [INFO] epoch 10 시작
2025-11-18 11:16:23,749 DDP_Script [Rank 0] [INFO] DataLoader created with batch_size=128, num_workers=4
2025-11-18 11:16:23,751 DDP_Script [Rank 0] [INFO] 모든 노드 중 max_steps = 196
2025-11-18 11:16:23,752 DDP_Script [Rank 0] [INFO] local_steps=196, global_steps=196
2025-11-18 11:17:25,562 DDP_Script [Rank 0] [INFO] epoch 10 train step time: 61.81 seconds
2025-11-18 11:17:25,564 DDP_Script [Rank 0] [INFO] epoch 10 끝 (local_steps=196, global_steps=196)
2025-11-18 11:17:30,670 DDP_Script [Rank 0] [INFO] val acc 69.66%
2025-11-18 11:17:30,702 DDP_Script [Rank 0] [INFO] Saving checkpoint to ./checkpoints/job-187dfb783d64/latest_checkpoint.pth ...
2025-11-18 11:17:31,459 DDP_Script [Rank 0] [INFO] Successfully reported epoch 10/20 (Acc: 69.66%) to global server.
2025-11-18 11:17:31,462 DDP_Script [Rank 0] [INFO] epoch 11 시작
2025-11-18 11:17:31,482 DDP_Script [Rank 0] [INFO] DataLoader created with batch_size=128, num_workers=4
2025-11-18 11:17:31,485 DDP_Script [Rank 0] [INFO] 모든 노드 중 max_steps = 196
2025-11-18 11:17:31,485 DDP_Script [Rank 0] [INFO] local_steps=196, global_steps=196
2025-11-18 11:18:33,412 DDP_Script [Rank 0] [INFO] epoch 11 train step time: 61.93 seconds
2025-11-18 11:18:33,414 DDP_Script [Rank 0] [INFO] epoch 11 끝 (local_steps=196, global_steps=196)
2025-11-18 11:18:38,562 DDP_Script [Rank 0] [INFO] val acc 75.50%
2025-11-18 11:18:38,594 DDP_Script [Rank 0] [INFO] Saving checkpoint to ./checkpoints/job-187dfb783d64/latest_checkpoint.pth ...
2025-11-18 11:18:39,379 DDP_Script [Rank 0] [INFO] Successfully reported epoch 11/20 (Acc: 75.50%) to global server.
2025-11-18 11:18:39,381 DDP_Script [Rank 0] [INFO] epoch 12 시작
2025-11-18 11:18:39,401 DDP_Script [Rank 0] [INFO] DataLoader created with batch_size=128, num_workers=4
2025-11-18 11:18:39,403 DDP_Script [Rank 0] [INFO] 모든 노드 중 max_steps = 196
2025-11-18 11:18:39,403 DDP_Script [Rank 0] [INFO] local_steps=196, global_steps=196
2025-11-18 11:19:40,923 DDP_Script [Rank 0] [INFO] epoch 12 train step time: 61.52 seconds
2025-11-18 11:19:40,925 DDP_Script [Rank 0] [INFO] epoch 12 끝 (local_steps=196, global_steps=196)
2025-11-18 11:19:46,061 DDP_Script [Rank 0] [INFO] val acc 80.85%
2025-11-18 11:19:46,100 DDP_Script [Rank 0] [INFO] Saving checkpoint to ./checkpoints/job-187dfb783d64/latest_checkpoint.pth ...
2025-11-18 11:19:46,817 DDP_Script [Rank 0] [INFO] Successfully reported epoch 12/20 (Acc: 80.85%) to global server.
2025-11-18 11:19:46,819 DDP_Script [Rank 0] [INFO] epoch 13 시작
2025-11-18 11:19:46,828 DDP_Script [Rank 0] [INFO] DataLoader created with batch_size=128, num_workers=4
2025-11-18 11:19:46,832 DDP_Script [Rank 0] [INFO] 모든 노드 중 max_steps = 196
2025-11-18 11:19:46,832 DDP_Script [Rank 0] [INFO] local_steps=196, global_steps=196
2025-11-18 11:20:48,378 DDP_Script [Rank 0] [INFO] epoch 13 train step time: 61.54 seconds
2025-11-18 11:20:48,379 DDP_Script [Rank 0] [INFO] epoch 13 끝 (local_steps=196, global_steps=196)
2025-11-18 11:20:53,505 DDP_Script [Rank 0] [INFO] val acc 82.61%
2025-11-18 11:20:53,537 DDP_Script [Rank 0] [INFO] Saving checkpoint to ./checkpoints/job-187dfb783d64/latest_checkpoint.pth ...
2025-11-18 11:20:54,328 DDP_Script [Rank 0] [INFO] Successfully reported epoch 13/20 (Acc: 82.61%) to global server.
2025-11-18 11:20:54,330 DDP_Script [Rank 0] [INFO] epoch 14 시작
2025-11-18 11:20:54,339 DDP_Script [Rank 0] [INFO] DataLoader created with batch_size=128, num_workers=4
2025-11-18 11:20:54,343 DDP_Script [Rank 0] [INFO] 모든 노드 중 max_steps = 196
2025-11-18 11:20:54,343 DDP_Script [Rank 0] [INFO] local_steps=196, global_steps=196
2025-11-18 11:21:56,142 DDP_Script [Rank 0] [INFO] epoch 14 train step time: 61.80 seconds
2025-11-18 11:21:56,145 DDP_Script [Rank 0] [INFO] epoch 14 끝 (local_steps=196, global_steps=196)
2025-11-18 11:22:01,273 DDP_Script [Rank 0] [INFO] val acc 81.64%
2025-11-18 11:22:01,306 DDP_Script [Rank 0] [INFO] Saving checkpoint to ./checkpoints/job-187dfb783d64/latest_checkpoint.pth ...
2025-11-18 11:22:02,099 DDP_Script [Rank 0] [INFO] Successfully reported epoch 14/20 (Acc: 81.64%) to global server.
2025-11-18 11:22:02,101 DDP_Script [Rank 0] [INFO] epoch 15 시작
2025-11-18 11:22:02,121 DDP_Script [Rank 0] [INFO] DataLoader created with batch_size=128, num_workers=4
2025-11-18 11:22:02,122 DDP_Script [Rank 0] [INFO] 모든 노드 중 max_steps = 196
2025-11-18 11:22:02,122 DDP_Script [Rank 0] [INFO] local_steps=196, global_steps=196
2025-11-18 11:23:03,844 DDP_Script [Rank 0] [INFO] epoch 15 train step time: 61.72 seconds
2025-11-18 11:23:03,847 DDP_Script [Rank 0] [INFO] epoch 15 끝 (local_steps=196, global_steps=196)
2025-11-18 11:23:08,982 DDP_Script [Rank 0] [INFO] val acc 82.78%
2025-11-18 11:23:09,006 DDP_Script [Rank 0] [INFO] Saving checkpoint to ./checkpoints/job-187dfb783d64/latest_checkpoint.pth ...
2025-11-18 11:23:09,806 DDP_Script [Rank 0] [INFO] Successfully reported epoch 15/20 (Acc: 82.78%) to global server.
2025-11-18 11:23:09,808 DDP_Script [Rank 0] [INFO] epoch 16 시작
2025-11-18 11:23:09,828 DDP_Script [Rank 0] [INFO] DataLoader created with batch_size=128, num_workers=4
2025-11-18 11:23:09,829 DDP_Script [Rank 0] [INFO] 모든 노드 중 max_steps = 196
2025-11-18 11:23:09,830 DDP_Script [Rank 0] [INFO] local_steps=196, global_steps=196
2025-11-18 11:24:11,321 DDP_Script [Rank 0] [INFO] epoch 16 train step time: 61.49 seconds
2025-11-18 11:24:11,323 DDP_Script [Rank 0] [INFO] epoch 16 끝 (local_steps=196, global_steps=196)
2025-11-18 11:24:16,482 DDP_Script [Rank 0] [INFO] val acc 84.48%
2025-11-18 11:24:16,518 DDP_Script [Rank 0] [INFO] Saving checkpoint to ./checkpoints/job-187dfb783d64/latest_checkpoint.pth ...
2025-11-18 11:24:17,243 DDP_Script [Rank 0] [INFO] Successfully reported epoch 16/20 (Acc: 84.48%) to global server.
2025-11-18 11:24:17,244 DDP_Script [Rank 0] [INFO] epoch 17 시작
2025-11-18 11:24:17,253 DDP_Script [Rank 0] [INFO] DataLoader created with batch_size=128, num_workers=4
2025-11-18 11:24:17,258 DDP_Script [Rank 0] [INFO] 모든 노드 중 max_steps = 196
2025-11-18 11:24:17,258 DDP_Script [Rank 0] [INFO] local_steps=196, global_steps=196
2025-11-18 11:25:18,760 DDP_Script [Rank 0] [INFO] epoch 17 train step time: 61.50 seconds
2025-11-18 11:25:18,762 DDP_Script [Rank 0] [INFO] epoch 17 끝 (local_steps=196, global_steps=196)
2025-11-18 11:25:23,889 DDP_Script [Rank 0] [INFO] val acc 83.55%
2025-11-18 11:25:23,921 DDP_Script [Rank 0] [INFO] Saving checkpoint to ./checkpoints/job-187dfb783d64/latest_checkpoint.pth ...
2025-11-18 11:25:24,641 DDP_Script [Rank 0] [INFO] Successfully reported epoch 17/20 (Acc: 83.55%) to global server.
2025-11-18 11:25:24,642 DDP_Script [Rank 0] [INFO] epoch 18 시작
2025-11-18 11:25:24,651 DDP_Script [Rank 0] [INFO] DataLoader created with batch_size=128, num_workers=4
2025-11-18 11:25:24,656 DDP_Script [Rank 0] [INFO] 모든 노드 중 max_steps = 196
2025-11-18 11:25:24,656 DDP_Script [Rank 0] [INFO] local_steps=196, global_steps=196
2025-11-18 11:26:26,521 DDP_Script [Rank 0] [INFO] epoch 18 train step time: 61.86 seconds
2025-11-18 11:26:26,536 DDP_Script [Rank 0] [INFO] epoch 18 끝 (local_steps=196, global_steps=196)
2025-11-18 11:26:31,673 DDP_Script [Rank 0] [INFO] val acc 83.27%
2025-11-18 11:26:31,739 DDP_Script [Rank 0] [INFO] Saving checkpoint to ./checkpoints/job-187dfb783d64/latest_checkpoint.pth ...
2025-11-18 11:26:32,551 DDP_Script [Rank 0] [INFO] Successfully reported epoch 18/20 (Acc: 83.27%) to global server.
2025-11-18 11:26:32,553 DDP_Script [Rank 0] [INFO] epoch 19 시작
2025-11-18 11:26:32,559 DDP_Script [Rank 0] [INFO] DataLoader created with batch_size=128, num_workers=4
2025-11-18 11:26:32,565 DDP_Script [Rank 0] [INFO] 모든 노드 중 max_steps = 196
2025-11-18 11:26:32,565 DDP_Script [Rank 0] [INFO] local_steps=196, global_steps=196
2025-11-18 11:27:34,322 DDP_Script [Rank 0] [INFO] epoch 19 train step time: 61.76 seconds
2025-11-18 11:27:34,326 DDP_Script [Rank 0] [INFO] epoch 19 끝 (local_steps=196, global_steps=196)
2025-11-18 11:27:39,453 DDP_Script [Rank 0] [INFO] val acc 84.43%
2025-11-18 11:27:39,478 DDP_Script [Rank 0] [INFO] Saving checkpoint to ./checkpoints/job-187dfb783d64/latest_checkpoint.pth ...
2025-11-18 11:27:40,249 DDP_Script [Rank 0] [INFO] Successfully reported epoch 19/20 (Acc: 84.43%) to global server.
2025-11-18 11:27:40,251 DDP_Script [Rank 0] [INFO] epoch 20 시작
2025-11-18 11:27:40,268 DDP_Script [Rank 0] [INFO] DataLoader created with batch_size=128, num_workers=4
2025-11-18 11:27:40,270 DDP_Script [Rank 0] [INFO] 모든 노드 중 max_steps = 196
2025-11-18 11:27:40,270 DDP_Script [Rank 0] [INFO] local_steps=196, global_steps=196
2025-11-18 11:28:41,687 DDP_Script [Rank 0] [INFO] epoch 20 train step time: 61.42 seconds
2025-11-18 11:28:41,702 DDP_Script [Rank 0] [INFO] epoch 20 끝 (local_steps=196, global_steps=196)
2025-11-18 11:28:46,901 DDP_Script [Rank 0] [INFO] val acc 84.30%
2025-11-18 11:28:46,927 DDP_Script [Rank 0] [INFO] Saving checkpoint to ./checkpoints/job-187dfb783d64/latest_checkpoint.pth ...
2025-11-18 11:28:47,717 DDP_Script [Rank 0] [INFO] Successfully reported epoch 20/20 (Acc: 84.30%) to global server.
2025-11-18 11:28:47,719 DDP_Script [Rank 0] [INFO] Training completed successfully.
2025-11-18 11:28:47,719 DDP_Script [Rank 0] [INFO] Training loop finished.
