/data/breath12/anaconda3/envs/Dist1/lib/python3.9/site-packages/torch/cuda/__init__.py:63: FutureWarning: The pynvml package is deprecated. Please install nvidia-ml-py instead. If you did not install pynvml directly, please report this to the maintainers of the package that installed pynvml for you.
  import pynvml  # type: ignore[import]
Current CUDA device index: 0
Current CUDA device name: NVIDIA RTX A5000
Master address: 163.180.160.61, port: 29567
2025-11-17 02:12:09,522 DDP_Script [Rank 1] [INFO] Node rank: 1, world size: 2
[Gloo] Rank 1 is connected to 1 peer ranks. Expected number of connected peer ranks is : 1
2025-11-17 02:12:09,539 DDP_Script [Rank 1] [INFO] Process group initialized: 163.180.160.61:29567
2025-11-17 02:12:09,539 DDP_Script [Rank 1] [INFO] Rank 1/2 initialized
2025-11-17 02:12:10,275 DDP_Script [Rank 1] [INFO] Rank 1 loading tokenizer from cache: distilbert-base-uncased
2025-11-17 02:12:15,037 DDP_Script [Rank 1] [INFO] Rank 1 loading dataset from cache: glue/sst2
2025-11-17 02:12:19,451 DDP_Script [Rank 1] [INFO] Tokenizing datasets...
2025-11-17 02:12:19,623 DDP_Script [Rank 1] [INFO] SST-2 Dataset and Tokenizer loaded.
2025-11-17 02:12:19,624 DDP_Script [Rank 1] [INFO] Rank 1 loading model from cache: distilbert-base-uncased
Some weights of DistilBertForSequenceClassification were not initialized from the model checkpoint at distilbert-base-uncased and are newly initialized: ['classifier.bias', 'classifier.weight', 'pre_classifier.bias', 'pre_classifier.weight']
You should probably TRAIN this model on a down-stream task to be able to use it for predictions and inference.
2025-11-17 02:12:20,519 DDP_Script [Rank 1] [INFO] Model (DistilBert), DDP, optimizer (AdamW) initialized
2025-11-17 02:12:20,560 DDP_Script [Rank 1] [INFO] Modules initialized
2025-11-17 02:12:20,560 DDP_Script [Rank 1] [INFO] Starting training from scratch (epoch 1).
2025-11-17 02:12:20,561 DDP_Script [Rank 1] [INFO] epoch 1 시작
2025-11-17 02:12:20,576 DDP_Script [Rank 1] [INFO] DataLoader created with batch_size=16, num_workers=4
2025-11-17 02:12:20,601 DDP_Script [Rank 1] [INFO] local_steps=2105, global_steps=2105
2025-11-17 02:22:41,703 DDP_Script [Rank 1] [INFO] epoch 1 train step time: 621.10 seconds
2025-11-17 02:22:41,705 DDP_Script [Rank 1] [INFO] epoch 1 끝 (local_steps=2105, global_steps=2105)
2025-11-17 02:22:42,074 DDP_Script [Rank 1] [INFO] val acc 89.91%
2025-11-17 02:22:44,908 DDP_Script [Rank 1] [INFO] epoch 2 시작
2025-11-17 02:22:44,922 DDP_Script [Rank 1] [INFO] DataLoader created with batch_size=16, num_workers=4
2025-11-17 02:22:44,924 DDP_Script [Rank 1] [INFO] local_steps=2105, global_steps=2105
2025-11-17 02:33:18,190 DDP_Script [Rank 1] [INFO] epoch 2 train step time: 633.27 seconds
2025-11-17 02:33:18,194 DDP_Script [Rank 1] [INFO] epoch 2 끝 (local_steps=2105, global_steps=2105)
2025-11-17 02:33:18,560 DDP_Script [Rank 1] [INFO] val acc 90.14%
2025-11-17 02:33:21,528 DDP_Script [Rank 1] [INFO] epoch 3 시작
2025-11-17 02:33:21,542 DDP_Script [Rank 1] [INFO] DataLoader created with batch_size=16, num_workers=4
2025-11-17 02:33:21,545 DDP_Script [Rank 1] [INFO] local_steps=2105, global_steps=2105
2025-11-17 02:43:18,870 DDP_Script [Rank 1] [INFO] epoch 3 train step time: 597.32 seconds
2025-11-17 02:43:18,872 DDP_Script [Rank 1] [INFO] epoch 3 끝 (local_steps=2105, global_steps=2105)
2025-11-17 02:43:19,234 DDP_Script [Rank 1] [INFO] val acc 90.02%
2025-11-17 02:43:21,489 DDP_Script [Rank 1] [INFO] epoch 4 시작
2025-11-17 02:43:21,502 DDP_Script [Rank 1] [INFO] DataLoader created with batch_size=16, num_workers=4
2025-11-17 02:43:21,504 DDP_Script [Rank 1] [INFO] local_steps=2105, global_steps=2105
2025-11-17 02:53:15,773 DDP_Script [Rank 1] [INFO] epoch 4 train step time: 594.27 seconds
2025-11-17 02:53:15,776 DDP_Script [Rank 1] [INFO] epoch 4 끝 (local_steps=2105, global_steps=2105)
2025-11-17 02:53:16,145 DDP_Script [Rank 1] [INFO] val acc 89.79%
2025-11-17 02:53:18,392 DDP_Script [Rank 1] [INFO] epoch 5 시작
2025-11-17 02:53:18,404 DDP_Script [Rank 1] [INFO] DataLoader created with batch_size=16, num_workers=4
2025-11-17 02:53:18,407 DDP_Script [Rank 1] [INFO] local_steps=2105, global_steps=2105
2025-11-17 03:03:12,472 DDP_Script [Rank 1] [INFO] epoch 5 train step time: 594.07 seconds
2025-11-17 03:03:12,480 DDP_Script [Rank 1] [INFO] epoch 5 끝 (local_steps=2105, global_steps=2105)
2025-11-17 03:03:12,857 DDP_Script [Rank 1] [INFO] val acc 88.88%
2025-11-17 03:03:15,112 DDP_Script [Rank 1] [INFO] epoch 6 시작
2025-11-17 03:03:15,125 DDP_Script [Rank 1] [INFO] DataLoader created with batch_size=16, num_workers=4
2025-11-17 03:03:15,127 DDP_Script [Rank 1] [INFO] local_steps=2105, global_steps=2105
2025-11-17 03:13:09,628 DDP_Script [Rank 1] [INFO] epoch 6 train step time: 594.50 seconds
2025-11-17 03:13:09,631 DDP_Script [Rank 1] [INFO] epoch 6 끝 (local_steps=2105, global_steps=2105)
2025-11-17 03:13:09,986 DDP_Script [Rank 1] [INFO] val acc 89.91%
2025-11-17 03:13:12,364 DDP_Script [Rank 1] [INFO] epoch 7 시작
2025-11-17 03:13:12,384 DDP_Script [Rank 1] [INFO] DataLoader created with batch_size=16, num_workers=4
2025-11-17 03:13:12,386 DDP_Script [Rank 1] [INFO] local_steps=2105, global_steps=2105
2025-11-17 03:22:58,079 DDP_Script [Rank 1] [INFO] epoch 7 train step time: 585.69 seconds
2025-11-17 03:22:58,082 DDP_Script [Rank 1] [INFO] epoch 7 끝 (local_steps=2105, global_steps=2105)
2025-11-17 03:22:58,476 DDP_Script [Rank 1] [INFO] val acc 90.37%
2025-11-17 03:23:00,697 DDP_Script [Rank 1] [INFO] epoch 8 시작
2025-11-17 03:23:00,709 DDP_Script [Rank 1] [INFO] DataLoader created with batch_size=16, num_workers=4
2025-11-17 03:23:00,712 DDP_Script [Rank 1] [INFO] local_steps=2105, global_steps=2105
2025-11-17 03:32:56,684 DDP_Script [Rank 1] [INFO] epoch 8 train step time: 595.97 seconds
2025-11-17 03:32:56,686 DDP_Script [Rank 1] [INFO] epoch 8 끝 (local_steps=2105, global_steps=2105)
2025-11-17 03:32:57,059 DDP_Script [Rank 1] [INFO] val acc 90.83%
2025-11-17 03:32:59,302 DDP_Script [Rank 1] [INFO] epoch 9 시작
2025-11-17 03:32:59,320 DDP_Script [Rank 1] [INFO] DataLoader created with batch_size=16, num_workers=4
2025-11-17 03:32:59,353 DDP_Script [Rank 1] [INFO] local_steps=2105, global_steps=2105
2025-11-17 03:42:57,672 DDP_Script [Rank 1] [INFO] epoch 9 train step time: 598.32 seconds
2025-11-17 03:42:57,677 DDP_Script [Rank 1] [INFO] epoch 9 끝 (local_steps=2105, global_steps=2105)
2025-11-17 03:42:58,042 DDP_Script [Rank 1] [INFO] val acc 90.48%
2025-11-17 03:43:01,965 DDP_Script [Rank 1] [INFO] epoch 10 시작
2025-11-17 03:43:01,978 DDP_Script [Rank 1] [INFO] DataLoader created with batch_size=16, num_workers=4
2025-11-17 03:43:01,999 DDP_Script [Rank 1] [INFO] local_steps=2105, global_steps=2105
2025-11-17 03:52:54,483 DDP_Script [Rank 1] [INFO] epoch 10 train step time: 592.48 seconds
2025-11-17 03:52:54,492 DDP_Script [Rank 1] [INFO] epoch 10 끝 (local_steps=2105, global_steps=2105)
2025-11-17 03:52:54,841 DDP_Script [Rank 1] [INFO] val acc 89.68%
2025-11-17 03:52:57,937 DDP_Script [Rank 1] [INFO] epoch 11 시작
2025-11-17 03:52:57,949 DDP_Script [Rank 1] [INFO] DataLoader created with batch_size=16, num_workers=4
2025-11-17 03:52:57,951 DDP_Script [Rank 1] [INFO] local_steps=2105, global_steps=2105
2025-11-17 04:02:55,840 DDP_Script [Rank 1] [INFO] epoch 11 train step time: 597.89 seconds
2025-11-17 04:02:55,843 DDP_Script [Rank 1] [INFO] epoch 11 끝 (local_steps=2105, global_steps=2105)
2025-11-17 04:02:56,218 DDP_Script [Rank 1] [INFO] val acc 89.45%
2025-11-17 04:02:58,519 DDP_Script [Rank 1] [INFO] epoch 12 시작
2025-11-17 04:02:58,530 DDP_Script [Rank 1] [INFO] DataLoader created with batch_size=16, num_workers=4
2025-11-17 04:02:58,534 DDP_Script [Rank 1] [INFO] local_steps=2105, global_steps=2105
2025-11-17 04:12:56,069 DDP_Script [Rank 1] [INFO] epoch 12 train step time: 597.53 seconds
2025-11-17 04:12:56,071 DDP_Script [Rank 1] [INFO] epoch 12 끝 (local_steps=2105, global_steps=2105)
2025-11-17 04:12:56,430 DDP_Script [Rank 1] [INFO] val acc 89.33%
2025-11-17 04:12:58,564 DDP_Script [Rank 1] [INFO] epoch 13 시작
2025-11-17 04:12:58,577 DDP_Script [Rank 1] [INFO] DataLoader created with batch_size=16, num_workers=4
2025-11-17 04:12:58,580 DDP_Script [Rank 1] [INFO] local_steps=2105, global_steps=2105
2025-11-17 04:22:54,051 DDP_Script [Rank 1] [INFO] epoch 13 train step time: 595.47 seconds
2025-11-17 04:22:54,055 DDP_Script [Rank 1] [INFO] epoch 13 끝 (local_steps=2105, global_steps=2105)
2025-11-17 04:22:54,422 DDP_Script [Rank 1] [INFO] val acc 88.76%
2025-11-17 04:22:56,636 DDP_Script [Rank 1] [INFO] epoch 14 시작
2025-11-17 04:22:56,648 DDP_Script [Rank 1] [INFO] DataLoader created with batch_size=16, num_workers=4
2025-11-17 04:22:56,652 DDP_Script [Rank 1] [INFO] local_steps=2105, global_steps=2105
2025-11-17 04:32:54,380 DDP_Script [Rank 1] [INFO] epoch 14 train step time: 597.73 seconds
2025-11-17 04:32:54,382 DDP_Script [Rank 1] [INFO] epoch 14 끝 (local_steps=2105, global_steps=2105)
2025-11-17 04:32:54,750 DDP_Script [Rank 1] [INFO] val acc 89.22%
2025-11-17 04:32:57,030 DDP_Script [Rank 1] [INFO] epoch 15 시작
2025-11-17 04:32:57,042 DDP_Script [Rank 1] [INFO] DataLoader created with batch_size=16, num_workers=4
2025-11-17 04:32:57,045 DDP_Script [Rank 1] [INFO] local_steps=2105, global_steps=2105
2025-11-17 04:42:52,391 DDP_Script [Rank 1] [INFO] epoch 15 train step time: 595.35 seconds
2025-11-17 04:42:52,393 DDP_Script [Rank 1] [INFO] epoch 15 끝 (local_steps=2105, global_steps=2105)
2025-11-17 04:42:52,766 DDP_Script [Rank 1] [INFO] val acc 89.56%
2025-11-17 04:42:55,078 DDP_Script [Rank 1] [INFO] epoch 16 시작
2025-11-17 04:42:55,089 DDP_Script [Rank 1] [INFO] DataLoader created with batch_size=16, num_workers=4
2025-11-17 04:42:55,092 DDP_Script [Rank 1] [INFO] local_steps=2105, global_steps=2105
2025-11-17 04:52:50,003 DDP_Script [Rank 1] [INFO] epoch 16 train step time: 594.91 seconds
2025-11-17 04:52:50,006 DDP_Script [Rank 1] [INFO] epoch 16 끝 (local_steps=2105, global_steps=2105)
2025-11-17 04:52:50,361 DDP_Script [Rank 1] [INFO] val acc 89.45%
2025-11-17 04:52:52,708 DDP_Script [Rank 1] [INFO] epoch 17 시작
2025-11-17 04:52:52,719 DDP_Script [Rank 1] [INFO] DataLoader created with batch_size=16, num_workers=4
2025-11-17 04:52:52,722 DDP_Script [Rank 1] [INFO] local_steps=2105, global_steps=2105
2025-11-17 05:02:47,523 DDP_Script [Rank 1] [INFO] epoch 17 train step time: 594.80 seconds
2025-11-17 05:02:47,525 DDP_Script [Rank 1] [INFO] epoch 17 끝 (local_steps=2105, global_steps=2105)
2025-11-17 05:02:47,903 DDP_Script [Rank 1] [INFO] val acc 89.45%
2025-11-17 05:02:50,338 DDP_Script [Rank 1] [INFO] epoch 18 시작
2025-11-17 05:02:50,350 DDP_Script [Rank 1] [INFO] DataLoader created with batch_size=16, num_workers=4
2025-11-17 05:02:50,352 DDP_Script [Rank 1] [INFO] local_steps=2105, global_steps=2105
2025-11-17 05:12:44,989 DDP_Script [Rank 1] [INFO] epoch 18 train step time: 594.64 seconds
2025-11-17 05:12:44,994 DDP_Script [Rank 1] [INFO] epoch 18 끝 (local_steps=2105, global_steps=2105)
2025-11-17 05:12:45,374 DDP_Script [Rank 1] [INFO] val acc 90.02%
2025-11-17 05:12:47,735 DDP_Script [Rank 1] [INFO] epoch 19 시작
2025-11-17 05:12:47,747 DDP_Script [Rank 1] [INFO] DataLoader created with batch_size=16, num_workers=4
2025-11-17 05:12:47,753 DDP_Script [Rank 1] [INFO] local_steps=2105, global_steps=2105
2025-11-17 05:22:44,289 DDP_Script [Rank 1] [INFO] epoch 19 train step time: 596.54 seconds
2025-11-17 05:22:44,300 DDP_Script [Rank 1] [INFO] epoch 19 끝 (local_steps=2105, global_steps=2105)
2025-11-17 05:22:44,730 DDP_Script [Rank 1] [INFO] val acc 90.94%
2025-11-17 05:22:47,123 DDP_Script [Rank 1] [INFO] epoch 20 시작
2025-11-17 05:22:47,137 DDP_Script [Rank 1] [INFO] DataLoader created with batch_size=16, num_workers=4
2025-11-17 05:22:47,139 DDP_Script [Rank 1] [INFO] local_steps=2105, global_steps=2105
2025-11-17 05:32:42,645 DDP_Script [Rank 1] [INFO] epoch 20 train step time: 595.51 seconds
2025-11-17 05:32:42,648 DDP_Script [Rank 1] [INFO] epoch 20 끝 (local_steps=2105, global_steps=2105)
2025-11-17 05:32:43,016 DDP_Script [Rank 1] [INFO] val acc 89.45%
2025-11-17 05:32:45,201 DDP_Script [Rank 1] [INFO] Training loop finished.
