Current CUDA device index: 0
Current CUDA device name: NVIDIA RTX A5000
Master address: 163.180.160.61, port: 29509
2025-11-16 18:37:18,952 DDP_Script [Rank 1] [INFO] Node rank: 1, world size: 2
[Gloo] Rank 1 is connected to 1 peer ranks. Expected number of connected peer ranks is : 1
2025-11-16 18:37:18,963 DDP_Script [Rank 1] [INFO] Process group initialized: 163.180.160.61:29509
2025-11-16 18:37:18,963 DDP_Script [Rank 1] [INFO] Rank 1/2 initialized
Val sample labels: tensor([  1,  10,  28,  46,  50,  54,  55,  71,  77,  79,  98, 102, 106, 124,
        127, 135, 136, 143, 144, 150, 153, 164, 169, 179, 180, 181, 184, 186,
        188, 190, 195])
Train samples: 100000
Val   samples: 10000
/nas2/data/dlwmznzl1/anaconda3/envs/Dist2/lib/python3.9/site-packages/torchvision/models/_utils.py:208: UserWarning: The parameter 'pretrained' is deprecated since 0.13 and may be removed in the future, please use 'weights' instead.
  warnings.warn(
/nas2/data/dlwmznzl1/anaconda3/envs/Dist2/lib/python3.9/site-packages/torchvision/models/_utils.py:223: UserWarning: Arguments other than a weight enum or `None` for 'weights' are deprecated since 0.13 and may be removed in the future. The current behavior is equivalent to passing `weights=None`.
  warnings.warn(msg)
2025-11-16 18:37:20,006 DDP_Script [Rank 1] [INFO] Model, DDP, criterion, optimizer initialized
2025-11-16 18:37:20,027 DDP_Script [Rank 1] [INFO] Modules initialized
2025-11-16 18:37:20,027 DDP_Script [Rank 1] [INFO] Starting training from scratch (epoch 1).
2025-11-16 18:37:20,028 DDP_Script [Rank 1] [INFO] epoch 1 시작
2025-11-16 18:37:20,038 DDP_Script [Rank 1] [INFO] DataLoader created with batch_size=64, num_workers=4
2025-11-16 18:37:20,041 DDP_Script [Rank 1] [INFO] local_steps=782, global_steps=782
2025-11-16 18:39:59,055 DDP_Script [Rank 1] [INFO] epoch 1 train step time: 159.01 seconds
2025-11-16 18:39:59,062 DDP_Script [Rank 1] [INFO] epoch 1 끝 (local_steps=782, global_steps=782)
2025-11-16 18:40:04,426 DDP_Script [Rank 1] [INFO] val acc 10.61%
2025-11-16 18:40:04,849 DDP_Script [Rank 1] [INFO] epoch 2 시작
2025-11-16 18:40:04,864 DDP_Script [Rank 1] [INFO] DataLoader created with batch_size=64, num_workers=4
2025-11-16 18:40:04,868 DDP_Script [Rank 1] [INFO] local_steps=782, global_steps=782
2025-11-16 18:42:43,447 DDP_Script [Rank 1] [INFO] epoch 2 train step time: 158.58 seconds
2025-11-16 18:42:43,449 DDP_Script [Rank 1] [INFO] epoch 2 끝 (local_steps=782, global_steps=782)
2025-11-16 18:42:48,410 DDP_Script [Rank 1] [INFO] val acc 17.70%
2025-11-16 18:42:48,744 DDP_Script [Rank 1] [INFO] epoch 3 시작
2025-11-16 18:42:48,758 DDP_Script [Rank 1] [INFO] DataLoader created with batch_size=64, num_workers=4
2025-11-16 18:42:48,762 DDP_Script [Rank 1] [INFO] local_steps=782, global_steps=782
2025-11-16 18:45:26,311 DDP_Script [Rank 1] [INFO] epoch 3 train step time: 157.55 seconds
2025-11-16 18:45:26,314 DDP_Script [Rank 1] [INFO] epoch 3 끝 (local_steps=782, global_steps=782)
2025-11-16 18:45:31,207 DDP_Script [Rank 1] [INFO] val acc 24.99%
2025-11-16 18:45:31,554 DDP_Script [Rank 1] [INFO] epoch 4 시작
2025-11-16 18:45:31,569 DDP_Script [Rank 1] [INFO] DataLoader created with batch_size=64, num_workers=4
2025-11-16 18:45:31,572 DDP_Script [Rank 1] [INFO] local_steps=782, global_steps=782
2025-11-16 18:48:08,531 DDP_Script [Rank 1] [INFO] epoch 4 train step time: 156.96 seconds
2025-11-16 18:48:08,537 DDP_Script [Rank 1] [INFO] epoch 4 끝 (local_steps=782, global_steps=782)
2025-11-16 18:48:13,360 DDP_Script [Rank 1] [INFO] val acc 29.51%
2025-11-16 18:48:13,750 DDP_Script [Rank 1] [INFO] epoch 5 시작
2025-11-16 18:48:13,765 DDP_Script [Rank 1] [INFO] DataLoader created with batch_size=64, num_workers=4
2025-11-16 18:48:13,769 DDP_Script [Rank 1] [INFO] local_steps=782, global_steps=782
2025-11-16 18:50:50,964 DDP_Script [Rank 1] [INFO] epoch 5 train step time: 157.19 seconds
2025-11-16 18:50:50,965 DDP_Script [Rank 1] [INFO] epoch 5 끝 (local_steps=782, global_steps=782)
2025-11-16 18:50:55,864 DDP_Script [Rank 1] [INFO] val acc 34.35%
2025-11-16 18:50:56,188 DDP_Script [Rank 1] [INFO] epoch 6 시작
2025-11-16 18:50:56,202 DDP_Script [Rank 1] [INFO] DataLoader created with batch_size=64, num_workers=4
2025-11-16 18:50:56,206 DDP_Script [Rank 1] [INFO] local_steps=782, global_steps=782
2025-11-16 18:53:33,951 DDP_Script [Rank 1] [INFO] epoch 6 train step time: 157.74 seconds
2025-11-16 18:53:33,955 DDP_Script [Rank 1] [INFO] epoch 6 끝 (local_steps=782, global_steps=782)
2025-11-16 18:53:38,875 DDP_Script [Rank 1] [INFO] val acc 36.81%
2025-11-16 18:53:39,244 DDP_Script [Rank 1] [INFO] epoch 7 시작
2025-11-16 18:53:39,259 DDP_Script [Rank 1] [INFO] DataLoader created with batch_size=64, num_workers=4
2025-11-16 18:53:39,264 DDP_Script [Rank 1] [INFO] local_steps=782, global_steps=782
2025-11-16 18:56:17,541 DDP_Script [Rank 1] [INFO] epoch 7 train step time: 158.28 seconds
2025-11-16 18:56:17,542 DDP_Script [Rank 1] [INFO] epoch 7 끝 (local_steps=782, global_steps=782)
2025-11-16 18:56:22,411 DDP_Script [Rank 1] [INFO] val acc 39.39%
2025-11-16 18:56:22,756 DDP_Script [Rank 1] [INFO] epoch 8 시작
2025-11-16 18:56:22,770 DDP_Script [Rank 1] [INFO] DataLoader created with batch_size=64, num_workers=4
2025-11-16 18:56:22,774 DDP_Script [Rank 1] [INFO] local_steps=782, global_steps=782
2025-11-16 18:59:01,176 DDP_Script [Rank 1] [INFO] epoch 8 train step time: 158.40 seconds
2025-11-16 18:59:01,179 DDP_Script [Rank 1] [INFO] epoch 8 끝 (local_steps=782, global_steps=782)
2025-11-16 18:59:06,055 DDP_Script [Rank 1] [INFO] val acc 43.18%
2025-11-16 18:59:06,411 DDP_Script [Rank 1] [INFO] epoch 9 시작
2025-11-16 18:59:06,425 DDP_Script [Rank 1] [INFO] DataLoader created with batch_size=64, num_workers=4
2025-11-16 18:59:06,429 DDP_Script [Rank 1] [INFO] local_steps=782, global_steps=782
2025-11-16 19:01:45,057 DDP_Script [Rank 1] [INFO] epoch 9 train step time: 158.63 seconds
2025-11-16 19:01:45,063 DDP_Script [Rank 1] [INFO] epoch 9 끝 (local_steps=782, global_steps=782)
2025-11-16 19:01:49,993 DDP_Script [Rank 1] [INFO] val acc 44.60%
2025-11-16 19:01:50,348 DDP_Script [Rank 1] [INFO] epoch 10 시작
2025-11-16 19:01:50,362 DDP_Script [Rank 1] [INFO] DataLoader created with batch_size=64, num_workers=4
2025-11-16 19:01:50,366 DDP_Script [Rank 1] [INFO] local_steps=782, global_steps=782
2025-11-16 19:04:29,123 DDP_Script [Rank 1] [INFO] epoch 10 train step time: 158.76 seconds
2025-11-16 19:04:29,130 DDP_Script [Rank 1] [INFO] epoch 10 끝 (local_steps=782, global_steps=782)
2025-11-16 19:04:34,048 DDP_Script [Rank 1] [INFO] val acc 46.14%
2025-11-16 19:04:34,399 DDP_Script [Rank 1] [INFO] epoch 11 시작
2025-11-16 19:04:34,413 DDP_Script [Rank 1] [INFO] DataLoader created with batch_size=64, num_workers=4
2025-11-16 19:04:34,417 DDP_Script [Rank 1] [INFO] local_steps=782, global_steps=782
2025-11-16 19:07:11,349 DDP_Script [Rank 1] [INFO] epoch 11 train step time: 156.93 seconds
2025-11-16 19:07:11,352 DDP_Script [Rank 1] [INFO] epoch 11 끝 (local_steps=782, global_steps=782)
2025-11-16 19:07:16,238 DDP_Script [Rank 1] [INFO] val acc 47.32%
2025-11-16 19:07:16,603 DDP_Script [Rank 1] [INFO] epoch 12 시작
2025-11-16 19:07:16,616 DDP_Script [Rank 1] [INFO] DataLoader created with batch_size=64, num_workers=4
2025-11-16 19:07:16,620 DDP_Script [Rank 1] [INFO] local_steps=782, global_steps=782
2025-11-16 19:09:56,050 DDP_Script [Rank 1] [INFO] epoch 12 train step time: 159.43 seconds
2025-11-16 19:09:56,063 DDP_Script [Rank 1] [INFO] epoch 12 끝 (local_steps=782, global_steps=782)
2025-11-16 19:10:00,957 DDP_Script [Rank 1] [INFO] val acc 49.04%
2025-11-16 19:10:01,302 DDP_Script [Rank 1] [INFO] epoch 13 시작
2025-11-16 19:10:01,316 DDP_Script [Rank 1] [INFO] DataLoader created with batch_size=64, num_workers=4
2025-11-16 19:10:01,320 DDP_Script [Rank 1] [INFO] local_steps=782, global_steps=782
2025-11-16 19:12:39,334 DDP_Script [Rank 1] [INFO] epoch 13 train step time: 158.01 seconds
2025-11-16 19:12:39,336 DDP_Script [Rank 1] [INFO] epoch 13 끝 (local_steps=782, global_steps=782)
2025-11-16 19:12:44,229 DDP_Script [Rank 1] [INFO] val acc 49.05%
2025-11-16 19:12:44,589 DDP_Script [Rank 1] [INFO] epoch 14 시작
2025-11-16 19:12:44,603 DDP_Script [Rank 1] [INFO] DataLoader created with batch_size=64, num_workers=4
2025-11-16 19:12:44,607 DDP_Script [Rank 1] [INFO] local_steps=782, global_steps=782
2025-11-16 19:15:21,453 DDP_Script [Rank 1] [INFO] epoch 14 train step time: 156.85 seconds
2025-11-16 19:15:21,454 DDP_Script [Rank 1] [INFO] epoch 14 끝 (local_steps=782, global_steps=782)
2025-11-16 19:15:26,343 DDP_Script [Rank 1] [INFO] val acc 51.73%
2025-11-16 19:15:26,663 DDP_Script [Rank 1] [INFO] epoch 15 시작
2025-11-16 19:15:26,677 DDP_Script [Rank 1] [INFO] DataLoader created with batch_size=64, num_workers=4
2025-11-16 19:15:26,680 DDP_Script [Rank 1] [INFO] local_steps=782, global_steps=782
2025-11-16 19:18:03,242 DDP_Script [Rank 1] [INFO] epoch 15 train step time: 156.56 seconds
2025-11-16 19:18:03,244 DDP_Script [Rank 1] [INFO] epoch 15 끝 (local_steps=782, global_steps=782)
2025-11-16 19:18:08,112 DDP_Script [Rank 1] [INFO] val acc 52.11%
2025-11-16 19:18:08,451 DDP_Script [Rank 1] [INFO] epoch 16 시작
2025-11-16 19:18:08,465 DDP_Script [Rank 1] [INFO] DataLoader created with batch_size=64, num_workers=4
2025-11-16 19:18:08,469 DDP_Script [Rank 1] [INFO] local_steps=782, global_steps=782
2025-11-16 19:20:45,887 DDP_Script [Rank 1] [INFO] epoch 16 train step time: 157.42 seconds
2025-11-16 19:20:45,890 DDP_Script [Rank 1] [INFO] epoch 16 끝 (local_steps=782, global_steps=782)
2025-11-16 19:20:50,815 DDP_Script [Rank 1] [INFO] val acc 52.68%
2025-11-16 19:20:51,162 DDP_Script [Rank 1] [INFO] epoch 17 시작
2025-11-16 19:20:51,176 DDP_Script [Rank 1] [INFO] DataLoader created with batch_size=64, num_workers=4
2025-11-16 19:20:51,180 DDP_Script [Rank 1] [INFO] local_steps=782, global_steps=782
2025-11-16 19:23:28,130 DDP_Script [Rank 1] [INFO] epoch 17 train step time: 156.95 seconds
2025-11-16 19:23:28,135 DDP_Script [Rank 1] [INFO] epoch 17 끝 (local_steps=782, global_steps=782)
2025-11-16 19:23:33,042 DDP_Script [Rank 1] [INFO] val acc 53.71%
2025-11-16 19:23:33,404 DDP_Script [Rank 1] [INFO] epoch 18 시작
2025-11-16 19:23:33,419 DDP_Script [Rank 1] [INFO] DataLoader created with batch_size=64, num_workers=4
2025-11-16 19:23:33,422 DDP_Script [Rank 1] [INFO] local_steps=782, global_steps=782
2025-11-16 19:26:11,072 DDP_Script [Rank 1] [INFO] epoch 18 train step time: 157.65 seconds
2025-11-16 19:26:11,083 DDP_Script [Rank 1] [INFO] epoch 18 끝 (local_steps=782, global_steps=782)
2025-11-16 19:26:15,918 DDP_Script [Rank 1] [INFO] val acc 53.40%
2025-11-16 19:26:16,311 DDP_Script [Rank 1] [INFO] epoch 19 시작
2025-11-16 19:26:16,326 DDP_Script [Rank 1] [INFO] DataLoader created with batch_size=64, num_workers=4
2025-11-16 19:26:16,330 DDP_Script [Rank 1] [INFO] local_steps=782, global_steps=782
2025-11-16 19:28:55,386 DDP_Script [Rank 1] [INFO] epoch 19 train step time: 159.06 seconds
2025-11-16 19:28:55,395 DDP_Script [Rank 1] [INFO] epoch 19 끝 (local_steps=782, global_steps=782)
2025-11-16 19:29:00,335 DDP_Script [Rank 1] [INFO] val acc 54.43%
2025-11-16 19:29:00,737 DDP_Script [Rank 1] [INFO] epoch 20 시작
2025-11-16 19:29:00,751 DDP_Script [Rank 1] [INFO] DataLoader created with batch_size=64, num_workers=4
2025-11-16 19:29:00,755 DDP_Script [Rank 1] [INFO] local_steps=782, global_steps=782
2025-11-16 19:31:39,751 DDP_Script [Rank 1] [INFO] epoch 20 train step time: 159.00 seconds
2025-11-16 19:31:39,753 DDP_Script [Rank 1] [INFO] epoch 20 끝 (local_steps=782, global_steps=782)
2025-11-16 19:31:44,740 DDP_Script [Rank 1] [INFO] val acc 54.92%
2025-11-16 19:31:45,168 DDP_Script [Rank 1] [INFO] Training loop finished.
