Current CUDA device index: 0
Current CUDA device name: NVIDIA RTX A5000
Master address: 163.180.160.61, port: 29525
2025-11-16 20:07:44,665 DDP_Script [Rank 0] [INFO] Node rank: 0, world size: 2
[Gloo] Rank 0 is connected to 1 peer ranks. Expected number of connected peer ranks is : 1
2025-11-16 20:07:47,557 DDP_Script [Rank 0] [INFO] Process group initialized: 163.180.160.61:29525
2025-11-16 20:07:47,557 DDP_Script [Rank 0] [INFO] Rank 0/2 initialized
/nas2/data/dlwmznzl1/anaconda3/envs/Dist2/lib/python3.9/site-packages/torchvision/models/_utils.py:208: UserWarning: The parameter 'pretrained' is deprecated since 0.13 and may be removed in the future, please use 'weights' instead.
  warnings.warn(
/nas2/data/dlwmznzl1/anaconda3/envs/Dist2/lib/python3.9/site-packages/torchvision/models/_utils.py:223: UserWarning: Arguments other than a weight enum or `None` for 'weights' are deprecated since 0.13 and may be removed in the future. The current behavior is equivalent to passing `weights=None`.
  warnings.warn(msg)
2025-11-16 20:07:48,086 DDP_Script [Rank 0] [INFO] Model, DDP, criterion, optimizer initialized
2025-11-16 20:07:48,107 DDP_Script [Rank 0] [INFO] Modules initialized
2025-11-16 20:07:48,109 DDP_Script [Rank 0] [INFO] Checkpoint directory created: ./checkpoints/job-3aee8237f999
2025-11-16 20:07:48,109 DDP_Script [Rank 0] [INFO] Starting training from scratch (epoch 1).
2025-11-16 20:07:48,109 DDP_Script [Rank 0] [INFO] epoch 1 시작
2025-11-16 20:07:48,128 DDP_Script [Rank 0] [INFO] DataLoader created with batch_size=256, num_workers=4
2025-11-16 20:07:48,132 DDP_Script [Rank 0] [INFO] 모든 노드 중 max_steps = 118
2025-11-16 20:07:48,132 DDP_Script [Rank 0] [INFO] local_steps=118, global_steps=118
[rank0]: Traceback (most recent call last):
[rank0]:   File "/nas2/data/dlwmznzl1/CCGRID/TrainingCode/DDP_MNIST_EfficientNetV2.py", line 510, in <module>
[rank0]:     main()
[rank0]:   File "/nas2/data/dlwmznzl1/CCGRID/TrainingCode/DDP_MNIST_EfficientNetV2.py", line 305, in main
[rank0]:     outputs = model(inputs)
[rank0]:   File "/nas2/data/dlwmznzl1/anaconda3/envs/Dist2/lib/python3.9/site-packages/torch/nn/modules/module.py", line 1773, in _wrapped_call_impl
[rank0]:     return self._call_impl(*args, **kwargs)
[rank0]:   File "/nas2/data/dlwmznzl1/anaconda3/envs/Dist2/lib/python3.9/site-packages/torch/nn/modules/module.py", line 1784, in _call_impl
[rank0]:     return forward_call(*args, **kwargs)
[rank0]:   File "/nas2/data/dlwmznzl1/anaconda3/envs/Dist2/lib/python3.9/site-packages/torch/nn/parallel/distributed.py", line 1648, in forward
[rank0]:     else self._run_ddp_forward(*inputs, **kwargs)
[rank0]:   File "/nas2/data/dlwmznzl1/anaconda3/envs/Dist2/lib/python3.9/site-packages/torch/nn/parallel/distributed.py", line 1474, in _run_ddp_forward
[rank0]:     return self.module(*inputs, **kwargs)  # type: ignore[index]
[rank0]:   File "/nas2/data/dlwmznzl1/anaconda3/envs/Dist2/lib/python3.9/site-packages/torch/nn/modules/module.py", line 1773, in _wrapped_call_impl
[rank0]:     return self._call_impl(*args, **kwargs)
[rank0]:   File "/nas2/data/dlwmznzl1/anaconda3/envs/Dist2/lib/python3.9/site-packages/torch/nn/modules/module.py", line 1784, in _call_impl
[rank0]:     return forward_call(*args, **kwargs)
[rank0]:   File "/nas2/data/dlwmznzl1/anaconda3/envs/Dist2/lib/python3.9/site-packages/torchvision/models/efficientnet.py", line 344, in forward
[rank0]:     return self._forward_impl(x)
[rank0]:   File "/nas2/data/dlwmznzl1/anaconda3/envs/Dist2/lib/python3.9/site-packages/torchvision/models/efficientnet.py", line 334, in _forward_impl
[rank0]:     x = self.features(x)
[rank0]:   File "/nas2/data/dlwmznzl1/anaconda3/envs/Dist2/lib/python3.9/site-packages/torch/nn/modules/module.py", line 1773, in _wrapped_call_impl
[rank0]:     return self._call_impl(*args, **kwargs)
[rank0]:   File "/nas2/data/dlwmznzl1/anaconda3/envs/Dist2/lib/python3.9/site-packages/torch/nn/modules/module.py", line 1784, in _call_impl
[rank0]:     return forward_call(*args, **kwargs)
[rank0]:   File "/nas2/data/dlwmznzl1/anaconda3/envs/Dist2/lib/python3.9/site-packages/torch/nn/modules/container.py", line 244, in forward
[rank0]:     input = module(input)
[rank0]:   File "/nas2/data/dlwmznzl1/anaconda3/envs/Dist2/lib/python3.9/site-packages/torch/nn/modules/module.py", line 1773, in _wrapped_call_impl
[rank0]:     return self._call_impl(*args, **kwargs)
[rank0]:   File "/nas2/data/dlwmznzl1/anaconda3/envs/Dist2/lib/python3.9/site-packages/torch/nn/modules/module.py", line 1784, in _call_impl
[rank0]:     return forward_call(*args, **kwargs)
[rank0]:   File "/nas2/data/dlwmznzl1/anaconda3/envs/Dist2/lib/python3.9/site-packages/torch/nn/modules/container.py", line 244, in forward
[rank0]:     input = module(input)
[rank0]:   File "/nas2/data/dlwmznzl1/anaconda3/envs/Dist2/lib/python3.9/site-packages/torch/nn/modules/module.py", line 1773, in _wrapped_call_impl
[rank0]:     return self._call_impl(*args, **kwargs)
[rank0]:   File "/nas2/data/dlwmznzl1/anaconda3/envs/Dist2/lib/python3.9/site-packages/torch/nn/modules/module.py", line 1784, in _call_impl
[rank0]:     return forward_call(*args, **kwargs)
[rank0]:   File "/nas2/data/dlwmznzl1/anaconda3/envs/Dist2/lib/python3.9/site-packages/torchvision/models/efficientnet.py", line 165, in forward
[rank0]:     result = self.block(input)
[rank0]:   File "/nas2/data/dlwmznzl1/anaconda3/envs/Dist2/lib/python3.9/site-packages/torch/nn/modules/module.py", line 1773, in _wrapped_call_impl
[rank0]:     return self._call_impl(*args, **kwargs)
[rank0]:   File "/nas2/data/dlwmznzl1/anaconda3/envs/Dist2/lib/python3.9/site-packages/torch/nn/modules/module.py", line 1784, in _call_impl
[rank0]:     return forward_call(*args, **kwargs)
[rank0]:   File "/nas2/data/dlwmznzl1/anaconda3/envs/Dist2/lib/python3.9/site-packages/torch/nn/modules/container.py", line 244, in forward
[rank0]:     input = module(input)
[rank0]:   File "/nas2/data/dlwmznzl1/anaconda3/envs/Dist2/lib/python3.9/site-packages/torch/nn/modules/module.py", line 1773, in _wrapped_call_impl
[rank0]:     return self._call_impl(*args, **kwargs)
[rank0]:   File "/nas2/data/dlwmznzl1/anaconda3/envs/Dist2/lib/python3.9/site-packages/torch/nn/modules/module.py", line 1784, in _call_impl
[rank0]:     return forward_call(*args, **kwargs)
[rank0]:   File "/nas2/data/dlwmznzl1/anaconda3/envs/Dist2/lib/python3.9/site-packages/torch/nn/modules/container.py", line 244, in forward
[rank0]:     input = module(input)
[rank0]:   File "/nas2/data/dlwmznzl1/anaconda3/envs/Dist2/lib/python3.9/site-packages/torch/nn/modules/module.py", line 1773, in _wrapped_call_impl
[rank0]:     return self._call_impl(*args, **kwargs)
[rank0]:   File "/nas2/data/dlwmznzl1/anaconda3/envs/Dist2/lib/python3.9/site-packages/torch/nn/modules/module.py", line 1784, in _call_impl
[rank0]:     return forward_call(*args, **kwargs)
[rank0]:   File "/nas2/data/dlwmznzl1/anaconda3/envs/Dist2/lib/python3.9/site-packages/torch/nn/modules/batchnorm.py", line 193, in forward
[rank0]:     return F.batch_norm(
[rank0]:   File "/nas2/data/dlwmznzl1/anaconda3/envs/Dist2/lib/python3.9/site-packages/torch/nn/functional.py", line 2817, in batch_norm
[rank0]:     return torch.batch_norm(
[rank0]: torch.OutOfMemoryError: CUDA out of memory. Tried to allocate 32.00 MiB. GPU 0 has a total capacity of 23.68 GiB of which 17.25 MiB is free. Including non-PyTorch memory, this process has 23.65 GiB memory in use. Of the allocated memory 23.35 GiB is allocated by PyTorch, and 52.26 MiB is reserved by PyTorch but unallocated. If reserved but unallocated memory is large try setting PYTORCH_CUDA_ALLOC_CONF=expandable_segments:True to avoid fragmentation.  See documentation for Memory Management  (https://pytorch.org/docs/stable/notes/cuda.html#environment-variables)
