/data/breath12/anaconda3/envs/Dist1/lib/python3.9/site-packages/torch/cuda/__init__.py:63: FutureWarning: The pynvml package is deprecated. Please install nvidia-ml-py instead. If you did not install pynvml directly, please report this to the maintainers of the package that installed pynvml for you.
  import pynvml  # type: ignore[import]
Current CUDA device index: 0
Current CUDA device name: NVIDIA RTX A5000
Master address: 163.180.160.61, port: 29595
2025-11-16 12:52:14,582 DDP_Script [Rank 0] [INFO] Node rank: 0, world size: 1
[Gloo] Rank 0 is connected to 0 peer ranks. Expected number of connected peer ranks is : 0
2025-11-16 12:52:14,589 DDP_Script [Rank 0] [INFO] Process group initialized: 163.180.160.61:29595
2025-11-16 12:52:14,589 DDP_Script [Rank 0] [INFO] Rank 0/1 initialized
2025-11-16 12:52:14,589 DDP_Script [Rank 0] [INFO] Rank 0 downloading tokenizer: distilbert-base-uncased
2025-11-16 12:52:15,640 DDP_Script [Rank 0] [INFO] Rank 0 downloading dataset: glue/sst2
2025-11-16 12:52:20,336 DDP_Script [Rank 0] [INFO] Tokenizing datasets...
2025-11-16 12:52:20,551 DDP_Script [Rank 0] [INFO] SST-2 Dataset and Tokenizer loaded.
2025-11-16 12:52:20,552 DDP_Script [Rank 0] [INFO] Rank 0 downloading model: distilbert-base-uncased
Some weights of DistilBertForSequenceClassification were not initialized from the model checkpoint at distilbert-base-uncased and are newly initialized: ['classifier.bias', 'classifier.weight', 'pre_classifier.bias', 'pre_classifier.weight']
You should probably TRAIN this model on a down-stream task to be able to use it for predictions and inference.
2025-11-16 12:52:21,285 DDP_Script [Rank 0] [INFO] Model (DistilBert), DDP, optimizer (AdamW) initialized
2025-11-16 12:52:21,290 DDP_Script [Rank 0] [INFO] Modules initialized
2025-11-16 12:52:21,307 DDP_Script [Rank 0] [INFO] Checkpoint directory created: ./checkpoints/job-119003435a41
2025-11-16 12:52:21,308 DDP_Script [Rank 0] [INFO] Starting training from scratch (epoch 1).
2025-11-16 12:52:21,309 DDP_Script [Rank 0] [INFO] epoch 1 시작
2025-11-16 12:52:21,331 DDP_Script [Rank 0] [INFO] DataLoader created with batch_size=64, num_workers=4
2025-11-16 12:52:21,332 DDP_Script [Rank 0] [INFO] 모든 노드 중 max_steps = 1053
2025-11-16 12:52:21,333 DDP_Script [Rank 0] [INFO] local_steps=1053, global_steps=1053
2025-11-16 12:53:58,860 DDP_Script [Rank 0] [INFO] epoch 1 train step time: 97.53 seconds
2025-11-16 12:53:58,861 DDP_Script [Rank 0] [INFO] epoch 1 끝 (local_steps=1053, global_steps=1053)
2025-11-16 12:53:59,445 DDP_Script [Rank 0] [INFO] val acc 89.68%
2025-11-16 12:53:59,462 DDP_Script [Rank 0] [INFO] Saving checkpoint to ./checkpoints/job-119003435a41/latest_checkpoint.pth ...
2025-11-16 12:54:01,595 DDP_Script [Rank 0] [INFO] Successfully reported epoch 1/20 (Acc: 89.68%) to global server.
2025-11-16 12:54:01,596 DDP_Script [Rank 0] [INFO] epoch 2 시작
2025-11-16 12:54:01,609 DDP_Script [Rank 0] [INFO] DataLoader created with batch_size=64, num_workers=4
2025-11-16 12:54:01,610 DDP_Script [Rank 0] [INFO] 모든 노드 중 max_steps = 1053
2025-11-16 12:54:01,611 DDP_Script [Rank 0] [INFO] local_steps=1053, global_steps=1053
2025-11-16 12:55:38,107 DDP_Script [Rank 0] [INFO] epoch 2 train step time: 96.50 seconds
2025-11-16 12:55:38,109 DDP_Script [Rank 0] [INFO] epoch 2 끝 (local_steps=1053, global_steps=1053)
2025-11-16 12:55:38,688 DDP_Script [Rank 0] [INFO] val acc 89.79%
2025-11-16 12:55:38,702 DDP_Script [Rank 0] [INFO] Saving checkpoint to ./checkpoints/job-119003435a41/latest_checkpoint.pth ...
2025-11-16 12:55:40,912 DDP_Script [Rank 0] [INFO] Successfully reported epoch 2/20 (Acc: 89.79%) to global server.
2025-11-16 12:55:40,914 DDP_Script [Rank 0] [INFO] epoch 3 시작
2025-11-16 12:55:40,929 DDP_Script [Rank 0] [INFO] DataLoader created with batch_size=64, num_workers=4
2025-11-16 12:55:40,931 DDP_Script [Rank 0] [INFO] 모든 노드 중 max_steps = 1053
2025-11-16 12:55:40,931 DDP_Script [Rank 0] [INFO] local_steps=1053, global_steps=1053
2025-11-16 12:57:17,858 DDP_Script [Rank 0] [INFO] epoch 3 train step time: 96.93 seconds
2025-11-16 12:57:17,859 DDP_Script [Rank 0] [INFO] epoch 3 끝 (local_steps=1053, global_steps=1053)
2025-11-16 12:57:18,427 DDP_Script [Rank 0] [INFO] val acc 90.25%
2025-11-16 12:57:18,441 DDP_Script [Rank 0] [INFO] Saving checkpoint to ./checkpoints/job-119003435a41/latest_checkpoint.pth ...
2025-11-16 12:57:21,095 DDP_Script [Rank 0] [INFO] Successfully reported epoch 3/20 (Acc: 90.25%) to global server.
2025-11-16 12:57:21,097 DDP_Script [Rank 0] [INFO] epoch 4 시작
2025-11-16 12:57:21,115 DDP_Script [Rank 0] [INFO] DataLoader created with batch_size=64, num_workers=4
2025-11-16 12:57:21,117 DDP_Script [Rank 0] [INFO] 모든 노드 중 max_steps = 1053
2025-11-16 12:57:21,117 DDP_Script [Rank 0] [INFO] local_steps=1053, global_steps=1053
2025-11-16 12:58:58,488 DDP_Script [Rank 0] [INFO] epoch 4 train step time: 97.37 seconds
2025-11-16 12:58:58,489 DDP_Script [Rank 0] [INFO] epoch 4 끝 (local_steps=1053, global_steps=1053)
2025-11-16 12:58:59,029 DDP_Script [Rank 0] [INFO] val acc 90.60%
2025-11-16 12:58:59,043 DDP_Script [Rank 0] [INFO] Saving checkpoint to ./checkpoints/job-119003435a41/latest_checkpoint.pth ...
2025-11-16 12:59:01,133 DDP_Script [Rank 0] [INFO] Successfully reported epoch 4/20 (Acc: 90.60%) to global server.
2025-11-16 12:59:01,135 DDP_Script [Rank 0] [INFO] epoch 5 시작
2025-11-16 12:59:01,148 DDP_Script [Rank 0] [INFO] DataLoader created with batch_size=64, num_workers=4
2025-11-16 12:59:01,150 DDP_Script [Rank 0] [INFO] 모든 노드 중 max_steps = 1053
2025-11-16 12:59:01,150 DDP_Script [Rank 0] [INFO] local_steps=1053, global_steps=1053
2025-11-16 13:00:38,317 DDP_Script [Rank 0] [INFO] epoch 5 train step time: 97.17 seconds
2025-11-16 13:00:38,318 DDP_Script [Rank 0] [INFO] epoch 5 끝 (local_steps=1053, global_steps=1053)
2025-11-16 13:00:38,874 DDP_Script [Rank 0] [INFO] val acc 91.40%
2025-11-16 13:00:38,907 DDP_Script [Rank 0] [INFO] Saving checkpoint to ./checkpoints/job-119003435a41/latest_checkpoint.pth ...
2025-11-16 13:00:41,101 DDP_Script [Rank 0] [INFO] Successfully reported epoch 5/20 (Acc: 91.40%) to global server.
2025-11-16 13:00:41,102 DDP_Script [Rank 0] [INFO] epoch 6 시작
2025-11-16 13:00:41,114 DDP_Script [Rank 0] [INFO] DataLoader created with batch_size=64, num_workers=4
2025-11-16 13:00:41,116 DDP_Script [Rank 0] [INFO] 모든 노드 중 max_steps = 1053
2025-11-16 13:00:41,116 DDP_Script [Rank 0] [INFO] local_steps=1053, global_steps=1053
2025-11-16 13:02:18,457 DDP_Script [Rank 0] [INFO] epoch 6 train step time: 97.34 seconds
2025-11-16 13:02:18,458 DDP_Script [Rank 0] [INFO] epoch 6 끝 (local_steps=1053, global_steps=1053)
2025-11-16 13:02:19,012 DDP_Script [Rank 0] [INFO] val acc 90.14%
2025-11-16 13:02:19,022 DDP_Script [Rank 0] [INFO] Saving checkpoint to ./checkpoints/job-119003435a41/latest_checkpoint.pth ...
2025-11-16 13:02:21,339 DDP_Script [Rank 0] [INFO] Successfully reported epoch 6/20 (Acc: 90.14%) to global server.
2025-11-16 13:02:21,341 DDP_Script [Rank 0] [INFO] epoch 7 시작
2025-11-16 13:02:21,382 DDP_Script [Rank 0] [INFO] DataLoader created with batch_size=64, num_workers=4
2025-11-16 13:02:21,407 DDP_Script [Rank 0] [INFO] 모든 노드 중 max_steps = 1053
2025-11-16 13:02:21,408 DDP_Script [Rank 0] [INFO] local_steps=1053, global_steps=1053
2025-11-16 13:03:58,112 DDP_Script [Rank 0] [INFO] epoch 7 train step time: 96.70 seconds
2025-11-16 13:03:58,113 DDP_Script [Rank 0] [INFO] epoch 7 끝 (local_steps=1053, global_steps=1053)
2025-11-16 13:03:58,678 DDP_Script [Rank 0] [INFO] val acc 89.56%
2025-11-16 13:03:58,705 DDP_Script [Rank 0] [INFO] Saving checkpoint to ./checkpoints/job-119003435a41/latest_checkpoint.pth ...
2025-11-16 13:04:00,554 DDP_Script [Rank 0] [INFO] Successfully reported epoch 7/20 (Acc: 89.56%) to global server.
2025-11-16 13:04:00,556 DDP_Script [Rank 0] [INFO] epoch 8 시작
2025-11-16 13:04:00,577 DDP_Script [Rank 0] [INFO] DataLoader created with batch_size=64, num_workers=4
2025-11-16 13:04:00,578 DDP_Script [Rank 0] [INFO] 모든 노드 중 max_steps = 1053
2025-11-16 13:04:00,578 DDP_Script [Rank 0] [INFO] local_steps=1053, global_steps=1053
2025-11-16 13:05:37,311 DDP_Script [Rank 0] [INFO] epoch 8 train step time: 96.73 seconds
2025-11-16 13:05:37,313 DDP_Script [Rank 0] [INFO] epoch 8 끝 (local_steps=1053, global_steps=1053)
2025-11-16 13:05:37,864 DDP_Script [Rank 0] [INFO] val acc 88.99%
2025-11-16 13:05:37,900 DDP_Script [Rank 0] [INFO] Saving checkpoint to ./checkpoints/job-119003435a41/latest_checkpoint.pth ...
2025-11-16 13:05:39,557 DDP_Script [Rank 0] [INFO] Successfully reported epoch 8/20 (Acc: 88.99%) to global server.
2025-11-16 13:05:39,559 DDP_Script [Rank 0] [INFO] epoch 9 시작
2025-11-16 13:05:39,574 DDP_Script [Rank 0] [INFO] DataLoader created with batch_size=64, num_workers=4
2025-11-16 13:05:39,576 DDP_Script [Rank 0] [INFO] 모든 노드 중 max_steps = 1053
2025-11-16 13:05:39,576 DDP_Script [Rank 0] [INFO] local_steps=1053, global_steps=1053
2025-11-16 13:07:16,195 DDP_Script [Rank 0] [INFO] epoch 9 train step time: 96.62 seconds
2025-11-16 13:07:16,197 DDP_Script [Rank 0] [INFO] epoch 9 끝 (local_steps=1053, global_steps=1053)
2025-11-16 13:07:16,751 DDP_Script [Rank 0] [INFO] val acc 89.33%
2025-11-16 13:07:16,785 DDP_Script [Rank 0] [INFO] Saving checkpoint to ./checkpoints/job-119003435a41/latest_checkpoint.pth ...
2025-11-16 13:07:18,587 DDP_Script [Rank 0] [INFO] Successfully reported epoch 9/20 (Acc: 89.33%) to global server.
2025-11-16 13:07:18,589 DDP_Script [Rank 0] [INFO] epoch 10 시작
2025-11-16 13:07:18,606 DDP_Script [Rank 0] [INFO] DataLoader created with batch_size=64, num_workers=4
2025-11-16 13:07:18,608 DDP_Script [Rank 0] [INFO] 모든 노드 중 max_steps = 1053
2025-11-16 13:07:18,608 DDP_Script [Rank 0] [INFO] local_steps=1053, global_steps=1053
2025-11-16 13:08:55,693 DDP_Script [Rank 0] [INFO] epoch 10 train step time: 97.08 seconds
2025-11-16 13:08:55,694 DDP_Script [Rank 0] [INFO] epoch 10 끝 (local_steps=1053, global_steps=1053)
2025-11-16 13:08:56,244 DDP_Script [Rank 0] [INFO] val acc 89.68%
2025-11-16 13:08:56,264 DDP_Script [Rank 0] [INFO] Saving checkpoint to ./checkpoints/job-119003435a41/latest_checkpoint.pth ...
2025-11-16 13:08:58,394 DDP_Script [Rank 0] [INFO] Successfully reported epoch 10/20 (Acc: 89.68%) to global server.
2025-11-16 13:08:58,396 DDP_Script [Rank 0] [INFO] epoch 11 시작
2025-11-16 13:08:58,407 DDP_Script [Rank 0] [INFO] DataLoader created with batch_size=64, num_workers=4
2025-11-16 13:08:58,409 DDP_Script [Rank 0] [INFO] 모든 노드 중 max_steps = 1053
2025-11-16 13:08:58,409 DDP_Script [Rank 0] [INFO] local_steps=1053, global_steps=1053
2025-11-16 13:10:34,906 DDP_Script [Rank 0] [INFO] epoch 11 train step time: 96.50 seconds
2025-11-16 13:10:34,907 DDP_Script [Rank 0] [INFO] epoch 11 끝 (local_steps=1053, global_steps=1053)
2025-11-16 13:10:35,490 DDP_Script [Rank 0] [INFO] val acc 89.33%
2025-11-16 13:10:35,499 DDP_Script [Rank 0] [INFO] Saving checkpoint to ./checkpoints/job-119003435a41/latest_checkpoint.pth ...
2025-11-16 13:10:38,458 DDP_Script [Rank 0] [INFO] Successfully reported epoch 11/20 (Acc: 89.33%) to global server.
2025-11-16 13:10:38,460 DDP_Script [Rank 0] [INFO] epoch 12 시작
2025-11-16 13:10:38,471 DDP_Script [Rank 0] [INFO] DataLoader created with batch_size=64, num_workers=4
2025-11-16 13:10:38,473 DDP_Script [Rank 0] [INFO] 모든 노드 중 max_steps = 1053
2025-11-16 13:10:38,473 DDP_Script [Rank 0] [INFO] local_steps=1053, global_steps=1053
2025-11-16 13:12:15,156 DDP_Script [Rank 0] [INFO] epoch 12 train step time: 96.68 seconds
2025-11-16 13:12:15,158 DDP_Script [Rank 0] [INFO] epoch 12 끝 (local_steps=1053, global_steps=1053)
2025-11-16 13:12:15,693 DDP_Script [Rank 0] [INFO] val acc 89.56%
2025-11-16 13:12:15,726 DDP_Script [Rank 0] [INFO] Saving checkpoint to ./checkpoints/job-119003435a41/latest_checkpoint.pth ...
2025-11-16 13:12:17,992 DDP_Script [Rank 0] [INFO] Successfully reported epoch 12/20 (Acc: 89.56%) to global server.
2025-11-16 13:12:17,994 DDP_Script [Rank 0] [INFO] epoch 13 시작
2025-11-16 13:12:18,013 DDP_Script [Rank 0] [INFO] DataLoader created with batch_size=64, num_workers=4
2025-11-16 13:12:18,015 DDP_Script [Rank 0] [INFO] 모든 노드 중 max_steps = 1053
2025-11-16 13:12:18,015 DDP_Script [Rank 0] [INFO] local_steps=1053, global_steps=1053
2025-11-16 13:13:54,641 DDP_Script [Rank 0] [INFO] epoch 13 train step time: 96.63 seconds
2025-11-16 13:13:54,642 DDP_Script [Rank 0] [INFO] epoch 13 끝 (local_steps=1053, global_steps=1053)
2025-11-16 13:13:55,216 DDP_Script [Rank 0] [INFO] val acc 89.22%
2025-11-16 13:13:55,229 DDP_Script [Rank 0] [INFO] Saving checkpoint to ./checkpoints/job-119003435a41/latest_checkpoint.pth ...
2025-11-16 13:13:57,221 DDP_Script [Rank 0] [INFO] Successfully reported epoch 13/20 (Acc: 89.22%) to global server.
2025-11-16 13:13:57,223 DDP_Script [Rank 0] [INFO] epoch 14 시작
2025-11-16 13:13:57,235 DDP_Script [Rank 0] [INFO] DataLoader created with batch_size=64, num_workers=4
2025-11-16 13:13:57,236 DDP_Script [Rank 0] [INFO] 모든 노드 중 max_steps = 1053
2025-11-16 13:13:57,237 DDP_Script [Rank 0] [INFO] local_steps=1053, global_steps=1053
2025-11-16 13:15:34,464 DDP_Script [Rank 0] [INFO] epoch 14 train step time: 97.23 seconds
2025-11-16 13:15:34,465 DDP_Script [Rank 0] [INFO] epoch 14 끝 (local_steps=1053, global_steps=1053)
2025-11-16 13:15:35,007 DDP_Script [Rank 0] [INFO] val acc 89.79%
2025-11-16 13:15:35,015 DDP_Script [Rank 0] [INFO] Saving checkpoint to ./checkpoints/job-119003435a41/latest_checkpoint.pth ...
2025-11-16 13:15:37,536 DDP_Script [Rank 0] [INFO] Successfully reported epoch 14/20 (Acc: 89.79%) to global server.
2025-11-16 13:15:37,537 DDP_Script [Rank 0] [INFO] epoch 15 시작
2025-11-16 13:15:37,549 DDP_Script [Rank 0] [INFO] DataLoader created with batch_size=64, num_workers=4
2025-11-16 13:15:37,550 DDP_Script [Rank 0] [INFO] 모든 노드 중 max_steps = 1053
2025-11-16 13:15:37,550 DDP_Script [Rank 0] [INFO] local_steps=1053, global_steps=1053
2025-11-16 13:17:25,804 DDP_Script [Rank 0] [INFO] epoch 15 train step time: 108.25 seconds
2025-11-16 13:17:25,806 DDP_Script [Rank 0] [INFO] epoch 15 끝 (local_steps=1053, global_steps=1053)
2025-11-16 13:17:26,355 DDP_Script [Rank 0] [INFO] val acc 90.37%
2025-11-16 13:17:26,383 DDP_Script [Rank 0] [INFO] Saving checkpoint to ./checkpoints/job-119003435a41/latest_checkpoint.pth ...
2025-11-16 13:17:28,255 DDP_Script [Rank 0] [INFO] Successfully reported epoch 15/20 (Acc: 90.37%) to global server.
2025-11-16 13:17:28,257 DDP_Script [Rank 0] [INFO] epoch 16 시작
2025-11-16 13:17:28,268 DDP_Script [Rank 0] [INFO] DataLoader created with batch_size=64, num_workers=4
2025-11-16 13:17:28,270 DDP_Script [Rank 0] [INFO] 모든 노드 중 max_steps = 1053
2025-11-16 13:17:28,270 DDP_Script [Rank 0] [INFO] local_steps=1053, global_steps=1053
2025-11-16 13:19:16,435 DDP_Script [Rank 0] [INFO] epoch 16 train step time: 108.16 seconds
2025-11-16 13:19:16,436 DDP_Script [Rank 0] [INFO] epoch 16 끝 (local_steps=1053, global_steps=1053)
2025-11-16 13:19:16,993 DDP_Script [Rank 0] [INFO] val acc 89.22%
2025-11-16 13:19:17,016 DDP_Script [Rank 0] [INFO] Saving checkpoint to ./checkpoints/job-119003435a41/latest_checkpoint.pth ...
2025-11-16 13:19:19,380 DDP_Script [Rank 0] [INFO] Successfully reported epoch 16/20 (Acc: 89.22%) to global server.
2025-11-16 13:19:19,381 DDP_Script [Rank 0] [INFO] epoch 17 시작
2025-11-16 13:19:19,393 DDP_Script [Rank 0] [INFO] DataLoader created with batch_size=64, num_workers=4
2025-11-16 13:19:19,394 DDP_Script [Rank 0] [INFO] 모든 노드 중 max_steps = 1053
2025-11-16 13:19:19,394 DDP_Script [Rank 0] [INFO] local_steps=1053, global_steps=1053
2025-11-16 13:21:07,887 DDP_Script [Rank 0] [INFO] epoch 17 train step time: 108.49 seconds
2025-11-16 13:21:07,888 DDP_Script [Rank 0] [INFO] epoch 17 끝 (local_steps=1053, global_steps=1053)
2025-11-16 13:21:08,447 DDP_Script [Rank 0] [INFO] val acc 90.02%
2025-11-16 13:21:08,483 DDP_Script [Rank 0] [INFO] Saving checkpoint to ./checkpoints/job-119003435a41/latest_checkpoint.pth ...
2025-11-16 13:21:10,445 DDP_Script [Rank 0] [INFO] Successfully reported epoch 17/20 (Acc: 90.02%) to global server.
2025-11-16 13:21:10,447 DDP_Script [Rank 0] [INFO] epoch 18 시작
2025-11-16 13:21:10,458 DDP_Script [Rank 0] [INFO] DataLoader created with batch_size=64, num_workers=4
2025-11-16 13:21:10,460 DDP_Script [Rank 0] [INFO] 모든 노드 중 max_steps = 1053
2025-11-16 13:21:10,460 DDP_Script [Rank 0] [INFO] local_steps=1053, global_steps=1053
2025-11-16 13:22:59,546 DDP_Script [Rank 0] [INFO] epoch 18 train step time: 109.09 seconds
2025-11-16 13:22:59,547 DDP_Script [Rank 0] [INFO] epoch 18 끝 (local_steps=1053, global_steps=1053)
2025-11-16 13:23:00,121 DDP_Script [Rank 0] [INFO] val acc 90.25%
2025-11-16 13:23:00,133 DDP_Script [Rank 0] [INFO] Saving checkpoint to ./checkpoints/job-119003435a41/latest_checkpoint.pth ...
2025-11-16 13:23:02,452 DDP_Script [Rank 0] [INFO] Successfully reported epoch 18/20 (Acc: 90.25%) to global server.
2025-11-16 13:23:02,453 DDP_Script [Rank 0] [INFO] epoch 19 시작
2025-11-16 13:23:02,462 DDP_Script [Rank 0] [INFO] DataLoader created with batch_size=64, num_workers=4
2025-11-16 13:23:02,464 DDP_Script [Rank 0] [INFO] 모든 노드 중 max_steps = 1053
2025-11-16 13:23:02,464 DDP_Script [Rank 0] [INFO] local_steps=1053, global_steps=1053
2025-11-16 13:24:50,798 DDP_Script [Rank 0] [INFO] epoch 19 train step time: 108.33 seconds
2025-11-16 13:24:50,799 DDP_Script [Rank 0] [INFO] epoch 19 끝 (local_steps=1053, global_steps=1053)
2025-11-16 13:24:51,378 DDP_Script [Rank 0] [INFO] val acc 90.48%
2025-11-16 13:24:51,429 DDP_Script [Rank 0] [INFO] Saving checkpoint to ./checkpoints/job-119003435a41/latest_checkpoint.pth ...
2025-11-16 13:24:53,705 DDP_Script [Rank 0] [INFO] Successfully reported epoch 19/20 (Acc: 90.48%) to global server.
2025-11-16 13:24:53,707 DDP_Script [Rank 0] [INFO] epoch 20 시작
2025-11-16 13:24:53,718 DDP_Script [Rank 0] [INFO] DataLoader created with batch_size=64, num_workers=4
2025-11-16 13:24:53,720 DDP_Script [Rank 0] [INFO] 모든 노드 중 max_steps = 1053
2025-11-16 13:24:53,720 DDP_Script [Rank 0] [INFO] local_steps=1053, global_steps=1053
2025-11-16 13:26:41,717 DDP_Script [Rank 0] [INFO] epoch 20 train step time: 108.00 seconds
2025-11-16 13:26:41,718 DDP_Script [Rank 0] [INFO] epoch 20 끝 (local_steps=1053, global_steps=1053)
2025-11-16 13:26:42,277 DDP_Script [Rank 0] [INFO] val acc 89.68%
2025-11-16 13:26:42,285 DDP_Script [Rank 0] [INFO] Saving checkpoint to ./checkpoints/job-119003435a41/latest_checkpoint.pth ...
2025-11-16 13:26:44,566 DDP_Script [Rank 0] [INFO] Successfully reported epoch 20/20 (Acc: 89.68%) to global server.
2025-11-16 13:26:44,567 DDP_Script [Rank 0] [INFO] Training completed successfully.
2025-11-16 13:26:44,582 DDP_Script [Rank 0] [INFO] Reported job completion to global server.
2025-11-16 13:26:44,582 DDP_Script [Rank 0] [INFO] Training loop finished.
