/nas2/data/dlwmznzl1/anaconda3/envs/Dist1/lib/python3.9/site-packages/torch/cuda/__init__.py:63: FutureWarning: The pynvml package is deprecated. Please install nvidia-ml-py instead. If you did not install pynvml directly, please report this to the maintainers of the package that installed pynvml for you.
  import pynvml  # type: ignore[import]
Current CUDA device index: 0
Current CUDA device name: NVIDIA RTX A5000
Master address: 163.180.160.62, port: 29587
2025-12-04 09:47:40,355 DDP_Script [Rank 0] [INFO] Node rank: 0, world size: 2
[Gloo] Rank 0 is connected to 1 peer ranks. Expected number of connected peer ranks is : 1
2025-12-04 09:47:40,427 DDP_Script [Rank 0] [INFO] Process group initialized: 163.180.160.62:29587
2025-12-04 09:47:40,427 DDP_Script [Rank 0] [INFO] Rank 0/2 initialized
2025-12-04 09:47:40,427 DDP_Script [Rank 0] [INFO] Rank 0 downloading tokenizer: distilbert-base-uncased
2025-12-04 09:47:41,439 DDP_Script [Rank 0] [INFO] Rank 0 downloading dataset: glue/sst2
2025-12-04 09:47:46,560 DDP_Script [Rank 0] [INFO] Tokenizing datasets...
2025-12-04 09:47:46,584 DDP_Script [Rank 0] [INFO] SST-2 Dataset and Tokenizer loaded.
2025-12-04 09:47:46,584 DDP_Script [Rank 0] [INFO] Rank 0 downloading model: distilbert-base-uncased
Some weights of DistilBertForSequenceClassification were not initialized from the model checkpoint at distilbert-base-uncased and are newly initialized: ['classifier.bias', 'classifier.weight', 'pre_classifier.bias', 'pre_classifier.weight']
You should probably TRAIN this model on a down-stream task to be able to use it for predictions and inference.
2025-12-04 09:47:51,937 DDP_Script [Rank 0] [INFO] Model (DistilBert), DDP, optimizer (AdamW) initialized
2025-12-04 09:47:51,961 DDP_Script [Rank 0] [INFO] Modules initialized
2025-12-04 09:47:51,962 DDP_Script [Rank 0] [INFO] Checkpoint directory created: ./checkpoints/job-abbd77c77b8f
2025-12-04 09:47:51,962 DDP_Script [Rank 0] [INFO] Starting training from scratch (epoch 1).
2025-12-04 09:47:51,967 DDP_Script [Rank 0] [INFO] epoch 1 시작
2025-12-04 09:47:51,991 DDP_Script [Rank 0] [INFO] DataLoader created with batch_size=32, num_workers=4
2025-12-04 09:47:52,013 DDP_Script [Rank 0] [INFO] 모든 노드 중 max_steps = 1053
2025-12-04 09:47:52,013 DDP_Script [Rank 0] [INFO] local_steps=1053, global_steps=1053
2025-12-04 09:52:01,034 DDP_Script [Rank 0] [INFO] epoch 1 train step time: 249.02 seconds
2025-12-04 09:52:01,036 DDP_Script [Rank 0] [INFO] epoch 1 끝 (local_steps=1053, global_steps=1053)
2025-12-04 09:52:01,395 DDP_Script [Rank 0] [INFO] val acc 89.68%
2025-12-04 09:52:01,409 DDP_Script [Rank 0] [INFO] Saving checkpoint to ./checkpoints/job-abbd77c77b8f/latest_checkpoint.pth ...
2025-12-04 09:52:03,489 DDP_Script [Rank 0] [INFO] Successfully reported epoch 1/20 (Acc: 89.68%) to global server.
2025-12-04 09:52:03,491 DDP_Script [Rank 0] [INFO] epoch 2 시작
2025-12-04 09:52:03,504 DDP_Script [Rank 0] [INFO] DataLoader created with batch_size=32, num_workers=4
2025-12-04 09:52:03,507 DDP_Script [Rank 0] [INFO] 모든 노드 중 max_steps = 1053
2025-12-04 09:52:03,507 DDP_Script [Rank 0] [INFO] local_steps=1053, global_steps=1053
2025-12-04 09:56:14,856 DDP_Script [Rank 0] [INFO] epoch 2 train step time: 251.35 seconds
2025-12-04 09:56:14,858 DDP_Script [Rank 0] [INFO] epoch 2 끝 (local_steps=1053, global_steps=1053)
2025-12-04 09:56:15,215 DDP_Script [Rank 0] [INFO] val acc 90.48%
2025-12-04 09:56:15,236 DDP_Script [Rank 0] [INFO] Saving checkpoint to ./checkpoints/job-abbd77c77b8f/latest_checkpoint.pth ...
2025-12-04 09:56:16,873 DDP_Script [Rank 0] [INFO] Successfully reported epoch 2/20 (Acc: 90.48%) to global server.
2025-12-04 09:56:16,876 DDP_Script [Rank 0] [INFO] epoch 3 시작
2025-12-04 09:56:16,893 DDP_Script [Rank 0] [INFO] DataLoader created with batch_size=32, num_workers=4
2025-12-04 09:56:16,895 DDP_Script [Rank 0] [INFO] 모든 노드 중 max_steps = 1053
2025-12-04 09:56:16,895 DDP_Script [Rank 0] [INFO] local_steps=1053, global_steps=1053
2025-12-04 10:00:28,698 DDP_Script [Rank 0] [INFO] epoch 3 train step time: 251.80 seconds
2025-12-04 10:00:28,700 DDP_Script [Rank 0] [INFO] epoch 3 끝 (local_steps=1053, global_steps=1053)
2025-12-04 10:00:29,065 DDP_Script [Rank 0] [INFO] val acc 90.71%
2025-12-04 10:00:29,082 DDP_Script [Rank 0] [INFO] Saving checkpoint to ./checkpoints/job-abbd77c77b8f/latest_checkpoint.pth ...
2025-12-04 10:00:30,720 DDP_Script [Rank 0] [INFO] Successfully reported epoch 3/20 (Acc: 90.71%) to global server.
2025-12-04 10:00:30,722 DDP_Script [Rank 0] [INFO] epoch 4 시작
2025-12-04 10:00:30,739 DDP_Script [Rank 0] [INFO] DataLoader created with batch_size=32, num_workers=4
2025-12-04 10:00:30,741 DDP_Script [Rank 0] [INFO] 모든 노드 중 max_steps = 1053
2025-12-04 10:00:30,741 DDP_Script [Rank 0] [INFO] local_steps=1053, global_steps=1053
2025-12-04 10:04:41,756 DDP_Script [Rank 0] [INFO] epoch 4 train step time: 251.01 seconds
2025-12-04 10:04:41,763 DDP_Script [Rank 0] [INFO] epoch 4 끝 (local_steps=1053, global_steps=1053)
2025-12-04 10:04:42,151 DDP_Script [Rank 0] [INFO] val acc 90.83%
2025-12-04 10:04:42,175 DDP_Script [Rank 0] [INFO] Saving checkpoint to ./checkpoints/job-abbd77c77b8f/latest_checkpoint.pth ...
2025-12-04 10:04:44,318 DDP_Script [Rank 0] [INFO] Successfully reported epoch 4/20 (Acc: 90.83%) to global server.
2025-12-04 10:04:44,347 DDP_Script [Rank 0] [INFO] epoch 5 시작
2025-12-04 10:04:44,368 DDP_Script [Rank 0] [INFO] DataLoader created with batch_size=32, num_workers=4
2025-12-04 10:04:44,370 DDP_Script [Rank 0] [INFO] 모든 노드 중 max_steps = 1053
2025-12-04 10:04:44,370 DDP_Script [Rank 0] [INFO] local_steps=1053, global_steps=1053
2025-12-04 10:08:54,033 DDP_Script [Rank 0] [INFO] epoch 5 train step time: 249.66 seconds
2025-12-04 10:08:54,037 DDP_Script [Rank 0] [INFO] epoch 5 끝 (local_steps=1053, global_steps=1053)
2025-12-04 10:08:54,383 DDP_Script [Rank 0] [INFO] val acc 89.91%
2025-12-04 10:08:54,404 DDP_Script [Rank 0] [INFO] Saving checkpoint to ./checkpoints/job-abbd77c77b8f/latest_checkpoint.pth ...
2025-12-04 10:08:56,825 DDP_Script [Rank 0] [INFO] Successfully reported epoch 5/20 (Acc: 89.91%) to global server.
2025-12-04 10:08:56,828 DDP_Script [Rank 0] [INFO] epoch 6 시작
2025-12-04 10:08:56,840 DDP_Script [Rank 0] [INFO] DataLoader created with batch_size=32, num_workers=4
2025-12-04 10:08:56,842 DDP_Script [Rank 0] [INFO] 모든 노드 중 max_steps = 1053
2025-12-04 10:08:56,842 DDP_Script [Rank 0] [INFO] local_steps=1053, global_steps=1053
2025-12-04 10:13:06,577 DDP_Script [Rank 0] [INFO] epoch 6 train step time: 249.73 seconds
2025-12-04 10:13:06,579 DDP_Script [Rank 0] [INFO] epoch 6 끝 (local_steps=1053, global_steps=1053)
2025-12-04 10:13:06,946 DDP_Script [Rank 0] [INFO] val acc 89.79%
2025-12-04 10:13:06,961 DDP_Script [Rank 0] [INFO] Saving checkpoint to ./checkpoints/job-abbd77c77b8f/latest_checkpoint.pth ...
2025-12-04 10:13:09,252 DDP_Script [Rank 0] [INFO] Successfully reported epoch 6/20 (Acc: 89.79%) to global server.
2025-12-04 10:13:09,254 DDP_Script [Rank 0] [INFO] epoch 7 시작
2025-12-04 10:13:09,267 DDP_Script [Rank 0] [INFO] DataLoader created with batch_size=32, num_workers=4
2025-12-04 10:13:09,270 DDP_Script [Rank 0] [INFO] 모든 노드 중 max_steps = 1053
2025-12-04 10:13:09,270 DDP_Script [Rank 0] [INFO] local_steps=1053, global_steps=1053
2025-12-04 10:17:20,676 DDP_Script [Rank 0] [INFO] epoch 7 train step time: 251.41 seconds
2025-12-04 10:17:20,683 DDP_Script [Rank 0] [INFO] epoch 7 끝 (local_steps=1053, global_steps=1053)
2025-12-04 10:17:21,083 DDP_Script [Rank 0] [INFO] val acc 89.56%
2025-12-04 10:17:21,097 DDP_Script [Rank 0] [INFO] Saving checkpoint to ./checkpoints/job-abbd77c77b8f/latest_checkpoint.pth ...
2025-12-04 10:17:23,450 DDP_Script [Rank 0] [INFO] Successfully reported epoch 7/20 (Acc: 89.56%) to global server.
2025-12-04 10:17:23,452 DDP_Script [Rank 0] [INFO] epoch 8 시작
2025-12-04 10:17:23,464 DDP_Script [Rank 0] [INFO] DataLoader created with batch_size=32, num_workers=4
2025-12-04 10:17:23,468 DDP_Script [Rank 0] [INFO] 모든 노드 중 max_steps = 1053
2025-12-04 10:17:23,468 DDP_Script [Rank 0] [INFO] local_steps=1053, global_steps=1053
2025-12-04 10:21:32,574 DDP_Script [Rank 0] [INFO] epoch 8 train step time: 249.11 seconds
2025-12-04 10:21:32,577 DDP_Script [Rank 0] [INFO] epoch 8 끝 (local_steps=1053, global_steps=1053)
2025-12-04 10:21:32,931 DDP_Script [Rank 0] [INFO] val acc 90.48%
2025-12-04 10:21:32,995 DDP_Script [Rank 0] [INFO] Saving checkpoint to ./checkpoints/job-abbd77c77b8f/latest_checkpoint.pth ...
2025-12-04 10:21:35,529 DDP_Script [Rank 0] [INFO] Successfully reported epoch 8/20 (Acc: 90.48%) to global server.
2025-12-04 10:21:35,531 DDP_Script [Rank 0] [INFO] epoch 9 시작
2025-12-04 10:21:35,563 DDP_Script [Rank 0] [INFO] DataLoader created with batch_size=32, num_workers=4
2025-12-04 10:21:35,564 DDP_Script [Rank 0] [INFO] 모든 노드 중 max_steps = 1053
2025-12-04 10:21:35,564 DDP_Script [Rank 0] [INFO] local_steps=1053, global_steps=1053
2025-12-04 10:25:46,847 DDP_Script [Rank 0] [INFO] epoch 9 train step time: 251.28 seconds
2025-12-04 10:25:46,854 DDP_Script [Rank 0] [INFO] epoch 9 끝 (local_steps=1053, global_steps=1053)
2025-12-04 10:25:47,198 DDP_Script [Rank 0] [INFO] val acc 90.71%
2025-12-04 10:25:47,207 DDP_Script [Rank 0] [INFO] Saving checkpoint to ./checkpoints/job-abbd77c77b8f/latest_checkpoint.pth ...
2025-12-04 10:25:49,489 DDP_Script [Rank 0] [INFO] Successfully reported epoch 9/20 (Acc: 90.71%) to global server.
2025-12-04 10:25:49,491 DDP_Script [Rank 0] [INFO] epoch 10 시작
2025-12-04 10:25:49,502 DDP_Script [Rank 0] [INFO] DataLoader created with batch_size=32, num_workers=4
2025-12-04 10:25:49,504 DDP_Script [Rank 0] [INFO] 모든 노드 중 max_steps = 1053
2025-12-04 10:25:49,504 DDP_Script [Rank 0] [INFO] local_steps=1053, global_steps=1053
2025-12-04 10:29:58,778 DDP_Script [Rank 0] [INFO] epoch 10 train step time: 249.27 seconds
2025-12-04 10:29:58,780 DDP_Script [Rank 0] [INFO] epoch 10 끝 (local_steps=1053, global_steps=1053)
2025-12-04 10:29:59,138 DDP_Script [Rank 0] [INFO] val acc 89.56%
2025-12-04 10:29:59,154 DDP_Script [Rank 0] [INFO] Saving checkpoint to ./checkpoints/job-abbd77c77b8f/latest_checkpoint.pth ...
2025-12-04 10:30:01,652 DDP_Script [Rank 0] [INFO] Successfully reported epoch 10/20 (Acc: 89.56%) to global server.
2025-12-04 10:30:01,654 DDP_Script [Rank 0] [INFO] epoch 11 시작
2025-12-04 10:30:01,684 DDP_Script [Rank 0] [INFO] DataLoader created with batch_size=32, num_workers=4
2025-12-04 10:30:01,686 DDP_Script [Rank 0] [INFO] 모든 노드 중 max_steps = 1053
2025-12-04 10:30:01,686 DDP_Script [Rank 0] [INFO] local_steps=1053, global_steps=1053
2025-12-04 10:34:10,647 DDP_Script [Rank 0] [INFO] epoch 11 train step time: 248.96 seconds
2025-12-04 10:34:10,649 DDP_Script [Rank 0] [INFO] epoch 11 끝 (local_steps=1053, global_steps=1053)
2025-12-04 10:34:11,014 DDP_Script [Rank 0] [INFO] val acc 87.61%
2025-12-04 10:34:11,035 DDP_Script [Rank 0] [INFO] Saving checkpoint to ./checkpoints/job-abbd77c77b8f/latest_checkpoint.pth ...
2025-12-04 10:34:13,162 DDP_Script [Rank 0] [INFO] Successfully reported epoch 11/20 (Acc: 87.61%) to global server.
2025-12-04 10:34:13,164 DDP_Script [Rank 0] [INFO] epoch 12 시작
2025-12-04 10:34:13,175 DDP_Script [Rank 0] [INFO] DataLoader created with batch_size=32, num_workers=4
2025-12-04 10:34:13,178 DDP_Script [Rank 0] [INFO] 모든 노드 중 max_steps = 1053
2025-12-04 10:34:13,178 DDP_Script [Rank 0] [INFO] local_steps=1053, global_steps=1053
2025-12-04 10:38:22,141 DDP_Script [Rank 0] [INFO] epoch 12 train step time: 248.96 seconds
2025-12-04 10:38:22,143 DDP_Script [Rank 0] [INFO] epoch 12 끝 (local_steps=1053, global_steps=1053)
2025-12-04 10:38:22,512 DDP_Script [Rank 0] [INFO] val acc 90.94%
2025-12-04 10:38:22,532 DDP_Script [Rank 0] [INFO] Saving checkpoint to ./checkpoints/job-abbd77c77b8f/latest_checkpoint.pth ...
2025-12-04 10:38:24,932 DDP_Script [Rank 0] [INFO] Successfully reported epoch 12/20 (Acc: 90.94%) to global server.
2025-12-04 10:38:24,934 DDP_Script [Rank 0] [INFO] epoch 13 시작
2025-12-04 10:38:24,945 DDP_Script [Rank 0] [INFO] DataLoader created with batch_size=32, num_workers=4
2025-12-04 10:38:24,948 DDP_Script [Rank 0] [INFO] 모든 노드 중 max_steps = 1053
2025-12-04 10:38:24,948 DDP_Script [Rank 0] [INFO] local_steps=1053, global_steps=1053
2025-12-04 10:42:34,792 DDP_Script [Rank 0] [INFO] epoch 13 train step time: 249.84 seconds
2025-12-04 10:42:34,794 DDP_Script [Rank 0] [INFO] epoch 13 끝 (local_steps=1053, global_steps=1053)
2025-12-04 10:42:35,157 DDP_Script [Rank 0] [INFO] val acc 90.02%
2025-12-04 10:42:35,180 DDP_Script [Rank 0] [INFO] Saving checkpoint to ./checkpoints/job-abbd77c77b8f/latest_checkpoint.pth ...
2025-12-04 10:42:37,507 DDP_Script [Rank 0] [INFO] Successfully reported epoch 13/20 (Acc: 90.02%) to global server.
2025-12-04 10:42:37,509 DDP_Script [Rank 0] [INFO] epoch 14 시작
2025-12-04 10:42:37,523 DDP_Script [Rank 0] [INFO] DataLoader created with batch_size=32, num_workers=4
2025-12-04 10:42:37,524 DDP_Script [Rank 0] [INFO] 모든 노드 중 max_steps = 1053
2025-12-04 10:42:37,525 DDP_Script [Rank 0] [INFO] local_steps=1053, global_steps=1053
2025-12-04 10:46:47,820 DDP_Script [Rank 0] [INFO] epoch 14 train step time: 250.29 seconds
2025-12-04 10:46:47,825 DDP_Script [Rank 0] [INFO] epoch 14 끝 (local_steps=1053, global_steps=1053)
2025-12-04 10:46:48,203 DDP_Script [Rank 0] [INFO] val acc 89.22%
2025-12-04 10:46:48,224 DDP_Script [Rank 0] [INFO] Saving checkpoint to ./checkpoints/job-abbd77c77b8f/latest_checkpoint.pth ...
2025-12-04 10:46:50,641 DDP_Script [Rank 0] [INFO] Successfully reported epoch 14/20 (Acc: 89.22%) to global server.
2025-12-04 10:46:50,644 DDP_Script [Rank 0] [INFO] epoch 15 시작
2025-12-04 10:46:50,663 DDP_Script [Rank 0] [INFO] DataLoader created with batch_size=32, num_workers=4
2025-12-04 10:46:50,665 DDP_Script [Rank 0] [INFO] 모든 노드 중 max_steps = 1053
2025-12-04 10:46:50,665 DDP_Script [Rank 0] [INFO] local_steps=1053, global_steps=1053
2025-12-04 10:51:00,632 DDP_Script [Rank 0] [INFO] epoch 15 train step time: 249.97 seconds
2025-12-04 10:51:00,637 DDP_Script [Rank 0] [INFO] epoch 15 끝 (local_steps=1053, global_steps=1053)
2025-12-04 10:51:01,017 DDP_Script [Rank 0] [INFO] val acc 90.48%
2025-12-04 10:51:01,039 DDP_Script [Rank 0] [INFO] Saving checkpoint to ./checkpoints/job-abbd77c77b8f/latest_checkpoint.pth ...
2025-12-04 10:51:03,425 DDP_Script [Rank 0] [INFO] Successfully reported epoch 15/20 (Acc: 90.48%) to global server.
2025-12-04 10:51:03,428 DDP_Script [Rank 0] [INFO] epoch 16 시작
2025-12-04 10:51:03,449 DDP_Script [Rank 0] [INFO] DataLoader created with batch_size=32, num_workers=4
2025-12-04 10:51:03,450 DDP_Script [Rank 0] [INFO] 모든 노드 중 max_steps = 1053
2025-12-04 10:51:03,451 DDP_Script [Rank 0] [INFO] local_steps=1053, global_steps=1053
2025-12-04 10:55:14,837 DDP_Script [Rank 0] [INFO] epoch 16 train step time: 251.39 seconds
2025-12-04 10:55:14,839 DDP_Script [Rank 0] [INFO] epoch 16 끝 (local_steps=1053, global_steps=1053)
2025-12-04 10:55:15,205 DDP_Script [Rank 0] [INFO] val acc 89.45%
2025-12-04 10:55:15,233 DDP_Script [Rank 0] [INFO] Saving checkpoint to ./checkpoints/job-abbd77c77b8f/latest_checkpoint.pth ...
2025-12-04 10:55:17,647 DDP_Script [Rank 0] [INFO] Successfully reported epoch 16/20 (Acc: 89.45%) to global server.
2025-12-04 10:55:17,649 DDP_Script [Rank 0] [INFO] epoch 17 시작
2025-12-04 10:55:17,661 DDP_Script [Rank 0] [INFO] DataLoader created with batch_size=32, num_workers=4
2025-12-04 10:55:17,664 DDP_Script [Rank 0] [INFO] 모든 노드 중 max_steps = 1053
2025-12-04 10:55:17,664 DDP_Script [Rank 0] [INFO] local_steps=1053, global_steps=1053
2025-12-04 10:59:29,585 DDP_Script [Rank 0] [INFO] epoch 17 train step time: 251.92 seconds
2025-12-04 10:59:29,589 DDP_Script [Rank 0] [INFO] epoch 17 끝 (local_steps=1053, global_steps=1053)
2025-12-04 10:59:29,969 DDP_Script [Rank 0] [INFO] val acc 89.33%
2025-12-04 10:59:29,996 DDP_Script [Rank 0] [INFO] Saving checkpoint to ./checkpoints/job-abbd77c77b8f/latest_checkpoint.pth ...
2025-12-04 10:59:32,427 DDP_Script [Rank 0] [INFO] Successfully reported epoch 17/20 (Acc: 89.33%) to global server.
2025-12-04 10:59:32,429 DDP_Script [Rank 0] [INFO] epoch 18 시작
2025-12-04 10:59:32,445 DDP_Script [Rank 0] [INFO] DataLoader created with batch_size=32, num_workers=4
2025-12-04 10:59:32,447 DDP_Script [Rank 0] [INFO] 모든 노드 중 max_steps = 1053
2025-12-04 10:59:32,447 DDP_Script [Rank 0] [INFO] local_steps=1053, global_steps=1053
2025-12-04 11:03:44,452 DDP_Script [Rank 0] [INFO] epoch 18 train step time: 252.00 seconds
2025-12-04 11:03:44,454 DDP_Script [Rank 0] [INFO] epoch 18 끝 (local_steps=1053, global_steps=1053)
2025-12-04 11:03:44,824 DDP_Script [Rank 0] [INFO] val acc 88.88%
2025-12-04 11:03:44,838 DDP_Script [Rank 0] [INFO] Saving checkpoint to ./checkpoints/job-abbd77c77b8f/latest_checkpoint.pth ...
2025-12-04 11:03:47,215 DDP_Script [Rank 0] [INFO] Successfully reported epoch 18/20 (Acc: 88.88%) to global server.
2025-12-04 11:03:47,217 DDP_Script [Rank 0] [INFO] epoch 19 시작
2025-12-04 11:03:47,229 DDP_Script [Rank 0] [INFO] DataLoader created with batch_size=32, num_workers=4
2025-12-04 11:03:47,231 DDP_Script [Rank 0] [INFO] 모든 노드 중 max_steps = 1053
2025-12-04 11:03:47,231 DDP_Script [Rank 0] [INFO] local_steps=1053, global_steps=1053
2025-12-04 11:07:57,778 DDP_Script [Rank 0] [INFO] epoch 19 train step time: 250.55 seconds
2025-12-04 11:07:57,780 DDP_Script [Rank 0] [INFO] epoch 19 끝 (local_steps=1053, global_steps=1053)
2025-12-04 11:07:58,152 DDP_Script [Rank 0] [INFO] val acc 89.68%
2025-12-04 11:07:58,185 DDP_Script [Rank 0] [INFO] Saving checkpoint to ./checkpoints/job-abbd77c77b8f/latest_checkpoint.pth ...
2025-12-04 11:08:00,664 DDP_Script [Rank 0] [INFO] Successfully reported epoch 19/20 (Acc: 89.68%) to global server.
2025-12-04 11:08:00,666 DDP_Script [Rank 0] [INFO] epoch 20 시작
2025-12-04 11:08:00,678 DDP_Script [Rank 0] [INFO] DataLoader created with batch_size=32, num_workers=4
2025-12-04 11:08:00,682 DDP_Script [Rank 0] [INFO] 모든 노드 중 max_steps = 1053
2025-12-04 11:08:00,682 DDP_Script [Rank 0] [INFO] local_steps=1053, global_steps=1053
2025-12-04 11:12:10,883 DDP_Script [Rank 0] [INFO] epoch 20 train step time: 250.20 seconds
2025-12-04 11:12:10,897 DDP_Script [Rank 0] [INFO] epoch 20 끝 (local_steps=1053, global_steps=1053)
2025-12-04 11:12:11,286 DDP_Script [Rank 0] [INFO] val acc 89.45%
2025-12-04 11:12:11,319 DDP_Script [Rank 0] [INFO] Saving checkpoint to ./checkpoints/job-abbd77c77b8f/latest_checkpoint.pth ...
2025-12-04 11:12:13,684 DDP_Script [Rank 0] [INFO] Successfully reported epoch 20/20 (Acc: 89.45%) to global server.
2025-12-04 11:12:13,687 DDP_Script [Rank 0] [INFO] Training completed successfully.
2025-12-04 11:12:13,697 DDP_Script [Rank 0] [INFO] Reported job completion to global server.
2025-12-04 11:12:13,697 DDP_Script [Rank 0] [INFO] Training loop finished.
