/nas2/data/dlwmznzl1/anaconda3/envs/Dist1/lib/python3.9/site-packages/torch/cuda/__init__.py:63: FutureWarning: The pynvml package is deprecated. Please install nvidia-ml-py instead. If you did not install pynvml directly, please report this to the maintainers of the package that installed pynvml for you.
  import pynvml  # type: ignore[import]
Current CUDA device index: 0
Current CUDA device name: NVIDIA RTX A5000
Master address: 163.180.160.62, port: 29579
2025-11-17 23:20:52,425 DDP_Script [Rank 0] [INFO] Node rank: 0, world size: 2
[Gloo] Rank 0 is connected to 1 peer ranks. Expected number of connected peer ranks is : 1
2025-11-17 23:20:55,896 DDP_Script [Rank 0] [INFO] Process group initialized: 163.180.160.62:29579
2025-11-17 23:20:55,896 DDP_Script [Rank 0] [INFO] Rank 0/2 initialized
2025-11-17 23:20:55,897 DDP_Script [Rank 0] [INFO] Rank 0 downloading tokenizer: distilbert-base-uncased
2025-11-17 23:20:57,648 DDP_Script [Rank 0] [INFO] Rank 0 downloading dataset: glue/sst2
2025-11-17 23:21:01,980 DDP_Script [Rank 0] [INFO] Tokenizing datasets...
2025-11-17 23:21:02,006 DDP_Script [Rank 0] [INFO] SST-2 Dataset and Tokenizer loaded.
2025-11-17 23:21:02,006 DDP_Script [Rank 0] [INFO] Rank 0 downloading model: distilbert-base-uncased
Some weights of DistilBertForSequenceClassification were not initialized from the model checkpoint at distilbert-base-uncased and are newly initialized: ['classifier.bias', 'classifier.weight', 'pre_classifier.bias', 'pre_classifier.weight']
You should probably TRAIN this model on a down-stream task to be able to use it for predictions and inference.
2025-11-17 23:21:08,114 DDP_Script [Rank 0] [INFO] Model (DistilBert), DDP, optimizer (AdamW) initialized
2025-11-17 23:21:08,150 DDP_Script [Rank 0] [INFO] Modules initialized
2025-11-17 23:21:08,152 DDP_Script [Rank 0] [INFO] Checkpoint directory created: ./checkpoints/job-60dfa6b026d1
2025-11-17 23:21:08,152 DDP_Script [Rank 0] [INFO] Starting training from scratch (epoch 1).
2025-11-17 23:21:08,152 DDP_Script [Rank 0] [INFO] epoch 1 시작
2025-11-17 23:21:08,174 DDP_Script [Rank 0] [INFO] DataLoader created with batch_size=16, num_workers=4
2025-11-17 23:21:08,194 DDP_Script [Rank 0] [INFO] 모든 노드 중 max_steps = 2105
2025-11-17 23:21:08,195 DDP_Script [Rank 0] [INFO] local_steps=2105, global_steps=2105
2025-11-17 23:32:21,055 DDP_Script [Rank 0] [INFO] epoch 1 train step time: 672.86 seconds
2025-11-17 23:32:21,058 DDP_Script [Rank 0] [INFO] epoch 1 끝 (local_steps=2105, global_steps=2105)
2025-11-17 23:32:21,481 DDP_Script [Rank 0] [INFO] val acc 90.48%
2025-11-17 23:32:21,507 DDP_Script [Rank 0] [INFO] Saving checkpoint to ./checkpoints/job-60dfa6b026d1/latest_checkpoint.pth ...
2025-11-17 23:32:24,904 DDP_Script [Rank 0] [INFO] Successfully reported epoch 1/20 (Acc: 90.48%) to global server.
2025-11-17 23:32:24,906 DDP_Script [Rank 0] [INFO] epoch 2 시작
2025-11-17 23:32:24,918 DDP_Script [Rank 0] [INFO] DataLoader created with batch_size=16, num_workers=4
2025-11-17 23:32:24,921 DDP_Script [Rank 0] [INFO] 모든 노드 중 max_steps = 2105
2025-11-17 23:32:24,921 DDP_Script [Rank 0] [INFO] local_steps=2105, global_steps=2105
2025-11-17 23:43:37,392 DDP_Script [Rank 0] [INFO] epoch 2 train step time: 672.47 seconds
2025-11-17 23:43:37,394 DDP_Script [Rank 0] [INFO] epoch 2 끝 (local_steps=2105, global_steps=2105)
2025-11-17 23:43:37,809 DDP_Script [Rank 0] [INFO] val acc 90.48%
2025-11-17 23:43:37,835 DDP_Script [Rank 0] [INFO] Saving checkpoint to ./checkpoints/job-60dfa6b026d1/latest_checkpoint.pth ...
2025-11-17 23:43:40,364 DDP_Script [Rank 0] [INFO] Successfully reported epoch 2/20 (Acc: 90.48%) to global server.
2025-11-17 23:43:40,366 DDP_Script [Rank 0] [INFO] epoch 3 시작
2025-11-17 23:43:40,382 DDP_Script [Rank 0] [INFO] DataLoader created with batch_size=16, num_workers=4
2025-11-17 23:43:40,384 DDP_Script [Rank 0] [INFO] 모든 노드 중 max_steps = 2105
2025-11-17 23:43:40,385 DDP_Script [Rank 0] [INFO] local_steps=2105, global_steps=2105
2025-11-17 23:55:03,267 DDP_Script [Rank 0] [INFO] epoch 3 train step time: 682.88 seconds
2025-11-17 23:55:03,270 DDP_Script [Rank 0] [INFO] epoch 3 끝 (local_steps=2105, global_steps=2105)
2025-11-17 23:55:03,691 DDP_Script [Rank 0] [INFO] val acc 90.02%
2025-11-17 23:55:03,708 DDP_Script [Rank 0] [INFO] Saving checkpoint to ./checkpoints/job-60dfa6b026d1/latest_checkpoint.pth ...
2025-11-17 23:55:06,382 DDP_Script [Rank 0] [INFO] Successfully reported epoch 3/20 (Acc: 90.02%) to global server.
2025-11-17 23:55:06,384 DDP_Script [Rank 0] [INFO] epoch 4 시작
2025-11-17 23:55:06,397 DDP_Script [Rank 0] [INFO] DataLoader created with batch_size=16, num_workers=4
2025-11-17 23:55:06,399 DDP_Script [Rank 0] [INFO] 모든 노드 중 max_steps = 2105
2025-11-17 23:55:06,399 DDP_Script [Rank 0] [INFO] local_steps=2105, global_steps=2105
2025-11-18 00:07:04,185 DDP_Script [Rank 0] [INFO] epoch 4 train step time: 717.79 seconds
2025-11-18 00:07:04,187 DDP_Script [Rank 0] [INFO] epoch 4 끝 (local_steps=2105, global_steps=2105)
2025-11-18 00:07:04,605 DDP_Script [Rank 0] [INFO] val acc 90.60%
2025-11-18 00:07:04,625 DDP_Script [Rank 0] [INFO] Saving checkpoint to ./checkpoints/job-60dfa6b026d1/latest_checkpoint.pth ...
2025-11-18 00:07:07,247 DDP_Script [Rank 0] [INFO] Successfully reported epoch 4/20 (Acc: 90.60%) to global server.
2025-11-18 00:07:07,249 DDP_Script [Rank 0] [INFO] epoch 5 시작
2025-11-18 00:07:07,263 DDP_Script [Rank 0] [INFO] DataLoader created with batch_size=16, num_workers=4
2025-11-18 00:07:07,265 DDP_Script [Rank 0] [INFO] 모든 노드 중 max_steps = 2105
2025-11-18 00:07:07,265 DDP_Script [Rank 0] [INFO] local_steps=2105, global_steps=2105
2025-11-18 00:18:49,121 DDP_Script [Rank 0] [INFO] epoch 5 train step time: 701.86 seconds
2025-11-18 00:18:49,124 DDP_Script [Rank 0] [INFO] epoch 5 끝 (local_steps=2105, global_steps=2105)
2025-11-18 00:18:49,553 DDP_Script [Rank 0] [INFO] val acc 90.02%
2025-11-18 00:18:49,576 DDP_Script [Rank 0] [INFO] Saving checkpoint to ./checkpoints/job-60dfa6b026d1/latest_checkpoint.pth ...
2025-11-18 00:18:52,186 DDP_Script [Rank 0] [INFO] Successfully reported epoch 5/20 (Acc: 90.02%) to global server.
2025-11-18 00:18:52,188 DDP_Script [Rank 0] [INFO] epoch 6 시작
2025-11-18 00:18:52,199 DDP_Script [Rank 0] [INFO] DataLoader created with batch_size=16, num_workers=4
2025-11-18 00:18:52,202 DDP_Script [Rank 0] [INFO] 모든 노드 중 max_steps = 2105
2025-11-18 00:18:52,202 DDP_Script [Rank 0] [INFO] local_steps=2105, global_steps=2105
2025-11-18 00:30:59,654 DDP_Script [Rank 0] [INFO] epoch 6 train step time: 727.45 seconds
2025-11-18 00:30:59,657 DDP_Script [Rank 0] [INFO] epoch 6 끝 (local_steps=2105, global_steps=2105)
2025-11-18 00:31:00,096 DDP_Script [Rank 0] [INFO] val acc 89.79%
2025-11-18 00:31:00,117 DDP_Script [Rank 0] [INFO] Saving checkpoint to ./checkpoints/job-60dfa6b026d1/latest_checkpoint.pth ...
2025-11-18 00:31:02,792 DDP_Script [Rank 0] [INFO] Successfully reported epoch 6/20 (Acc: 89.79%) to global server.
2025-11-18 00:31:02,795 DDP_Script [Rank 0] [INFO] epoch 7 시작
2025-11-18 00:31:02,814 DDP_Script [Rank 0] [INFO] DataLoader created with batch_size=16, num_workers=4
2025-11-18 00:31:02,816 DDP_Script [Rank 0] [INFO] 모든 노드 중 max_steps = 2105
2025-11-18 00:31:02,816 DDP_Script [Rank 0] [INFO] local_steps=2105, global_steps=2105
2025-11-18 00:42:56,505 DDP_Script [Rank 0] [INFO] epoch 7 train step time: 713.69 seconds
2025-11-18 00:42:56,508 DDP_Script [Rank 0] [INFO] epoch 7 끝 (local_steps=2105, global_steps=2105)
2025-11-18 00:42:56,925 DDP_Script [Rank 0] [INFO] val acc 90.48%
2025-11-18 00:42:56,939 DDP_Script [Rank 0] [INFO] Saving checkpoint to ./checkpoints/job-60dfa6b026d1/latest_checkpoint.pth ...
2025-11-18 00:42:59,539 DDP_Script [Rank 0] [INFO] Successfully reported epoch 7/20 (Acc: 90.48%) to global server.
2025-11-18 00:42:59,542 DDP_Script [Rank 0] [INFO] epoch 8 시작
2025-11-18 00:42:59,559 DDP_Script [Rank 0] [INFO] DataLoader created with batch_size=16, num_workers=4
2025-11-18 00:42:59,562 DDP_Script [Rank 0] [INFO] 모든 노드 중 max_steps = 2105
2025-11-18 00:42:59,562 DDP_Script [Rank 0] [INFO] local_steps=2105, global_steps=2105
2025-11-18 00:54:53,099 DDP_Script [Rank 0] [INFO] epoch 8 train step time: 713.54 seconds
2025-11-18 00:54:53,102 DDP_Script [Rank 0] [INFO] epoch 8 끝 (local_steps=2105, global_steps=2105)
2025-11-18 00:54:53,482 DDP_Script [Rank 0] [INFO] val acc 89.91%
2025-11-18 00:54:53,499 DDP_Script [Rank 0] [INFO] Saving checkpoint to ./checkpoints/job-60dfa6b026d1/latest_checkpoint.pth ...
2025-11-18 00:54:55,395 DDP_Script [Rank 0] [INFO] Successfully reported epoch 8/20 (Acc: 89.91%) to global server.
2025-11-18 00:54:55,397 DDP_Script [Rank 0] [INFO] epoch 9 시작
2025-11-18 00:54:55,413 DDP_Script [Rank 0] [INFO] DataLoader created with batch_size=16, num_workers=4
2025-11-18 00:54:55,416 DDP_Script [Rank 0] [INFO] 모든 노드 중 max_steps = 2105
2025-11-18 00:54:55,416 DDP_Script [Rank 0] [INFO] local_steps=2105, global_steps=2105
2025-11-18 01:06:26,914 DDP_Script [Rank 0] [INFO] epoch 9 train step time: 691.50 seconds
2025-11-18 01:06:26,917 DDP_Script [Rank 0] [INFO] epoch 9 끝 (local_steps=2105, global_steps=2105)
2025-11-18 01:06:27,402 DDP_Script [Rank 0] [INFO] val acc 88.88%
2025-11-18 01:06:27,425 DDP_Script [Rank 0] [INFO] Saving checkpoint to ./checkpoints/job-60dfa6b026d1/latest_checkpoint.pth ...
2025-11-18 01:06:30,049 DDP_Script [Rank 0] [INFO] Successfully reported epoch 9/20 (Acc: 88.88%) to global server.
2025-11-18 01:06:30,050 DDP_Script [Rank 0] [INFO] epoch 10 시작
2025-11-18 01:06:30,069 DDP_Script [Rank 0] [INFO] DataLoader created with batch_size=16, num_workers=4
2025-11-18 01:06:30,072 DDP_Script [Rank 0] [INFO] 모든 노드 중 max_steps = 2105
2025-11-18 01:06:30,072 DDP_Script [Rank 0] [INFO] local_steps=2105, global_steps=2105
2025-11-18 01:18:23,226 DDP_Script [Rank 0] [INFO] epoch 10 train step time: 713.15 seconds
2025-11-18 01:18:23,229 DDP_Script [Rank 0] [INFO] epoch 10 끝 (local_steps=2105, global_steps=2105)
2025-11-18 01:18:24,057 DDP_Script [Rank 0] [INFO] val acc 90.37%
2025-11-18 01:18:24,078 DDP_Script [Rank 0] [INFO] Saving checkpoint to ./checkpoints/job-60dfa6b026d1/latest_checkpoint.pth ...
2025-11-18 01:18:28,222 DDP_Script [Rank 0] [INFO] Successfully reported epoch 10/20 (Acc: 90.37%) to global server.
2025-11-18 01:18:28,225 DDP_Script [Rank 0] [INFO] epoch 11 시작
2025-11-18 01:18:28,246 DDP_Script [Rank 0] [INFO] DataLoader created with batch_size=16, num_workers=4
2025-11-18 01:18:28,248 DDP_Script [Rank 0] [INFO] 모든 노드 중 max_steps = 2105
2025-11-18 01:18:28,248 DDP_Script [Rank 0] [INFO] local_steps=2105, global_steps=2105
2025-11-18 01:30:23,905 DDP_Script [Rank 0] [INFO] epoch 11 train step time: 715.66 seconds
2025-11-18 01:30:23,908 DDP_Script [Rank 0] [INFO] epoch 11 끝 (local_steps=2105, global_steps=2105)
2025-11-18 01:30:24,361 DDP_Script [Rank 0] [INFO] val acc 89.45%
2025-11-18 01:30:24,392 DDP_Script [Rank 0] [INFO] Saving checkpoint to ./checkpoints/job-60dfa6b026d1/latest_checkpoint.pth ...
2025-11-18 01:30:27,233 DDP_Script [Rank 0] [INFO] Successfully reported epoch 11/20 (Acc: 89.45%) to global server.
2025-11-18 01:30:27,235 DDP_Script [Rank 0] [INFO] epoch 12 시작
2025-11-18 01:30:27,252 DDP_Script [Rank 0] [INFO] DataLoader created with batch_size=16, num_workers=4
2025-11-18 01:30:27,255 DDP_Script [Rank 0] [INFO] 모든 노드 중 max_steps = 2105
2025-11-18 01:30:27,255 DDP_Script [Rank 0] [INFO] local_steps=2105, global_steps=2105
2025-11-18 01:42:31,671 DDP_Script [Rank 0] [INFO] epoch 12 train step time: 724.42 seconds
2025-11-18 01:42:31,673 DDP_Script [Rank 0] [INFO] epoch 12 끝 (local_steps=2105, global_steps=2105)
2025-11-18 01:42:32,057 DDP_Script [Rank 0] [INFO] val acc 89.33%
2025-11-18 01:42:32,071 DDP_Script [Rank 0] [INFO] Saving checkpoint to ./checkpoints/job-60dfa6b026d1/latest_checkpoint.pth ...
2025-11-18 01:42:34,440 DDP_Script [Rank 0] [INFO] Successfully reported epoch 12/20 (Acc: 89.33%) to global server.
2025-11-18 01:42:34,443 DDP_Script [Rank 0] [INFO] epoch 13 시작
2025-11-18 01:42:34,455 DDP_Script [Rank 0] [INFO] DataLoader created with batch_size=16, num_workers=4
2025-11-18 01:42:34,462 DDP_Script [Rank 0] [INFO] 모든 노드 중 max_steps = 2105
2025-11-18 01:42:34,462 DDP_Script [Rank 0] [INFO] local_steps=2105, global_steps=2105
2025-11-18 01:55:03,629 DDP_Script [Rank 0] [INFO] epoch 13 train step time: 749.17 seconds
2025-11-18 01:55:03,631 DDP_Script [Rank 0] [INFO] epoch 13 끝 (local_steps=2105, global_steps=2105)
2025-11-18 01:55:04,032 DDP_Script [Rank 0] [INFO] val acc 89.91%
2025-11-18 01:55:04,060 DDP_Script [Rank 0] [INFO] Saving checkpoint to ./checkpoints/job-60dfa6b026d1/latest_checkpoint.pth ...
2025-11-18 01:55:06,012 DDP_Script [Rank 0] [INFO] Successfully reported epoch 13/20 (Acc: 89.91%) to global server.
2025-11-18 01:55:06,014 DDP_Script [Rank 0] [INFO] epoch 14 시작
2025-11-18 01:55:06,026 DDP_Script [Rank 0] [INFO] DataLoader created with batch_size=16, num_workers=4
2025-11-18 01:55:06,028 DDP_Script [Rank 0] [INFO] 모든 노드 중 max_steps = 2105
2025-11-18 01:55:06,028 DDP_Script [Rank 0] [INFO] local_steps=2105, global_steps=2105
2025-11-18 02:07:11,769 DDP_Script [Rank 0] [INFO] epoch 14 train step time: 725.74 seconds
2025-11-18 02:07:11,771 DDP_Script [Rank 0] [INFO] epoch 14 끝 (local_steps=2105, global_steps=2105)
2025-11-18 02:07:12,176 DDP_Script [Rank 0] [INFO] val acc 89.56%
2025-11-18 02:07:12,196 DDP_Script [Rank 0] [INFO] Saving checkpoint to ./checkpoints/job-60dfa6b026d1/latest_checkpoint.pth ...
2025-11-18 02:07:14,144 DDP_Script [Rank 0] [INFO] Successfully reported epoch 14/20 (Acc: 89.56%) to global server.
2025-11-18 02:07:14,146 DDP_Script [Rank 0] [INFO] epoch 15 시작
2025-11-18 02:07:14,158 DDP_Script [Rank 0] [INFO] DataLoader created with batch_size=16, num_workers=4
2025-11-18 02:07:14,162 DDP_Script [Rank 0] [INFO] 모든 노드 중 max_steps = 2105
2025-11-18 02:07:14,162 DDP_Script [Rank 0] [INFO] local_steps=2105, global_steps=2105
2025-11-18 02:19:03,578 DDP_Script [Rank 0] [INFO] epoch 15 train step time: 709.41 seconds
2025-11-18 02:19:03,580 DDP_Script [Rank 0] [INFO] epoch 15 끝 (local_steps=2105, global_steps=2105)
2025-11-18 02:19:03,991 DDP_Script [Rank 0] [INFO] val acc 89.56%
2025-11-18 02:19:04,036 DDP_Script [Rank 0] [INFO] Saving checkpoint to ./checkpoints/job-60dfa6b026d1/latest_checkpoint.pth ...
2025-11-18 02:19:06,220 DDP_Script [Rank 0] [INFO] Successfully reported epoch 15/20 (Acc: 89.56%) to global server.
2025-11-18 02:19:06,222 DDP_Script [Rank 0] [INFO] epoch 16 시작
2025-11-18 02:19:06,234 DDP_Script [Rank 0] [INFO] DataLoader created with batch_size=16, num_workers=4
2025-11-18 02:19:06,237 DDP_Script [Rank 0] [INFO] 모든 노드 중 max_steps = 2105
2025-11-18 02:19:06,237 DDP_Script [Rank 0] [INFO] local_steps=2105, global_steps=2105
2025-11-18 02:30:55,753 DDP_Script [Rank 0] [INFO] epoch 16 train step time: 709.52 seconds
2025-11-18 02:30:55,755 DDP_Script [Rank 0] [INFO] epoch 16 끝 (local_steps=2105, global_steps=2105)
2025-11-18 02:30:56,143 DDP_Script [Rank 0] [INFO] val acc 88.99%
2025-11-18 02:30:56,166 DDP_Script [Rank 0] [INFO] Saving checkpoint to ./checkpoints/job-60dfa6b026d1/latest_checkpoint.pth ...
2025-11-18 02:30:58,078 DDP_Script [Rank 0] [INFO] Successfully reported epoch 16/20 (Acc: 88.99%) to global server.
2025-11-18 02:30:58,080 DDP_Script [Rank 0] [INFO] epoch 17 시작
2025-11-18 02:30:58,091 DDP_Script [Rank 0] [INFO] DataLoader created with batch_size=16, num_workers=4
2025-11-18 02:30:58,102 DDP_Script [Rank 0] [INFO] 모든 노드 중 max_steps = 2105
2025-11-18 02:30:58,102 DDP_Script [Rank 0] [INFO] local_steps=2105, global_steps=2105
2025-11-18 02:42:15,160 DDP_Script [Rank 0] [INFO] epoch 17 train step time: 677.06 seconds
2025-11-18 02:42:15,162 DDP_Script [Rank 0] [INFO] epoch 17 끝 (local_steps=2105, global_steps=2105)
2025-11-18 02:42:15,568 DDP_Script [Rank 0] [INFO] val acc 89.33%
2025-11-18 02:42:15,580 DDP_Script [Rank 0] [INFO] Saving checkpoint to ./checkpoints/job-60dfa6b026d1/latest_checkpoint.pth ...
2025-11-18 02:42:17,674 DDP_Script [Rank 0] [INFO] Successfully reported epoch 17/20 (Acc: 89.33%) to global server.
2025-11-18 02:42:17,676 DDP_Script [Rank 0] [INFO] epoch 18 시작
2025-11-18 02:42:17,687 DDP_Script [Rank 0] [INFO] DataLoader created with batch_size=16, num_workers=4
2025-11-18 02:42:17,690 DDP_Script [Rank 0] [INFO] 모든 노드 중 max_steps = 2105
2025-11-18 02:42:17,690 DDP_Script [Rank 0] [INFO] local_steps=2105, global_steps=2105
2025-11-18 02:53:25,375 DDP_Script [Rank 0] [INFO] epoch 18 train step time: 667.68 seconds
2025-11-18 02:53:25,378 DDP_Script [Rank 0] [INFO] epoch 18 끝 (local_steps=2105, global_steps=2105)
2025-11-18 02:53:25,817 DDP_Script [Rank 0] [INFO] val acc 90.37%
2025-11-18 02:53:25,997 DDP_Script [Rank 0] [INFO] Saving checkpoint to ./checkpoints/job-60dfa6b026d1/latest_checkpoint.pth ...
2025-11-18 02:53:28,477 DDP_Script [Rank 0] [INFO] Successfully reported epoch 18/20 (Acc: 90.37%) to global server.
2025-11-18 02:53:28,479 DDP_Script [Rank 0] [INFO] epoch 19 시작
2025-11-18 02:53:28,494 DDP_Script [Rank 0] [INFO] DataLoader created with batch_size=16, num_workers=4
2025-11-18 02:53:28,497 DDP_Script [Rank 0] [INFO] 모든 노드 중 max_steps = 2105
2025-11-18 02:53:28,497 DDP_Script [Rank 0] [INFO] local_steps=2105, global_steps=2105
2025-11-18 03:04:30,727 DDP_Script [Rank 0] [INFO] epoch 19 train step time: 662.23 seconds
2025-11-18 03:04:30,730 DDP_Script [Rank 0] [INFO] epoch 19 끝 (local_steps=2105, global_steps=2105)
2025-11-18 03:04:31,246 DDP_Script [Rank 0] [INFO] val acc 89.91%
2025-11-18 03:04:31,261 DDP_Script [Rank 0] [INFO] Saving checkpoint to ./checkpoints/job-60dfa6b026d1/latest_checkpoint.pth ...
2025-11-18 03:04:33,431 DDP_Script [Rank 0] [INFO] Successfully reported epoch 19/20 (Acc: 89.91%) to global server.
2025-11-18 03:04:33,434 DDP_Script [Rank 0] [INFO] epoch 20 시작
2025-11-18 03:04:33,456 DDP_Script [Rank 0] [INFO] DataLoader created with batch_size=16, num_workers=4
2025-11-18 03:04:33,459 DDP_Script [Rank 0] [INFO] 모든 노드 중 max_steps = 2105
2025-11-18 03:04:33,459 DDP_Script [Rank 0] [INFO] local_steps=2105, global_steps=2105
2025-11-18 03:15:29,040 DDP_Script [Rank 0] [INFO] epoch 20 train step time: 655.58 seconds
2025-11-18 03:15:29,043 DDP_Script [Rank 0] [INFO] epoch 20 끝 (local_steps=2105, global_steps=2105)
2025-11-18 03:15:29,491 DDP_Script [Rank 0] [INFO] val acc 89.22%
2025-11-18 03:15:29,514 DDP_Script [Rank 0] [INFO] Saving checkpoint to ./checkpoints/job-60dfa6b026d1/latest_checkpoint.pth ...
2025-11-18 03:15:32,051 DDP_Script [Rank 0] [INFO] Successfully reported epoch 20/20 (Acc: 89.22%) to global server.
2025-11-18 03:15:32,052 DDP_Script [Rank 0] [INFO] Training completed successfully.
2025-11-18 03:15:32,066 DDP_Script [Rank 0] [INFO] Reported job completion to global server.
2025-11-18 03:15:32,066 DDP_Script [Rank 0] [INFO] Training loop finished.
