/nas2/data/dlwmznzl1/anaconda3/envs/Dist1/lib/python3.9/site-packages/torch/cuda/__init__.py:63: FutureWarning: The pynvml package is deprecated. Please install nvidia-ml-py instead. If you did not install pynvml directly, please report this to the maintainers of the package that installed pynvml for you.
  import pynvml  # type: ignore[import]
Current CUDA device index: 0
Current CUDA device name: NVIDIA RTX A5000
Master address: 163.180.160.62, port: 29569
2025-12-04 05:26:22,018 DDP_Script [Rank 0] [INFO] Node rank: 0, world size: 4
[Gloo] Rank 0 is connected to 3 peer ranks. Expected number of connected peer ranks is : 3
2025-12-04 05:26:23,157 DDP_Script [Rank 0] [INFO] Process group initialized: 163.180.160.62:29569
2025-12-04 05:26:23,157 DDP_Script [Rank 0] [INFO] Rank 0/4 initialized
Val sample labels: tensor([  0,  12,  15,  22,  24,  27,  41,  50,  66,  81,  91, 102, 123, 124,
        140, 161, 163, 168, 173, 174, 179, 180, 186, 188, 195, 199])
Train samples: 100000
Val   samples: 10000
/nas2/data/dlwmznzl1/anaconda3/envs/Dist1/lib/python3.9/site-packages/torchvision/models/_utils.py:208: UserWarning: The parameter 'pretrained' is deprecated since 0.13 and may be removed in the future, please use 'weights' instead.
  warnings.warn(
/nas2/data/dlwmznzl1/anaconda3/envs/Dist1/lib/python3.9/site-packages/torchvision/models/_utils.py:223: UserWarning: Arguments other than a weight enum or `None` for 'weights' are deprecated since 0.13 and may be removed in the future. The current behavior is equivalent to passing `weights=None`.
  warnings.warn(msg)
2025-12-04 05:26:24,143 DDP_Script [Rank 0] [INFO] Model, DDP, criterion, optimizer initialized
2025-12-04 05:26:24,172 DDP_Script [Rank 0] [INFO] Modules initialized
2025-12-04 05:26:24,173 DDP_Script [Rank 0] [INFO] Checkpoint directory created: ./checkpoints/job-a2b88de4143a
2025-12-04 05:26:24,173 DDP_Script [Rank 0] [INFO] Starting training from scratch (epoch 1).
2025-12-04 05:26:24,210 DDP_Script [Rank 0] [INFO] epoch 1 시작
2025-12-04 05:26:24,223 DDP_Script [Rank 0] [INFO] DataLoader created with batch_size=32, num_workers=4
2025-12-04 05:26:24,244 DDP_Script [Rank 0] [INFO] 모든 노드 중 max_steps = 782
2025-12-04 05:26:24,244 DDP_Script [Rank 0] [INFO] local_steps=782, global_steps=782
2025-12-04 05:28:21,607 DDP_Script [Rank 0] [INFO] epoch 1 train step time: 117.36 seconds
2025-12-04 05:28:21,615 DDP_Script [Rank 0] [INFO] epoch 1 끝 (local_steps=782, global_steps=782)
2025-12-04 05:28:24,462 DDP_Script [Rank 0] [INFO] val acc 11.08%
2025-12-04 05:28:24,497 DDP_Script [Rank 0] [INFO] Saving checkpoint to ./checkpoints/job-a2b88de4143a/latest_checkpoint.pth ...
2025-12-04 05:28:24,904 DDP_Script [Rank 0] [INFO] Successfully reported epoch 1/20 (Acc: 11.08%) to global server.
2025-12-04 05:28:24,905 DDP_Script [Rank 0] [INFO] epoch 2 시작
2025-12-04 05:28:24,920 DDP_Script [Rank 0] [INFO] DataLoader created with batch_size=32, num_workers=4
2025-12-04 05:28:24,926 DDP_Script [Rank 0] [INFO] 모든 노드 중 max_steps = 782
2025-12-04 05:28:24,926 DDP_Script [Rank 0] [INFO] local_steps=782, global_steps=782
2025-12-04 05:30:20,519 DDP_Script [Rank 0] [INFO] epoch 2 train step time: 115.59 seconds
2025-12-04 05:30:20,524 DDP_Script [Rank 0] [INFO] epoch 2 끝 (local_steps=782, global_steps=782)
2025-12-04 05:30:23,229 DDP_Script [Rank 0] [INFO] val acc 18.82%
2025-12-04 05:30:23,262 DDP_Script [Rank 0] [INFO] Saving checkpoint to ./checkpoints/job-a2b88de4143a/latest_checkpoint.pth ...
2025-12-04 05:30:23,641 DDP_Script [Rank 0] [INFO] Successfully reported epoch 2/20 (Acc: 18.82%) to global server.
2025-12-04 05:30:23,643 DDP_Script [Rank 0] [INFO] epoch 3 시작
2025-12-04 05:30:23,658 DDP_Script [Rank 0] [INFO] DataLoader created with batch_size=32, num_workers=4
2025-12-04 05:30:23,662 DDP_Script [Rank 0] [INFO] 모든 노드 중 max_steps = 782
2025-12-04 05:30:23,662 DDP_Script [Rank 0] [INFO] local_steps=782, global_steps=782
2025-12-04 05:32:19,313 DDP_Script [Rank 0] [INFO] epoch 3 train step time: 115.65 seconds
2025-12-04 05:32:19,319 DDP_Script [Rank 0] [INFO] epoch 3 끝 (local_steps=782, global_steps=782)
2025-12-04 05:32:22,031 DDP_Script [Rank 0] [INFO] val acc 26.05%
2025-12-04 05:32:22,069 DDP_Script [Rank 0] [INFO] Saving checkpoint to ./checkpoints/job-a2b88de4143a/latest_checkpoint.pth ...
2025-12-04 05:32:22,459 DDP_Script [Rank 0] [INFO] Successfully reported epoch 3/20 (Acc: 26.05%) to global server.
2025-12-04 05:32:22,461 DDP_Script [Rank 0] [INFO] epoch 4 시작
2025-12-04 05:32:22,475 DDP_Script [Rank 0] [INFO] DataLoader created with batch_size=32, num_workers=4
2025-12-04 05:32:22,481 DDP_Script [Rank 0] [INFO] 모든 노드 중 max_steps = 782
2025-12-04 05:32:22,481 DDP_Script [Rank 0] [INFO] local_steps=782, global_steps=782
2025-12-04 05:34:17,894 DDP_Script [Rank 0] [INFO] epoch 4 train step time: 115.41 seconds
2025-12-04 05:34:17,896 DDP_Script [Rank 0] [INFO] epoch 4 끝 (local_steps=782, global_steps=782)
2025-12-04 05:34:20,577 DDP_Script [Rank 0] [INFO] val acc 31.76%
2025-12-04 05:34:20,607 DDP_Script [Rank 0] [INFO] Saving checkpoint to ./checkpoints/job-a2b88de4143a/latest_checkpoint.pth ...
2025-12-04 05:34:20,987 DDP_Script [Rank 0] [INFO] Successfully reported epoch 4/20 (Acc: 31.76%) to global server.
2025-12-04 05:34:20,989 DDP_Script [Rank 0] [INFO] epoch 5 시작
2025-12-04 05:34:21,002 DDP_Script [Rank 0] [INFO] DataLoader created with batch_size=32, num_workers=4
2025-12-04 05:34:21,008 DDP_Script [Rank 0] [INFO] 모든 노드 중 max_steps = 782
2025-12-04 05:34:21,008 DDP_Script [Rank 0] [INFO] local_steps=782, global_steps=782
2025-12-04 05:36:20,023 DDP_Script [Rank 0] [INFO] epoch 5 train step time: 119.01 seconds
2025-12-04 05:36:20,038 DDP_Script [Rank 0] [INFO] epoch 5 끝 (local_steps=782, global_steps=782)
2025-12-04 05:36:22,795 DDP_Script [Rank 0] [INFO] val acc 34.93%
2025-12-04 05:36:22,831 DDP_Script [Rank 0] [INFO] Saving checkpoint to ./checkpoints/job-a2b88de4143a/latest_checkpoint.pth ...
2025-12-04 05:36:23,214 DDP_Script [Rank 0] [INFO] Successfully reported epoch 5/20 (Acc: 34.93%) to global server.
2025-12-04 05:36:23,216 DDP_Script [Rank 0] [INFO] epoch 6 시작
2025-12-04 05:36:23,229 DDP_Script [Rank 0] [INFO] DataLoader created with batch_size=32, num_workers=4
2025-12-04 05:36:23,236 DDP_Script [Rank 0] [INFO] 모든 노드 중 max_steps = 782
2025-12-04 05:36:23,236 DDP_Script [Rank 0] [INFO] local_steps=782, global_steps=782
2025-12-04 05:38:21,315 DDP_Script [Rank 0] [INFO] epoch 6 train step time: 118.08 seconds
2025-12-04 05:38:21,318 DDP_Script [Rank 0] [INFO] epoch 6 끝 (local_steps=782, global_steps=782)
2025-12-04 05:38:23,994 DDP_Script [Rank 0] [INFO] val acc 38.95%
2025-12-04 05:38:24,031 DDP_Script [Rank 0] [INFO] Saving checkpoint to ./checkpoints/job-a2b88de4143a/latest_checkpoint.pth ...
2025-12-04 05:38:24,417 DDP_Script [Rank 0] [INFO] Successfully reported epoch 6/20 (Acc: 38.95%) to global server.
2025-12-04 05:38:24,419 DDP_Script [Rank 0] [INFO] epoch 7 시작
2025-12-04 05:38:24,432 DDP_Script [Rank 0] [INFO] DataLoader created with batch_size=32, num_workers=4
2025-12-04 05:38:24,438 DDP_Script [Rank 0] [INFO] 모든 노드 중 max_steps = 782
2025-12-04 05:38:24,438 DDP_Script [Rank 0] [INFO] local_steps=782, global_steps=782
2025-12-04 05:40:22,243 DDP_Script [Rank 0] [INFO] epoch 7 train step time: 117.80 seconds
2025-12-04 05:40:22,247 DDP_Script [Rank 0] [INFO] epoch 7 끝 (local_steps=782, global_steps=782)
2025-12-04 05:40:24,983 DDP_Script [Rank 0] [INFO] val acc 40.54%
2025-12-04 05:40:25,020 DDP_Script [Rank 0] [INFO] Saving checkpoint to ./checkpoints/job-a2b88de4143a/latest_checkpoint.pth ...
2025-12-04 05:40:25,415 DDP_Script [Rank 0] [INFO] Successfully reported epoch 7/20 (Acc: 40.54%) to global server.
2025-12-04 05:40:25,417 DDP_Script [Rank 0] [INFO] epoch 8 시작
2025-12-04 05:40:25,430 DDP_Script [Rank 0] [INFO] DataLoader created with batch_size=32, num_workers=4
2025-12-04 05:40:25,437 DDP_Script [Rank 0] [INFO] 모든 노드 중 max_steps = 782
2025-12-04 05:40:25,437 DDP_Script [Rank 0] [INFO] local_steps=782, global_steps=782
2025-12-04 05:42:23,774 DDP_Script [Rank 0] [INFO] epoch 8 train step time: 118.34 seconds
2025-12-04 05:42:23,781 DDP_Script [Rank 0] [INFO] epoch 8 끝 (local_steps=782, global_steps=782)
2025-12-04 05:42:26,462 DDP_Script [Rank 0] [INFO] val acc 42.39%
2025-12-04 05:42:26,490 DDP_Script [Rank 0] [INFO] Saving checkpoint to ./checkpoints/job-a2b88de4143a/latest_checkpoint.pth ...
2025-12-04 05:42:26,869 DDP_Script [Rank 0] [INFO] Successfully reported epoch 8/20 (Acc: 42.39%) to global server.
2025-12-04 05:42:26,871 DDP_Script [Rank 0] [INFO] epoch 9 시작
2025-12-04 05:42:26,884 DDP_Script [Rank 0] [INFO] DataLoader created with batch_size=32, num_workers=4
2025-12-04 05:42:26,890 DDP_Script [Rank 0] [INFO] 모든 노드 중 max_steps = 782
2025-12-04 05:42:26,890 DDP_Script [Rank 0] [INFO] local_steps=782, global_steps=782
2025-12-04 05:44:24,181 DDP_Script [Rank 0] [INFO] epoch 9 train step time: 117.29 seconds
2025-12-04 05:44:24,185 DDP_Script [Rank 0] [INFO] epoch 9 끝 (local_steps=782, global_steps=782)
2025-12-04 05:44:26,877 DDP_Script [Rank 0] [INFO] val acc 44.60%
2025-12-04 05:44:26,913 DDP_Script [Rank 0] [INFO] Saving checkpoint to ./checkpoints/job-a2b88de4143a/latest_checkpoint.pth ...
2025-12-04 05:44:27,281 DDP_Script [Rank 0] [INFO] Successfully reported epoch 9/20 (Acc: 44.60%) to global server.
2025-12-04 05:44:27,283 DDP_Script [Rank 0] [INFO] epoch 10 시작
2025-12-04 05:44:27,296 DDP_Script [Rank 0] [INFO] DataLoader created with batch_size=32, num_workers=4
2025-12-04 05:44:27,303 DDP_Script [Rank 0] [INFO] 모든 노드 중 max_steps = 782
2025-12-04 05:44:27,303 DDP_Script [Rank 0] [INFO] local_steps=782, global_steps=782
2025-12-04 05:46:23,407 DDP_Script [Rank 0] [INFO] epoch 10 train step time: 116.10 seconds
2025-12-04 05:46:23,419 DDP_Script [Rank 0] [INFO] epoch 10 끝 (local_steps=782, global_steps=782)
2025-12-04 05:46:26,148 DDP_Script [Rank 0] [INFO] val acc 47.07%
2025-12-04 05:46:26,182 DDP_Script [Rank 0] [INFO] Saving checkpoint to ./checkpoints/job-a2b88de4143a/latest_checkpoint.pth ...
2025-12-04 05:46:26,572 DDP_Script [Rank 0] [INFO] Successfully reported epoch 10/20 (Acc: 47.07%) to global server.
2025-12-04 05:46:26,574 DDP_Script [Rank 0] [INFO] epoch 11 시작
2025-12-04 05:46:26,586 DDP_Script [Rank 0] [INFO] DataLoader created with batch_size=32, num_workers=4
2025-12-04 05:46:26,593 DDP_Script [Rank 0] [INFO] 모든 노드 중 max_steps = 782
2025-12-04 05:46:26,594 DDP_Script [Rank 0] [INFO] local_steps=782, global_steps=782
2025-12-04 05:48:23,422 DDP_Script [Rank 0] [INFO] epoch 11 train step time: 116.83 seconds
2025-12-04 05:48:23,429 DDP_Script [Rank 0] [INFO] epoch 11 끝 (local_steps=782, global_steps=782)
2025-12-04 05:48:26,064 DDP_Script [Rank 0] [INFO] val acc 48.77%
2025-12-04 05:48:26,098 DDP_Script [Rank 0] [INFO] Saving checkpoint to ./checkpoints/job-a2b88de4143a/latest_checkpoint.pth ...
2025-12-04 05:48:26,477 DDP_Script [Rank 0] [INFO] Successfully reported epoch 11/20 (Acc: 48.77%) to global server.
2025-12-04 05:48:26,479 DDP_Script [Rank 0] [INFO] epoch 12 시작
2025-12-04 05:48:26,491 DDP_Script [Rank 0] [INFO] DataLoader created with batch_size=32, num_workers=4
2025-12-04 05:48:26,499 DDP_Script [Rank 0] [INFO] 모든 노드 중 max_steps = 782
2025-12-04 05:48:26,499 DDP_Script [Rank 0] [INFO] local_steps=782, global_steps=782
2025-12-04 05:50:24,114 DDP_Script [Rank 0] [INFO] epoch 12 train step time: 117.61 seconds
2025-12-04 05:50:24,127 DDP_Script [Rank 0] [INFO] epoch 12 끝 (local_steps=782, global_steps=782)
2025-12-04 05:50:26,819 DDP_Script [Rank 0] [INFO] val acc 48.45%
2025-12-04 05:50:26,856 DDP_Script [Rank 0] [INFO] Saving checkpoint to ./checkpoints/job-a2b88de4143a/latest_checkpoint.pth ...
2025-12-04 05:50:27,226 DDP_Script [Rank 0] [INFO] Successfully reported epoch 12/20 (Acc: 48.45%) to global server.
2025-12-04 05:50:27,228 DDP_Script [Rank 0] [INFO] epoch 13 시작
2025-12-04 05:50:27,241 DDP_Script [Rank 0] [INFO] DataLoader created with batch_size=32, num_workers=4
2025-12-04 05:50:27,248 DDP_Script [Rank 0] [INFO] 모든 노드 중 max_steps = 782
2025-12-04 05:50:27,248 DDP_Script [Rank 0] [INFO] local_steps=782, global_steps=782
2025-12-04 05:52:26,491 DDP_Script [Rank 0] [INFO] epoch 13 train step time: 119.24 seconds
2025-12-04 05:52:26,500 DDP_Script [Rank 0] [INFO] epoch 13 끝 (local_steps=782, global_steps=782)
2025-12-04 05:52:29,144 DDP_Script [Rank 0] [INFO] val acc 50.13%
2025-12-04 05:52:29,172 DDP_Script [Rank 0] [INFO] Saving checkpoint to ./checkpoints/job-a2b88de4143a/latest_checkpoint.pth ...
2025-12-04 05:52:29,595 DDP_Script [Rank 0] [INFO] Successfully reported epoch 13/20 (Acc: 50.13%) to global server.
2025-12-04 05:52:29,598 DDP_Script [Rank 0] [INFO] epoch 14 시작
2025-12-04 05:52:29,610 DDP_Script [Rank 0] [INFO] DataLoader created with batch_size=32, num_workers=4
2025-12-04 05:52:29,617 DDP_Script [Rank 0] [INFO] 모든 노드 중 max_steps = 782
2025-12-04 05:52:29,617 DDP_Script [Rank 0] [INFO] local_steps=782, global_steps=782
2025-12-04 05:54:25,182 DDP_Script [Rank 0] [INFO] epoch 14 train step time: 115.56 seconds
2025-12-04 05:54:25,193 DDP_Script [Rank 0] [INFO] epoch 14 끝 (local_steps=782, global_steps=782)
2025-12-04 05:54:27,832 DDP_Script [Rank 0] [INFO] val acc 51.78%
2025-12-04 05:54:27,860 DDP_Script [Rank 0] [INFO] Saving checkpoint to ./checkpoints/job-a2b88de4143a/latest_checkpoint.pth ...
2025-12-04 05:54:28,235 DDP_Script [Rank 0] [INFO] Successfully reported epoch 14/20 (Acc: 51.78%) to global server.
2025-12-04 05:54:28,237 DDP_Script [Rank 0] [INFO] epoch 15 시작
2025-12-04 05:54:28,250 DDP_Script [Rank 0] [INFO] DataLoader created with batch_size=32, num_workers=4
2025-12-04 05:54:28,256 DDP_Script [Rank 0] [INFO] 모든 노드 중 max_steps = 782
2025-12-04 05:54:28,256 DDP_Script [Rank 0] [INFO] local_steps=782, global_steps=782
2025-12-04 05:56:24,593 DDP_Script [Rank 0] [INFO] epoch 15 train step time: 116.34 seconds
2025-12-04 05:56:24,596 DDP_Script [Rank 0] [INFO] epoch 15 끝 (local_steps=782, global_steps=782)
2025-12-04 05:56:27,319 DDP_Script [Rank 0] [INFO] val acc 52.33%
2025-12-04 05:56:27,349 DDP_Script [Rank 0] [INFO] Saving checkpoint to ./checkpoints/job-a2b88de4143a/latest_checkpoint.pth ...
2025-12-04 05:56:27,745 DDP_Script [Rank 0] [INFO] Successfully reported epoch 15/20 (Acc: 52.33%) to global server.
2025-12-04 05:56:27,747 DDP_Script [Rank 0] [INFO] epoch 16 시작
2025-12-04 05:56:27,760 DDP_Script [Rank 0] [INFO] DataLoader created with batch_size=32, num_workers=4
2025-12-04 05:56:27,767 DDP_Script [Rank 0] [INFO] 모든 노드 중 max_steps = 782
2025-12-04 05:56:27,768 DDP_Script [Rank 0] [INFO] local_steps=782, global_steps=782
2025-12-04 05:58:22,839 DDP_Script [Rank 0] [INFO] epoch 16 train step time: 115.07 seconds
2025-12-04 05:58:22,855 DDP_Script [Rank 0] [INFO] epoch 16 끝 (local_steps=782, global_steps=782)
2025-12-04 05:58:25,524 DDP_Script [Rank 0] [INFO] val acc 52.76%
2025-12-04 05:58:25,557 DDP_Script [Rank 0] [INFO] Saving checkpoint to ./checkpoints/job-a2b88de4143a/latest_checkpoint.pth ...
2025-12-04 05:58:25,955 DDP_Script [Rank 0] [INFO] Successfully reported epoch 16/20 (Acc: 52.76%) to global server.
2025-12-04 05:58:25,958 DDP_Script [Rank 0] [INFO] epoch 17 시작
2025-12-04 05:58:25,973 DDP_Script [Rank 0] [INFO] DataLoader created with batch_size=32, num_workers=4
2025-12-04 05:58:25,977 DDP_Script [Rank 0] [INFO] 모든 노드 중 max_steps = 782
2025-12-04 05:58:25,977 DDP_Script [Rank 0] [INFO] local_steps=782, global_steps=782
2025-12-04 06:00:22,767 DDP_Script [Rank 0] [INFO] epoch 17 train step time: 116.79 seconds
2025-12-04 06:00:22,787 DDP_Script [Rank 0] [INFO] epoch 17 끝 (local_steps=782, global_steps=782)
2025-12-04 06:00:25,524 DDP_Script [Rank 0] [INFO] val acc 53.81%
2025-12-04 06:00:25,553 DDP_Script [Rank 0] [INFO] Saving checkpoint to ./checkpoints/job-a2b88de4143a/latest_checkpoint.pth ...
2025-12-04 06:00:25,920 DDP_Script [Rank 0] [INFO] Successfully reported epoch 17/20 (Acc: 53.81%) to global server.
2025-12-04 06:00:25,922 DDP_Script [Rank 0] [INFO] epoch 18 시작
2025-12-04 06:00:25,938 DDP_Script [Rank 0] [INFO] DataLoader created with batch_size=32, num_workers=4
2025-12-04 06:00:25,942 DDP_Script [Rank 0] [INFO] 모든 노드 중 max_steps = 782
2025-12-04 06:00:25,942 DDP_Script [Rank 0] [INFO] local_steps=782, global_steps=782
2025-12-04 06:02:24,971 DDP_Script [Rank 0] [INFO] epoch 18 train step time: 119.03 seconds
2025-12-04 06:02:24,974 DDP_Script [Rank 0] [INFO] epoch 18 끝 (local_steps=782, global_steps=782)
2025-12-04 06:02:27,614 DDP_Script [Rank 0] [INFO] val acc 54.88%
2025-12-04 06:02:27,641 DDP_Script [Rank 0] [INFO] Saving checkpoint to ./checkpoints/job-a2b88de4143a/latest_checkpoint.pth ...
2025-12-04 06:02:28,044 DDP_Script [Rank 0] [INFO] Successfully reported epoch 18/20 (Acc: 54.88%) to global server.
2025-12-04 06:02:28,047 DDP_Script [Rank 0] [INFO] epoch 19 시작
2025-12-04 06:02:28,061 DDP_Script [Rank 0] [INFO] DataLoader created with batch_size=32, num_workers=4
2025-12-04 06:02:28,066 DDP_Script [Rank 0] [INFO] 모든 노드 중 max_steps = 782
2025-12-04 06:02:28,066 DDP_Script [Rank 0] [INFO] local_steps=782, global_steps=782
2025-12-04 06:04:24,668 DDP_Script [Rank 0] [INFO] epoch 19 train step time: 116.60 seconds
2025-12-04 06:04:24,677 DDP_Script [Rank 0] [INFO] epoch 19 끝 (local_steps=782, global_steps=782)
2025-12-04 06:04:27,394 DDP_Script [Rank 0] [INFO] val acc 53.95%
2025-12-04 06:04:27,414 DDP_Script [Rank 0] [INFO] Saving checkpoint to ./checkpoints/job-a2b88de4143a/latest_checkpoint.pth ...
2025-12-04 06:04:27,777 DDP_Script [Rank 0] [INFO] Successfully reported epoch 19/20 (Acc: 53.95%) to global server.
2025-12-04 06:04:27,779 DDP_Script [Rank 0] [INFO] epoch 20 시작
2025-12-04 06:04:27,791 DDP_Script [Rank 0] [INFO] DataLoader created with batch_size=32, num_workers=4
2025-12-04 06:04:27,797 DDP_Script [Rank 0] [INFO] 모든 노드 중 max_steps = 782
2025-12-04 06:04:27,797 DDP_Script [Rank 0] [INFO] local_steps=782, global_steps=782
2025-12-04 06:06:25,371 DDP_Script [Rank 0] [INFO] epoch 20 train step time: 117.57 seconds
2025-12-04 06:06:25,375 DDP_Script [Rank 0] [INFO] epoch 20 끝 (local_steps=782, global_steps=782)
2025-12-04 06:06:28,029 DDP_Script [Rank 0] [INFO] val acc 54.96%
2025-12-04 06:06:28,065 DDP_Script [Rank 0] [INFO] Saving checkpoint to ./checkpoints/job-a2b88de4143a/latest_checkpoint.pth ...
2025-12-04 06:06:28,439 DDP_Script [Rank 0] [INFO] Successfully reported epoch 20/20 (Acc: 54.96%) to global server.
2025-12-04 06:06:28,441 DDP_Script [Rank 0] [INFO] Training completed successfully.
2025-12-04 06:06:28,441 DDP_Script [Rank 0] [INFO] Training loop finished.
