2026-01-14 17:27:33,128 [INFO] FIFO scheduler loop started (global queue)
2026-01-14 17:27:33,128 [INFO] CSP sampler loop started
2026-01-14 17:27:33,128 [INFO] startup complete | log_dir=/home/ubuntu216/sumin/CCGRID/global_scheduler/FIFO_log/FIFO-20260114-172733
2026-01-14 17:29:29,610 [INFO] [SUBMIT] job-143d611a6d1b g=1, model=DeepSpeech2, dataset=ARCTIC, epochs=20, batch=8
2026-01-14 17:29:30,291 [INFO] [START] job-143d611a6d1b | started_on=clusterA, g=1, nodes=['node_a'], queued_sec=0.681056022644043
2026-01-14 17:29:40,349 [INFO] [SUBMIT] job-dcbe716d7c62 g=1, model=DeepSpeech2, dataset=ARCTIC, epochs=20, batch=8
2026-01-14 17:29:41,353 [INFO] [START] job-dcbe716d7c62 | started_on=clusterB, g=1, nodes=['node_e'], queued_sec=1.0039808750152588
2026-01-14 17:32:48,663 [INFO] [SUBMIT] job-c49d3f525a55 g=2, model=EfficientNetV2-S, dataset=MNIST, epochs=20, batch=64
2026-01-14 17:32:49,617 [INFO] [START] job-c49d3f525a55 | started_on=clusterA, g=2, nodes=['node_b', 'node_c'], queued_sec=0.9532876014709473
2026-01-14 17:33:21,728 [INFO] [SUBMIT] job-2b1af9a714a0 g=2, model=DistilBERT, dataset=SST-2, epochs=20, batch=64
2026-01-14 17:33:24,428 [INFO] [START] job-2b1af9a714a0 | started_on=clusterB, g=2, nodes=['node_f', 'node_g'], queued_sec=2.69962477684021
2026-01-14 17:34:16,458 [INFO] [SUBMIT] job-ad2885121ba3 g=4, model=DenseNet-121, dataset=TinyImageNet, epochs=20, batch=32
2026-01-14 17:34:43,041 [INFO] [SUBMIT] job-618232183fb0 g=1, model=DeepSpeech2, dataset=ARCTIC, epochs=20, batch=16
2026-01-14 17:35:04,918 [INFO] [DONE] job-dcbe716d7c62 | finished_at=2026-01-14 17:35:04, cluster=clusterB, exit=0, jct_sec=323.56454157829285, queued_sec=1.0039808750152588
2026-01-14 17:35:31,123 [INFO] [SUBMIT] job-e3c892a56f99 g=1, model=ResNet-18, dataset=CIFAR-100, epochs=20, batch=128
2026-01-14 17:35:42,466 [INFO] [DONE] job-143d611a6d1b | finished_at=2026-01-14 17:35:42, cluster=clusterA, exit=0, jct_sec=372.17446732521057, queued_sec=0.681056022644043
2026-01-14 17:36:48,495 [INFO] [SUBMIT] job-1a0148f92ce8 g=1, model=DistilBERT, dataset=SST-2, epochs=20, batch=32
2026-01-14 17:41:02,554 [INFO] [SUBMIT] job-894e43113c6a g=4, model=DeepSpeech2, dataset=ARCTIC, epochs=20, batch=32
2026-01-14 17:45:02,900 [INFO] [SUBMIT] job-f7366b47b0d6 g=2, model=DistilBERT, dataset=SST-2, epochs=20, batch=32
2026-01-14 17:46:05,199 [INFO] [SUBMIT] job-fd29c28f2802 g=1, model=DistilBERT, dataset=SST-2, epochs=20, batch=64
2026-01-14 17:47:05,433 [INFO] [SUBMIT] job-3b6f4b061b78 g=2, model=DistilBERT, dataset=SST-2, epochs=20, batch=64
2026-01-14 17:48:44,233 [INFO] [SUBMIT] job-c4fa1aed17c9 g=4, model=DenseNet-121, dataset=TinyImageNet, epochs=20, batch=64
2026-01-14 17:57:33,221 [INFO] [SUBMIT] job-ae60b0f750cd g=4, model=DenseNet-121, dataset=TinyImageNet, epochs=20, batch=32
2026-01-14 18:03:32,572 [INFO] [SUBMIT] job-558ddf1c3e35 g=4, model=ResNet-18, dataset=CIFAR-100, epochs=20, batch=128
2026-01-14 18:04:23,652 [INFO] [DONE] job-2b1af9a714a0 | finished_at=2026-01-14 18:04:23, cluster=clusterB, exit=1, jct_sec=1859.2245631217957, queued_sec=2.69962477684021
2026-01-14 18:04:24,787 [INFO] [START] job-ad2885121ba3 | started_on=clusterB, g=4, nodes=['node_e', 'node_f', 'node_g', 'node_h'], queued_sec=1808.3293726444244
2026-01-14 18:04:24,826 [INFO] [START] job-618232183fb0 | started_on=clusterA, g=1, nodes=['node_a'], queued_sec=1781.7858409881592
2026-01-14 18:04:24,853 [INFO] [START] job-e3c892a56f99 | started_on=clusterA, g=1, nodes=['node_d'], queued_sec=1733.729692697525
2026-01-14 18:05:34,335 [INFO] [DONE] job-e3c892a56f99 | finished_at=2026-01-14 18:05:34, cluster=clusterA, exit=1, jct_sec=69.48275375366211, queued_sec=1733.729692697525
2026-01-14 18:05:34,954 [INFO] [START] job-1a0148f92ce8 | started_on=clusterA, g=1, nodes=['node_d'], queued_sec=1726.4584922790527
2026-01-14 18:05:49,367 [INFO] [DONE] job-1a0148f92ce8 | finished_at=2026-01-14 18:05:49, cluster=clusterA, exit=1, jct_sec=14.413496732711792, queued_sec=1726.4584922790527
2026-01-14 18:08:09,411 [INFO] [DONE] job-618232183fb0 | finished_at=2026-01-14 18:08:09, cluster=clusterA, exit=0, jct_sec=224.58456158638, queued_sec=1781.7858409881592
2026-01-14 18:09:05,823 [INFO] [SUBMIT] job-1e6f55635e5b g=1, model=EfficientNetV2-S, dataset=MNIST, epochs=20, batch=64
2026-01-14 18:10:30,672 [INFO] [SUBMIT] job-2c7bda96e570 g=2, model=ResNet-50, dataset=CIFAR-10, epochs=20, batch=128
2026-01-14 18:10:38,095 [INFO] [SUBMIT] job-8ccd8ef3d6b0 g=1, model=DistilBERT, dataset=SST-2, epochs=20, batch=32
2026-01-14 18:10:53,673 [INFO] [SUBMIT] job-410def6d14c6 g=4, model=DenseNet-121, dataset=TinyImageNet, epochs=20, batch=32
2026-01-14 18:11:11,436 [INFO] [SUBMIT] job-72487e9ac1f1 g=1, model=EfficientNetV2-S, dataset=MNIST, epochs=20, batch=64
2026-01-14 18:11:14,666 [INFO] [DONE] job-c49d3f525a55 | finished_at=2026-01-14 18:11:14, cluster=clusterA, exit=0, jct_sec=2305.049277305603, queued_sec=0.9532876014709473
2026-01-14 18:11:15,432 [INFO] [START] job-894e43113c6a | started_on=clusterA, g=4, nodes=['node_a', 'node_b', 'node_c', 'node_d'], queued_sec=1812.8784415721893
2026-01-14 18:13:14,737 [INFO] [DONE] job-894e43113c6a | finished_at=2026-01-14 18:13:14, cluster=clusterA, exit=0, jct_sec=119.30465698242188, queued_sec=1812.8784415721893
2026-01-14 18:13:15,616 [INFO] [START] job-f7366b47b0d6 | started_on=clusterA, g=2, nodes=['node_a', 'node_b'], queued_sec=1692.715383052826
2026-01-14 18:13:15,638 [INFO] [START] job-fd29c28f2802 | started_on=clusterA, g=1, nodes=['node_c'], queued_sec=1630.4397747516632
2026-01-14 18:13:29,769 [INFO] [DONE] job-f7366b47b0d6 | finished_at=2026-01-14 18:13:29, cluster=clusterA, exit=1, jct_sec=14.153352975845337, queued_sec=1692.715383052826
2026-01-14 18:13:29,808 [INFO] [DONE] job-fd29c28f2802 | finished_at=2026-01-14 18:13:29, cluster=clusterA, exit=1, jct_sec=14.169268369674683, queued_sec=1630.4397747516632
2026-01-14 18:13:30,696 [INFO] [START] job-3b6f4b061b78 | started_on=clusterA, g=2, nodes=['node_a', 'node_b'], queued_sec=1585.2629561424255
2026-01-14 18:13:44,801 [INFO] [DONE] job-3b6f4b061b78 | finished_at=2026-01-14 18:13:44, cluster=clusterA, exit=1, jct_sec=14.104952096939087, queued_sec=1585.2629561424255
2026-01-14 18:13:45,789 [INFO] [START] job-c4fa1aed17c9 | started_on=clusterA, g=4, nodes=['node_a', 'node_b', 'node_c', 'node_d'], queued_sec=1501.5561134815216
2026-01-14 18:35:13,544 [INFO] [DONE] job-ad2885121ba3 | finished_at=2026-01-14 18:35:13, cluster=clusterB, exit=1, jct_sec=1848.7565467357635, queued_sec=1808.3293726444244
2026-01-14 18:35:14,375 [INFO] [START] job-ae60b0f750cd | started_on=clusterB, g=4, nodes=['node_e', 'node_f', 'node_g', 'node_h'], queued_sec=2261.1547503471375
2026-01-14 19:06:05,373 [INFO] [DONE] job-ae60b0f750cd | finished_at=2026-01-14 19:06:05, cluster=clusterB, exit=1, jct_sec=1850.9974875450134, queued_sec=2261.1547503471375
2026-01-14 19:06:05,686 [INFO] [START] job-558ddf1c3e35 | started_on=clusterB, g=4, nodes=['node_e', 'node_f', 'node_g', 'node_h'], queued_sec=3753.114265203476
2026-01-14 19:08:18,043 [INFO] [DONE] job-c4fa1aed17c9 | finished_at=2026-01-14 19:08:18, cluster=clusterA, exit=0, jct_sec=3272.254455089569, queued_sec=1501.5561134815216
2026-01-14 19:08:18,869 [INFO] [START] job-1e6f55635e5b | started_on=clusterA, g=1, nodes=['node_a'], queued_sec=3553.0451979637146
2026-01-14 19:08:18,912 [INFO] [START] job-2c7bda96e570 | started_on=clusterA, g=2, nodes=['node_b', 'node_c'], queued_sec=3468.2396733760834
2026-01-14 19:08:18,938 [INFO] [START] job-8ccd8ef3d6b0 | started_on=clusterA, g=1, nodes=['node_d'], queued_sec=3460.8428757190704
2026-01-14 19:08:28,064 [INFO] [DONE] job-2c7bda96e570 | finished_at=2026-01-14 19:08:28, cluster=clusterA, exit=1, jct_sec=9.152848720550537, queued_sec=3468.2396733760834
2026-01-14 19:08:33,065 [INFO] [DONE] job-8ccd8ef3d6b0 | finished_at=2026-01-14 19:08:33, cluster=clusterA, exit=1, jct_sec=14.127467632293701, queued_sec=3460.8428757190704
2026-01-14 19:36:37,211 [INFO] [DONE] job-558ddf1c3e35 | finished_at=2026-01-14 19:36:37, cluster=clusterB, exit=1, jct_sec=1831.5250735282898, queued_sec=3753.114265203476
2026-01-14 19:36:38,132 [INFO] [START] job-410def6d14c6 | started_on=clusterB, g=4, nodes=['node_e', 'node_f', 'node_g', 'node_h'], queued_sec=5144.458660364151
2026-01-14 19:36:38,153 [INFO] [START] job-72487e9ac1f1 | started_on=clusterA, g=1, nodes=['node_b'], queued_sec=5126.717041254044
2026-01-14 20:04:11,424 [INFO] [DONE] job-1e6f55635e5b | finished_at=2026-01-14 20:04:11, cluster=clusterA, exit=0, jct_sec=3352.5555884838104, queued_sec=3553.0451979637146
2026-01-14 20:07:19,071 [INFO] [DONE] job-410def6d14c6 | finished_at=2026-01-14 20:07:19, cluster=clusterB, exit=1, jct_sec=1840.9393315315247, queued_sec=5144.458660364151
2026-01-14 20:33:33,202 [INFO] [DONE] job-72487e9ac1f1 | finished_at=2026-01-14 20:33:33, cluster=clusterA, exit=0, jct_sec=3415.049990415573, queued_sec=5126.717041254044
2026-01-14 20:37:59,161 [INFO] shutdown signal
