/nas2/data/dlwmznzl1/anaconda3/envs/Dist1/lib/python3.9/site-packages/torch/cuda/__init__.py:63: FutureWarning: The pynvml package is deprecated. Please install nvidia-ml-py instead. If you did not install pynvml directly, please report this to the maintainers of the package that installed pynvml for you.
  import pynvml  # type: ignore[import]
Current CUDA device index: 0
Current CUDA device name: NVIDIA RTX A5000
Master address: 163.180.160.61, port: 29591
2025-11-14 01:03:31,629 DDP_Script [Rank 0] [INFO] Node rank: 0, world size: 2
[Gloo] Rank 0 is connected to 1 peer ranks. Expected number of connected peer ranks is : 1
2025-11-14 01:03:40,277 DDP_Script [Rank 0] [INFO] Process group initialized: 163.180.160.61:29591
2025-11-14 01:03:40,277 DDP_Script [Rank 0] [INFO] Rank 0/2 initialized
2025-11-14 01:03:40,277 DDP_Script [Rank 0] [INFO] Rank 0 downloading tokenizer: distilbert-base-uncased
2025-11-14 01:03:41,042 DDP_Script [Rank 0] [INFO] Rank 0 downloading dataset: glue/sst2
2025-11-14 01:03:46,320 DDP_Script [Rank 0] [INFO] Tokenizing datasets...
2025-11-14 01:03:46,346 DDP_Script [Rank 0] [INFO] SST-2 Dataset and Tokenizer loaded.
2025-11-14 01:03:46,346 DDP_Script [Rank 0] [INFO] Rank 0 downloading model: distilbert-base-uncased
Some weights of DistilBertForSequenceClassification were not initialized from the model checkpoint at distilbert-base-uncased and are newly initialized: ['classifier.bias', 'classifier.weight', 'pre_classifier.bias', 'pre_classifier.weight']
You should probably TRAIN this model on a down-stream task to be able to use it for predictions and inference.
2025-11-14 01:03:52,234 DDP_Script [Rank 0] [INFO] Model (DistilBert), DDP, optimizer (AdamW) initialized
2025-11-14 01:03:53,832 DDP_Script [Rank 0] [INFO] Modules initialized
2025-11-14 01:03:53,885 DDP_Script [Rank 0] [INFO] Checkpoint directory created: ./checkpoints/job-2b524dbd492a
2025-11-14 01:03:53,885 DDP_Script [Rank 0] [INFO] Starting training from scratch (epoch 1).
2025-11-14 01:03:53,886 DDP_Script [Rank 0] [INFO] epoch 1 시작
2025-11-14 01:03:53,911 DDP_Script [Rank 0] [INFO] DataLoader created with batch_size=32, num_workers=4
2025-11-14 01:03:53,922 DDP_Script [Rank 0] [INFO] 모든 노드 중 max_steps = 1053
2025-11-14 01:03:53,922 DDP_Script [Rank 0] [INFO] local_steps=1053, global_steps=1053
2025-11-14 01:08:04,122 DDP_Script [Rank 0] [INFO] epoch 1 train step time: 250.20 seconds
2025-11-14 01:08:04,124 DDP_Script [Rank 0] [INFO] epoch 1 끝 (local_steps=1053, global_steps=1053)
2025-11-14 01:08:04,655 DDP_Script [Rank 0] [INFO] val acc 88.99%
2025-11-14 01:08:05,701 DDP_Script [Rank 0] [INFO] Saving checkpoint to ./checkpoints/job-2b524dbd492a/latest_checkpoint.pth ...
2025-11-14 01:08:36,353 DDP_Script [Rank 0] [INFO] Successfully reported epoch 1/20 (Acc: 88.99%) to global server.
2025-11-14 01:08:36,386 DDP_Script [Rank 0] [INFO] epoch 2 시작
2025-11-14 01:08:36,401 DDP_Script [Rank 0] [INFO] DataLoader created with batch_size=32, num_workers=4
2025-11-14 01:08:36,402 DDP_Script [Rank 0] [INFO] 모든 노드 중 max_steps = 1053
2025-11-14 01:08:36,402 DDP_Script [Rank 0] [INFO] local_steps=1053, global_steps=1053
2025-11-14 01:12:45,368 DDP_Script [Rank 0] [INFO] epoch 2 train step time: 248.96 seconds
2025-11-14 01:12:45,390 DDP_Script [Rank 0] [INFO] epoch 2 끝 (local_steps=1053, global_steps=1053)
2025-11-14 01:12:45,978 DDP_Script [Rank 0] [INFO] val acc 90.94%
2025-11-14 01:12:46,092 DDP_Script [Rank 0] [INFO] Saving checkpoint to ./checkpoints/job-2b524dbd492a/latest_checkpoint.pth ...
2025-11-14 01:12:57,641 DDP_Script [Rank 0] [INFO] Successfully reported epoch 2/20 (Acc: 90.94%) to global server.
2025-11-14 01:12:57,644 DDP_Script [Rank 0] [INFO] epoch 3 시작
2025-11-14 01:12:57,682 DDP_Script [Rank 0] [INFO] DataLoader created with batch_size=32, num_workers=4
2025-11-14 01:12:57,684 DDP_Script [Rank 0] [INFO] 모든 노드 중 max_steps = 1053
2025-11-14 01:12:57,684 DDP_Script [Rank 0] [INFO] local_steps=1053, global_steps=1053
2025-11-14 01:17:06,974 DDP_Script [Rank 0] [INFO] epoch 3 train step time: 249.29 seconds
2025-11-14 01:17:06,976 DDP_Script [Rank 0] [INFO] epoch 3 끝 (local_steps=1053, global_steps=1053)
2025-11-14 01:17:07,408 DDP_Script [Rank 0] [INFO] val acc 90.48%
2025-11-14 01:17:07,571 DDP_Script [Rank 0] [INFO] Saving checkpoint to ./checkpoints/job-2b524dbd492a/latest_checkpoint.pth ...
2025-11-14 01:17:29,156 DDP_Script [Rank 0] [INFO] Successfully reported epoch 3/20 (Acc: 90.48%) to global server.
2025-11-14 01:17:31,988 DDP_Script [Rank 0] [INFO] epoch 4 시작
2025-11-14 01:17:32,007 DDP_Script [Rank 0] [INFO] DataLoader created with batch_size=32, num_workers=4
2025-11-14 01:17:32,032 DDP_Script [Rank 0] [INFO] 모든 노드 중 max_steps = 1053
2025-11-14 01:17:32,032 DDP_Script [Rank 0] [INFO] local_steps=1053, global_steps=1053
2025-11-14 01:21:40,342 DDP_Script [Rank 0] [INFO] epoch 4 train step time: 248.31 seconds
2025-11-14 01:21:40,344 DDP_Script [Rank 0] [INFO] epoch 4 끝 (local_steps=1053, global_steps=1053)
2025-11-14 01:21:40,753 DDP_Script [Rank 0] [INFO] val acc 90.94%
2025-11-14 01:21:41,120 DDP_Script [Rank 0] [INFO] Saving checkpoint to ./checkpoints/job-2b524dbd492a/latest_checkpoint.pth ...
2025-11-14 01:22:21,551 DDP_Script [Rank 0] [INFO] Successfully reported epoch 4/20 (Acc: 90.94%) to global server.
2025-11-14 01:22:21,584 DDP_Script [Rank 0] [INFO] epoch 5 시작
2025-11-14 01:22:21,618 DDP_Script [Rank 0] [INFO] DataLoader created with batch_size=32, num_workers=4
2025-11-14 01:22:23,887 DDP_Script [Rank 0] [INFO] 모든 노드 중 max_steps = 1053
2025-11-14 01:22:23,888 DDP_Script [Rank 0] [INFO] local_steps=1053, global_steps=1053
2025-11-14 01:26:31,241 DDP_Script [Rank 0] [INFO] epoch 5 train step time: 247.35 seconds
2025-11-14 01:26:31,243 DDP_Script [Rank 0] [INFO] epoch 5 끝 (local_steps=1053, global_steps=1053)
2025-11-14 01:26:31,618 DDP_Script [Rank 0] [INFO] val acc 91.06%
2025-11-14 01:26:31,646 DDP_Script [Rank 0] [INFO] Saving checkpoint to ./checkpoints/job-2b524dbd492a/latest_checkpoint.pth ...
2025-11-14 01:26:33,647 DDP_Script [Rank 0] [INFO] Successfully reported epoch 5/20 (Acc: 91.06%) to global server.
2025-11-14 01:26:33,658 DDP_Script [Rank 0] [INFO] epoch 6 시작
2025-11-14 01:26:33,705 DDP_Script [Rank 0] [INFO] DataLoader created with batch_size=32, num_workers=4
2025-11-14 01:26:33,707 DDP_Script [Rank 0] [INFO] 모든 노드 중 max_steps = 1053
2025-11-14 01:26:33,707 DDP_Script [Rank 0] [INFO] local_steps=1053, global_steps=1053
2025-11-14 01:30:39,292 DDP_Script [Rank 0] [INFO] epoch 6 train step time: 245.58 seconds
2025-11-14 01:30:39,297 DDP_Script [Rank 0] [INFO] epoch 6 끝 (local_steps=1053, global_steps=1053)
2025-11-14 01:30:39,702 DDP_Script [Rank 0] [INFO] val acc 90.25%
2025-11-14 01:30:39,722 DDP_Script [Rank 0] [INFO] Saving checkpoint to ./checkpoints/job-2b524dbd492a/latest_checkpoint.pth ...
2025-11-14 01:30:53,557 DDP_Script [Rank 0] [INFO] Successfully reported epoch 6/20 (Acc: 90.25%) to global server.
2025-11-14 01:30:54,762 DDP_Script [Rank 0] [INFO] epoch 7 시작
2025-11-14 01:30:54,789 DDP_Script [Rank 0] [INFO] DataLoader created with batch_size=32, num_workers=4
2025-11-14 01:30:54,792 DDP_Script [Rank 0] [INFO] 모든 노드 중 max_steps = 1053
2025-11-14 01:30:54,792 DDP_Script [Rank 0] [INFO] local_steps=1053, global_steps=1053
2025-11-14 01:35:02,663 DDP_Script [Rank 0] [INFO] epoch 7 train step time: 247.87 seconds
2025-11-14 01:35:02,666 DDP_Script [Rank 0] [INFO] epoch 7 끝 (local_steps=1053, global_steps=1053)
2025-11-14 01:35:03,341 DDP_Script [Rank 0] [INFO] val acc 88.99%
2025-11-14 01:35:03,657 DDP_Script [Rank 0] [INFO] Saving checkpoint to ./checkpoints/job-2b524dbd492a/latest_checkpoint.pth ...
2025-11-14 01:35:09,281 DDP_Script [Rank 0] [INFO] Successfully reported epoch 7/20 (Acc: 88.99%) to global server.
2025-11-14 01:35:09,285 DDP_Script [Rank 0] [INFO] epoch 8 시작
2025-11-14 01:35:09,306 DDP_Script [Rank 0] [INFO] DataLoader created with batch_size=32, num_workers=4
2025-11-14 01:35:09,308 DDP_Script [Rank 0] [INFO] 모든 노드 중 max_steps = 1053
2025-11-14 01:35:09,308 DDP_Script [Rank 0] [INFO] local_steps=1053, global_steps=1053
2025-11-14 01:39:16,303 DDP_Script [Rank 0] [INFO] epoch 8 train step time: 246.99 seconds
2025-11-14 01:39:16,317 DDP_Script [Rank 0] [INFO] epoch 8 끝 (local_steps=1053, global_steps=1053)
2025-11-14 01:39:16,796 DDP_Script [Rank 0] [INFO] val acc 90.48%
2025-11-14 01:39:16,975 DDP_Script [Rank 0] [INFO] Saving checkpoint to ./checkpoints/job-2b524dbd492a/latest_checkpoint.pth ...
2025-11-14 01:39:22,591 DDP_Script [Rank 0] [INFO] Successfully reported epoch 8/20 (Acc: 90.48%) to global server.
2025-11-14 01:39:22,594 DDP_Script [Rank 0] [INFO] epoch 9 시작
2025-11-14 01:39:22,617 DDP_Script [Rank 0] [INFO] DataLoader created with batch_size=32, num_workers=4
2025-11-14 01:39:22,619 DDP_Script [Rank 0] [INFO] 모든 노드 중 max_steps = 1053
2025-11-14 01:39:22,619 DDP_Script [Rank 0] [INFO] local_steps=1053, global_steps=1053
2025-11-14 01:43:28,274 DDP_Script [Rank 0] [INFO] epoch 9 train step time: 245.65 seconds
2025-11-14 01:43:28,285 DDP_Script [Rank 0] [INFO] epoch 9 끝 (local_steps=1053, global_steps=1053)
2025-11-14 01:43:28,674 DDP_Script [Rank 0] [INFO] val acc 89.79%
2025-11-14 01:43:28,707 DDP_Script [Rank 0] [INFO] Saving checkpoint to ./checkpoints/job-2b524dbd492a/latest_checkpoint.pth ...
2025-11-14 01:43:33,152 DDP_Script [Rank 0] [INFO] Successfully reported epoch 9/20 (Acc: 89.79%) to global server.
2025-11-14 01:43:33,154 DDP_Script [Rank 0] [INFO] epoch 10 시작
2025-11-14 01:43:33,171 DDP_Script [Rank 0] [INFO] DataLoader created with batch_size=32, num_workers=4
2025-11-14 01:43:33,174 DDP_Script [Rank 0] [INFO] 모든 노드 중 max_steps = 1053
2025-11-14 01:43:33,174 DDP_Script [Rank 0] [INFO] local_steps=1053, global_steps=1053
2025-11-14 01:47:41,216 DDP_Script [Rank 0] [INFO] epoch 10 train step time: 248.04 seconds
2025-11-14 01:47:41,218 DDP_Script [Rank 0] [INFO] epoch 10 끝 (local_steps=1053, global_steps=1053)
2025-11-14 01:47:41,652 DDP_Script [Rank 0] [INFO] val acc 89.33%
2025-11-14 01:47:41,713 DDP_Script [Rank 0] [INFO] Saving checkpoint to ./checkpoints/job-2b524dbd492a/latest_checkpoint.pth ...
2025-11-14 01:47:45,316 DDP_Script [Rank 0] [INFO] Successfully reported epoch 10/20 (Acc: 89.33%) to global server.
2025-11-14 01:47:45,319 DDP_Script [Rank 0] [INFO] epoch 11 시작
2025-11-14 01:47:45,330 DDP_Script [Rank 0] [INFO] DataLoader created with batch_size=32, num_workers=4
2025-11-14 01:47:45,333 DDP_Script [Rank 0] [INFO] 모든 노드 중 max_steps = 1053
2025-11-14 01:47:45,333 DDP_Script [Rank 0] [INFO] local_steps=1053, global_steps=1053
2025-11-14 01:51:51,245 DDP_Script [Rank 0] [INFO] epoch 11 train step time: 245.91 seconds
2025-11-14 01:51:51,250 DDP_Script [Rank 0] [INFO] epoch 11 끝 (local_steps=1053, global_steps=1053)
2025-11-14 01:51:51,819 DDP_Script [Rank 0] [INFO] val acc 90.25%
2025-11-14 01:51:52,669 DDP_Script [Rank 0] [INFO] Saving checkpoint to ./checkpoints/job-2b524dbd492a/latest_checkpoint.pth ...
2025-11-14 01:52:49,902 DDP_Script [Rank 0] [INFO] Successfully reported epoch 11/20 (Acc: 90.25%) to global server.
2025-11-14 01:52:49,960 DDP_Script [Rank 0] [INFO] epoch 12 시작
2025-11-14 01:52:49,979 DDP_Script [Rank 0] [INFO] DataLoader created with batch_size=32, num_workers=4
2025-11-14 01:52:49,982 DDP_Script [Rank 0] [INFO] 모든 노드 중 max_steps = 1053
2025-11-14 01:52:49,982 DDP_Script [Rank 0] [INFO] local_steps=1053, global_steps=1053
2025-11-14 01:56:57,917 DDP_Script [Rank 0] [INFO] epoch 12 train step time: 247.93 seconds
2025-11-14 01:56:57,920 DDP_Script [Rank 0] [INFO] epoch 12 끝 (local_steps=1053, global_steps=1053)
2025-11-14 01:56:58,396 DDP_Script [Rank 0] [INFO] val acc 89.45%
2025-11-14 01:56:59,514 DDP_Script [Rank 0] [INFO] Saving checkpoint to ./checkpoints/job-2b524dbd492a/latest_checkpoint.pth ...
2025-11-14 01:57:20,514 DDP_Script [Rank 0] [INFO] Successfully reported epoch 12/20 (Acc: 89.45%) to global server.
2025-11-14 01:57:20,547 DDP_Script [Rank 0] [INFO] epoch 13 시작
2025-11-14 01:57:20,561 DDP_Script [Rank 0] [INFO] DataLoader created with batch_size=32, num_workers=4
2025-11-14 01:57:20,583 DDP_Script [Rank 0] [INFO] 모든 노드 중 max_steps = 1053
2025-11-14 01:57:20,584 DDP_Script [Rank 0] [INFO] local_steps=1053, global_steps=1053
2025-11-14 02:01:27,593 DDP_Script [Rank 0] [INFO] epoch 13 train step time: 247.01 seconds
2025-11-14 02:01:27,595 DDP_Script [Rank 0] [INFO] epoch 13 끝 (local_steps=1053, global_steps=1053)
2025-11-14 02:01:27,961 DDP_Script [Rank 0] [INFO] val acc 89.45%
2025-11-14 02:01:28,067 DDP_Script [Rank 0] [INFO] Saving checkpoint to ./checkpoints/job-2b524dbd492a/latest_checkpoint.pth ...
2025-11-14 02:01:46,496 DDP_Script [Rank 0] [INFO] Successfully reported epoch 13/20 (Acc: 89.45%) to global server.
2025-11-14 02:01:46,516 DDP_Script [Rank 0] [INFO] epoch 14 시작
2025-11-14 02:01:46,533 DDP_Script [Rank 0] [INFO] DataLoader created with batch_size=32, num_workers=4
2025-11-14 02:01:46,551 DDP_Script [Rank 0] [INFO] 모든 노드 중 max_steps = 1053
2025-11-14 02:01:46,552 DDP_Script [Rank 0] [INFO] local_steps=1053, global_steps=1053
2025-11-14 02:05:52,807 DDP_Script [Rank 0] [INFO] epoch 14 train step time: 246.25 seconds
2025-11-14 02:05:52,809 DDP_Script [Rank 0] [INFO] epoch 14 끝 (local_steps=1053, global_steps=1053)
2025-11-14 02:05:53,223 DDP_Script [Rank 0] [INFO] val acc 90.48%
2025-11-14 02:05:53,858 DDP_Script [Rank 0] [INFO] Saving checkpoint to ./checkpoints/job-2b524dbd492a/latest_checkpoint.pth ...
2025-11-14 02:06:08,043 DDP_Script [Rank 0] [INFO] Successfully reported epoch 14/20 (Acc: 90.48%) to global server.
2025-11-14 02:06:08,046 DDP_Script [Rank 0] [INFO] epoch 15 시작
2025-11-14 02:06:08,063 DDP_Script [Rank 0] [INFO] DataLoader created with batch_size=32, num_workers=4
2025-11-14 02:06:08,065 DDP_Script [Rank 0] [INFO] 모든 노드 중 max_steps = 1053
2025-11-14 02:06:08,065 DDP_Script [Rank 0] [INFO] local_steps=1053, global_steps=1053
2025-11-14 02:10:14,911 DDP_Script [Rank 0] [INFO] epoch 15 train step time: 246.84 seconds
2025-11-14 02:10:14,913 DDP_Script [Rank 0] [INFO] epoch 15 끝 (local_steps=1053, global_steps=1053)
2025-11-14 02:10:15,372 DDP_Script [Rank 0] [INFO] val acc 90.02%
2025-11-14 02:10:16,002 DDP_Script [Rank 0] [INFO] Saving checkpoint to ./checkpoints/job-2b524dbd492a/latest_checkpoint.pth ...
2025-11-14 02:10:37,525 DDP_Script [Rank 0] [INFO] Successfully reported epoch 15/20 (Acc: 90.02%) to global server.
2025-11-14 02:10:37,559 DDP_Script [Rank 0] [INFO] epoch 16 시작
2025-11-14 02:10:37,569 DDP_Script [Rank 0] [INFO] DataLoader created with batch_size=32, num_workers=4
2025-11-14 02:10:37,592 DDP_Script [Rank 0] [INFO] 모든 노드 중 max_steps = 1053
2025-11-14 02:10:37,592 DDP_Script [Rank 0] [INFO] local_steps=1053, global_steps=1053
2025-11-14 02:14:45,678 DDP_Script [Rank 0] [INFO] epoch 16 train step time: 248.09 seconds
2025-11-14 02:14:45,680 DDP_Script [Rank 0] [INFO] epoch 16 끝 (local_steps=1053, global_steps=1053)
2025-11-14 02:14:46,081 DDP_Script [Rank 0] [INFO] val acc 89.45%
2025-11-14 02:14:46,095 DDP_Script [Rank 0] [INFO] Saving checkpoint to ./checkpoints/job-2b524dbd492a/latest_checkpoint.pth ...
2025-11-14 02:14:49,525 DDP_Script [Rank 0] [INFO] Successfully reported epoch 16/20 (Acc: 89.45%) to global server.
2025-11-14 02:14:49,528 DDP_Script [Rank 0] [INFO] epoch 17 시작
2025-11-14 02:14:49,540 DDP_Script [Rank 0] [INFO] DataLoader created with batch_size=32, num_workers=4
2025-11-14 02:14:49,550 DDP_Script [Rank 0] [INFO] 모든 노드 중 max_steps = 1053
2025-11-14 02:14:49,550 DDP_Script [Rank 0] [INFO] local_steps=1053, global_steps=1053
2025-11-14 02:18:58,523 DDP_Script [Rank 0] [INFO] epoch 17 train step time: 248.97 seconds
2025-11-14 02:18:58,525 DDP_Script [Rank 0] [INFO] epoch 17 끝 (local_steps=1053, global_steps=1053)
2025-11-14 02:19:00,059 DDP_Script [Rank 0] [INFO] val acc 88.76%
2025-11-14 02:19:00,469 DDP_Script [Rank 0] [INFO] Saving checkpoint to ./checkpoints/job-2b524dbd492a/latest_checkpoint.pth ...
2025-11-14 02:19:18,433 DDP_Script [Rank 0] [INFO] Successfully reported epoch 17/20 (Acc: 88.76%) to global server.
2025-11-14 02:19:18,453 DDP_Script [Rank 0] [INFO] epoch 18 시작
2025-11-14 02:19:18,466 DDP_Script [Rank 0] [INFO] DataLoader created with batch_size=32, num_workers=4
2025-11-14 02:19:18,470 DDP_Script [Rank 0] [INFO] 모든 노드 중 max_steps = 1053
2025-11-14 02:19:18,470 DDP_Script [Rank 0] [INFO] local_steps=1053, global_steps=1053
2025-11-14 02:23:24,156 DDP_Script [Rank 0] [INFO] epoch 18 train step time: 245.69 seconds
2025-11-14 02:23:24,160 DDP_Script [Rank 0] [INFO] epoch 18 끝 (local_steps=1053, global_steps=1053)
2025-11-14 02:23:27,930 DDP_Script [Rank 0] [INFO] val acc 89.79%
2025-11-14 02:23:28,635 DDP_Script [Rank 0] [INFO] Saving checkpoint to ./checkpoints/job-2b524dbd492a/latest_checkpoint.pth ...
2025-11-14 02:24:05,979 DDP_Script [Rank 0] [INFO] Successfully reported epoch 18/20 (Acc: 89.79%) to global server.
2025-11-14 02:24:06,013 DDP_Script [Rank 0] [INFO] epoch 19 시작
2025-11-14 02:24:06,049 DDP_Script [Rank 0] [INFO] DataLoader created with batch_size=32, num_workers=4
2025-11-14 02:24:06,052 DDP_Script [Rank 0] [INFO] 모든 노드 중 max_steps = 1053
2025-11-14 02:24:06,052 DDP_Script [Rank 0] [INFO] local_steps=1053, global_steps=1053
2025-11-14 02:28:13,717 DDP_Script [Rank 0] [INFO] epoch 19 train step time: 247.66 seconds
2025-11-14 02:28:13,728 DDP_Script [Rank 0] [INFO] epoch 19 끝 (local_steps=1053, global_steps=1053)
2025-11-14 02:28:14,146 DDP_Script [Rank 0] [INFO] val acc 90.94%
2025-11-14 02:28:14,158 DDP_Script [Rank 0] [INFO] Saving checkpoint to ./checkpoints/job-2b524dbd492a/latest_checkpoint.pth ...
2025-11-14 02:28:30,101 DDP_Script [Rank 0] [INFO] Successfully reported epoch 19/20 (Acc: 90.94%) to global server.
2025-11-14 02:28:30,106 DDP_Script [Rank 0] [INFO] epoch 20 시작
2025-11-14 02:28:30,125 DDP_Script [Rank 0] [INFO] DataLoader created with batch_size=32, num_workers=4
2025-11-14 02:28:30,129 DDP_Script [Rank 0] [INFO] 모든 노드 중 max_steps = 1053
2025-11-14 02:28:30,129 DDP_Script [Rank 0] [INFO] local_steps=1053, global_steps=1053
2025-11-14 02:32:37,680 DDP_Script [Rank 0] [INFO] epoch 20 train step time: 247.55 seconds
2025-11-14 02:32:37,692 DDP_Script [Rank 0] [INFO] epoch 20 끝 (local_steps=1053, global_steps=1053)
2025-11-14 02:32:38,078 DDP_Script [Rank 0] [INFO] val acc 90.25%
2025-11-14 02:32:38,521 DDP_Script [Rank 0] [INFO] Saving checkpoint to ./checkpoints/job-2b524dbd492a/latest_checkpoint.pth ...
2025-11-14 02:32:56,818 DDP_Script [Rank 0] [INFO] Successfully reported epoch 20/20 (Acc: 90.25%) to global server.
2025-11-14 02:32:56,838 DDP_Script [Rank 0] [INFO] Training completed successfully.
2025-11-14 02:32:56,852 DDP_Script [Rank 0] [INFO] Reported job completion to global server.
2025-11-14 02:32:56,853 DDP_Script [Rank 0] [INFO] Training loop finished.
