Current CUDA device index: 0
Current CUDA device name: NVIDIA RTX A5000
Master address: 163.180.160.61, port: 29539
2025-11-16 07:16:27,267 DDP_Script [Rank 0] [INFO] Node rank: 0, world size: 1
[Gloo] Rank 0 is connected to 0 peer ranks. Expected number of connected peer ranks is : 0
2025-11-16 07:16:27,274 DDP_Script [Rank 0] [INFO] Process group initialized: 163.180.160.61:29539
2025-11-16 07:16:27,274 DDP_Script [Rank 0] [INFO] Rank 0/1 initialized
/data/breath12/anaconda3/envs/Dist2/lib/python3.9/site-packages/torchvision/models/_utils.py:208: UserWarning: The parameter 'pretrained' is deprecated since 0.13 and may be removed in the future, please use 'weights' instead.
  warnings.warn(
/data/breath12/anaconda3/envs/Dist2/lib/python3.9/site-packages/torchvision/models/_utils.py:223: UserWarning: Arguments other than a weight enum or `None` for 'weights' are deprecated since 0.13 and may be removed in the future. The current behavior is equivalent to passing `weights=None`.
  warnings.warn(msg)
2025-11-16 07:16:30,158 DDP_Script [Rank 0] [INFO] Model, DDP, criterion, optimizer initialized
2025-11-16 07:16:30,210 DDP_Script [Rank 0] [INFO] Modules initialized
2025-11-16 07:16:30,211 DDP_Script [Rank 0] [INFO] Checkpoint directory created: ./checkpoints/job-9df025ec9ecd
2025-11-16 07:16:30,211 DDP_Script [Rank 0] [INFO] Starting training from scratch (epoch 1).
2025-11-16 07:16:30,212 DDP_Script [Rank 0] [INFO] epoch 1 시작
2025-11-16 07:16:30,291 DDP_Script [Rank 0] [INFO] DataLoader created with batch_size=64, num_workers=4
2025-11-16 07:16:30,292 DDP_Script [Rank 0] [INFO] 모든 노드 중 max_steps = 782
2025-11-16 07:16:30,292 DDP_Script [Rank 0] [INFO] local_steps=782, global_steps=782
2025-11-16 07:17:21,357 DDP_Script [Rank 0] [INFO] epoch 1 train step time: 51.06 seconds
2025-11-16 07:17:21,359 DDP_Script [Rank 0] [INFO] epoch 1 끝 (local_steps=782, global_steps=782)
2025-11-16 07:17:26,950 DDP_Script [Rank 0] [INFO] val acc 12.61%
2025-11-16 07:17:26,983 DDP_Script [Rank 0] [INFO] Saving checkpoint to ./checkpoints/job-9df025ec9ecd/latest_checkpoint.pth ...
2025-11-16 07:17:27,463 DDP_Script [Rank 0] [INFO] Successfully reported epoch 1/20 (Acc: 12.61%) to global server.
2025-11-16 07:17:27,465 DDP_Script [Rank 0] [INFO] epoch 2 시작
2025-11-16 07:17:27,555 DDP_Script [Rank 0] [INFO] DataLoader created with batch_size=64, num_workers=4
2025-11-16 07:17:27,558 DDP_Script [Rank 0] [INFO] 모든 노드 중 max_steps = 782
2025-11-16 07:17:27,559 DDP_Script [Rank 0] [INFO] local_steps=782, global_steps=782
2025-11-16 07:18:16,356 DDP_Script [Rank 0] [INFO] epoch 2 train step time: 48.80 seconds
2025-11-16 07:18:16,358 DDP_Script [Rank 0] [INFO] epoch 2 끝 (local_steps=782, global_steps=782)
2025-11-16 07:18:21,822 DDP_Script [Rank 0] [INFO] val acc 18.89%
2025-11-16 07:18:21,861 DDP_Script [Rank 0] [INFO] Saving checkpoint to ./checkpoints/job-9df025ec9ecd/latest_checkpoint.pth ...
2025-11-16 07:18:22,289 DDP_Script [Rank 0] [INFO] Successfully reported epoch 2/20 (Acc: 18.89%) to global server.
2025-11-16 07:18:22,290 DDP_Script [Rank 0] [INFO] epoch 3 시작
2025-11-16 07:18:22,324 DDP_Script [Rank 0] [INFO] DataLoader created with batch_size=64, num_workers=4
2025-11-16 07:18:22,326 DDP_Script [Rank 0] [INFO] 모든 노드 중 max_steps = 782
2025-11-16 07:18:22,327 DDP_Script [Rank 0] [INFO] local_steps=782, global_steps=782
2025-11-16 07:19:11,222 DDP_Script [Rank 0] [INFO] epoch 3 train step time: 48.89 seconds
2025-11-16 07:19:11,223 DDP_Script [Rank 0] [INFO] epoch 3 끝 (local_steps=782, global_steps=782)
2025-11-16 07:19:16,730 DDP_Script [Rank 0] [INFO] val acc 27.01%
2025-11-16 07:19:16,759 DDP_Script [Rank 0] [INFO] Saving checkpoint to ./checkpoints/job-9df025ec9ecd/latest_checkpoint.pth ...
2025-11-16 07:19:17,226 DDP_Script [Rank 0] [INFO] Successfully reported epoch 3/20 (Acc: 27.01%) to global server.
2025-11-16 07:19:17,228 DDP_Script [Rank 0] [INFO] epoch 4 시작
2025-11-16 07:19:17,267 DDP_Script [Rank 0] [INFO] DataLoader created with batch_size=64, num_workers=4
2025-11-16 07:19:17,269 DDP_Script [Rank 0] [INFO] 모든 노드 중 max_steps = 782
2025-11-16 07:19:17,270 DDP_Script [Rank 0] [INFO] local_steps=782, global_steps=782
2025-11-16 07:20:06,350 DDP_Script [Rank 0] [INFO] epoch 4 train step time: 49.08 seconds
2025-11-16 07:20:06,352 DDP_Script [Rank 0] [INFO] epoch 4 끝 (local_steps=782, global_steps=782)
2025-11-16 07:20:11,916 DDP_Script [Rank 0] [INFO] val acc 32.22%
2025-11-16 07:20:11,942 DDP_Script [Rank 0] [INFO] Saving checkpoint to ./checkpoints/job-9df025ec9ecd/latest_checkpoint.pth ...
2025-11-16 07:20:12,360 DDP_Script [Rank 0] [INFO] Successfully reported epoch 4/20 (Acc: 32.22%) to global server.
2025-11-16 07:20:12,361 DDP_Script [Rank 0] [INFO] epoch 5 시작
2025-11-16 07:20:12,396 DDP_Script [Rank 0] [INFO] DataLoader created with batch_size=64, num_workers=4
2025-11-16 07:20:12,398 DDP_Script [Rank 0] [INFO] 모든 노드 중 max_steps = 782
2025-11-16 07:20:12,398 DDP_Script [Rank 0] [INFO] local_steps=782, global_steps=782
2025-11-16 07:21:01,143 DDP_Script [Rank 0] [INFO] epoch 5 train step time: 48.74 seconds
2025-11-16 07:21:01,144 DDP_Script [Rank 0] [INFO] epoch 5 끝 (local_steps=782, global_steps=782)
2025-11-16 07:21:06,659 DDP_Script [Rank 0] [INFO] val acc 37.63%
2025-11-16 07:21:06,699 DDP_Script [Rank 0] [INFO] Saving checkpoint to ./checkpoints/job-9df025ec9ecd/latest_checkpoint.pth ...
2025-11-16 07:21:07,181 DDP_Script [Rank 0] [INFO] Successfully reported epoch 5/20 (Acc: 37.63%) to global server.
2025-11-16 07:21:07,182 DDP_Script [Rank 0] [INFO] epoch 6 시작
2025-11-16 07:21:07,227 DDP_Script [Rank 0] [INFO] DataLoader created with batch_size=64, num_workers=4
2025-11-16 07:21:07,228 DDP_Script [Rank 0] [INFO] 모든 노드 중 max_steps = 782
2025-11-16 07:21:07,228 DDP_Script [Rank 0] [INFO] local_steps=782, global_steps=782
2025-11-16 07:21:56,296 DDP_Script [Rank 0] [INFO] epoch 6 train step time: 49.07 seconds
2025-11-16 07:21:56,298 DDP_Script [Rank 0] [INFO] epoch 6 끝 (local_steps=782, global_steps=782)
2025-11-16 07:22:01,822 DDP_Script [Rank 0] [INFO] val acc 43.16%
2025-11-16 07:22:01,862 DDP_Script [Rank 0] [INFO] Saving checkpoint to ./checkpoints/job-9df025ec9ecd/latest_checkpoint.pth ...
2025-11-16 07:22:02,322 DDP_Script [Rank 0] [INFO] Successfully reported epoch 6/20 (Acc: 43.16%) to global server.
2025-11-16 07:22:02,323 DDP_Script [Rank 0] [INFO] epoch 7 시작
2025-11-16 07:22:02,366 DDP_Script [Rank 0] [INFO] DataLoader created with batch_size=64, num_workers=4
2025-11-16 07:22:02,367 DDP_Script [Rank 0] [INFO] 모든 노드 중 max_steps = 782
2025-11-16 07:22:02,367 DDP_Script [Rank 0] [INFO] local_steps=782, global_steps=782
2025-11-16 07:22:50,968 DDP_Script [Rank 0] [INFO] epoch 7 train step time: 48.60 seconds
2025-11-16 07:22:50,970 DDP_Script [Rank 0] [INFO] epoch 7 끝 (local_steps=782, global_steps=782)
2025-11-16 07:22:56,598 DDP_Script [Rank 0] [INFO] val acc 44.92%
2025-11-16 07:22:56,612 DDP_Script [Rank 0] [INFO] Saving checkpoint to ./checkpoints/job-9df025ec9ecd/latest_checkpoint.pth ...
2025-11-16 07:22:57,331 DDP_Script [Rank 0] [INFO] Successfully reported epoch 7/20 (Acc: 44.92%) to global server.
2025-11-16 07:22:57,332 DDP_Script [Rank 0] [INFO] epoch 8 시작
2025-11-16 07:22:57,365 DDP_Script [Rank 0] [INFO] DataLoader created with batch_size=64, num_workers=4
2025-11-16 07:22:57,368 DDP_Script [Rank 0] [INFO] 모든 노드 중 max_steps = 782
2025-11-16 07:22:57,368 DDP_Script [Rank 0] [INFO] local_steps=782, global_steps=782
2025-11-16 07:23:46,251 DDP_Script [Rank 0] [INFO] epoch 8 train step time: 48.88 seconds
2025-11-16 07:23:46,253 DDP_Script [Rank 0] [INFO] epoch 8 끝 (local_steps=782, global_steps=782)
2025-11-16 07:23:51,665 DDP_Script [Rank 0] [INFO] val acc 49.07%
2025-11-16 07:23:51,703 DDP_Script [Rank 0] [INFO] Saving checkpoint to ./checkpoints/job-9df025ec9ecd/latest_checkpoint.pth ...
2025-11-16 07:23:52,161 DDP_Script [Rank 0] [INFO] Successfully reported epoch 8/20 (Acc: 49.07%) to global server.
2025-11-16 07:23:52,162 DDP_Script [Rank 0] [INFO] epoch 9 시작
2025-11-16 07:23:52,199 DDP_Script [Rank 0] [INFO] DataLoader created with batch_size=64, num_workers=4
2025-11-16 07:23:52,201 DDP_Script [Rank 0] [INFO] 모든 노드 중 max_steps = 782
2025-11-16 07:23:52,201 DDP_Script [Rank 0] [INFO] local_steps=782, global_steps=782
2025-11-16 07:24:40,920 DDP_Script [Rank 0] [INFO] epoch 9 train step time: 48.72 seconds
2025-11-16 07:24:40,922 DDP_Script [Rank 0] [INFO] epoch 9 끝 (local_steps=782, global_steps=782)
2025-11-16 07:24:46,418 DDP_Script [Rank 0] [INFO] val acc 52.36%
2025-11-16 07:24:46,464 DDP_Script [Rank 0] [INFO] Saving checkpoint to ./checkpoints/job-9df025ec9ecd/latest_checkpoint.pth ...
2025-11-16 07:24:46,982 DDP_Script [Rank 0] [INFO] Successfully reported epoch 9/20 (Acc: 52.36%) to global server.
2025-11-16 07:24:46,983 DDP_Script [Rank 0] [INFO] epoch 10 시작
2025-11-16 07:24:47,010 DDP_Script [Rank 0] [INFO] DataLoader created with batch_size=64, num_workers=4
2025-11-16 07:24:47,011 DDP_Script [Rank 0] [INFO] 모든 노드 중 max_steps = 782
2025-11-16 07:24:47,011 DDP_Script [Rank 0] [INFO] local_steps=782, global_steps=782
2025-11-16 07:25:35,959 DDP_Script [Rank 0] [INFO] epoch 10 train step time: 48.95 seconds
2025-11-16 07:25:35,961 DDP_Script [Rank 0] [INFO] epoch 10 끝 (local_steps=782, global_steps=782)
2025-11-16 07:25:41,280 DDP_Script [Rank 0] [INFO] val acc 54.46%
2025-11-16 07:25:41,319 DDP_Script [Rank 0] [INFO] Saving checkpoint to ./checkpoints/job-9df025ec9ecd/latest_checkpoint.pth ...
2025-11-16 07:25:41,786 DDP_Script [Rank 0] [INFO] Successfully reported epoch 10/20 (Acc: 54.46%) to global server.
2025-11-16 07:25:41,787 DDP_Script [Rank 0] [INFO] epoch 11 시작
2025-11-16 07:25:41,823 DDP_Script [Rank 0] [INFO] DataLoader created with batch_size=64, num_workers=4
2025-11-16 07:25:41,825 DDP_Script [Rank 0] [INFO] 모든 노드 중 max_steps = 782
2025-11-16 07:25:41,825 DDP_Script [Rank 0] [INFO] local_steps=782, global_steps=782
2025-11-16 07:26:30,782 DDP_Script [Rank 0] [INFO] epoch 11 train step time: 48.96 seconds
2025-11-16 07:26:30,784 DDP_Script [Rank 0] [INFO] epoch 11 끝 (local_steps=782, global_steps=782)
2025-11-16 07:26:36,401 DDP_Script [Rank 0] [INFO] val acc 55.24%
2025-11-16 07:26:36,449 DDP_Script [Rank 0] [INFO] Saving checkpoint to ./checkpoints/job-9df025ec9ecd/latest_checkpoint.pth ...
2025-11-16 07:26:36,852 DDP_Script [Rank 0] [INFO] Successfully reported epoch 11/20 (Acc: 55.24%) to global server.
2025-11-16 07:26:36,854 DDP_Script [Rank 0] [INFO] epoch 12 시작
2025-11-16 07:26:36,883 DDP_Script [Rank 0] [INFO] DataLoader created with batch_size=64, num_workers=4
2025-11-16 07:26:36,885 DDP_Script [Rank 0] [INFO] 모든 노드 중 max_steps = 782
2025-11-16 07:26:36,886 DDP_Script [Rank 0] [INFO] local_steps=782, global_steps=782
2025-11-16 07:27:25,642 DDP_Script [Rank 0] [INFO] epoch 12 train step time: 48.76 seconds
2025-11-16 07:27:25,643 DDP_Script [Rank 0] [INFO] epoch 12 끝 (local_steps=782, global_steps=782)
2025-11-16 07:27:31,298 DDP_Script [Rank 0] [INFO] val acc 57.59%
2025-11-16 07:27:31,373 DDP_Script [Rank 0] [INFO] Saving checkpoint to ./checkpoints/job-9df025ec9ecd/latest_checkpoint.pth ...
2025-11-16 07:27:31,824 DDP_Script [Rank 0] [INFO] Successfully reported epoch 12/20 (Acc: 57.59%) to global server.
2025-11-16 07:27:31,826 DDP_Script [Rank 0] [INFO] epoch 13 시작
2025-11-16 07:27:31,854 DDP_Script [Rank 0] [INFO] DataLoader created with batch_size=64, num_workers=4
2025-11-16 07:27:31,856 DDP_Script [Rank 0] [INFO] 모든 노드 중 max_steps = 782
2025-11-16 07:27:31,856 DDP_Script [Rank 0] [INFO] local_steps=782, global_steps=782
2025-11-16 07:28:20,741 DDP_Script [Rank 0] [INFO] epoch 13 train step time: 48.88 seconds
2025-11-16 07:28:20,743 DDP_Script [Rank 0] [INFO] epoch 13 끝 (local_steps=782, global_steps=782)
2025-11-16 07:28:26,486 DDP_Script [Rank 0] [INFO] val acc 58.29%
2025-11-16 07:28:26,536 DDP_Script [Rank 0] [INFO] Saving checkpoint to ./checkpoints/job-9df025ec9ecd/latest_checkpoint.pth ...
2025-11-16 07:28:26,998 DDP_Script [Rank 0] [INFO] Successfully reported epoch 13/20 (Acc: 58.29%) to global server.
2025-11-16 07:28:26,999 DDP_Script [Rank 0] [INFO] epoch 14 시작
2025-11-16 07:28:27,033 DDP_Script [Rank 0] [INFO] DataLoader created with batch_size=64, num_workers=4
2025-11-16 07:28:27,035 DDP_Script [Rank 0] [INFO] 모든 노드 중 max_steps = 782
2025-11-16 07:28:27,035 DDP_Script [Rank 0] [INFO] local_steps=782, global_steps=782
2025-11-16 07:29:15,659 DDP_Script [Rank 0] [INFO] epoch 14 train step time: 48.62 seconds
2025-11-16 07:29:15,661 DDP_Script [Rank 0] [INFO] epoch 14 끝 (local_steps=782, global_steps=782)
2025-11-16 07:29:21,378 DDP_Script [Rank 0] [INFO] val acc 59.79%
2025-11-16 07:29:21,422 DDP_Script [Rank 0] [INFO] Saving checkpoint to ./checkpoints/job-9df025ec9ecd/latest_checkpoint.pth ...
2025-11-16 07:29:21,895 DDP_Script [Rank 0] [INFO] Successfully reported epoch 14/20 (Acc: 59.79%) to global server.
2025-11-16 07:29:21,896 DDP_Script [Rank 0] [INFO] epoch 15 시작
2025-11-16 07:29:21,937 DDP_Script [Rank 0] [INFO] DataLoader created with batch_size=64, num_workers=4
2025-11-16 07:29:21,939 DDP_Script [Rank 0] [INFO] 모든 노드 중 max_steps = 782
2025-11-16 07:29:21,939 DDP_Script [Rank 0] [INFO] local_steps=782, global_steps=782
2025-11-16 07:30:10,730 DDP_Script [Rank 0] [INFO] epoch 15 train step time: 48.79 seconds
2025-11-16 07:30:10,732 DDP_Script [Rank 0] [INFO] epoch 15 끝 (local_steps=782, global_steps=782)
2025-11-16 07:30:16,438 DDP_Script [Rank 0] [INFO] val acc 60.56%
2025-11-16 07:30:16,472 DDP_Script [Rank 0] [INFO] Saving checkpoint to ./checkpoints/job-9df025ec9ecd/latest_checkpoint.pth ...
2025-11-16 07:30:16,945 DDP_Script [Rank 0] [INFO] Successfully reported epoch 15/20 (Acc: 60.56%) to global server.
2025-11-16 07:30:16,947 DDP_Script [Rank 0] [INFO] epoch 16 시작
2025-11-16 07:30:16,982 DDP_Script [Rank 0] [INFO] DataLoader created with batch_size=64, num_workers=4
2025-11-16 07:30:16,983 DDP_Script [Rank 0] [INFO] 모든 노드 중 max_steps = 782
2025-11-16 07:30:16,983 DDP_Script [Rank 0] [INFO] local_steps=782, global_steps=782
2025-11-16 07:31:05,779 DDP_Script [Rank 0] [INFO] epoch 16 train step time: 48.80 seconds
2025-11-16 07:31:05,781 DDP_Script [Rank 0] [INFO] epoch 16 끝 (local_steps=782, global_steps=782)
2025-11-16 07:31:11,356 DDP_Script [Rank 0] [INFO] val acc 61.72%
2025-11-16 07:31:11,396 DDP_Script [Rank 0] [INFO] Saving checkpoint to ./checkpoints/job-9df025ec9ecd/latest_checkpoint.pth ...
2025-11-16 07:31:11,926 DDP_Script [Rank 0] [INFO] Successfully reported epoch 16/20 (Acc: 61.72%) to global server.
2025-11-16 07:31:11,927 DDP_Script [Rank 0] [INFO] epoch 17 시작
2025-11-16 07:31:11,956 DDP_Script [Rank 0] [INFO] DataLoader created with batch_size=64, num_workers=4
2025-11-16 07:31:11,957 DDP_Script [Rank 0] [INFO] 모든 노드 중 max_steps = 782
2025-11-16 07:31:11,958 DDP_Script [Rank 0] [INFO] local_steps=782, global_steps=782
2025-11-16 07:32:00,140 DDP_Script [Rank 0] [INFO] epoch 17 train step time: 48.18 seconds
2025-11-16 07:32:00,141 DDP_Script [Rank 0] [INFO] epoch 17 끝 (local_steps=782, global_steps=782)
2025-11-16 07:32:05,281 DDP_Script [Rank 0] [INFO] val acc 62.46%
2025-11-16 07:32:05,332 DDP_Script [Rank 0] [INFO] Saving checkpoint to ./checkpoints/job-9df025ec9ecd/latest_checkpoint.pth ...
2025-11-16 07:32:05,749 DDP_Script [Rank 0] [INFO] Successfully reported epoch 17/20 (Acc: 62.46%) to global server.
2025-11-16 07:32:05,751 DDP_Script [Rank 0] [INFO] epoch 18 시작
2025-11-16 07:32:05,778 DDP_Script [Rank 0] [INFO] DataLoader created with batch_size=64, num_workers=4
2025-11-16 07:32:05,780 DDP_Script [Rank 0] [INFO] 모든 노드 중 max_steps = 782
2025-11-16 07:32:05,781 DDP_Script [Rank 0] [INFO] local_steps=782, global_steps=782
2025-11-16 07:32:54,414 DDP_Script [Rank 0] [INFO] epoch 18 train step time: 48.63 seconds
2025-11-16 07:32:54,415 DDP_Script [Rank 0] [INFO] epoch 18 끝 (local_steps=782, global_steps=782)
2025-11-16 07:33:00,054 DDP_Script [Rank 0] [INFO] val acc 63.51%
2025-11-16 07:33:00,079 DDP_Script [Rank 0] [INFO] Saving checkpoint to ./checkpoints/job-9df025ec9ecd/latest_checkpoint.pth ...
2025-11-16 07:33:00,518 DDP_Script [Rank 0] [INFO] Successfully reported epoch 18/20 (Acc: 63.51%) to global server.
2025-11-16 07:33:00,519 DDP_Script [Rank 0] [INFO] epoch 19 시작
2025-11-16 07:33:00,548 DDP_Script [Rank 0] [INFO] DataLoader created with batch_size=64, num_workers=4
2025-11-16 07:33:00,550 DDP_Script [Rank 0] [INFO] 모든 노드 중 max_steps = 782
2025-11-16 07:33:00,550 DDP_Script [Rank 0] [INFO] local_steps=782, global_steps=782
2025-11-16 07:33:48,943 DDP_Script [Rank 0] [INFO] epoch 19 train step time: 48.39 seconds
2025-11-16 07:33:48,944 DDP_Script [Rank 0] [INFO] epoch 19 끝 (local_steps=782, global_steps=782)
2025-11-16 07:33:54,518 DDP_Script [Rank 0] [INFO] val acc 63.83%
2025-11-16 07:33:54,556 DDP_Script [Rank 0] [INFO] Saving checkpoint to ./checkpoints/job-9df025ec9ecd/latest_checkpoint.pth ...
2025-11-16 07:33:54,971 DDP_Script [Rank 0] [INFO] Successfully reported epoch 19/20 (Acc: 63.83%) to global server.
2025-11-16 07:33:54,972 DDP_Script [Rank 0] [INFO] epoch 20 시작
2025-11-16 07:33:55,002 DDP_Script [Rank 0] [INFO] DataLoader created with batch_size=64, num_workers=4
2025-11-16 07:33:55,005 DDP_Script [Rank 0] [INFO] 모든 노드 중 max_steps = 782
2025-11-16 07:33:55,005 DDP_Script [Rank 0] [INFO] local_steps=782, global_steps=782
2025-11-16 07:34:43,848 DDP_Script [Rank 0] [INFO] epoch 20 train step time: 48.84 seconds
2025-11-16 07:34:43,850 DDP_Script [Rank 0] [INFO] epoch 20 끝 (local_steps=782, global_steps=782)
2025-11-16 07:34:49,457 DDP_Script [Rank 0] [INFO] val acc 64.13%
2025-11-16 07:34:49,484 DDP_Script [Rank 0] [INFO] Saving checkpoint to ./checkpoints/job-9df025ec9ecd/latest_checkpoint.pth ...
2025-11-16 07:34:49,895 DDP_Script [Rank 0] [INFO] Successfully reported epoch 20/20 (Acc: 64.13%) to global server.
2025-11-16 07:34:49,896 DDP_Script [Rank 0] [INFO] Training completed successfully.
2025-11-16 07:34:49,896 DDP_Script [Rank 0] [INFO] Training loop finished.
