Current CUDA device index: 0
Current CUDA device name: NVIDIA RTX A5000
Master address: 163.180.160.62, port: 29517
2025-11-19 00:31:32,669 DDP_Script [Rank 3] [INFO] Node rank: 3, world size: 4
[Gloo] Rank 3 is connected to 3 peer ranks. Expected number of connected peer ranks is : 3
2025-11-19 00:32:00,836 DDP_Script [Rank 3] [INFO] Process group initialized: 163.180.160.62:29517
2025-11-19 00:32:00,836 DDP_Script [Rank 3] [INFO] Rank 3/4 initialized
Val sample labels: tensor([  9,  10,  15,  21,  24,  27,  28,  46,  50,  55,  57,  65,  71,  75,
         98, 100, 106, 115, 116, 124, 136, 150, 169, 175, 177, 179, 181, 184,
        188, 195])
Train samples: 100000
Val   samples: 10000
/data/breath12/anaconda3/envs/Dist2/lib/python3.9/site-packages/torchvision/models/_utils.py:208: UserWarning: The parameter 'pretrained' is deprecated since 0.13 and may be removed in the future, please use 'weights' instead.
  warnings.warn(
/data/breath12/anaconda3/envs/Dist2/lib/python3.9/site-packages/torchvision/models/_utils.py:223: UserWarning: Arguments other than a weight enum or `None` for 'weights' are deprecated since 0.13 and may be removed in the future. The current behavior is equivalent to passing `weights=None`.
  warnings.warn(msg)
2025-11-19 00:32:04,451 DDP_Script [Rank 3] [INFO] Model, DDP, criterion, optimizer initialized
2025-11-19 00:32:04,482 DDP_Script [Rank 3] [INFO] Modules initialized
2025-11-19 00:32:04,482 DDP_Script [Rank 3] [INFO] Starting training from scratch (epoch 1).
2025-11-19 00:32:04,484 DDP_Script [Rank 3] [INFO] epoch 1 시작
2025-11-19 00:32:04,495 DDP_Script [Rank 3] [INFO] DataLoader created with batch_size=32, num_workers=4
2025-11-19 00:32:04,521 DDP_Script [Rank 3] [INFO] local_steps=782, global_steps=782
2025-11-19 00:34:03,045 DDP_Script [Rank 3] [INFO] epoch 1 train step time: 118.52 seconds
2025-11-19 00:34:03,048 DDP_Script [Rank 3] [INFO] epoch 1 끝 (local_steps=782, global_steps=782)
2025-11-19 00:34:06,263 DDP_Script [Rank 3] [INFO] val acc 8.90%
2025-11-19 00:34:07,836 DDP_Script [Rank 3] [INFO] epoch 2 시작
2025-11-19 00:34:07,851 DDP_Script [Rank 3] [INFO] DataLoader created with batch_size=32, num_workers=4
2025-11-19 00:34:07,861 DDP_Script [Rank 3] [INFO] local_steps=782, global_steps=782
2025-11-19 00:36:03,160 DDP_Script [Rank 3] [INFO] epoch 2 train step time: 115.30 seconds
2025-11-19 00:36:03,164 DDP_Script [Rank 3] [INFO] epoch 2 끝 (local_steps=782, global_steps=782)
2025-11-19 00:36:06,212 DDP_Script [Rank 3] [INFO] val acc 18.02%
2025-11-19 00:36:08,275 DDP_Script [Rank 3] [INFO] epoch 3 시작
2025-11-19 00:36:08,291 DDP_Script [Rank 3] [INFO] DataLoader created with batch_size=32, num_workers=4
2025-11-19 00:36:08,295 DDP_Script [Rank 3] [INFO] local_steps=782, global_steps=782
2025-11-19 00:38:07,959 DDP_Script [Rank 3] [INFO] epoch 3 train step time: 119.66 seconds
2025-11-19 00:38:07,969 DDP_Script [Rank 3] [INFO] epoch 3 끝 (local_steps=782, global_steps=782)
2025-11-19 00:38:10,790 DDP_Script [Rank 3] [INFO] val acc 24.76%
2025-11-19 00:38:11,797 DDP_Script [Rank 3] [INFO] epoch 4 시작
2025-11-19 00:38:11,811 DDP_Script [Rank 3] [INFO] DataLoader created with batch_size=32, num_workers=4
2025-11-19 00:38:11,817 DDP_Script [Rank 3] [INFO] local_steps=782, global_steps=782
2025-11-19 00:40:07,404 DDP_Script [Rank 3] [INFO] epoch 4 train step time: 115.59 seconds
2025-11-19 00:40:07,419 DDP_Script [Rank 3] [INFO] epoch 4 끝 (local_steps=782, global_steps=782)
2025-11-19 00:40:10,152 DDP_Script [Rank 3] [INFO] val acc 29.31%
2025-11-19 00:40:19,493 DDP_Script [Rank 3] [INFO] epoch 5 시작
2025-11-19 00:40:19,509 DDP_Script [Rank 3] [INFO] DataLoader created with batch_size=32, num_workers=4
2025-11-19 00:40:19,513 DDP_Script [Rank 3] [INFO] local_steps=782, global_steps=782
2025-11-19 00:42:17,658 DDP_Script [Rank 3] [INFO] epoch 5 train step time: 118.14 seconds
2025-11-19 00:42:17,661 DDP_Script [Rank 3] [INFO] epoch 5 끝 (local_steps=782, global_steps=782)
2025-11-19 00:42:20,744 DDP_Script [Rank 3] [INFO] val acc 33.80%
2025-11-19 00:42:21,733 DDP_Script [Rank 3] [INFO] epoch 6 시작
2025-11-19 00:42:21,747 DDP_Script [Rank 3] [INFO] DataLoader created with batch_size=32, num_workers=4
2025-11-19 00:42:21,774 DDP_Script [Rank 3] [INFO] local_steps=782, global_steps=782
2025-11-19 00:44:21,054 DDP_Script [Rank 3] [INFO] epoch 6 train step time: 119.28 seconds
2025-11-19 00:44:21,066 DDP_Script [Rank 3] [INFO] epoch 6 끝 (local_steps=782, global_steps=782)
2025-11-19 00:44:23,873 DDP_Script [Rank 3] [INFO] val acc 38.81%
2025-11-19 00:44:25,149 DDP_Script [Rank 3] [INFO] epoch 7 시작
2025-11-19 00:44:25,164 DDP_Script [Rank 3] [INFO] DataLoader created with batch_size=32, num_workers=4
2025-11-19 00:44:25,169 DDP_Script [Rank 3] [INFO] local_steps=782, global_steps=782
2025-11-19 00:46:24,718 DDP_Script [Rank 3] [INFO] epoch 7 train step time: 119.55 seconds
2025-11-19 00:46:24,729 DDP_Script [Rank 3] [INFO] epoch 7 끝 (local_steps=782, global_steps=782)
2025-11-19 00:46:27,797 DDP_Script [Rank 3] [INFO] val acc 39.63%
2025-11-19 00:46:29,796 DDP_Script [Rank 3] [INFO] epoch 8 시작
2025-11-19 00:46:29,810 DDP_Script [Rank 3] [INFO] DataLoader created with batch_size=32, num_workers=4
2025-11-19 00:46:29,817 DDP_Script [Rank 3] [INFO] local_steps=782, global_steps=782
2025-11-19 00:48:25,095 DDP_Script [Rank 3] [INFO] epoch 8 train step time: 115.28 seconds
2025-11-19 00:48:25,107 DDP_Script [Rank 3] [INFO] epoch 8 끝 (local_steps=782, global_steps=782)
2025-11-19 00:48:28,003 DDP_Script [Rank 3] [INFO] val acc 42.19%
2025-11-19 00:48:29,852 DDP_Script [Rank 3] [INFO] epoch 9 시작
2025-11-19 00:48:29,866 DDP_Script [Rank 3] [INFO] DataLoader created with batch_size=32, num_workers=4
2025-11-19 00:48:29,871 DDP_Script [Rank 3] [INFO] local_steps=782, global_steps=782
2025-11-19 00:50:29,718 DDP_Script [Rank 3] [INFO] epoch 9 train step time: 119.85 seconds
2025-11-19 00:50:29,733 DDP_Script [Rank 3] [INFO] epoch 9 끝 (local_steps=782, global_steps=782)
2025-11-19 00:50:33,094 DDP_Script [Rank 3] [INFO] val acc 44.44%
2025-11-19 00:50:34,809 DDP_Script [Rank 3] [INFO] epoch 10 시작
2025-11-19 00:50:34,823 DDP_Script [Rank 3] [INFO] DataLoader created with batch_size=32, num_workers=4
2025-11-19 00:50:34,828 DDP_Script [Rank 3] [INFO] local_steps=782, global_steps=782
2025-11-19 00:52:33,764 DDP_Script [Rank 3] [INFO] epoch 10 train step time: 118.93 seconds
2025-11-19 00:52:33,789 DDP_Script [Rank 3] [INFO] epoch 10 끝 (local_steps=782, global_steps=782)
2025-11-19 00:52:36,613 DDP_Script [Rank 3] [INFO] val acc 46.66%
2025-11-19 00:52:38,459 DDP_Script [Rank 3] [INFO] epoch 11 시작
2025-11-19 00:52:38,472 DDP_Script [Rank 3] [INFO] DataLoader created with batch_size=32, num_workers=4
2025-11-19 00:52:38,476 DDP_Script [Rank 3] [INFO] local_steps=782, global_steps=782
2025-11-19 00:54:35,093 DDP_Script [Rank 3] [INFO] epoch 11 train step time: 116.62 seconds
2025-11-19 00:54:35,105 DDP_Script [Rank 3] [INFO] epoch 11 끝 (local_steps=782, global_steps=782)
2025-11-19 00:54:38,248 DDP_Script [Rank 3] [INFO] val acc 47.29%
2025-11-19 00:54:39,347 DDP_Script [Rank 3] [INFO] epoch 12 시작
2025-11-19 00:54:39,362 DDP_Script [Rank 3] [INFO] DataLoader created with batch_size=32, num_workers=4
2025-11-19 00:54:39,368 DDP_Script [Rank 3] [INFO] local_steps=782, global_steps=782
2025-11-19 00:56:36,343 DDP_Script [Rank 3] [INFO] epoch 12 train step time: 116.97 seconds
2025-11-19 00:56:36,350 DDP_Script [Rank 3] [INFO] epoch 12 끝 (local_steps=782, global_steps=782)
2025-11-19 00:56:40,764 DDP_Script [Rank 3] [INFO] val acc 49.08%
2025-11-19 00:56:42,409 DDP_Script [Rank 3] [INFO] epoch 13 시작
2025-11-19 00:56:42,423 DDP_Script [Rank 3] [INFO] DataLoader created with batch_size=32, num_workers=4
2025-11-19 00:56:42,429 DDP_Script [Rank 3] [INFO] local_steps=782, global_steps=782
2025-11-19 00:58:40,421 DDP_Script [Rank 3] [INFO] epoch 13 train step time: 117.99 seconds
2025-11-19 00:58:40,433 DDP_Script [Rank 3] [INFO] epoch 13 끝 (local_steps=782, global_steps=782)
2025-11-19 00:58:43,753 DDP_Script [Rank 3] [INFO] val acc 50.39%
2025-11-19 00:58:45,581 DDP_Script [Rank 3] [INFO] epoch 14 시작
2025-11-19 00:58:45,596 DDP_Script [Rank 3] [INFO] DataLoader created with batch_size=32, num_workers=4
2025-11-19 00:58:45,601 DDP_Script [Rank 3] [INFO] local_steps=782, global_steps=782
2025-11-19 01:00:41,281 DDP_Script [Rank 3] [INFO] epoch 14 train step time: 115.68 seconds
2025-11-19 01:00:41,296 DDP_Script [Rank 3] [INFO] epoch 14 끝 (local_steps=782, global_steps=782)
2025-11-19 01:00:44,940 DDP_Script [Rank 3] [INFO] val acc 50.60%
2025-11-19 01:00:47,124 DDP_Script [Rank 3] [INFO] epoch 15 시작
2025-11-19 01:00:47,139 DDP_Script [Rank 3] [INFO] DataLoader created with batch_size=32, num_workers=4
2025-11-19 01:00:47,143 DDP_Script [Rank 3] [INFO] local_steps=782, global_steps=782
2025-11-19 01:02:44,418 DDP_Script [Rank 3] [INFO] epoch 15 train step time: 117.27 seconds
2025-11-19 01:02:44,445 DDP_Script [Rank 3] [INFO] epoch 15 끝 (local_steps=782, global_steps=782)
2025-11-19 01:02:47,579 DDP_Script [Rank 3] [INFO] val acc 51.96%
2025-11-19 01:02:48,794 DDP_Script [Rank 3] [INFO] epoch 16 시작
2025-11-19 01:02:48,808 DDP_Script [Rank 3] [INFO] DataLoader created with batch_size=32, num_workers=4
2025-11-19 01:02:48,815 DDP_Script [Rank 3] [INFO] local_steps=782, global_steps=782
2025-11-19 01:04:46,078 DDP_Script [Rank 3] [INFO] epoch 16 train step time: 117.26 seconds
2025-11-19 01:04:46,103 DDP_Script [Rank 3] [INFO] epoch 16 끝 (local_steps=782, global_steps=782)
2025-11-19 01:04:49,526 DDP_Script [Rank 3] [INFO] val acc 53.10%
2025-11-19 01:04:50,995 DDP_Script [Rank 3] [INFO] epoch 17 시작
2025-11-19 01:04:51,010 DDP_Script [Rank 3] [INFO] DataLoader created with batch_size=32, num_workers=4
2025-11-19 01:04:51,016 DDP_Script [Rank 3] [INFO] local_steps=782, global_steps=782
2025-11-19 01:06:48,274 DDP_Script [Rank 3] [INFO] epoch 17 train step time: 117.26 seconds
2025-11-19 01:06:48,282 DDP_Script [Rank 3] [INFO] epoch 17 끝 (local_steps=782, global_steps=782)
2025-11-19 01:06:51,079 DDP_Script [Rank 3] [INFO] val acc 54.38%
2025-11-19 01:06:53,095 DDP_Script [Rank 3] [INFO] epoch 18 시작
2025-11-19 01:06:53,109 DDP_Script [Rank 3] [INFO] DataLoader created with batch_size=32, num_workers=4
2025-11-19 01:06:53,115 DDP_Script [Rank 3] [INFO] local_steps=782, global_steps=782
2025-11-19 01:08:52,114 DDP_Script [Rank 3] [INFO] epoch 18 train step time: 119.00 seconds
2025-11-19 01:08:52,120 DDP_Script [Rank 3] [INFO] epoch 18 끝 (local_steps=782, global_steps=782)
2025-11-19 01:08:55,112 DDP_Script [Rank 3] [INFO] val acc 54.84%
2025-11-19 01:08:58,769 DDP_Script [Rank 3] [INFO] epoch 19 시작
2025-11-19 01:08:58,783 DDP_Script [Rank 3] [INFO] DataLoader created with batch_size=32, num_workers=4
2025-11-19 01:08:58,789 DDP_Script [Rank 3] [INFO] local_steps=782, global_steps=782
2025-11-19 01:10:55,670 DDP_Script [Rank 3] [INFO] epoch 19 train step time: 116.88 seconds
2025-11-19 01:10:55,673 DDP_Script [Rank 3] [INFO] epoch 19 끝 (local_steps=782, global_steps=782)
2025-11-19 01:10:58,439 DDP_Script [Rank 3] [INFO] val acc 55.31%
2025-11-19 01:11:00,414 DDP_Script [Rank 3] [INFO] epoch 20 시작
2025-11-19 01:11:00,430 DDP_Script [Rank 3] [INFO] DataLoader created with batch_size=32, num_workers=4
2025-11-19 01:11:00,435 DDP_Script [Rank 3] [INFO] local_steps=782, global_steps=782
2025-11-19 01:12:58,606 DDP_Script [Rank 3] [INFO] epoch 20 train step time: 118.17 seconds
2025-11-19 01:12:58,617 DDP_Script [Rank 3] [INFO] epoch 20 끝 (local_steps=782, global_steps=782)
2025-11-19 01:13:02,152 DDP_Script [Rank 3] [INFO] val acc 54.76%
2025-11-19 01:13:03,739 DDP_Script [Rank 3] [INFO] Training loop finished.
