/nas2/data/dlwmznzl1/anaconda3/envs/Dist1/lib/python3.9/site-packages/torch/cuda/__init__.py:63: FutureWarning: The pynvml package is deprecated. Please install nvidia-ml-py instead. If you did not install pynvml directly, please report this to the maintainers of the package that installed pynvml for you.
  import pynvml  # type: ignore[import]
Current CUDA device index: 0
Current CUDA device name: NVIDIA RTX A5000
Master address: 163.180.160.61, port: 29567
2025-11-16 09:28:35,270 DDP_Script [Rank 0] [INFO] Node rank: 0, world size: 2
[Gloo] Rank 0 is connected to 1 peer ranks. Expected number of connected peer ranks is : 1
2025-11-16 09:28:35,884 DDP_Script [Rank 0] [INFO] Process group initialized: 163.180.160.61:29567
2025-11-16 09:28:35,884 DDP_Script [Rank 0] [INFO] Rank 0/2 initialized
2025-11-16 09:28:35,884 DDP_Script [Rank 0] [INFO] Rank 0 downloading tokenizer: distilbert-base-uncased
2025-11-16 09:28:36,905 DDP_Script [Rank 0] [INFO] Rank 0 downloading dataset: glue/sst2
2025-11-16 09:28:41,638 DDP_Script [Rank 0] [INFO] Tokenizing datasets...
2025-11-16 09:28:41,678 DDP_Script [Rank 0] [INFO] SST-2 Dataset and Tokenizer loaded.
2025-11-16 09:28:41,678 DDP_Script [Rank 0] [INFO] Rank 0 downloading model: distilbert-base-uncased
Some weights of DistilBertForSequenceClassification were not initialized from the model checkpoint at distilbert-base-uncased and are newly initialized: ['classifier.bias', 'classifier.weight', 'pre_classifier.bias', 'pre_classifier.weight']
You should probably TRAIN this model on a down-stream task to be able to use it for predictions and inference.
2025-11-16 09:28:47,245 DDP_Script [Rank 0] [INFO] Model (DistilBert), DDP, optimizer (AdamW) initialized
2025-11-16 09:28:47,252 DDP_Script [Rank 0] [INFO] Modules initialized
2025-11-16 09:28:47,273 DDP_Script [Rank 0] [INFO] Checkpoint directory created: ./checkpoints/job-4f2b03d4422f
2025-11-16 09:28:47,273 DDP_Script [Rank 0] [INFO] Starting training from scratch (epoch 1).
2025-11-16 09:28:47,274 DDP_Script [Rank 0] [INFO] epoch 1 시작
2025-11-16 09:28:47,298 DDP_Script [Rank 0] [INFO] DataLoader created with batch_size=16, num_workers=4
2025-11-16 09:28:47,320 DDP_Script [Rank 0] [INFO] 모든 노드 중 max_steps = 2105
2025-11-16 09:28:47,320 DDP_Script [Rank 0] [INFO] local_steps=2105, global_steps=2105
2025-11-16 09:39:02,900 DDP_Script [Rank 0] [INFO] epoch 1 train step time: 615.58 seconds
2025-11-16 09:39:02,902 DDP_Script [Rank 0] [INFO] epoch 1 끝 (local_steps=2105, global_steps=2105)
2025-11-16 09:39:03,292 DDP_Script [Rank 0] [INFO] val acc 90.71%
2025-11-16 09:39:03,306 DDP_Script [Rank 0] [INFO] Saving checkpoint to ./checkpoints/job-4f2b03d4422f/latest_checkpoint.pth ...
2025-11-16 09:39:05,549 DDP_Script [Rank 0] [INFO] Successfully reported epoch 1/20 (Acc: 90.71%) to global server.
2025-11-16 09:39:05,551 DDP_Script [Rank 0] [INFO] epoch 2 시작
2025-11-16 09:39:05,571 DDP_Script [Rank 0] [INFO] DataLoader created with batch_size=16, num_workers=4
2025-11-16 09:39:05,573 DDP_Script [Rank 0] [INFO] 모든 노드 중 max_steps = 2105
2025-11-16 09:39:05,573 DDP_Script [Rank 0] [INFO] local_steps=2105, global_steps=2105
2025-11-16 09:49:16,358 DDP_Script [Rank 0] [INFO] epoch 2 train step time: 610.78 seconds
2025-11-16 09:49:16,360 DDP_Script [Rank 0] [INFO] epoch 2 끝 (local_steps=2105, global_steps=2105)
2025-11-16 09:49:16,784 DDP_Script [Rank 0] [INFO] val acc 89.68%
2025-11-16 09:49:16,794 DDP_Script [Rank 0] [INFO] Saving checkpoint to ./checkpoints/job-4f2b03d4422f/latest_checkpoint.pth ...
2025-11-16 09:49:19,103 DDP_Script [Rank 0] [INFO] Successfully reported epoch 2/20 (Acc: 89.68%) to global server.
2025-11-16 09:49:19,106 DDP_Script [Rank 0] [INFO] epoch 3 시작
2025-11-16 09:49:19,124 DDP_Script [Rank 0] [INFO] DataLoader created with batch_size=16, num_workers=4
2025-11-16 09:49:19,131 DDP_Script [Rank 0] [INFO] 모든 노드 중 max_steps = 2105
2025-11-16 09:49:19,131 DDP_Script [Rank 0] [INFO] local_steps=2105, global_steps=2105
2025-11-16 09:59:35,173 DDP_Script [Rank 0] [INFO] epoch 3 train step time: 616.04 seconds
2025-11-16 09:59:35,175 DDP_Script [Rank 0] [INFO] epoch 3 끝 (local_steps=2105, global_steps=2105)
2025-11-16 09:59:35,552 DDP_Script [Rank 0] [INFO] val acc 90.83%
2025-11-16 09:59:35,566 DDP_Script [Rank 0] [INFO] Saving checkpoint to ./checkpoints/job-4f2b03d4422f/latest_checkpoint.pth ...
2025-11-16 09:59:37,986 DDP_Script [Rank 0] [INFO] Successfully reported epoch 3/20 (Acc: 90.83%) to global server.
2025-11-16 09:59:37,988 DDP_Script [Rank 0] [INFO] epoch 4 시작
2025-11-16 09:59:38,010 DDP_Script [Rank 0] [INFO] DataLoader created with batch_size=16, num_workers=4
2025-11-16 09:59:38,014 DDP_Script [Rank 0] [INFO] 모든 노드 중 max_steps = 2105
2025-11-16 09:59:38,014 DDP_Script [Rank 0] [INFO] local_steps=2105, global_steps=2105
2025-11-16 10:09:52,806 DDP_Script [Rank 0] [INFO] epoch 4 train step time: 614.79 seconds
2025-11-16 10:09:52,812 DDP_Script [Rank 0] [INFO] epoch 4 끝 (local_steps=2105, global_steps=2105)
2025-11-16 10:09:53,226 DDP_Script [Rank 0] [INFO] val acc 90.25%
2025-11-16 10:09:53,233 DDP_Script [Rank 0] [INFO] Saving checkpoint to ./checkpoints/job-4f2b03d4422f/latest_checkpoint.pth ...
2025-11-16 10:09:55,728 DDP_Script [Rank 0] [INFO] Successfully reported epoch 4/20 (Acc: 90.25%) to global server.
2025-11-16 10:09:55,730 DDP_Script [Rank 0] [INFO] epoch 5 시작
2025-11-16 10:09:55,745 DDP_Script [Rank 0] [INFO] DataLoader created with batch_size=16, num_workers=4
2025-11-16 10:09:55,753 DDP_Script [Rank 0] [INFO] 모든 노드 중 max_steps = 2105
2025-11-16 10:09:55,753 DDP_Script [Rank 0] [INFO] local_steps=2105, global_steps=2105
2025-11-16 10:20:08,323 DDP_Script [Rank 0] [INFO] epoch 5 train step time: 612.57 seconds
2025-11-16 10:20:08,325 DDP_Script [Rank 0] [INFO] epoch 5 끝 (local_steps=2105, global_steps=2105)
2025-11-16 10:20:08,685 DDP_Script [Rank 0] [INFO] val acc 90.25%
2025-11-16 10:20:08,694 DDP_Script [Rank 0] [INFO] Saving checkpoint to ./checkpoints/job-4f2b03d4422f/latest_checkpoint.pth ...
2025-11-16 10:20:11,114 DDP_Script [Rank 0] [INFO] Successfully reported epoch 5/20 (Acc: 90.25%) to global server.
2025-11-16 10:20:11,117 DDP_Script [Rank 0] [INFO] epoch 6 시작
2025-11-16 10:20:11,138 DDP_Script [Rank 0] [INFO] DataLoader created with batch_size=16, num_workers=4
2025-11-16 10:20:11,145 DDP_Script [Rank 0] [INFO] 모든 노드 중 max_steps = 2105
2025-11-16 10:20:11,145 DDP_Script [Rank 0] [INFO] local_steps=2105, global_steps=2105
2025-11-16 10:30:15,454 DDP_Script [Rank 0] [INFO] epoch 6 train step time: 604.31 seconds
2025-11-16 10:30:15,456 DDP_Script [Rank 0] [INFO] epoch 6 끝 (local_steps=2105, global_steps=2105)
2025-11-16 10:30:15,813 DDP_Script [Rank 0] [INFO] val acc 89.45%
2025-11-16 10:30:15,825 DDP_Script [Rank 0] [INFO] Saving checkpoint to ./checkpoints/job-4f2b03d4422f/latest_checkpoint.pth ...
2025-11-16 10:30:18,036 DDP_Script [Rank 0] [INFO] Successfully reported epoch 6/20 (Acc: 89.45%) to global server.
2025-11-16 10:30:18,038 DDP_Script [Rank 0] [INFO] epoch 7 시작
2025-11-16 10:30:18,053 DDP_Script [Rank 0] [INFO] DataLoader created with batch_size=16, num_workers=4
2025-11-16 10:30:18,081 DDP_Script [Rank 0] [INFO] 모든 노드 중 max_steps = 2105
2025-11-16 10:30:18,081 DDP_Script [Rank 0] [INFO] local_steps=2105, global_steps=2105
2025-11-16 10:40:14,150 DDP_Script [Rank 0] [INFO] epoch 7 train step time: 596.07 seconds
2025-11-16 10:40:14,152 DDP_Script [Rank 0] [INFO] epoch 7 끝 (local_steps=2105, global_steps=2105)
2025-11-16 10:40:14,586 DDP_Script [Rank 0] [INFO] val acc 89.91%
2025-11-16 10:40:14,599 DDP_Script [Rank 0] [INFO] Saving checkpoint to ./checkpoints/job-4f2b03d4422f/latest_checkpoint.pth ...
2025-11-16 10:40:16,871 DDP_Script [Rank 0] [INFO] Successfully reported epoch 7/20 (Acc: 89.91%) to global server.
2025-11-16 10:40:16,874 DDP_Script [Rank 0] [INFO] epoch 8 시작
2025-11-16 10:40:16,891 DDP_Script [Rank 0] [INFO] DataLoader created with batch_size=16, num_workers=4
2025-11-16 10:40:16,929 DDP_Script [Rank 0] [INFO] 모든 노드 중 max_steps = 2105
2025-11-16 10:40:16,929 DDP_Script [Rank 0] [INFO] local_steps=2105, global_steps=2105
2025-11-16 10:50:18,066 DDP_Script [Rank 0] [INFO] epoch 8 train step time: 601.14 seconds
2025-11-16 10:50:18,070 DDP_Script [Rank 0] [INFO] epoch 8 끝 (local_steps=2105, global_steps=2105)
2025-11-16 10:50:18,459 DDP_Script [Rank 0] [INFO] val acc 89.79%
2025-11-16 10:50:18,473 DDP_Script [Rank 0] [INFO] Saving checkpoint to ./checkpoints/job-4f2b03d4422f/latest_checkpoint.pth ...
2025-11-16 10:50:20,703 DDP_Script [Rank 0] [INFO] Successfully reported epoch 8/20 (Acc: 89.79%) to global server.
2025-11-16 10:50:20,705 DDP_Script [Rank 0] [INFO] epoch 9 시작
2025-11-16 10:50:20,717 DDP_Script [Rank 0] [INFO] DataLoader created with batch_size=16, num_workers=4
2025-11-16 10:50:20,729 DDP_Script [Rank 0] [INFO] 모든 노드 중 max_steps = 2105
2025-11-16 10:50:20,729 DDP_Script [Rank 0] [INFO] local_steps=2105, global_steps=2105
2025-11-16 11:00:19,917 DDP_Script [Rank 0] [INFO] epoch 9 train step time: 599.19 seconds
2025-11-16 11:00:19,919 DDP_Script [Rank 0] [INFO] epoch 9 끝 (local_steps=2105, global_steps=2105)
2025-11-16 11:00:20,391 DDP_Script [Rank 0] [INFO] val acc 90.14%
2025-11-16 11:00:20,399 DDP_Script [Rank 0] [INFO] Saving checkpoint to ./checkpoints/job-4f2b03d4422f/latest_checkpoint.pth ...
2025-11-16 11:00:22,846 DDP_Script [Rank 0] [INFO] Successfully reported epoch 9/20 (Acc: 90.14%) to global server.
2025-11-16 11:00:22,848 DDP_Script [Rank 0] [INFO] epoch 10 시작
2025-11-16 11:00:22,868 DDP_Script [Rank 0] [INFO] DataLoader created with batch_size=16, num_workers=4
2025-11-16 11:00:22,871 DDP_Script [Rank 0] [INFO] 모든 노드 중 max_steps = 2105
2025-11-16 11:00:22,872 DDP_Script [Rank 0] [INFO] local_steps=2105, global_steps=2105
2025-11-16 11:10:25,038 DDP_Script [Rank 0] [INFO] epoch 10 train step time: 602.17 seconds
2025-11-16 11:10:25,040 DDP_Script [Rank 0] [INFO] epoch 10 끝 (local_steps=2105, global_steps=2105)
2025-11-16 11:10:25,460 DDP_Script [Rank 0] [INFO] val acc 90.02%
2025-11-16 11:10:25,478 DDP_Script [Rank 0] [INFO] Saving checkpoint to ./checkpoints/job-4f2b03d4422f/latest_checkpoint.pth ...
2025-11-16 11:10:27,882 DDP_Script [Rank 0] [INFO] Successfully reported epoch 10/20 (Acc: 90.02%) to global server.
2025-11-16 11:10:27,884 DDP_Script [Rank 0] [INFO] epoch 11 시작
2025-11-16 11:10:27,907 DDP_Script [Rank 0] [INFO] DataLoader created with batch_size=16, num_workers=4
2025-11-16 11:10:27,910 DDP_Script [Rank 0] [INFO] 모든 노드 중 max_steps = 2105
2025-11-16 11:10:27,910 DDP_Script [Rank 0] [INFO] local_steps=2105, global_steps=2105
2025-11-16 11:20:30,879 DDP_Script [Rank 0] [INFO] epoch 11 train step time: 602.97 seconds
2025-11-16 11:20:30,880 DDP_Script [Rank 0] [INFO] epoch 11 끝 (local_steps=2105, global_steps=2105)
2025-11-16 11:20:31,278 DDP_Script [Rank 0] [INFO] val acc 89.79%
2025-11-16 11:20:31,291 DDP_Script [Rank 0] [INFO] Saving checkpoint to ./checkpoints/job-4f2b03d4422f/latest_checkpoint.pth ...
2025-11-16 11:20:33,874 DDP_Script [Rank 0] [INFO] Successfully reported epoch 11/20 (Acc: 89.79%) to global server.
2025-11-16 11:20:33,876 DDP_Script [Rank 0] [INFO] epoch 12 시작
2025-11-16 11:20:33,923 DDP_Script [Rank 0] [INFO] DataLoader created with batch_size=16, num_workers=4
2025-11-16 11:20:33,948 DDP_Script [Rank 0] [INFO] 모든 노드 중 max_steps = 2105
2025-11-16 11:20:33,948 DDP_Script [Rank 0] [INFO] local_steps=2105, global_steps=2105
2025-11-16 11:30:37,557 DDP_Script [Rank 0] [INFO] epoch 12 train step time: 603.61 seconds
2025-11-16 11:30:37,559 DDP_Script [Rank 0] [INFO] epoch 12 끝 (local_steps=2105, global_steps=2105)
2025-11-16 11:30:37,919 DDP_Script [Rank 0] [INFO] val acc 90.14%
2025-11-16 11:30:37,933 DDP_Script [Rank 0] [INFO] Saving checkpoint to ./checkpoints/job-4f2b03d4422f/latest_checkpoint.pth ...
2025-11-16 11:30:40,525 DDP_Script [Rank 0] [INFO] Successfully reported epoch 12/20 (Acc: 90.14%) to global server.
2025-11-16 11:30:40,527 DDP_Script [Rank 0] [INFO] epoch 13 시작
2025-11-16 11:30:40,571 DDP_Script [Rank 0] [INFO] DataLoader created with batch_size=16, num_workers=4
2025-11-16 11:30:40,573 DDP_Script [Rank 0] [INFO] 모든 노드 중 max_steps = 2105
2025-11-16 11:30:40,574 DDP_Script [Rank 0] [INFO] local_steps=2105, global_steps=2105
2025-11-16 11:40:56,920 DDP_Script [Rank 0] [INFO] epoch 13 train step time: 616.35 seconds
2025-11-16 11:40:56,921 DDP_Script [Rank 0] [INFO] epoch 13 끝 (local_steps=2105, global_steps=2105)
2025-11-16 11:40:57,332 DDP_Script [Rank 0] [INFO] val acc 89.22%
2025-11-16 11:40:57,343 DDP_Script [Rank 0] [INFO] Saving checkpoint to ./checkpoints/job-4f2b03d4422f/latest_checkpoint.pth ...
2025-11-16 11:40:59,710 DDP_Script [Rank 0] [INFO] Successfully reported epoch 13/20 (Acc: 89.22%) to global server.
2025-11-16 11:40:59,712 DDP_Script [Rank 0] [INFO] epoch 14 시작
2025-11-16 11:40:59,735 DDP_Script [Rank 0] [INFO] DataLoader created with batch_size=16, num_workers=4
2025-11-16 11:40:59,738 DDP_Script [Rank 0] [INFO] 모든 노드 중 max_steps = 2105
2025-11-16 11:40:59,738 DDP_Script [Rank 0] [INFO] local_steps=2105, global_steps=2105
2025-11-16 11:51:10,222 DDP_Script [Rank 0] [INFO] epoch 14 train step time: 610.48 seconds
2025-11-16 11:51:10,232 DDP_Script [Rank 0] [INFO] epoch 14 끝 (local_steps=2105, global_steps=2105)
2025-11-16 11:51:10,635 DDP_Script [Rank 0] [INFO] val acc 88.42%
2025-11-16 11:51:10,647 DDP_Script [Rank 0] [INFO] Saving checkpoint to ./checkpoints/job-4f2b03d4422f/latest_checkpoint.pth ...
2025-11-16 11:51:13,050 DDP_Script [Rank 0] [INFO] Successfully reported epoch 14/20 (Acc: 88.42%) to global server.
2025-11-16 11:51:13,052 DDP_Script [Rank 0] [INFO] epoch 15 시작
2025-11-16 11:51:13,071 DDP_Script [Rank 0] [INFO] DataLoader created with batch_size=16, num_workers=4
2025-11-16 11:51:13,075 DDP_Script [Rank 0] [INFO] 모든 노드 중 max_steps = 2105
2025-11-16 11:51:13,075 DDP_Script [Rank 0] [INFO] local_steps=2105, global_steps=2105
2025-11-16 12:01:26,027 DDP_Script [Rank 0] [INFO] epoch 15 train step time: 612.95 seconds
2025-11-16 12:01:26,059 DDP_Script [Rank 0] [INFO] epoch 15 끝 (local_steps=2105, global_steps=2105)
2025-11-16 12:01:26,486 DDP_Script [Rank 0] [INFO] val acc 90.14%
2025-11-16 12:01:26,501 DDP_Script [Rank 0] [INFO] Saving checkpoint to ./checkpoints/job-4f2b03d4422f/latest_checkpoint.pth ...
2025-11-16 12:01:28,864 DDP_Script [Rank 0] [INFO] Successfully reported epoch 15/20 (Acc: 90.14%) to global server.
2025-11-16 12:01:28,867 DDP_Script [Rank 0] [INFO] epoch 16 시작
2025-11-16 12:01:28,886 DDP_Script [Rank 0] [INFO] DataLoader created with batch_size=16, num_workers=4
2025-11-16 12:01:29,057 DDP_Script [Rank 0] [INFO] 모든 노드 중 max_steps = 2105
2025-11-16 12:01:29,057 DDP_Script [Rank 0] [INFO] local_steps=2105, global_steps=2105
2025-11-16 12:11:31,786 DDP_Script [Rank 0] [INFO] epoch 16 train step time: 602.73 seconds
2025-11-16 12:11:31,787 DDP_Script [Rank 0] [INFO] epoch 16 끝 (local_steps=2105, global_steps=2105)
2025-11-16 12:11:32,176 DDP_Script [Rank 0] [INFO] val acc 89.91%
2025-11-16 12:11:32,185 DDP_Script [Rank 0] [INFO] Saving checkpoint to ./checkpoints/job-4f2b03d4422f/latest_checkpoint.pth ...
2025-11-16 12:11:33,819 DDP_Script [Rank 0] [INFO] Successfully reported epoch 16/20 (Acc: 89.91%) to global server.
2025-11-16 12:11:33,821 DDP_Script [Rank 0] [INFO] epoch 17 시작
2025-11-16 12:11:33,838 DDP_Script [Rank 0] [INFO] DataLoader created with batch_size=16, num_workers=4
2025-11-16 12:11:33,844 DDP_Script [Rank 0] [INFO] 모든 노드 중 max_steps = 2105
2025-11-16 12:11:33,845 DDP_Script [Rank 0] [INFO] local_steps=2105, global_steps=2105
2025-11-16 12:21:41,063 DDP_Script [Rank 0] [INFO] epoch 17 train step time: 607.22 seconds
2025-11-16 12:21:41,066 DDP_Script [Rank 0] [INFO] epoch 17 끝 (local_steps=2105, global_steps=2105)
2025-11-16 12:21:41,449 DDP_Script [Rank 0] [INFO] val acc 89.68%
2025-11-16 12:21:41,459 DDP_Script [Rank 0] [INFO] Saving checkpoint to ./checkpoints/job-4f2b03d4422f/latest_checkpoint.pth ...
2025-11-16 12:21:43,557 DDP_Script [Rank 0] [INFO] Successfully reported epoch 17/20 (Acc: 89.68%) to global server.
2025-11-16 12:21:43,559 DDP_Script [Rank 0] [INFO] epoch 18 시작
2025-11-16 12:21:43,575 DDP_Script [Rank 0] [INFO] DataLoader created with batch_size=16, num_workers=4
2025-11-16 12:21:43,577 DDP_Script [Rank 0] [INFO] 모든 노드 중 max_steps = 2105
2025-11-16 12:21:43,577 DDP_Script [Rank 0] [INFO] local_steps=2105, global_steps=2105
2025-11-16 12:31:44,339 DDP_Script [Rank 0] [INFO] epoch 18 train step time: 600.76 seconds
2025-11-16 12:31:44,342 DDP_Script [Rank 0] [INFO] epoch 18 끝 (local_steps=2105, global_steps=2105)
2025-11-16 12:31:44,781 DDP_Script [Rank 0] [INFO] val acc 89.91%
2025-11-16 12:31:44,789 DDP_Script [Rank 0] [INFO] Saving checkpoint to ./checkpoints/job-4f2b03d4422f/latest_checkpoint.pth ...
2025-11-16 12:31:47,232 DDP_Script [Rank 0] [INFO] Successfully reported epoch 18/20 (Acc: 89.91%) to global server.
2025-11-16 12:31:47,234 DDP_Script [Rank 0] [INFO] epoch 19 시작
2025-11-16 12:31:47,252 DDP_Script [Rank 0] [INFO] DataLoader created with batch_size=16, num_workers=4
2025-11-16 12:31:47,256 DDP_Script [Rank 0] [INFO] 모든 노드 중 max_steps = 2105
2025-11-16 12:31:47,257 DDP_Script [Rank 0] [INFO] local_steps=2105, global_steps=2105
2025-11-16 12:41:49,529 DDP_Script [Rank 0] [INFO] epoch 19 train step time: 602.27 seconds
2025-11-16 12:41:49,538 DDP_Script [Rank 0] [INFO] epoch 19 끝 (local_steps=2105, global_steps=2105)
2025-11-16 12:41:49,935 DDP_Script [Rank 0] [INFO] val acc 89.91%
2025-11-16 12:41:49,947 DDP_Script [Rank 0] [INFO] Saving checkpoint to ./checkpoints/job-4f2b03d4422f/latest_checkpoint.pth ...
2025-11-16 12:41:52,334 DDP_Script [Rank 0] [INFO] Successfully reported epoch 19/20 (Acc: 89.91%) to global server.
2025-11-16 12:41:52,337 DDP_Script [Rank 0] [INFO] epoch 20 시작
2025-11-16 12:41:52,351 DDP_Script [Rank 0] [INFO] DataLoader created with batch_size=16, num_workers=4
2025-11-16 12:41:52,386 DDP_Script [Rank 0] [INFO] 모든 노드 중 max_steps = 2105
2025-11-16 12:41:52,386 DDP_Script [Rank 0] [INFO] local_steps=2105, global_steps=2105
2025-11-16 12:51:54,804 DDP_Script [Rank 0] [INFO] epoch 20 train step time: 602.42 seconds
2025-11-16 12:51:54,805 DDP_Script [Rank 0] [INFO] epoch 20 끝 (local_steps=2105, global_steps=2105)
2025-11-16 12:51:55,148 DDP_Script [Rank 0] [INFO] val acc 90.37%
2025-11-16 12:51:55,155 DDP_Script [Rank 0] [INFO] Saving checkpoint to ./checkpoints/job-4f2b03d4422f/latest_checkpoint.pth ...
2025-11-16 12:51:57,321 DDP_Script [Rank 0] [INFO] Successfully reported epoch 20/20 (Acc: 90.37%) to global server.
2025-11-16 12:51:57,323 DDP_Script [Rank 0] [INFO] Training completed successfully.
2025-11-16 12:51:57,339 DDP_Script [Rank 0] [INFO] Reported job completion to global server.
2025-11-16 12:51:57,339 DDP_Script [Rank 0] [INFO] Training loop finished.
