Current CUDA device index: 0
Current CUDA device name: NVIDIA RTX A5000
Master address: 163.180.160.62, port: 29597
2025-12-04 12:03:12,043 DDP_Script [Rank 1] [INFO] Node rank: 1, world size: 4
[Gloo] Rank 1 is connected to 3 peer ranks. Expected number of connected peer ranks is : 3
2025-12-04 12:03:13,613 DDP_Script [Rank 1] [INFO] Process group initialized: 163.180.160.62:29597
2025-12-04 12:03:13,613 DDP_Script [Rank 1] [INFO] Rank 1/4 initialized
Val sample labels: tensor([  1,  14,  30,  38,  51,  54,  61,  76,  77,  79,  98, 102, 103, 109,
        116, 118, 127, 135, 143, 144, 150, 153, 160, 164, 180, 181, 186, 190])
Train samples: 100000
Val   samples: 10000
/nas2/data/dlwmznzl1/anaconda3/envs/Dist2/lib/python3.9/site-packages/torchvision/models/_utils.py:208: UserWarning: The parameter 'pretrained' is deprecated since 0.13 and may be removed in the future, please use 'weights' instead.
  warnings.warn(
/nas2/data/dlwmznzl1/anaconda3/envs/Dist2/lib/python3.9/site-packages/torchvision/models/_utils.py:223: UserWarning: Arguments other than a weight enum or `None` for 'weights' are deprecated since 0.13 and may be removed in the future. The current behavior is equivalent to passing `weights=None`.
  warnings.warn(msg)
2025-12-04 12:03:14,647 DDP_Script [Rank 1] [INFO] Model, DDP, criterion, optimizer initialized
2025-12-04 12:03:14,670 DDP_Script [Rank 1] [INFO] Modules initialized
2025-12-04 12:03:14,670 DDP_Script [Rank 1] [INFO] Starting training from scratch (epoch 1).
2025-12-04 12:03:14,719 DDP_Script [Rank 1] [INFO] epoch 1 시작
2025-12-04 12:03:14,728 DDP_Script [Rank 1] [INFO] DataLoader created with batch_size=32, num_workers=4
2025-12-04 12:03:14,738 DDP_Script [Rank 1] [INFO] local_steps=782, global_steps=782
2025-12-04 12:05:09,865 DDP_Script [Rank 1] [INFO] epoch 1 train step time: 115.13 seconds
2025-12-04 12:05:09,880 DDP_Script [Rank 1] [INFO] epoch 1 끝 (local_steps=782, global_steps=782)
2025-12-04 12:05:12,665 DDP_Script [Rank 1] [INFO] val acc 10.56%
2025-12-04 12:05:13,101 DDP_Script [Rank 1] [INFO] epoch 2 시작
2025-12-04 12:05:13,115 DDP_Script [Rank 1] [INFO] DataLoader created with batch_size=32, num_workers=4
2025-12-04 12:05:13,119 DDP_Script [Rank 1] [INFO] local_steps=782, global_steps=782
2025-12-04 12:07:09,161 DDP_Script [Rank 1] [INFO] epoch 2 train step time: 116.04 seconds
2025-12-04 12:07:09,166 DDP_Script [Rank 1] [INFO] epoch 2 끝 (local_steps=782, global_steps=782)
2025-12-04 12:07:11,856 DDP_Script [Rank 1] [INFO] val acc 18.14%
2025-12-04 12:07:12,305 DDP_Script [Rank 1] [INFO] epoch 3 시작
2025-12-04 12:07:12,320 DDP_Script [Rank 1] [INFO] DataLoader created with batch_size=32, num_workers=4
2025-12-04 12:07:12,326 DDP_Script [Rank 1] [INFO] local_steps=782, global_steps=782
2025-12-04 12:09:08,151 DDP_Script [Rank 1] [INFO] epoch 3 train step time: 115.82 seconds
2025-12-04 12:09:08,162 DDP_Script [Rank 1] [INFO] epoch 3 끝 (local_steps=782, global_steps=782)
2025-12-04 12:09:10,860 DDP_Script [Rank 1] [INFO] val acc 26.18%
2025-12-04 12:09:11,317 DDP_Script [Rank 1] [INFO] epoch 4 시작
2025-12-04 12:09:11,331 DDP_Script [Rank 1] [INFO] DataLoader created with batch_size=32, num_workers=4
2025-12-04 12:09:11,336 DDP_Script [Rank 1] [INFO] local_steps=782, global_steps=782
2025-12-04 12:11:06,007 DDP_Script [Rank 1] [INFO] epoch 4 train step time: 114.67 seconds
2025-12-04 12:11:06,013 DDP_Script [Rank 1] [INFO] epoch 4 끝 (local_steps=782, global_steps=782)
2025-12-04 12:11:08,725 DDP_Script [Rank 1] [INFO] val acc 31.81%
2025-12-04 12:11:09,170 DDP_Script [Rank 1] [INFO] epoch 5 시작
2025-12-04 12:11:09,184 DDP_Script [Rank 1] [INFO] DataLoader created with batch_size=32, num_workers=4
2025-12-04 12:11:09,190 DDP_Script [Rank 1] [INFO] local_steps=782, global_steps=782
2025-12-04 12:13:05,789 DDP_Script [Rank 1] [INFO] epoch 5 train step time: 116.60 seconds
2025-12-04 12:13:05,793 DDP_Script [Rank 1] [INFO] epoch 5 끝 (local_steps=782, global_steps=782)
2025-12-04 12:13:08,506 DDP_Script [Rank 1] [INFO] val acc 34.79%
2025-12-04 12:13:08,959 DDP_Script [Rank 1] [INFO] epoch 6 시작
2025-12-04 12:13:08,974 DDP_Script [Rank 1] [INFO] DataLoader created with batch_size=32, num_workers=4
2025-12-04 12:13:08,979 DDP_Script [Rank 1] [INFO] local_steps=782, global_steps=782
2025-12-04 12:15:04,584 DDP_Script [Rank 1] [INFO] epoch 6 train step time: 115.60 seconds
2025-12-04 12:15:04,589 DDP_Script [Rank 1] [INFO] epoch 6 끝 (local_steps=782, global_steps=782)
2025-12-04 12:15:07,265 DDP_Script [Rank 1] [INFO] val acc 37.83%
2025-12-04 12:15:07,684 DDP_Script [Rank 1] [INFO] epoch 7 시작
2025-12-04 12:15:07,698 DDP_Script [Rank 1] [INFO] DataLoader created with batch_size=32, num_workers=4
2025-12-04 12:15:07,704 DDP_Script [Rank 1] [INFO] local_steps=782, global_steps=782
2025-12-04 12:17:02,738 DDP_Script [Rank 1] [INFO] epoch 7 train step time: 115.03 seconds
2025-12-04 12:17:02,750 DDP_Script [Rank 1] [INFO] epoch 7 끝 (local_steps=782, global_steps=782)
2025-12-04 12:17:05,462 DDP_Script [Rank 1] [INFO] val acc 41.11%
2025-12-04 12:17:05,945 DDP_Script [Rank 1] [INFO] epoch 8 시작
2025-12-04 12:17:05,960 DDP_Script [Rank 1] [INFO] DataLoader created with batch_size=32, num_workers=4
2025-12-04 12:17:05,965 DDP_Script [Rank 1] [INFO] local_steps=782, global_steps=782
2025-12-04 12:19:02,656 DDP_Script [Rank 1] [INFO] epoch 8 train step time: 116.69 seconds
2025-12-04 12:19:02,660 DDP_Script [Rank 1] [INFO] epoch 8 끝 (local_steps=782, global_steps=782)
2025-12-04 12:19:05,276 DDP_Script [Rank 1] [INFO] val acc 43.12%
2025-12-04 12:19:05,777 DDP_Script [Rank 1] [INFO] epoch 9 시작
2025-12-04 12:19:05,791 DDP_Script [Rank 1] [INFO] DataLoader created with batch_size=32, num_workers=4
2025-12-04 12:19:05,796 DDP_Script [Rank 1] [INFO] local_steps=782, global_steps=782
2025-12-04 12:21:00,909 DDP_Script [Rank 1] [INFO] epoch 9 train step time: 115.11 seconds
2025-12-04 12:21:00,918 DDP_Script [Rank 1] [INFO] epoch 9 끝 (local_steps=782, global_steps=782)
2025-12-04 12:21:03,586 DDP_Script [Rank 1] [INFO] val acc 44.99%
2025-12-04 12:21:04,083 DDP_Script [Rank 1] [INFO] epoch 10 시작
2025-12-04 12:21:04,098 DDP_Script [Rank 1] [INFO] DataLoader created with batch_size=32, num_workers=4
2025-12-04 12:21:04,103 DDP_Script [Rank 1] [INFO] local_steps=782, global_steps=782
2025-12-04 12:22:58,560 DDP_Script [Rank 1] [INFO] epoch 10 train step time: 114.46 seconds
2025-12-04 12:22:58,563 DDP_Script [Rank 1] [INFO] epoch 10 끝 (local_steps=782, global_steps=782)
2025-12-04 12:23:01,267 DDP_Script [Rank 1] [INFO] val acc 46.19%
2025-12-04 12:23:01,723 DDP_Script [Rank 1] [INFO] epoch 11 시작
2025-12-04 12:23:01,738 DDP_Script [Rank 1] [INFO] DataLoader created with batch_size=32, num_workers=4
2025-12-04 12:23:01,743 DDP_Script [Rank 1] [INFO] local_steps=782, global_steps=782
2025-12-04 12:24:56,828 DDP_Script [Rank 1] [INFO] epoch 11 train step time: 115.08 seconds
2025-12-04 12:24:56,831 DDP_Script [Rank 1] [INFO] epoch 11 끝 (local_steps=782, global_steps=782)
2025-12-04 12:24:59,518 DDP_Script [Rank 1] [INFO] val acc 48.12%
2025-12-04 12:24:59,954 DDP_Script [Rank 1] [INFO] epoch 12 시작
2025-12-04 12:24:59,969 DDP_Script [Rank 1] [INFO] DataLoader created with batch_size=32, num_workers=4
2025-12-04 12:24:59,974 DDP_Script [Rank 1] [INFO] local_steps=782, global_steps=782
2025-12-04 12:26:56,652 DDP_Script [Rank 1] [INFO] epoch 12 train step time: 116.68 seconds
2025-12-04 12:26:56,655 DDP_Script [Rank 1] [INFO] epoch 12 끝 (local_steps=782, global_steps=782)
2025-12-04 12:26:59,279 DDP_Script [Rank 1] [INFO] val acc 49.50%
2025-12-04 12:26:59,684 DDP_Script [Rank 1] [INFO] epoch 13 시작
2025-12-04 12:26:59,699 DDP_Script [Rank 1] [INFO] DataLoader created with batch_size=32, num_workers=4
2025-12-04 12:26:59,703 DDP_Script [Rank 1] [INFO] local_steps=782, global_steps=782
2025-12-04 12:28:56,219 DDP_Script [Rank 1] [INFO] epoch 13 train step time: 116.52 seconds
2025-12-04 12:28:56,230 DDP_Script [Rank 1] [INFO] epoch 13 끝 (local_steps=782, global_steps=782)
2025-12-04 12:28:58,889 DDP_Script [Rank 1] [INFO] val acc 50.10%
2025-12-04 12:28:59,396 DDP_Script [Rank 1] [INFO] epoch 14 시작
2025-12-04 12:28:59,411 DDP_Script [Rank 1] [INFO] DataLoader created with batch_size=32, num_workers=4
2025-12-04 12:28:59,455 DDP_Script [Rank 1] [INFO] local_steps=782, global_steps=782
2025-12-04 12:30:57,069 DDP_Script [Rank 1] [INFO] epoch 14 train step time: 117.61 seconds
2025-12-04 12:30:57,072 DDP_Script [Rank 1] [INFO] epoch 14 끝 (local_steps=782, global_steps=782)
2025-12-04 12:30:59,758 DDP_Script [Rank 1] [INFO] val acc 50.61%
2025-12-04 12:31:00,208 DDP_Script [Rank 1] [INFO] epoch 15 시작
2025-12-04 12:31:00,221 DDP_Script [Rank 1] [INFO] DataLoader created with batch_size=32, num_workers=4
2025-12-04 12:31:00,228 DDP_Script [Rank 1] [INFO] local_steps=782, global_steps=782
2025-12-04 12:32:56,622 DDP_Script [Rank 1] [INFO] epoch 15 train step time: 116.39 seconds
2025-12-04 12:32:56,625 DDP_Script [Rank 1] [INFO] epoch 15 끝 (local_steps=782, global_steps=782)
2025-12-04 12:32:59,298 DDP_Script [Rank 1] [INFO] val acc 51.87%
2025-12-04 12:32:59,769 DDP_Script [Rank 1] [INFO] epoch 16 시작
2025-12-04 12:32:59,784 DDP_Script [Rank 1] [INFO] DataLoader created with batch_size=32, num_workers=4
2025-12-04 12:32:59,790 DDP_Script [Rank 1] [INFO] local_steps=782, global_steps=782
2025-12-04 12:34:56,073 DDP_Script [Rank 1] [INFO] epoch 16 train step time: 116.28 seconds
2025-12-04 12:34:56,088 DDP_Script [Rank 1] [INFO] epoch 16 끝 (local_steps=782, global_steps=782)
2025-12-04 12:34:58,721 DDP_Script [Rank 1] [INFO] val acc 52.89%
2025-12-04 12:34:59,169 DDP_Script [Rank 1] [INFO] epoch 17 시작
2025-12-04 12:34:59,184 DDP_Script [Rank 1] [INFO] DataLoader created with batch_size=32, num_workers=4
2025-12-04 12:34:59,188 DDP_Script [Rank 1] [INFO] local_steps=782, global_steps=782
2025-12-04 12:36:54,773 DDP_Script [Rank 1] [INFO] epoch 17 train step time: 115.58 seconds
2025-12-04 12:36:54,780 DDP_Script [Rank 1] [INFO] epoch 17 끝 (local_steps=782, global_steps=782)
2025-12-04 12:36:57,414 DDP_Script [Rank 1] [INFO] val acc 54.29%
2025-12-04 12:36:57,876 DDP_Script [Rank 1] [INFO] epoch 18 시작
2025-12-04 12:36:57,890 DDP_Script [Rank 1] [INFO] DataLoader created with batch_size=32, num_workers=4
2025-12-04 12:36:57,896 DDP_Script [Rank 1] [INFO] local_steps=782, global_steps=782
2025-12-04 12:38:54,340 DDP_Script [Rank 1] [INFO] epoch 18 train step time: 116.44 seconds
2025-12-04 12:38:54,358 DDP_Script [Rank 1] [INFO] epoch 18 끝 (local_steps=782, global_steps=782)
2025-12-04 12:38:57,099 DDP_Script [Rank 1] [INFO] val acc 55.51%
2025-12-04 12:38:57,621 DDP_Script [Rank 1] [INFO] epoch 19 시작
2025-12-04 12:38:57,635 DDP_Script [Rank 1] [INFO] DataLoader created with batch_size=32, num_workers=4
2025-12-04 12:38:57,641 DDP_Script [Rank 1] [INFO] local_steps=782, global_steps=782
2025-12-04 12:40:53,407 DDP_Script [Rank 1] [INFO] epoch 19 train step time: 115.77 seconds
2025-12-04 12:40:53,410 DDP_Script [Rank 1] [INFO] epoch 19 끝 (local_steps=782, global_steps=782)
2025-12-04 12:40:56,074 DDP_Script [Rank 1] [INFO] val acc 55.57%
2025-12-04 12:40:56,522 DDP_Script [Rank 1] [INFO] epoch 20 시작
2025-12-04 12:40:56,535 DDP_Script [Rank 1] [INFO] DataLoader created with batch_size=32, num_workers=4
2025-12-04 12:40:56,541 DDP_Script [Rank 1] [INFO] local_steps=782, global_steps=782
2025-12-04 12:42:55,178 DDP_Script [Rank 1] [INFO] epoch 20 train step time: 118.64 seconds
2025-12-04 12:42:55,181 DDP_Script [Rank 1] [INFO] epoch 20 끝 (local_steps=782, global_steps=782)
2025-12-04 12:42:57,828 DDP_Script [Rank 1] [INFO] val acc 55.20%
2025-12-04 12:42:58,264 DDP_Script [Rank 1] [INFO] Training loop finished.
