/nas2/data/dlwmznzl1/anaconda3/envs/Dist1/lib/python3.9/site-packages/torch/cuda/__init__.py:63: FutureWarning: The pynvml package is deprecated. Please install nvidia-ml-py instead. If you did not install pynvml directly, please report this to the maintainers of the package that installed pynvml for you.
  import pynvml  # type: ignore[import]
Current CUDA device index: 0
Current CUDA device name: NVIDIA RTX A5000
Master address: 163.180.160.61, port: 29509
2025-11-16 04:03:52,295 DDP_Script [Rank 0] [INFO] Node rank: 0, world size: 2
[Gloo] Rank 0 is connected to 1 peer ranks. Expected number of connected peer ranks is : 1
2025-11-16 04:03:52,326 DDP_Script [Rank 0] [INFO] Process group initialized: 163.180.160.61:29509
2025-11-16 04:03:52,326 DDP_Script [Rank 0] [INFO] Rank 0/2 initialized
Val sample labels: tensor([  2,   3,  13,  15,  41,  43,  64,  81,  91, 102, 117, 124, 129, 132,
        133, 135, 136, 151, 161, 162, 163, 168, 173, 174, 179, 180, 186, 197,
        199])
Train samples: 100000
Val   samples: 10000
/nas2/data/dlwmznzl1/anaconda3/envs/Dist1/lib/python3.9/site-packages/torchvision/models/_utils.py:208: UserWarning: The parameter 'pretrained' is deprecated since 0.13 and may be removed in the future, please use 'weights' instead.
  warnings.warn(
/nas2/data/dlwmznzl1/anaconda3/envs/Dist1/lib/python3.9/site-packages/torchvision/models/_utils.py:223: UserWarning: Arguments other than a weight enum or `None` for 'weights' are deprecated since 0.13 and may be removed in the future. The current behavior is equivalent to passing `weights=None`.
  warnings.warn(msg)
2025-11-16 04:03:53,704 DDP_Script [Rank 0] [INFO] Model, DDP, criterion, optimizer initialized
2025-11-16 04:03:53,731 DDP_Script [Rank 0] [INFO] Modules initialized
2025-11-16 04:03:53,732 DDP_Script [Rank 0] [INFO] Checkpoint directory created: ./checkpoints/job-16ef103017c5
2025-11-16 04:03:53,732 DDP_Script [Rank 0] [INFO] Starting training from scratch (epoch 1).
2025-11-16 04:03:53,733 DDP_Script [Rank 0] [INFO] epoch 1 시작
2025-11-16 04:03:53,745 DDP_Script [Rank 0] [INFO] DataLoader created with batch_size=64, num_workers=4
2025-11-16 04:03:53,749 DDP_Script [Rank 0] [INFO] 모든 노드 중 max_steps = 782
2025-11-16 04:03:53,750 DDP_Script [Rank 0] [INFO] local_steps=782, global_steps=782
2025-11-16 04:06:32,675 DDP_Script [Rank 0] [INFO] epoch 1 train step time: 158.93 seconds
2025-11-16 04:06:32,688 DDP_Script [Rank 0] [INFO] epoch 1 끝 (local_steps=782, global_steps=782)
2025-11-16 04:06:38,048 DDP_Script [Rank 0] [INFO] val acc 10.58%
2025-11-16 04:06:38,065 DDP_Script [Rank 0] [INFO] Saving checkpoint to ./checkpoints/job-16ef103017c5/latest_checkpoint.pth ...
2025-11-16 04:06:38,410 DDP_Script [Rank 0] [INFO] Successfully reported epoch 1/20 (Acc: 10.58%) to global server.
2025-11-16 04:06:38,412 DDP_Script [Rank 0] [INFO] epoch 2 시작
2025-11-16 04:06:38,425 DDP_Script [Rank 0] [INFO] DataLoader created with batch_size=64, num_workers=4
2025-11-16 04:06:38,431 DDP_Script [Rank 0] [INFO] 모든 노드 중 max_steps = 782
2025-11-16 04:06:38,431 DDP_Script [Rank 0] [INFO] local_steps=782, global_steps=782
2025-11-16 04:09:16,890 DDP_Script [Rank 0] [INFO] epoch 2 train step time: 158.46 seconds
2025-11-16 04:09:16,901 DDP_Script [Rank 0] [INFO] epoch 2 끝 (local_steps=782, global_steps=782)
2025-11-16 04:09:21,998 DDP_Script [Rank 0] [INFO] val acc 18.16%
2025-11-16 04:09:22,023 DDP_Script [Rank 0] [INFO] Saving checkpoint to ./checkpoints/job-16ef103017c5/latest_checkpoint.pth ...
2025-11-16 04:09:22,365 DDP_Script [Rank 0] [INFO] Successfully reported epoch 2/20 (Acc: 18.16%) to global server.
2025-11-16 04:09:22,367 DDP_Script [Rank 0] [INFO] epoch 3 시작
2025-11-16 04:09:22,379 DDP_Script [Rank 0] [INFO] DataLoader created with batch_size=64, num_workers=4
2025-11-16 04:09:22,385 DDP_Script [Rank 0] [INFO] 모든 노드 중 max_steps = 782
2025-11-16 04:09:22,385 DDP_Script [Rank 0] [INFO] local_steps=782, global_steps=782
2025-11-16 04:12:00,836 DDP_Script [Rank 0] [INFO] epoch 3 train step time: 158.45 seconds
2025-11-16 04:12:00,839 DDP_Script [Rank 0] [INFO] epoch 3 끝 (local_steps=782, global_steps=782)
2025-11-16 04:12:05,744 DDP_Script [Rank 0] [INFO] val acc 25.00%
2025-11-16 04:12:05,762 DDP_Script [Rank 0] [INFO] Saving checkpoint to ./checkpoints/job-16ef103017c5/latest_checkpoint.pth ...
2025-11-16 04:12:06,105 DDP_Script [Rank 0] [INFO] Successfully reported epoch 3/20 (Acc: 25.00%) to global server.
2025-11-16 04:12:06,107 DDP_Script [Rank 0] [INFO] epoch 4 시작
2025-11-16 04:12:06,120 DDP_Script [Rank 0] [INFO] DataLoader created with batch_size=64, num_workers=4
2025-11-16 04:12:06,125 DDP_Script [Rank 0] [INFO] 모든 노드 중 max_steps = 782
2025-11-16 04:12:06,125 DDP_Script [Rank 0] [INFO] local_steps=782, global_steps=782
2025-11-16 04:14:44,100 DDP_Script [Rank 0] [INFO] epoch 4 train step time: 157.97 seconds
2025-11-16 04:14:44,105 DDP_Script [Rank 0] [INFO] epoch 4 끝 (local_steps=782, global_steps=782)
2025-11-16 04:14:48,996 DDP_Script [Rank 0] [INFO] val acc 30.16%
2025-11-16 04:14:49,024 DDP_Script [Rank 0] [INFO] Saving checkpoint to ./checkpoints/job-16ef103017c5/latest_checkpoint.pth ...
2025-11-16 04:14:49,378 DDP_Script [Rank 0] [INFO] Successfully reported epoch 4/20 (Acc: 30.16%) to global server.
2025-11-16 04:14:49,379 DDP_Script [Rank 0] [INFO] epoch 5 시작
2025-11-16 04:14:49,392 DDP_Script [Rank 0] [INFO] DataLoader created with batch_size=64, num_workers=4
2025-11-16 04:14:49,398 DDP_Script [Rank 0] [INFO] 모든 노드 중 max_steps = 782
2025-11-16 04:14:49,398 DDP_Script [Rank 0] [INFO] local_steps=782, global_steps=782
2025-11-16 04:17:27,556 DDP_Script [Rank 0] [INFO] epoch 5 train step time: 158.16 seconds
2025-11-16 04:17:27,558 DDP_Script [Rank 0] [INFO] epoch 5 끝 (local_steps=782, global_steps=782)
2025-11-16 04:17:32,415 DDP_Script [Rank 0] [INFO] val acc 33.36%
2025-11-16 04:17:32,438 DDP_Script [Rank 0] [INFO] Saving checkpoint to ./checkpoints/job-16ef103017c5/latest_checkpoint.pth ...
2025-11-16 04:17:32,803 DDP_Script [Rank 0] [INFO] Successfully reported epoch 5/20 (Acc: 33.36%) to global server.
2025-11-16 04:17:32,806 DDP_Script [Rank 0] [INFO] epoch 6 시작
2025-11-16 04:17:32,819 DDP_Script [Rank 0] [INFO] DataLoader created with batch_size=64, num_workers=4
2025-11-16 04:17:32,824 DDP_Script [Rank 0] [INFO] 모든 노드 중 max_steps = 782
2025-11-16 04:17:32,824 DDP_Script [Rank 0] [INFO] local_steps=782, global_steps=782
2025-11-16 04:20:09,971 DDP_Script [Rank 0] [INFO] epoch 6 train step time: 157.15 seconds
2025-11-16 04:20:09,973 DDP_Script [Rank 0] [INFO] epoch 6 끝 (local_steps=782, global_steps=782)
2025-11-16 04:20:15,024 DDP_Script [Rank 0] [INFO] val acc 37.91%
2025-11-16 04:20:15,048 DDP_Script [Rank 0] [INFO] Saving checkpoint to ./checkpoints/job-16ef103017c5/latest_checkpoint.pth ...
2025-11-16 04:20:15,391 DDP_Script [Rank 0] [INFO] Successfully reported epoch 6/20 (Acc: 37.91%) to global server.
2025-11-16 04:20:15,393 DDP_Script [Rank 0] [INFO] epoch 7 시작
2025-11-16 04:20:15,407 DDP_Script [Rank 0] [INFO] DataLoader created with batch_size=64, num_workers=4
2025-11-16 04:20:15,414 DDP_Script [Rank 0] [INFO] 모든 노드 중 max_steps = 782
2025-11-16 04:20:15,414 DDP_Script [Rank 0] [INFO] local_steps=782, global_steps=782
2025-11-16 04:22:52,277 DDP_Script [Rank 0] [INFO] epoch 7 train step time: 156.86 seconds
2025-11-16 04:22:52,279 DDP_Script [Rank 0] [INFO] epoch 7 끝 (local_steps=782, global_steps=782)
2025-11-16 04:22:57,168 DDP_Script [Rank 0] [INFO] val acc 40.28%
2025-11-16 04:22:57,186 DDP_Script [Rank 0] [INFO] Saving checkpoint to ./checkpoints/job-16ef103017c5/latest_checkpoint.pth ...
2025-11-16 04:22:57,546 DDP_Script [Rank 0] [INFO] Successfully reported epoch 7/20 (Acc: 40.28%) to global server.
2025-11-16 04:22:57,548 DDP_Script [Rank 0] [INFO] epoch 8 시작
2025-11-16 04:22:57,561 DDP_Script [Rank 0] [INFO] DataLoader created with batch_size=64, num_workers=4
2025-11-16 04:22:57,567 DDP_Script [Rank 0] [INFO] 모든 노드 중 max_steps = 782
2025-11-16 04:22:57,567 DDP_Script [Rank 0] [INFO] local_steps=782, global_steps=782
2025-11-16 04:25:34,800 DDP_Script [Rank 0] [INFO] epoch 8 train step time: 157.23 seconds
2025-11-16 04:25:34,802 DDP_Script [Rank 0] [INFO] epoch 8 끝 (local_steps=782, global_steps=782)
2025-11-16 04:25:39,733 DDP_Script [Rank 0] [INFO] val acc 43.41%
2025-11-16 04:25:39,773 DDP_Script [Rank 0] [INFO] Saving checkpoint to ./checkpoints/job-16ef103017c5/latest_checkpoint.pth ...
2025-11-16 04:25:40,126 DDP_Script [Rank 0] [INFO] Successfully reported epoch 8/20 (Acc: 43.41%) to global server.
2025-11-16 04:25:40,127 DDP_Script [Rank 0] [INFO] epoch 9 시작
2025-11-16 04:25:40,141 DDP_Script [Rank 0] [INFO] DataLoader created with batch_size=64, num_workers=4
2025-11-16 04:25:40,146 DDP_Script [Rank 0] [INFO] 모든 노드 중 max_steps = 782
2025-11-16 04:25:40,147 DDP_Script [Rank 0] [INFO] local_steps=782, global_steps=782
2025-11-16 04:28:17,199 DDP_Script [Rank 0] [INFO] epoch 9 train step time: 157.05 seconds
2025-11-16 04:28:17,202 DDP_Script [Rank 0] [INFO] epoch 9 끝 (local_steps=782, global_steps=782)
2025-11-16 04:28:22,083 DDP_Script [Rank 0] [INFO] val acc 44.82%
2025-11-16 04:28:22,107 DDP_Script [Rank 0] [INFO] Saving checkpoint to ./checkpoints/job-16ef103017c5/latest_checkpoint.pth ...
2025-11-16 04:28:22,459 DDP_Script [Rank 0] [INFO] Successfully reported epoch 9/20 (Acc: 44.82%) to global server.
2025-11-16 04:28:22,462 DDP_Script [Rank 0] [INFO] epoch 10 시작
2025-11-16 04:28:22,474 DDP_Script [Rank 0] [INFO] DataLoader created with batch_size=64, num_workers=4
2025-11-16 04:28:22,480 DDP_Script [Rank 0] [INFO] 모든 노드 중 max_steps = 782
2025-11-16 04:28:22,481 DDP_Script [Rank 0] [INFO] local_steps=782, global_steps=782
2025-11-16 04:31:00,173 DDP_Script [Rank 0] [INFO] epoch 10 train step time: 157.69 seconds
2025-11-16 04:31:00,176 DDP_Script [Rank 0] [INFO] epoch 10 끝 (local_steps=782, global_steps=782)
2025-11-16 04:31:05,083 DDP_Script [Rank 0] [INFO] val acc 45.42%
2025-11-16 04:31:05,107 DDP_Script [Rank 0] [INFO] Saving checkpoint to ./checkpoints/job-16ef103017c5/latest_checkpoint.pth ...
2025-11-16 04:31:05,456 DDP_Script [Rank 0] [INFO] Successfully reported epoch 10/20 (Acc: 45.42%) to global server.
2025-11-16 04:31:05,458 DDP_Script [Rank 0] [INFO] epoch 11 시작
2025-11-16 04:31:05,472 DDP_Script [Rank 0] [INFO] DataLoader created with batch_size=64, num_workers=4
2025-11-16 04:31:05,476 DDP_Script [Rank 0] [INFO] 모든 노드 중 max_steps = 782
2025-11-16 04:31:05,476 DDP_Script [Rank 0] [INFO] local_steps=782, global_steps=782
2025-11-16 04:33:42,012 DDP_Script [Rank 0] [INFO] epoch 11 train step time: 156.53 seconds
2025-11-16 04:33:42,014 DDP_Script [Rank 0] [INFO] epoch 11 끝 (local_steps=782, global_steps=782)
2025-11-16 04:33:46,882 DDP_Script [Rank 0] [INFO] val acc 48.68%
2025-11-16 04:33:46,909 DDP_Script [Rank 0] [INFO] Saving checkpoint to ./checkpoints/job-16ef103017c5/latest_checkpoint.pth ...
2025-11-16 04:33:47,286 DDP_Script [Rank 0] [INFO] Successfully reported epoch 11/20 (Acc: 48.68%) to global server.
2025-11-16 04:33:47,289 DDP_Script [Rank 0] [INFO] epoch 12 시작
2025-11-16 04:33:47,300 DDP_Script [Rank 0] [INFO] DataLoader created with batch_size=64, num_workers=4
2025-11-16 04:33:47,311 DDP_Script [Rank 0] [INFO] 모든 노드 중 max_steps = 782
2025-11-16 04:33:47,311 DDP_Script [Rank 0] [INFO] local_steps=782, global_steps=782
2025-11-16 04:36:25,811 DDP_Script [Rank 0] [INFO] epoch 12 train step time: 158.50 seconds
2025-11-16 04:36:25,813 DDP_Script [Rank 0] [INFO] epoch 12 끝 (local_steps=782, global_steps=782)
2025-11-16 04:36:30,722 DDP_Script [Rank 0] [INFO] val acc 49.27%
2025-11-16 04:36:30,750 DDP_Script [Rank 0] [INFO] Saving checkpoint to ./checkpoints/job-16ef103017c5/latest_checkpoint.pth ...
2025-11-16 04:36:31,171 DDP_Script [Rank 0] [INFO] Successfully reported epoch 12/20 (Acc: 49.27%) to global server.
2025-11-16 04:36:31,173 DDP_Script [Rank 0] [INFO] epoch 13 시작
2025-11-16 04:36:31,187 DDP_Script [Rank 0] [INFO] DataLoader created with batch_size=64, num_workers=4
2025-11-16 04:36:31,190 DDP_Script [Rank 0] [INFO] 모든 노드 중 max_steps = 782
2025-11-16 04:36:31,191 DDP_Script [Rank 0] [INFO] local_steps=782, global_steps=782
2025-11-16 04:39:08,858 DDP_Script [Rank 0] [INFO] epoch 13 train step time: 157.67 seconds
2025-11-16 04:39:08,860 DDP_Script [Rank 0] [INFO] epoch 13 끝 (local_steps=782, global_steps=782)
2025-11-16 04:39:13,793 DDP_Script [Rank 0] [INFO] val acc 48.92%
2025-11-16 04:39:13,820 DDP_Script [Rank 0] [INFO] Saving checkpoint to ./checkpoints/job-16ef103017c5/latest_checkpoint.pth ...
2025-11-16 04:39:14,169 DDP_Script [Rank 0] [INFO] Successfully reported epoch 13/20 (Acc: 48.92%) to global server.
2025-11-16 04:39:14,170 DDP_Script [Rank 0] [INFO] epoch 14 시작
2025-11-16 04:39:14,184 DDP_Script [Rank 0] [INFO] DataLoader created with batch_size=64, num_workers=4
2025-11-16 04:39:14,190 DDP_Script [Rank 0] [INFO] 모든 노드 중 max_steps = 782
2025-11-16 04:39:14,190 DDP_Script [Rank 0] [INFO] local_steps=782, global_steps=782
2025-11-16 04:41:51,296 DDP_Script [Rank 0] [INFO] epoch 14 train step time: 157.11 seconds
2025-11-16 04:41:51,302 DDP_Script [Rank 0] [INFO] epoch 14 끝 (local_steps=782, global_steps=782)
2025-11-16 04:41:56,214 DDP_Script [Rank 0] [INFO] val acc 50.53%
2025-11-16 04:41:56,233 DDP_Script [Rank 0] [INFO] Saving checkpoint to ./checkpoints/job-16ef103017c5/latest_checkpoint.pth ...
2025-11-16 04:41:56,644 DDP_Script [Rank 0] [INFO] Successfully reported epoch 14/20 (Acc: 50.53%) to global server.
2025-11-16 04:41:56,646 DDP_Script [Rank 0] [INFO] epoch 15 시작
2025-11-16 04:41:56,661 DDP_Script [Rank 0] [INFO] DataLoader created with batch_size=64, num_workers=4
2025-11-16 04:41:56,665 DDP_Script [Rank 0] [INFO] 모든 노드 중 max_steps = 782
2025-11-16 04:41:56,665 DDP_Script [Rank 0] [INFO] local_steps=782, global_steps=782
2025-11-16 04:44:33,263 DDP_Script [Rank 0] [INFO] epoch 15 train step time: 156.60 seconds
2025-11-16 04:44:33,266 DDP_Script [Rank 0] [INFO] epoch 15 끝 (local_steps=782, global_steps=782)
2025-11-16 04:44:38,171 DDP_Script [Rank 0] [INFO] val acc 51.58%
2025-11-16 04:44:38,199 DDP_Script [Rank 0] [INFO] Saving checkpoint to ./checkpoints/job-16ef103017c5/latest_checkpoint.pth ...
2025-11-16 04:44:38,555 DDP_Script [Rank 0] [INFO] Successfully reported epoch 15/20 (Acc: 51.58%) to global server.
2025-11-16 04:44:38,557 DDP_Script [Rank 0] [INFO] epoch 16 시작
2025-11-16 04:44:38,568 DDP_Script [Rank 0] [INFO] DataLoader created with batch_size=64, num_workers=4
2025-11-16 04:44:38,575 DDP_Script [Rank 0] [INFO] 모든 노드 중 max_steps = 782
2025-11-16 04:44:38,575 DDP_Script [Rank 0] [INFO] local_steps=782, global_steps=782
2025-11-16 04:47:16,080 DDP_Script [Rank 0] [INFO] epoch 16 train step time: 157.50 seconds
2025-11-16 04:47:16,082 DDP_Script [Rank 0] [INFO] epoch 16 끝 (local_steps=782, global_steps=782)
2025-11-16 04:47:21,017 DDP_Script [Rank 0] [INFO] val acc 51.94%
2025-11-16 04:47:21,043 DDP_Script [Rank 0] [INFO] Saving checkpoint to ./checkpoints/job-16ef103017c5/latest_checkpoint.pth ...
2025-11-16 04:47:21,386 DDP_Script [Rank 0] [INFO] Successfully reported epoch 16/20 (Acc: 51.94%) to global server.
2025-11-16 04:47:21,387 DDP_Script [Rank 0] [INFO] epoch 17 시작
2025-11-16 04:47:21,399 DDP_Script [Rank 0] [INFO] DataLoader created with batch_size=64, num_workers=4
2025-11-16 04:47:21,406 DDP_Script [Rank 0] [INFO] 모든 노드 중 max_steps = 782
2025-11-16 04:47:21,406 DDP_Script [Rank 0] [INFO] local_steps=782, global_steps=782
2025-11-16 04:49:58,953 DDP_Script [Rank 0] [INFO] epoch 17 train step time: 157.55 seconds
2025-11-16 04:49:58,955 DDP_Script [Rank 0] [INFO] epoch 17 끝 (local_steps=782, global_steps=782)
2025-11-16 04:50:03,911 DDP_Script [Rank 0] [INFO] val acc 52.92%
2025-11-16 04:50:03,937 DDP_Script [Rank 0] [INFO] Saving checkpoint to ./checkpoints/job-16ef103017c5/latest_checkpoint.pth ...
2025-11-16 04:50:04,281 DDP_Script [Rank 0] [INFO] Successfully reported epoch 17/20 (Acc: 52.92%) to global server.
2025-11-16 04:50:04,283 DDP_Script [Rank 0] [INFO] epoch 18 시작
2025-11-16 04:50:04,291 DDP_Script [Rank 0] [INFO] DataLoader created with batch_size=64, num_workers=4
2025-11-16 04:50:04,302 DDP_Script [Rank 0] [INFO] 모든 노드 중 max_steps = 782
2025-11-16 04:50:04,302 DDP_Script [Rank 0] [INFO] local_steps=782, global_steps=782
2025-11-16 04:52:43,762 DDP_Script [Rank 0] [INFO] epoch 18 train step time: 159.46 seconds
2025-11-16 04:52:43,765 DDP_Script [Rank 0] [INFO] epoch 18 끝 (local_steps=782, global_steps=782)
2025-11-16 04:52:48,700 DDP_Script [Rank 0] [INFO] val acc 53.37%
2025-11-16 04:52:48,737 DDP_Script [Rank 0] [INFO] Saving checkpoint to ./checkpoints/job-16ef103017c5/latest_checkpoint.pth ...
2025-11-16 04:52:49,118 DDP_Script [Rank 0] [INFO] Successfully reported epoch 18/20 (Acc: 53.37%) to global server.
2025-11-16 04:52:49,120 DDP_Script [Rank 0] [INFO] epoch 19 시작
2025-11-16 04:52:49,132 DDP_Script [Rank 0] [INFO] DataLoader created with batch_size=64, num_workers=4
2025-11-16 04:52:49,138 DDP_Script [Rank 0] [INFO] 모든 노드 중 max_steps = 782
2025-11-16 04:52:49,138 DDP_Script [Rank 0] [INFO] local_steps=782, global_steps=782
2025-11-16 04:55:27,670 DDP_Script [Rank 0] [INFO] epoch 19 train step time: 158.53 seconds
2025-11-16 04:55:27,679 DDP_Script [Rank 0] [INFO] epoch 19 끝 (local_steps=782, global_steps=782)
2025-11-16 04:55:32,671 DDP_Script [Rank 0] [INFO] val acc 53.79%
2025-11-16 04:55:32,697 DDP_Script [Rank 0] [INFO] Saving checkpoint to ./checkpoints/job-16ef103017c5/latest_checkpoint.pth ...
2025-11-16 04:55:33,106 DDP_Script [Rank 0] [INFO] Successfully reported epoch 19/20 (Acc: 53.79%) to global server.
2025-11-16 04:55:33,108 DDP_Script [Rank 0] [INFO] epoch 20 시작
2025-11-16 04:55:33,120 DDP_Script [Rank 0] [INFO] DataLoader created with batch_size=64, num_workers=4
2025-11-16 04:55:33,127 DDP_Script [Rank 0] [INFO] 모든 노드 중 max_steps = 782
2025-11-16 04:55:33,127 DDP_Script [Rank 0] [INFO] local_steps=782, global_steps=782
2025-11-16 04:58:11,071 DDP_Script [Rank 0] [INFO] epoch 20 train step time: 157.94 seconds
2025-11-16 04:58:11,072 DDP_Script [Rank 0] [INFO] epoch 20 끝 (local_steps=782, global_steps=782)
2025-11-16 04:58:16,047 DDP_Script [Rank 0] [INFO] val acc 54.42%
2025-11-16 04:58:16,068 DDP_Script [Rank 0] [INFO] Saving checkpoint to ./checkpoints/job-16ef103017c5/latest_checkpoint.pth ...
2025-11-16 04:58:16,449 DDP_Script [Rank 0] [INFO] Successfully reported epoch 20/20 (Acc: 54.42%) to global server.
2025-11-16 04:58:16,451 DDP_Script [Rank 0] [INFO] Training completed successfully.
2025-11-16 04:58:16,451 DDP_Script [Rank 0] [INFO] Training loop finished.
