Current CUDA device index: 0
Current CUDA device name: NVIDIA RTX A5000
Master address: 163.180.160.61, port: 29567
2025-11-16 09:28:35,249 DDP_Script [Rank 1] [INFO] Node rank: 1, world size: 2
[Gloo] Rank 1 is connected to 1 peer ranks. Expected number of connected peer ranks is : 1
2025-11-16 09:28:35,884 DDP_Script [Rank 1] [INFO] Process group initialized: 163.180.160.61:29567
2025-11-16 09:28:35,884 DDP_Script [Rank 1] [INFO] Rank 1/2 initialized
2025-11-16 09:28:36,905 DDP_Script [Rank 1] [INFO] Rank 1 loading tokenizer from cache: distilbert-base-uncased
2025-11-16 09:28:41,638 DDP_Script [Rank 1] [INFO] Rank 1 loading dataset from cache: glue/sst2
2025-11-16 09:28:46,193 DDP_Script [Rank 1] [INFO] Tokenizing datasets...
2025-11-16 09:28:46,217 DDP_Script [Rank 1] [INFO] SST-2 Dataset and Tokenizer loaded.
2025-11-16 09:28:46,218 DDP_Script [Rank 1] [INFO] Rank 1 loading model from cache: distilbert-base-uncased
Some weights of DistilBertForSequenceClassification were not initialized from the model checkpoint at distilbert-base-uncased and are newly initialized: ['classifier.bias', 'classifier.weight', 'pre_classifier.bias', 'pre_classifier.weight']
You should probably TRAIN this model on a down-stream task to be able to use it for predictions and inference.
2025-11-16 09:28:47,245 DDP_Script [Rank 1] [INFO] Model (DistilBert), DDP, optimizer (AdamW) initialized
2025-11-16 09:28:47,252 DDP_Script [Rank 1] [INFO] Modules initialized
2025-11-16 09:28:47,252 DDP_Script [Rank 1] [INFO] Starting training from scratch (epoch 1).
2025-11-16 09:28:47,275 DDP_Script [Rank 1] [INFO] epoch 1 시작
2025-11-16 09:28:47,317 DDP_Script [Rank 1] [INFO] DataLoader created with batch_size=16, num_workers=4
2025-11-16 09:28:47,320 DDP_Script [Rank 1] [INFO] local_steps=2105, global_steps=2105
2025-11-16 09:39:02,898 DDP_Script [Rank 1] [INFO] epoch 1 train step time: 615.58 seconds
2025-11-16 09:39:02,902 DDP_Script [Rank 1] [INFO] epoch 1 끝 (local_steps=2105, global_steps=2105)
2025-11-16 09:39:03,292 DDP_Script [Rank 1] [INFO] val acc 90.71%
2025-11-16 09:39:05,552 DDP_Script [Rank 1] [INFO] epoch 2 시작
2025-11-16 09:39:05,565 DDP_Script [Rank 1] [INFO] DataLoader created with batch_size=16, num_workers=4
2025-11-16 09:39:05,573 DDP_Script [Rank 1] [INFO] local_steps=2105, global_steps=2105
2025-11-16 09:49:16,353 DDP_Script [Rank 1] [INFO] epoch 2 train step time: 610.78 seconds
2025-11-16 09:49:16,360 DDP_Script [Rank 1] [INFO] epoch 2 끝 (local_steps=2105, global_steps=2105)
2025-11-16 09:49:16,785 DDP_Script [Rank 1] [INFO] val acc 89.68%
2025-11-16 09:49:19,106 DDP_Script [Rank 1] [INFO] epoch 3 시작
2025-11-16 09:49:19,128 DDP_Script [Rank 1] [INFO] DataLoader created with batch_size=16, num_workers=4
2025-11-16 09:49:19,130 DDP_Script [Rank 1] [INFO] local_steps=2105, global_steps=2105
2025-11-16 09:59:35,165 DDP_Script [Rank 1] [INFO] epoch 3 train step time: 616.03 seconds
2025-11-16 09:59:35,175 DDP_Script [Rank 1] [INFO] epoch 3 끝 (local_steps=2105, global_steps=2105)
2025-11-16 09:59:35,552 DDP_Script [Rank 1] [INFO] val acc 90.83%
2025-11-16 09:59:37,989 DDP_Script [Rank 1] [INFO] epoch 4 시작
2025-11-16 09:59:38,011 DDP_Script [Rank 1] [INFO] DataLoader created with batch_size=16, num_workers=4
2025-11-16 09:59:38,014 DDP_Script [Rank 1] [INFO] local_steps=2105, global_steps=2105
2025-11-16 10:09:52,810 DDP_Script [Rank 1] [INFO] epoch 4 train step time: 614.80 seconds
2025-11-16 10:09:52,812 DDP_Script [Rank 1] [INFO] epoch 4 끝 (local_steps=2105, global_steps=2105)
2025-11-16 10:09:53,226 DDP_Script [Rank 1] [INFO] val acc 90.25%
2025-11-16 10:09:55,730 DDP_Script [Rank 1] [INFO] epoch 5 시작
2025-11-16 10:09:55,751 DDP_Script [Rank 1] [INFO] DataLoader created with batch_size=16, num_workers=4
2025-11-16 10:09:55,752 DDP_Script [Rank 1] [INFO] local_steps=2105, global_steps=2105
2025-11-16 10:20:08,321 DDP_Script [Rank 1] [INFO] epoch 5 train step time: 612.57 seconds
2025-11-16 10:20:08,325 DDP_Script [Rank 1] [INFO] epoch 5 끝 (local_steps=2105, global_steps=2105)
2025-11-16 10:20:08,686 DDP_Script [Rank 1] [INFO] val acc 90.25%
2025-11-16 10:20:11,117 DDP_Script [Rank 1] [INFO] epoch 6 시작
2025-11-16 10:20:11,143 DDP_Script [Rank 1] [INFO] DataLoader created with batch_size=16, num_workers=4
2025-11-16 10:20:11,145 DDP_Script [Rank 1] [INFO] local_steps=2105, global_steps=2105
2025-11-16 10:30:15,452 DDP_Script [Rank 1] [INFO] epoch 6 train step time: 604.31 seconds
2025-11-16 10:30:15,456 DDP_Script [Rank 1] [INFO] epoch 6 끝 (local_steps=2105, global_steps=2105)
2025-11-16 10:30:15,813 DDP_Script [Rank 1] [INFO] val acc 89.45%
2025-11-16 10:30:18,038 DDP_Script [Rank 1] [INFO] epoch 7 시작
2025-11-16 10:30:18,078 DDP_Script [Rank 1] [INFO] DataLoader created with batch_size=16, num_workers=4
2025-11-16 10:30:18,080 DDP_Script [Rank 1] [INFO] local_steps=2105, global_steps=2105
2025-11-16 10:40:14,142 DDP_Script [Rank 1] [INFO] epoch 7 train step time: 596.06 seconds
2025-11-16 10:40:14,152 DDP_Script [Rank 1] [INFO] epoch 7 끝 (local_steps=2105, global_steps=2105)
2025-11-16 10:40:14,586 DDP_Script [Rank 1] [INFO] val acc 89.91%
2025-11-16 10:40:16,874 DDP_Script [Rank 1] [INFO] epoch 8 시작
2025-11-16 10:40:16,903 DDP_Script [Rank 1] [INFO] DataLoader created with batch_size=16, num_workers=4
2025-11-16 10:40:16,928 DDP_Script [Rank 1] [INFO] local_steps=2105, global_steps=2105
2025-11-16 10:50:18,068 DDP_Script [Rank 1] [INFO] epoch 8 train step time: 601.14 seconds
2025-11-16 10:50:18,070 DDP_Script [Rank 1] [INFO] epoch 8 끝 (local_steps=2105, global_steps=2105)
2025-11-16 10:50:18,459 DDP_Script [Rank 1] [INFO] val acc 89.79%
2025-11-16 10:50:20,705 DDP_Script [Rank 1] [INFO] epoch 9 시작
2025-11-16 10:50:20,727 DDP_Script [Rank 1] [INFO] DataLoader created with batch_size=16, num_workers=4
2025-11-16 10:50:20,729 DDP_Script [Rank 1] [INFO] local_steps=2105, global_steps=2105
2025-11-16 11:00:19,916 DDP_Script [Rank 1] [INFO] epoch 9 train step time: 599.19 seconds
2025-11-16 11:00:19,919 DDP_Script [Rank 1] [INFO] epoch 9 끝 (local_steps=2105, global_steps=2105)
2025-11-16 11:00:20,391 DDP_Script [Rank 1] [INFO] val acc 90.14%
2025-11-16 11:00:22,848 DDP_Script [Rank 1] [INFO] epoch 10 시작
2025-11-16 11:00:22,870 DDP_Script [Rank 1] [INFO] DataLoader created with batch_size=16, num_workers=4
2025-11-16 11:00:22,871 DDP_Script [Rank 1] [INFO] local_steps=2105, global_steps=2105
2025-11-16 11:10:25,032 DDP_Script [Rank 1] [INFO] epoch 10 train step time: 602.16 seconds
2025-11-16 11:10:25,040 DDP_Script [Rank 1] [INFO] epoch 10 끝 (local_steps=2105, global_steps=2105)
2025-11-16 11:10:25,460 DDP_Script [Rank 1] [INFO] val acc 90.02%
2025-11-16 11:10:27,884 DDP_Script [Rank 1] [INFO] epoch 11 시작
2025-11-16 11:10:27,900 DDP_Script [Rank 1] [INFO] DataLoader created with batch_size=16, num_workers=4
2025-11-16 11:10:27,910 DDP_Script [Rank 1] [INFO] local_steps=2105, global_steps=2105
2025-11-16 11:20:30,875 DDP_Script [Rank 1] [INFO] epoch 11 train step time: 602.96 seconds
2025-11-16 11:20:30,880 DDP_Script [Rank 1] [INFO] epoch 11 끝 (local_steps=2105, global_steps=2105)
2025-11-16 11:20:31,278 DDP_Script [Rank 1] [INFO] val acc 89.79%
2025-11-16 11:20:33,877 DDP_Script [Rank 1] [INFO] epoch 12 시작
2025-11-16 11:20:33,899 DDP_Script [Rank 1] [INFO] DataLoader created with batch_size=16, num_workers=4
2025-11-16 11:20:33,947 DDP_Script [Rank 1] [INFO] local_steps=2105, global_steps=2105
2025-11-16 11:30:37,545 DDP_Script [Rank 1] [INFO] epoch 12 train step time: 603.60 seconds
2025-11-16 11:30:37,559 DDP_Script [Rank 1] [INFO] epoch 12 끝 (local_steps=2105, global_steps=2105)
2025-11-16 11:30:37,919 DDP_Script [Rank 1] [INFO] val acc 90.14%
2025-11-16 11:30:40,528 DDP_Script [Rank 1] [INFO] epoch 13 시작
2025-11-16 11:30:40,549 DDP_Script [Rank 1] [INFO] DataLoader created with batch_size=16, num_workers=4
2025-11-16 11:30:40,574 DDP_Script [Rank 1] [INFO] local_steps=2105, global_steps=2105
2025-11-16 11:40:56,912 DDP_Script [Rank 1] [INFO] epoch 13 train step time: 616.34 seconds
2025-11-16 11:40:56,921 DDP_Script [Rank 1] [INFO] epoch 13 끝 (local_steps=2105, global_steps=2105)
2025-11-16 11:40:57,332 DDP_Script [Rank 1] [INFO] val acc 89.22%
2025-11-16 11:40:59,712 DDP_Script [Rank 1] [INFO] epoch 14 시작
2025-11-16 11:40:59,732 DDP_Script [Rank 1] [INFO] DataLoader created with batch_size=16, num_workers=4
2025-11-16 11:40:59,737 DDP_Script [Rank 1] [INFO] local_steps=2105, global_steps=2105
2025-11-16 11:51:10,230 DDP_Script [Rank 1] [INFO] epoch 14 train step time: 610.49 seconds
2025-11-16 11:51:10,232 DDP_Script [Rank 1] [INFO] epoch 14 끝 (local_steps=2105, global_steps=2105)
2025-11-16 11:51:10,635 DDP_Script [Rank 1] [INFO] val acc 88.42%
2025-11-16 11:51:13,052 DDP_Script [Rank 1] [INFO] epoch 15 시작
2025-11-16 11:51:13,073 DDP_Script [Rank 1] [INFO] DataLoader created with batch_size=16, num_workers=4
2025-11-16 11:51:13,075 DDP_Script [Rank 1] [INFO] local_steps=2105, global_steps=2105
2025-11-16 12:01:26,025 DDP_Script [Rank 1] [INFO] epoch 15 train step time: 612.95 seconds
2025-11-16 12:01:26,059 DDP_Script [Rank 1] [INFO] epoch 15 끝 (local_steps=2105, global_steps=2105)
2025-11-16 12:01:26,486 DDP_Script [Rank 1] [INFO] val acc 90.14%
2025-11-16 12:01:28,867 DDP_Script [Rank 1] [INFO] epoch 16 시작
2025-11-16 12:01:29,055 DDP_Script [Rank 1] [INFO] DataLoader created with batch_size=16, num_workers=4
2025-11-16 12:01:29,057 DDP_Script [Rank 1] [INFO] local_steps=2105, global_steps=2105
2025-11-16 12:11:31,783 DDP_Script [Rank 1] [INFO] epoch 16 train step time: 602.73 seconds
2025-11-16 12:11:31,787 DDP_Script [Rank 1] [INFO] epoch 16 끝 (local_steps=2105, global_steps=2105)
2025-11-16 12:11:32,176 DDP_Script [Rank 1] [INFO] val acc 89.91%
2025-11-16 12:11:33,821 DDP_Script [Rank 1] [INFO] epoch 17 시작
2025-11-16 12:11:33,843 DDP_Script [Rank 1] [INFO] DataLoader created with batch_size=16, num_workers=4
2025-11-16 12:11:33,844 DDP_Script [Rank 1] [INFO] local_steps=2105, global_steps=2105
2025-11-16 12:21:41,064 DDP_Script [Rank 1] [INFO] epoch 17 train step time: 607.22 seconds
2025-11-16 12:21:41,066 DDP_Script [Rank 1] [INFO] epoch 17 끝 (local_steps=2105, global_steps=2105)
2025-11-16 12:21:41,449 DDP_Script [Rank 1] [INFO] val acc 89.68%
2025-11-16 12:21:43,560 DDP_Script [Rank 1] [INFO] epoch 18 시작
2025-11-16 12:21:43,573 DDP_Script [Rank 1] [INFO] DataLoader created with batch_size=16, num_workers=4
2025-11-16 12:21:43,577 DDP_Script [Rank 1] [INFO] local_steps=2105, global_steps=2105
2025-11-16 12:31:44,338 DDP_Script [Rank 1] [INFO] epoch 18 train step time: 600.76 seconds
2025-11-16 12:31:44,342 DDP_Script [Rank 1] [INFO] epoch 18 끝 (local_steps=2105, global_steps=2105)
2025-11-16 12:31:44,781 DDP_Script [Rank 1] [INFO] val acc 89.91%
2025-11-16 12:31:47,234 DDP_Script [Rank 1] [INFO] epoch 19 시작
2025-11-16 12:31:47,255 DDP_Script [Rank 1] [INFO] DataLoader created with batch_size=16, num_workers=4
2025-11-16 12:31:47,256 DDP_Script [Rank 1] [INFO] local_steps=2105, global_steps=2105
2025-11-16 12:41:49,536 DDP_Script [Rank 1] [INFO] epoch 19 train step time: 602.28 seconds
2025-11-16 12:41:49,538 DDP_Script [Rank 1] [INFO] epoch 19 끝 (local_steps=2105, global_steps=2105)
2025-11-16 12:41:49,935 DDP_Script [Rank 1] [INFO] val acc 89.91%
2025-11-16 12:41:52,337 DDP_Script [Rank 1] [INFO] epoch 20 시작
2025-11-16 12:41:52,363 DDP_Script [Rank 1] [INFO] DataLoader created with batch_size=16, num_workers=4
2025-11-16 12:41:52,365 DDP_Script [Rank 1] [INFO] local_steps=2105, global_steps=2105
2025-11-16 12:51:54,800 DDP_Script [Rank 1] [INFO] epoch 20 train step time: 602.43 seconds
2025-11-16 12:51:54,805 DDP_Script [Rank 1] [INFO] epoch 20 끝 (local_steps=2105, global_steps=2105)
2025-11-16 12:51:55,148 DDP_Script [Rank 1] [INFO] val acc 90.37%
2025-11-16 12:51:57,323 DDP_Script [Rank 1] [INFO] Training loop finished.
