2025-11-16 03:32:08,522 [INFO] FIFO scheduler loop started (global queue)
2025-11-16 03:32:08,522 [INFO] CSP sampler loop started
2025-11-16 03:32:08,522 [INFO] startup complete | log_dir=/home/ubuntu216/sumin/CCGRID/global_scheduler/FIFO_log/FIFO-20251116-033208
2025-11-16 03:37:39,338 [INFO] [SUBMIT] job-98202802b4c6 g=2, model=DenseNet-121, dataset=TinyImageNet, epochs=20, batch=64
2025-11-16 03:37:39,932 [INFO] [START] job-98202802b4c6 | started_on=clusterA, g=2, nodes=['node_a', 'node_b'], queued_sec=0.5936651229858398
2025-11-16 03:40:56,201 [INFO] [SUBMIT] job-316b11d29a0f g=2, model=ResNet-50, dataset=CIFAR-10, epochs=20, batch=128
2025-11-16 03:40:57,202 [INFO] [START] job-316b11d29a0f | started_on=clusterB, g=2, nodes=['node_e', 'node_f'], queued_sec=1.0007069110870361
2025-11-16 03:45:57,589 [INFO] [SUBMIT] job-938ebc6aaec8 g=2, model=DistilBERT, dataset=SST-2, epochs=20, batch=64
2025-11-16 03:45:58,558 [INFO] [START] job-938ebc6aaec8 | started_on=clusterA, g=2, nodes=['node_c', 'node_d'], queued_sec=0.968801736831665
2025-11-16 03:49:46,268 [INFO] [SUBMIT] job-5d330f53eae3 g=1, model=ResNet-18, dataset=CIFAR-100, epochs=20, batch=32
2025-11-16 03:49:46,778 [INFO] [SUBMIT] job-16ef103017c5 g=2, model=DenseNet-121, dataset=TinyImageNet, epochs=20, batch=64
2025-11-16 03:49:46,815 [INFO] [START] job-5d330f53eae3 | started_on=clusterB, g=1, nodes=['node_g'], queued_sec=0.5464527606964111
2025-11-16 03:55:29,918 [INFO] [SUBMIT] job-94a18449106f g=4, model=ResNet-50, dataset=CIFAR-10, epochs=20, batch=32
2025-11-16 03:59:06,787 [INFO] [SUBMIT] job-5b8961f0d74d g=2, model=EfficientNetV2-S, dataset=MNIST, epochs=20, batch=64
2025-11-16 04:00:32,645 [INFO] [SUBMIT] job-74b0a5fd98ce g=1, model=EfficientNetV2-S, dataset=MNIST, epochs=20, batch=64
2025-11-16 04:02:05,465 [INFO] [SUBMIT] job-b5ede0372f9a g=1, model=ResNet-18, dataset=CIFAR-100, epochs=20, batch=128
2025-11-16 04:03:45,862 [INFO] [DONE] job-316b11d29a0f | finished_at=2025-11-16 04:03:45, cluster=clusterB, exit=0, jct_sec=1368.659946680069, queued_sec=1.0007069110870361
2025-11-16 04:03:46,785 [INFO] [START] job-16ef103017c5 | started_on=clusterB, g=2, nodes=['node_e', 'node_f'], queued_sec=840.0067019462585
2025-11-16 04:11:25,027 [INFO] [DONE] job-5d330f53eae3 | finished_at=2025-11-16 04:11:25, cluster=clusterB, exit=0, jct_sec=1298.2122220993042, queued_sec=0.5464527606964111
2025-11-16 04:11:35,139 [INFO] [SUBMIT] job-614e3b650edd g=2, model=DistilBERT, dataset=SST-2, epochs=20, batch=16
2025-11-16 04:13:08,002 [INFO] [SUBMIT] job-f294906848fd g=1, model=DistilBERT, dataset=SST-2, epochs=20, batch=16
2025-11-16 04:14:02,702 [INFO] [SUBMIT] job-d8d3877756cc g=1, model=DistilBERT, dataset=SST-2, epochs=20, batch=16
2025-11-16 04:24:47,818 [INFO] [SUBMIT] job-51deb50f3a91 g=2, model=EfficientNetV2-S, dataset=MNIST, epochs=20, batch=256
2025-11-16 04:31:21,937 [INFO] [SUBMIT] job-3cefdaf69d8e g=4, model=ResNet-18, dataset=CIFAR-100, epochs=20, batch=32
2025-11-16 04:34:18,977 [INFO] [SUBMIT] job-4a4f6e9966d1 g=2, model=DenseNet-121, dataset=TinyImageNet, epochs=20, batch=32
2025-11-16 04:35:01,603 [INFO] [SUBMIT] job-1dfe3da38118 g=1, model=EfficientNetV2-S, dataset=MNIST, epochs=20, batch=128
2025-11-16 04:35:43,208 [INFO] [DONE] job-98202802b4c6 | finished_at=2025-11-16 04:35:43, cluster=clusterA, exit=0, jct_sec=3483.2766740322113, queued_sec=0.5936651229858398
2025-11-16 04:47:18,557 [INFO] [SUBMIT] job-01f4dfe1d054 g=4, model=DeepSpeech2, dataset=ARCTIC, epochs=20, batch=8
2025-11-16 04:48:21,306 [INFO] [DONE] job-938ebc6aaec8 | finished_at=2025-11-16 04:48:21, cluster=clusterA, exit=0, jct_sec=3742.74814248085, queued_sec=0.968801736831665
2025-11-16 04:48:21,851 [INFO] [START] job-94a18449106f | started_on=clusterA, g=4, nodes=['node_a', 'node_b', 'node_c', 'node_d'], queued_sec=3171.9326112270355
2025-11-16 04:48:21,911 [INFO] [START] job-5b8961f0d74d | started_on=clusterB, g=2, nodes=['node_g', 'node_h'], queued_sec=2955.1234357357025
2025-11-16 04:48:22,232 [INFO] [DONE] job-5b8961f0d74d | finished_at=2025-11-16 04:48:22, cluster=clusterB, exit=2, jct_sec=0.3207516670227051, queued_sec=2955.1234357357025
2025-11-16 04:48:22,935 [INFO] [START] job-74b0a5fd98ce | started_on=clusterB, g=1, nodes=['node_g'], queued_sec=2870.2897255420685
2025-11-16 04:48:22,959 [INFO] [START] job-b5ede0372f9a | started_on=clusterB, g=1, nodes=['node_h'], queued_sec=2777.4938349723816
2025-11-16 04:48:27,251 [INFO] [DONE] job-74b0a5fd98ce | finished_at=2025-11-16 04:48:27, cluster=clusterB, exit=2, jct_sec=4.316590785980225, queued_sec=2870.2897255420685
2025-11-16 04:48:56,892 [INFO] [SUBMIT] job-53b1cbef3adb g=1, model=DenseNet-121, dataset=TinyImageNet, epochs=20, batch=32
2025-11-16 04:57:09,288 [INFO] [SUBMIT] job-c040b63345b8 g=1, model=EfficientNetV2-S, dataset=MNIST, epochs=20, batch=64
2025-11-16 04:58:18,635 [INFO] [DONE] job-16ef103017c5 | finished_at=2025-11-16 04:58:18, cluster=clusterB, exit=0, jct_sec=3271.849622964859, queued_sec=840.0067019462585
2025-11-16 04:58:19,646 [INFO] [START] job-614e3b650edd | started_on=clusterB, g=2, nodes=['node_e', 'node_f'], queued_sec=2804.507020711899
2025-11-16 04:58:19,671 [INFO] [START] job-f294906848fd | started_on=clusterB, g=1, nodes=['node_g'], queued_sec=2711.6682546138763
2025-11-16 05:03:22,337 [INFO] [SUBMIT] job-9df025ec9ecd g=1, model=ResNet-18, dataset=CIFAR-100, epochs=20, batch=64
2025-11-16 05:06:03,670 [INFO] [DONE] job-b5ede0372f9a | finished_at=2025-11-16 05:06:03, cluster=clusterB, exit=0, jct_sec=1060.7113616466522, queued_sec=2777.4938349723816
2025-11-16 05:06:04,199 [INFO] [START] job-d8d3877756cc | started_on=clusterB, g=1, nodes=['node_h'], queued_sec=3121.4968757629395
2025-11-16 05:19:29,362 [INFO] [DONE] job-94a18449106f | finished_at=2025-11-16 05:19:29, cluster=clusterA, exit=0, jct_sec=1867.5115723609924, queued_sec=3171.9326112270355
2025-11-16 05:19:30,122 [INFO] [START] job-51deb50f3a91 | started_on=clusterA, g=2, nodes=['node_a', 'node_b'], queued_sec=3282.303301334381
2025-11-16 05:19:40,820 [INFO] [DONE] job-51deb50f3a91 | finished_at=2025-11-16 05:19:40, cluster=clusterA, exit=1, jct_sec=10.698159456253052, queued_sec=3282.303301334381
2025-11-16 05:19:41,202 [INFO] [START] job-3cefdaf69d8e | started_on=clusterA, g=4, nodes=['node_a', 'node_b', 'node_c', 'node_d'], queued_sec=2899.2651760578156
2025-11-16 05:24:59,730 [INFO] [SUBMIT] job-ca2cb78bf985 g=1, model=ResNet-50, dataset=CIFAR-10, epochs=20, batch=64
2025-11-16 05:25:48,687 [INFO] [SUBMIT] job-b98ad5fc0c1a g=1, model=DeepSpeech2, dataset=ARCTIC, epochs=20, batch=8
2025-11-16 05:36:01,793 [INFO] [DONE] job-3cefdaf69d8e | finished_at=2025-11-16 05:36:01, cluster=clusterA, exit=0, jct_sec=980.5912988185883, queued_sec=2899.2651760578156
2025-11-16 05:36:02,289 [INFO] [START] job-4a4f6e9966d1 | started_on=clusterA, g=2, nodes=['node_a', 'node_b'], queued_sec=3703.3119127750397
2025-11-16 05:36:02,312 [INFO] [START] job-1dfe3da38118 | started_on=clusterA, g=1, nodes=['node_c'], queued_sec=3660.7082254886627
2025-11-16 05:36:13,014 [INFO] [DONE] job-1dfe3da38118 | finished_at=2025-11-16 05:36:13, cluster=clusterA, exit=1, jct_sec=10.702043294906616, queued_sec=3660.7082254886627
2025-11-16 05:38:25,544 [INFO] [SUBMIT] job-a91e00864f32 g=1, model=DistilBERT, dataset=SST-2, epochs=20, batch=32
2025-11-16 05:39:38,013 [INFO] [SUBMIT] job-277a49cfdb0d g=2, model=DeepSpeech2, dataset=ARCTIC, epochs=20, batch=8
2025-11-16 05:42:31,453 [INFO] [SUBMIT] job-5f822b583946 g=2, model=DistilBERT, dataset=SST-2, epochs=20, batch=32
2025-11-16 05:47:23,659 [INFO] [SUBMIT] job-20eb9a7e068c g=2, model=DistilBERT, dataset=SST-2, epochs=20, batch=16
2025-11-16 05:48:55,645 [INFO] [SUBMIT] job-a167a39a5dee g=2, model=DeepSpeech2, dataset=ARCTIC, epochs=20, batch=16
2025-11-16 05:58:52,793 [INFO] [SUBMIT] job-a989c8b3f3cb g=2, model=DeepSpeech2, dataset=ARCTIC, epochs=20, batch=32
2025-11-16 05:59:54,858 [INFO] [SUBMIT] job-5adafa9ccb54 g=1, model=DistilBERT, dataset=SST-2, epochs=20, batch=64
2025-11-16 06:04:52,510 [INFO] [SUBMIT] job-71edc16723dc g=2, model=DistilBERT, dataset=SST-2, epochs=20, batch=64
2025-11-16 06:28:02,165 [INFO] [SUBMIT] job-0353dfff1a17 g=1, model=DeepSpeech2, dataset=ARCTIC, epochs=20, batch=32
2025-11-16 06:28:10,509 [INFO] [SUBMIT] job-863718ab7985 g=2, model=DenseNet-121, dataset=TinyImageNet, epochs=20, batch=32
2025-11-16 06:36:20,082 [INFO] [SUBMIT] job-c53a4b2811d9 g=4, model=DeepSpeech2, dataset=ARCTIC, epochs=20, batch=16
2025-11-16 06:53:58,677 [INFO] [SUBMIT] job-4f2b03d4422f g=2, model=DistilBERT, dataset=SST-2, epochs=20, batch=16
2025-11-16 07:03:02,669 [INFO] [SUBMIT] job-3c27111b74a7 g=1, model=DenseNet-121, dataset=TinyImageNet, epochs=20, batch=16
2025-11-16 07:09:53,667 [INFO] [SUBMIT] job-5511132b058e g=1, model=DistilBERT, dataset=SST-2, epochs=20, batch=32
2025-11-16 07:11:35,100 [INFO] [DONE] job-f294906848fd | finished_at=2025-11-16 07:11:35, cluster=clusterB, exit=0, jct_sec=7995.429702281952, queued_sec=2711.6682546138763
2025-11-16 07:14:56,153 [INFO] [SUBMIT] job-07e79327fba0 g=1, model=DeepSpeech2, dataset=ARCTIC, epochs=20, batch=16
2025-11-16 07:15:40,877 [INFO] [SUBMIT] job-a9ed7e843183 g=2, model=ResNet-18, dataset=CIFAR-100, epochs=20, batch=32
2025-11-16 07:15:48,616 [INFO] [DONE] job-d8d3877756cc | finished_at=2025-11-16 07:15:48, cluster=clusterB, exit=0, jct_sec=7784.417041540146, queued_sec=3121.4968757629395
2025-11-16 07:16:17,744 [INFO] [DONE] job-4a4f6e9966d1 | finished_at=2025-11-16 07:16:17, cluster=clusterA, exit=0, jct_sec=6015.454601764679, queued_sec=3703.3119127750397
2025-11-16 07:16:18,268 [INFO] [START] job-01f4dfe1d054 | started_on=clusterA, g=4, nodes=['node_a', 'node_b', 'node_c', 'node_d'], queued_sec=8939.710975408554
2025-11-16 07:16:18,299 [INFO] [START] job-53b1cbef3adb | started_on=clusterB, g=1, nodes=['node_g'], queued_sec=8841.406286239624
2025-11-16 07:16:18,320 [INFO] [START] job-c040b63345b8 | started_on=clusterB, g=1, nodes=['node_h'], queued_sec=8349.032114505768
2025-11-16 07:16:21,227 [INFO] [DONE] job-c040b63345b8 | finished_at=2025-11-16 07:16:21, cluster=clusterB, exit=2, jct_sec=2.906812906265259, queued_sec=8349.032114505768
2025-11-16 07:16:21,345 [INFO] [START] job-9df025ec9ecd | started_on=clusterB, g=1, nodes=['node_h'], queued_sec=7979.00844335556
2025-11-16 07:16:22,764 [INFO] [DONE] job-01f4dfe1d054 | finished_at=2025-11-16 07:16:22, cluster=clusterA, exit=1, jct_sec=4.496282577514648, queued_sec=8939.710975408554
2025-11-16 07:16:23,368 [INFO] [START] job-ca2cb78bf985 | started_on=clusterA, g=1, nodes=['node_a'], queued_sec=6683.638221502304
2025-11-16 07:16:23,388 [INFO] [START] job-b98ad5fc0c1a | started_on=clusterA, g=1, nodes=['node_b'], queued_sec=6634.702048063278
2025-11-16 07:16:23,411 [INFO] [START] job-a91e00864f32 | started_on=clusterA, g=1, nodes=['node_c'], queued_sec=5877.866817951202
2025-11-16 07:16:28,149 [INFO] [DONE] job-b98ad5fc0c1a | finished_at=2025-11-16 07:16:28, cluster=clusterA, exit=1, jct_sec=4.760542869567871, queued_sec=6634.702048063278
2025-11-16 07:16:28,451 [INFO] [START] job-277a49cfdb0d | started_on=clusterA, g=2, nodes=['node_b', 'node_d'], queued_sec=5810.43785738945
2025-11-16 07:16:33,169 [INFO] [DONE] job-277a49cfdb0d | finished_at=2025-11-16 07:16:33, cluster=clusterA, exit=1, jct_sec=4.718339681625366, queued_sec=5810.43785738945
2025-11-16 07:16:33,492 [INFO] [START] job-5f822b583946 | started_on=clusterA, g=2, nodes=['node_b', 'node_d'], queued_sec=5642.038472890854
2025-11-16 07:16:34,659 [INFO] [SUBMIT] job-bc74791d3ac3 g=1, model=DenseNet-121, dataset=TinyImageNet, epochs=20, batch=16
2025-11-16 07:17:06,997 [INFO] [SUBMIT] job-21147f4335a2 g=2, model=ResNet-50, dataset=CIFAR-10, epochs=20, batch=64
2025-11-16 07:25:18,978 [INFO] [SUBMIT] job-2ae925c1684c g=2, model=ResNet-18, dataset=CIFAR-100, epochs=20, batch=64
2025-11-16 07:25:28,189 [INFO] [SUBMIT] job-6eb1fde2e3b2 g=1, model=EfficientNetV2-S, dataset=MNIST, epochs=20, batch=256
2025-11-16 07:30:04,657 [INFO] [SUBMIT] job-c8a85a3f2878 g=4, model=DeepSpeech2, dataset=ARCTIC, epochs=20, batch=32
2025-11-16 07:30:09,609 [INFO] [SUBMIT] job-423d77998eef g=2, model=DistilBERT, dataset=SST-2, epochs=20, batch=64
2025-11-16 07:30:16,525 [INFO] [SUBMIT] job-2e6003b194ec g=1, model=DeepSpeech2, dataset=ARCTIC, epochs=20, batch=32
2025-11-16 07:34:57,194 [INFO] [DONE] job-9df025ec9ecd | finished_at=2025-11-16 07:34:57, cluster=clusterB, exit=0, jct_sec=1115.8492381572723, queued_sec=7979.00844335556
2025-11-16 07:37:41,101 [INFO] [SUBMIT] job-80080b19abe1 g=2, model=DistilBERT, dataset=SST-2, epochs=20, batch=32
2025-11-16 07:53:42,260 [INFO] [SUBMIT] job-2b16ef10c82e g=2, model=ResNet-50, dataset=CIFAR-10, epochs=20, batch=128
2025-11-16 07:54:33,077 [INFO] [DONE] job-ca2cb78bf985 | finished_at=2025-11-16 07:54:33, cluster=clusterA, exit=0, jct_sec=2289.709072113037, queued_sec=6683.638221502304
2025-11-16 07:55:33,357 [INFO] [SUBMIT] job-119003435a41 g=1, model=DistilBERT, dataset=SST-2, epochs=20, batch=64
2025-11-16 08:02:04,528 [INFO] [SUBMIT] job-968c71e50e3d g=1, model=ResNet-18, dataset=CIFAR-100, epochs=20, batch=128
2025-11-16 08:02:50,463 [INFO] [SUBMIT] job-a15972eccac3 g=1, model=DistilBERT, dataset=SST-2, epochs=20, batch=32
2025-11-16 08:21:46,657 [INFO] [DONE] job-a91e00864f32 | finished_at=2025-11-16 08:21:46, cluster=clusterA, exit=0, jct_sec=3923.2464332580566, queued_sec=5877.866817951202
2025-11-16 08:21:47,001 [INFO] [START] job-20eb9a7e068c | started_on=clusterA, g=2, nodes=['node_a', 'node_c'], queued_sec=9263.34223484993
2025-11-16 08:26:51,203 [INFO] [DONE] job-614e3b650edd | finished_at=2025-11-16 08:26:51, cluster=clusterB, exit=0, jct_sec=12511.556545734406, queued_sec=2804.507020711899
2025-11-16 08:26:51,390 [INFO] [START] job-a167a39a5dee | started_on=clusterB, g=2, nodes=['node_e', 'node_f'], queued_sec=9475.745669841766
2025-11-16 08:29:46,993 [INFO] [DONE] job-a167a39a5dee | finished_at=2025-11-16 08:29:46, cluster=clusterB, exit=0, jct_sec=175.60230922698975, queued_sec=9475.745669841766
2025-11-16 08:29:47,635 [INFO] [START] job-a989c8b3f3cb | started_on=clusterB, g=2, nodes=['node_e', 'node_f'], queued_sec=9054.841498374939
2025-11-16 08:29:47,663 [INFO] [START] job-5adafa9ccb54 | started_on=clusterB, g=1, nodes=['node_h'], queued_sec=8992.80514550209
2025-11-16 08:31:47,243 [INFO] [DONE] job-a989c8b3f3cb | finished_at=2025-11-16 08:31:47, cluster=clusterB, exit=0, jct_sec=119.6082878112793, queued_sec=9054.841498374939
2025-11-16 08:31:47,841 [INFO] [START] job-71edc16723dc | started_on=clusterB, g=2, nodes=['node_e', 'node_f'], queued_sec=8815.331200838089
2025-11-16 09:05:31,859 [INFO] [DONE] job-5adafa9ccb54 | finished_at=2025-11-16 09:05:31, cluster=clusterB, exit=0, jct_sec=2144.1963381767273, queued_sec=8992.80514550209
2025-11-16 09:05:32,191 [INFO] [START] job-0353dfff1a17 | started_on=clusterB, g=1, nodes=['node_h'], queued_sec=9450.025047779083
2025-11-16 09:07:44,418 [INFO] [DONE] job-0353dfff1a17 | finished_at=2025-11-16 09:07:44, cluster=clusterB, exit=0, jct_sec=132.227468252182, queued_sec=9450.025047779083
2025-11-16 09:21:02,853 [INFO] [DONE] job-5f822b583946 | finished_at=2025-11-16 09:21:02, cluster=clusterA, exit=0, jct_sec=7469.3610899448395, queued_sec=5642.038472890854
2025-11-16 09:21:03,296 [INFO] [START] job-863718ab7985 | started_on=clusterA, g=2, nodes=['node_b', 'node_d'], queued_sec=10372.787333488464
2025-11-16 09:24:12,592 [INFO] [DONE] job-53b1cbef3adb | finished_at=2025-11-16 09:24:12, cluster=clusterB, exit=0, jct_sec=7674.293895721436, queued_sec=8841.406286239624
2025-11-16 09:26:17,632 [INFO] [DONE] job-71edc16723dc | finished_at=2025-11-16 09:26:17, cluster=clusterB, exit=0, jct_sec=3269.791126012802, queued_sec=8815.331200838089
2025-11-16 09:26:17,731 [INFO] [START] job-c53a4b2811d9 | started_on=clusterB, g=4, nodes=['node_e', 'node_f', 'node_g', 'node_h'], queued_sec=10197.649305343628
2025-11-16 09:28:26,265 [INFO] [DONE] job-c53a4b2811d9 | finished_at=2025-11-16 09:28:26, cluster=clusterB, exit=0, jct_sec=128.5335419178009, queued_sec=10197.649305343628
2025-11-16 09:28:26,916 [INFO] [START] job-4f2b03d4422f | started_on=clusterB, g=2, nodes=['node_e', 'node_f'], queued_sec=9268.238415241241
2025-11-16 09:28:26,935 [INFO] [START] job-3c27111b74a7 | started_on=clusterB, g=1, nodes=['node_g'], queued_sec=8724.266145467758
2025-11-16 09:28:26,957 [INFO] [START] job-5511132b058e | started_on=clusterB, g=1, nodes=['node_h'], queued_sec=8313.28917813301
2025-11-16 10:20:57,263 [INFO] [DONE] job-5511132b058e | finished_at=2025-11-16 10:20:57, cluster=clusterB, exit=0, jct_sec=3150.3069150447845, queued_sec=8313.28917813301
2025-11-16 10:20:57,531 [INFO] [START] job-07e79327fba0 | started_on=clusterB, g=1, nodes=['node_h'], queued_sec=11161.378380298615
2025-11-16 10:24:03,538 [INFO] [DONE] job-07e79327fba0 | finished_at=2025-11-16 10:24:03, cluster=clusterB, exit=0, jct_sec=186.00722646713257, queued_sec=11161.378380298615
2025-11-16 11:02:06,534 [INFO] [DONE] job-863718ab7985 | finished_at=2025-11-16 11:02:06, cluster=clusterA, exit=0, jct_sec=6063.238329648972, queued_sec=10372.787333488464
2025-11-16 11:02:07,343 [INFO] [START] job-a9ed7e843183 | started_on=clusterA, g=2, nodes=['node_b', 'node_d'], queued_sec=13586.465787887573
2025-11-16 11:02:07,373 [INFO] [START] job-bc74791d3ac3 | started_on=clusterB, g=1, nodes=['node_h'], queued_sec=13532.714036464691
2025-11-16 11:25:22,933 [INFO] [DONE] job-a9ed7e843183 | finished_at=2025-11-16 11:25:22, cluster=clusterA, exit=0, jct_sec=1395.5911147594452, queued_sec=13586.465787887573
2025-11-16 11:25:23,956 [INFO] [START] job-21147f4335a2 | started_on=clusterA, g=2, nodes=['node_b', 'node_d'], queued_sec=14896.95986700058
2025-11-16 11:51:04,389 [INFO] [DONE] job-21147f4335a2 | finished_at=2025-11-16 11:51:04, cluster=clusterA, exit=0, jct_sec=1540.4323794841766, queued_sec=14896.95986700058
2025-11-16 11:51:04,701 [INFO] [START] job-2ae925c1684c | started_on=clusterA, g=2, nodes=['node_b', 'node_d'], queued_sec=15945.72249674797
2025-11-16 12:04:05,282 [INFO] [DONE] job-2ae925c1684c | finished_at=2025-11-16 12:04:05, cluster=clusterA, exit=0, jct_sec=780.5818347930908, queued_sec=15945.72249674797
2025-11-16 12:04:05,588 [INFO] [START] job-6eb1fde2e3b2 | started_on=clusterA, g=1, nodes=['node_b'], queued_sec=16717.398914575577
2025-11-16 12:04:15,308 [INFO] [DONE] job-6eb1fde2e3b2 | finished_at=2025-11-16 12:04:15, cluster=clusterA, exit=1, jct_sec=9.720285415649414, queued_sec=16717.398914575577
2025-11-16 12:25:48,331 [INFO] [DONE] job-20eb9a7e068c | finished_at=2025-11-16 12:25:48, cluster=clusterA, exit=0, jct_sec=14641.330174207687, queued_sec=9263.34223484993
2025-11-16 12:25:49,165 [INFO] [START] job-c8a85a3f2878 | started_on=clusterA, g=4, nodes=['node_a', 'node_b', 'node_c', 'node_d'], queued_sec=17744.50842189789
2025-11-16 12:25:51,210 [INFO] [DONE] job-c8a85a3f2878 | finished_at=2025-11-16 12:25:51, cluster=clusterA, exit=1, jct_sec=2.0448036193847656, queued_sec=17744.50842189789
2025-11-16 12:25:52,205 [INFO] [START] job-423d77998eef | started_on=clusterA, g=2, nodes=['node_a', 'node_b'], queued_sec=17742.59534740448
2025-11-16 12:25:52,227 [INFO] [START] job-2e6003b194ec | started_on=clusterA, g=1, nodes=['node_c'], queued_sec=17735.702075719833
2025-11-16 12:25:57,315 [INFO] [DONE] job-2e6003b194ec | finished_at=2025-11-16 12:25:57, cluster=clusterA, exit=1, jct_sec=5.0885844230651855, queued_sec=17735.702075719833
2025-11-16 12:25:58,269 [INFO] [START] job-80080b19abe1 | started_on=clusterA, g=2, nodes=['node_c', 'node_d'], queued_sec=17297.167887210846
2025-11-16 12:50:18,874 [INFO] [DONE] job-3c27111b74a7 | finished_at=2025-11-16 12:50:18, cluster=clusterB, exit=0, jct_sec=12111.938689470291, queued_sec=8724.266145467758
2025-11-16 12:51:57,329 [INFO] [DONE] job-4f2b03d4422f | finished_at=2025-11-16 12:51:57, cluster=clusterB, exit=0, jct_sec=12210.41335773468, queued_sec=9268.238415241241
2025-11-16 12:51:58,071 [INFO] [START] job-2b16ef10c82e | started_on=clusterB, g=2, nodes=['node_e', 'node_f'], queued_sec=17895.810940027237
2025-11-16 12:51:58,116 [INFO] [START] job-119003435a41 | started_on=clusterB, g=1, nodes=['node_g'], queued_sec=17784.75852251053
2025-11-16 13:15:08,626 [INFO] [DONE] job-2b16ef10c82e | finished_at=2025-11-16 13:15:08, cluster=clusterB, exit=0, jct_sec=1390.5542669296265, queued_sec=17895.810940027237
2025-11-16 13:15:08,730 [INFO] [START] job-968c71e50e3d | started_on=clusterB, g=1, nodes=['node_e'], queued_sec=18784.201912403107
2025-11-16 13:15:08,754 [INFO] [START] job-a15972eccac3 | started_on=clusterB, g=1, nodes=['node_f'], queued_sec=18738.29100036621
2025-11-16 13:26:44,573 [INFO] [DONE] job-119003435a41 | finished_at=2025-11-16 13:26:44, cluster=clusterB, exit=0, jct_sec=2086.4575657844543, queued_sec=17784.75852251053
2025-11-16 13:29:06,787 [INFO] [DONE] job-423d77998eef | finished_at=2025-11-16 13:29:06, cluster=clusterA, exit=0, jct_sec=3794.5821895599365, queued_sec=17742.59534740448
2025-11-16 13:32:59,486 [INFO] [DONE] job-968c71e50e3d | finished_at=2025-11-16 13:32:59, cluster=clusterB, exit=0, jct_sec=1070.7553877830505, queued_sec=18784.201912403107
2025-11-16 14:02:07,892 [INFO] [DONE] job-a15972eccac3 | finished_at=2025-11-16 14:02:07, cluster=clusterB, exit=0, jct_sec=2819.1378762722015, queued_sec=18738.29100036621
2025-11-16 14:30:35,322 [INFO] [DONE] job-bc74791d3ac3 | finished_at=2025-11-16 14:30:35, cluster=clusterB, exit=0, jct_sec=12507.94930267334, queued_sec=13532.714036464691
2025-11-16 14:31:37,842 [INFO] [DONE] job-80080b19abe1 | finished_at=2025-11-16 14:31:37, cluster=clusterA, exit=0, jct_sec=7539.572746753693, queued_sec=17297.167887210846
2025-11-16 14:31:37,842 [INFO] [EXP] 50/50 jobs finished. Scheduling self-shutdown in 60s...
2025-11-16 14:32:37,843 [INFO] [EXP] Self-shutdown now.
