Current CUDA device index: 0
Current CUDA device name: NVIDIA RTX A5000
Master address: 163.180.160.62, port: 29577
2025-11-18 15:06:15,636 DDP_Script [Rank 0] [INFO] Node rank: 0, world size: 1
[Gloo] Rank 0 is connected to 0 peer ranks. Expected number of connected peer ranks is : 0
2025-11-18 15:06:15,642 DDP_Script [Rank 0] [INFO] Process group initialized: 163.180.160.62:29577
2025-11-18 15:06:15,642 DDP_Script [Rank 0] [INFO] Rank 0/1 initialized
2025-11-18 15:06:15,642 DDP_Script [Rank 0] [INFO] Rank 0 downloading tokenizer: distilbert-base-uncased
2025-11-18 15:06:16,368 DDP_Script [Rank 0] [INFO] Rank 0 downloading dataset: glue/sst2
2025-11-18 15:06:21,134 DDP_Script [Rank 0] [INFO] Tokenizing datasets...
2025-11-18 15:06:21,317 DDP_Script [Rank 0] [INFO] SST-2 Dataset and Tokenizer loaded.
2025-11-18 15:06:21,318 DDP_Script [Rank 0] [INFO] Rank 0 downloading model: distilbert-base-uncased
Some weights of DistilBertForSequenceClassification were not initialized from the model checkpoint at distilbert-base-uncased and are newly initialized: ['classifier.bias', 'classifier.weight', 'pre_classifier.bias', 'pre_classifier.weight']
You should probably TRAIN this model on a down-stream task to be able to use it for predictions and inference.
2025-11-18 15:06:22,044 DDP_Script [Rank 0] [INFO] Model (DistilBert), DDP, optimizer (AdamW) initialized
2025-11-18 15:06:22,111 DDP_Script [Rank 0] [INFO] Modules initialized
2025-11-18 15:06:22,112 DDP_Script [Rank 0] [INFO] Checkpoint directory created: ./checkpoints/job-eaa88324d95e
2025-11-18 15:06:22,112 DDP_Script [Rank 0] [INFO] Starting training from scratch (epoch 1).
2025-11-18 15:06:22,113 DDP_Script [Rank 0] [INFO] epoch 1 시작
2025-11-18 15:06:22,135 DDP_Script [Rank 0] [INFO] DataLoader created with batch_size=32, num_workers=4
2025-11-18 15:06:22,136 DDP_Script [Rank 0] [INFO] 모든 노드 중 max_steps = 2105
2025-11-18 15:06:22,136 DDP_Script [Rank 0] [INFO] local_steps=2105, global_steps=2105
2025-11-18 15:08:46,493 DDP_Script [Rank 0] [INFO] epoch 1 train step time: 144.36 seconds
2025-11-18 15:08:46,494 DDP_Script [Rank 0] [INFO] epoch 1 끝 (local_steps=2105, global_steps=2105)
2025-11-18 15:08:47,034 DDP_Script [Rank 0] [INFO] val acc 89.79%
2025-11-18 15:08:47,062 DDP_Script [Rank 0] [INFO] Saving checkpoint to ./checkpoints/job-eaa88324d95e/latest_checkpoint.pth ...
2025-11-18 15:08:48,903 DDP_Script [Rank 0] [INFO] Successfully reported epoch 1/20 (Acc: 89.79%) to global server.
2025-11-18 15:08:48,904 DDP_Script [Rank 0] [INFO] epoch 2 시작
2025-11-18 15:08:48,914 DDP_Script [Rank 0] [INFO] DataLoader created with batch_size=32, num_workers=4
2025-11-18 15:08:48,916 DDP_Script [Rank 0] [INFO] 모든 노드 중 max_steps = 2105
2025-11-18 15:08:48,916 DDP_Script [Rank 0] [INFO] local_steps=2105, global_steps=2105
2025-11-18 15:11:12,733 DDP_Script [Rank 0] [INFO] epoch 2 train step time: 143.82 seconds
2025-11-18 15:11:12,735 DDP_Script [Rank 0] [INFO] epoch 2 끝 (local_steps=2105, global_steps=2105)
2025-11-18 15:11:13,277 DDP_Script [Rank 0] [INFO] val acc 90.83%
2025-11-18 15:11:13,290 DDP_Script [Rank 0] [INFO] Saving checkpoint to ./checkpoints/job-eaa88324d95e/latest_checkpoint.pth ...
2025-11-18 15:11:15,374 DDP_Script [Rank 0] [INFO] Successfully reported epoch 2/20 (Acc: 90.83%) to global server.
2025-11-18 15:11:15,376 DDP_Script [Rank 0] [INFO] epoch 3 시작
2025-11-18 15:11:15,392 DDP_Script [Rank 0] [INFO] DataLoader created with batch_size=32, num_workers=4
2025-11-18 15:11:15,394 DDP_Script [Rank 0] [INFO] 모든 노드 중 max_steps = 2105
2025-11-18 15:11:15,394 DDP_Script [Rank 0] [INFO] local_steps=2105, global_steps=2105
2025-11-18 15:13:41,026 DDP_Script [Rank 0] [INFO] epoch 3 train step time: 145.63 seconds
2025-11-18 15:13:41,027 DDP_Script [Rank 0] [INFO] epoch 3 끝 (local_steps=2105, global_steps=2105)
2025-11-18 15:13:41,607 DDP_Script [Rank 0] [INFO] val acc 90.25%
2025-11-18 15:13:41,647 DDP_Script [Rank 0] [INFO] Saving checkpoint to ./checkpoints/job-eaa88324d95e/latest_checkpoint.pth ...
2025-11-18 15:13:43,581 DDP_Script [Rank 0] [INFO] Successfully reported epoch 3/20 (Acc: 90.25%) to global server.
2025-11-18 15:13:43,583 DDP_Script [Rank 0] [INFO] epoch 4 시작
2025-11-18 15:13:43,593 DDP_Script [Rank 0] [INFO] DataLoader created with batch_size=32, num_workers=4
2025-11-18 15:13:43,595 DDP_Script [Rank 0] [INFO] 모든 노드 중 max_steps = 2105
2025-11-18 15:13:43,595 DDP_Script [Rank 0] [INFO] local_steps=2105, global_steps=2105
2025-11-18 15:16:10,197 DDP_Script [Rank 0] [INFO] epoch 4 train step time: 146.60 seconds
2025-11-18 15:16:10,198 DDP_Script [Rank 0] [INFO] epoch 4 끝 (local_steps=2105, global_steps=2105)
2025-11-18 15:16:10,740 DDP_Script [Rank 0] [INFO] val acc 90.14%
2025-11-18 15:16:10,777 DDP_Script [Rank 0] [INFO] Saving checkpoint to ./checkpoints/job-eaa88324d95e/latest_checkpoint.pth ...
2025-11-18 15:16:12,968 DDP_Script [Rank 0] [INFO] Successfully reported epoch 4/20 (Acc: 90.14%) to global server.
2025-11-18 15:16:12,969 DDP_Script [Rank 0] [INFO] epoch 5 시작
2025-11-18 15:16:12,983 DDP_Script [Rank 0] [INFO] DataLoader created with batch_size=32, num_workers=4
2025-11-18 15:16:12,984 DDP_Script [Rank 0] [INFO] 모든 노드 중 max_steps = 2105
2025-11-18 15:16:12,984 DDP_Script [Rank 0] [INFO] local_steps=2105, global_steps=2105
2025-11-18 15:18:39,567 DDP_Script [Rank 0] [INFO] epoch 5 train step time: 146.58 seconds
2025-11-18 15:18:39,568 DDP_Script [Rank 0] [INFO] epoch 5 끝 (local_steps=2105, global_steps=2105)
2025-11-18 15:18:40,115 DDP_Script [Rank 0] [INFO] val acc 90.83%
2025-11-18 15:18:40,127 DDP_Script [Rank 0] [INFO] Saving checkpoint to ./checkpoints/job-eaa88324d95e/latest_checkpoint.pth ...
2025-11-18 15:18:42,235 DDP_Script [Rank 0] [INFO] Successfully reported epoch 5/20 (Acc: 90.83%) to global server.
2025-11-18 15:18:42,236 DDP_Script [Rank 0] [INFO] epoch 6 시작
2025-11-18 15:18:42,246 DDP_Script [Rank 0] [INFO] DataLoader created with batch_size=32, num_workers=4
2025-11-18 15:18:42,247 DDP_Script [Rank 0] [INFO] 모든 노드 중 max_steps = 2105
2025-11-18 15:18:42,247 DDP_Script [Rank 0] [INFO] local_steps=2105, global_steps=2105
2025-11-18 15:21:06,923 DDP_Script [Rank 0] [INFO] epoch 6 train step time: 144.68 seconds
2025-11-18 15:21:06,924 DDP_Script [Rank 0] [INFO] epoch 6 끝 (local_steps=2105, global_steps=2105)
2025-11-18 15:21:07,444 DDP_Script [Rank 0] [INFO] val acc 89.68%
2025-11-18 15:21:07,470 DDP_Script [Rank 0] [INFO] Saving checkpoint to ./checkpoints/job-eaa88324d95e/latest_checkpoint.pth ...
2025-11-18 15:21:09,547 DDP_Script [Rank 0] [INFO] Successfully reported epoch 6/20 (Acc: 89.68%) to global server.
2025-11-18 15:21:09,549 DDP_Script [Rank 0] [INFO] epoch 7 시작
2025-11-18 15:21:09,562 DDP_Script [Rank 0] [INFO] DataLoader created with batch_size=32, num_workers=4
2025-11-18 15:21:09,564 DDP_Script [Rank 0] [INFO] 모든 노드 중 max_steps = 2105
2025-11-18 15:21:09,564 DDP_Script [Rank 0] [INFO] local_steps=2105, global_steps=2105
2025-11-18 15:23:33,649 DDP_Script [Rank 0] [INFO] epoch 7 train step time: 144.09 seconds
2025-11-18 15:23:33,650 DDP_Script [Rank 0] [INFO] epoch 7 끝 (local_steps=2105, global_steps=2105)
2025-11-18 15:23:34,174 DDP_Script [Rank 0] [INFO] val acc 90.02%
2025-11-18 15:23:34,196 DDP_Script [Rank 0] [INFO] Saving checkpoint to ./checkpoints/job-eaa88324d95e/latest_checkpoint.pth ...
2025-11-18 15:23:36,309 DDP_Script [Rank 0] [INFO] Successfully reported epoch 7/20 (Acc: 90.02%) to global server.
2025-11-18 15:23:36,311 DDP_Script [Rank 0] [INFO] epoch 8 시작
2025-11-18 15:23:36,322 DDP_Script [Rank 0] [INFO] DataLoader created with batch_size=32, num_workers=4
2025-11-18 15:23:36,324 DDP_Script [Rank 0] [INFO] 모든 노드 중 max_steps = 2105
2025-11-18 15:23:36,324 DDP_Script [Rank 0] [INFO] local_steps=2105, global_steps=2105
2025-11-18 15:26:02,186 DDP_Script [Rank 0] [INFO] epoch 8 train step time: 145.86 seconds
2025-11-18 15:26:02,187 DDP_Script [Rank 0] [INFO] epoch 8 끝 (local_steps=2105, global_steps=2105)
2025-11-18 15:26:02,734 DDP_Script [Rank 0] [INFO] val acc 90.02%
2025-11-18 15:26:02,745 DDP_Script [Rank 0] [INFO] Saving checkpoint to ./checkpoints/job-eaa88324d95e/latest_checkpoint.pth ...
2025-11-18 15:26:05,312 DDP_Script [Rank 0] [INFO] Successfully reported epoch 8/20 (Acc: 90.02%) to global server.
2025-11-18 15:26:05,313 DDP_Script [Rank 0] [INFO] epoch 9 시작
2025-11-18 15:26:05,325 DDP_Script [Rank 0] [INFO] DataLoader created with batch_size=32, num_workers=4
2025-11-18 15:26:05,327 DDP_Script [Rank 0] [INFO] 모든 노드 중 max_steps = 2105
2025-11-18 15:26:05,327 DDP_Script [Rank 0] [INFO] local_steps=2105, global_steps=2105
2025-11-18 15:28:30,692 DDP_Script [Rank 0] [INFO] epoch 9 train step time: 145.36 seconds
2025-11-18 15:28:30,693 DDP_Script [Rank 0] [INFO] epoch 9 끝 (local_steps=2105, global_steps=2105)
2025-11-18 15:28:31,219 DDP_Script [Rank 0] [INFO] val acc 89.33%
2025-11-18 15:28:31,252 DDP_Script [Rank 0] [INFO] Saving checkpoint to ./checkpoints/job-eaa88324d95e/latest_checkpoint.pth ...
2025-11-18 15:28:33,330 DDP_Script [Rank 0] [INFO] Successfully reported epoch 9/20 (Acc: 89.33%) to global server.
2025-11-18 15:28:33,331 DDP_Script [Rank 0] [INFO] epoch 10 시작
2025-11-18 15:28:33,343 DDP_Script [Rank 0] [INFO] DataLoader created with batch_size=32, num_workers=4
2025-11-18 15:28:33,345 DDP_Script [Rank 0] [INFO] 모든 노드 중 max_steps = 2105
2025-11-18 15:28:33,345 DDP_Script [Rank 0] [INFO] local_steps=2105, global_steps=2105
2025-11-18 15:30:58,196 DDP_Script [Rank 0] [INFO] epoch 10 train step time: 144.85 seconds
2025-11-18 15:30:58,198 DDP_Script [Rank 0] [INFO] epoch 10 끝 (local_steps=2105, global_steps=2105)
2025-11-18 15:30:58,719 DDP_Script [Rank 0] [INFO] val acc 90.37%
2025-11-18 15:30:58,734 DDP_Script [Rank 0] [INFO] Saving checkpoint to ./checkpoints/job-eaa88324d95e/latest_checkpoint.pth ...
2025-11-18 15:31:01,281 DDP_Script [Rank 0] [INFO] Successfully reported epoch 10/20 (Acc: 90.37%) to global server.
2025-11-18 15:31:01,282 DDP_Script [Rank 0] [INFO] epoch 11 시작
2025-11-18 15:31:01,299 DDP_Script [Rank 0] [INFO] DataLoader created with batch_size=32, num_workers=4
2025-11-18 15:31:01,300 DDP_Script [Rank 0] [INFO] 모든 노드 중 max_steps = 2105
2025-11-18 15:31:01,300 DDP_Script [Rank 0] [INFO] local_steps=2105, global_steps=2105
2025-11-18 15:33:29,796 DDP_Script [Rank 0] [INFO] epoch 11 train step time: 148.50 seconds
2025-11-18 15:33:29,797 DDP_Script [Rank 0] [INFO] epoch 11 끝 (local_steps=2105, global_steps=2105)
2025-11-18 15:33:30,359 DDP_Script [Rank 0] [INFO] val acc 90.37%
2025-11-18 15:33:30,375 DDP_Script [Rank 0] [INFO] Saving checkpoint to ./checkpoints/job-eaa88324d95e/latest_checkpoint.pth ...
2025-11-18 15:33:33,822 DDP_Script [Rank 0] [INFO] Successfully reported epoch 11/20 (Acc: 90.37%) to global server.
2025-11-18 15:33:33,823 DDP_Script [Rank 0] [INFO] epoch 12 시작
2025-11-18 15:33:33,834 DDP_Script [Rank 0] [INFO] DataLoader created with batch_size=32, num_workers=4
2025-11-18 15:33:33,836 DDP_Script [Rank 0] [INFO] 모든 노드 중 max_steps = 2105
2025-11-18 15:33:33,836 DDP_Script [Rank 0] [INFO] local_steps=2105, global_steps=2105
2025-11-18 15:36:22,113 DDP_Script [Rank 0] [INFO] epoch 12 train step time: 168.28 seconds
2025-11-18 15:36:22,114 DDP_Script [Rank 0] [INFO] epoch 12 끝 (local_steps=2105, global_steps=2105)
2025-11-18 15:36:22,648 DDP_Script [Rank 0] [INFO] val acc 89.79%
2025-11-18 15:36:22,671 DDP_Script [Rank 0] [INFO] Saving checkpoint to ./checkpoints/job-eaa88324d95e/latest_checkpoint.pth ...
2025-11-18 15:36:25,050 DDP_Script [Rank 0] [INFO] Successfully reported epoch 12/20 (Acc: 89.79%) to global server.
2025-11-18 15:36:25,051 DDP_Script [Rank 0] [INFO] epoch 13 시작
2025-11-18 15:36:25,061 DDP_Script [Rank 0] [INFO] DataLoader created with batch_size=32, num_workers=4
2025-11-18 15:36:25,063 DDP_Script [Rank 0] [INFO] 모든 노드 중 max_steps = 2105
2025-11-18 15:36:25,063 DDP_Script [Rank 0] [INFO] local_steps=2105, global_steps=2105
2025-11-18 15:39:12,578 DDP_Script [Rank 0] [INFO] epoch 13 train step time: 167.51 seconds
2025-11-18 15:39:12,580 DDP_Script [Rank 0] [INFO] epoch 13 끝 (local_steps=2105, global_steps=2105)
2025-11-18 15:39:13,136 DDP_Script [Rank 0] [INFO] val acc 90.02%
2025-11-18 15:39:13,167 DDP_Script [Rank 0] [INFO] Saving checkpoint to ./checkpoints/job-eaa88324d95e/latest_checkpoint.pth ...
2025-11-18 15:39:15,310 DDP_Script [Rank 0] [INFO] Successfully reported epoch 13/20 (Acc: 90.02%) to global server.
2025-11-18 15:39:15,311 DDP_Script [Rank 0] [INFO] epoch 14 시작
2025-11-18 15:39:15,319 DDP_Script [Rank 0] [INFO] DataLoader created with batch_size=32, num_workers=4
2025-11-18 15:39:15,321 DDP_Script [Rank 0] [INFO] 모든 노드 중 max_steps = 2105
2025-11-18 15:39:15,321 DDP_Script [Rank 0] [INFO] local_steps=2105, global_steps=2105
2025-11-18 15:42:01,609 DDP_Script [Rank 0] [INFO] epoch 14 train step time: 166.29 seconds
2025-11-18 15:42:01,610 DDP_Script [Rank 0] [INFO] epoch 14 끝 (local_steps=2105, global_steps=2105)
2025-11-18 15:42:02,146 DDP_Script [Rank 0] [INFO] val acc 89.68%
2025-11-18 15:42:02,176 DDP_Script [Rank 0] [INFO] Saving checkpoint to ./checkpoints/job-eaa88324d95e/latest_checkpoint.pth ...
2025-11-18 15:42:04,176 DDP_Script [Rank 0] [INFO] Successfully reported epoch 14/20 (Acc: 89.68%) to global server.
2025-11-18 15:42:04,177 DDP_Script [Rank 0] [INFO] epoch 15 시작
2025-11-18 15:42:04,187 DDP_Script [Rank 0] [INFO] DataLoader created with batch_size=32, num_workers=4
2025-11-18 15:42:04,189 DDP_Script [Rank 0] [INFO] 모든 노드 중 max_steps = 2105
2025-11-18 15:42:04,189 DDP_Script [Rank 0] [INFO] local_steps=2105, global_steps=2105
2025-11-18 15:44:51,667 DDP_Script [Rank 0] [INFO] epoch 15 train step time: 167.48 seconds
2025-11-18 15:44:51,668 DDP_Script [Rank 0] [INFO] epoch 15 끝 (local_steps=2105, global_steps=2105)
2025-11-18 15:44:52,194 DDP_Script [Rank 0] [INFO] val acc 89.22%
2025-11-18 15:44:52,223 DDP_Script [Rank 0] [INFO] Saving checkpoint to ./checkpoints/job-eaa88324d95e/latest_checkpoint.pth ...
2025-11-18 15:44:54,389 DDP_Script [Rank 0] [INFO] Successfully reported epoch 15/20 (Acc: 89.22%) to global server.
2025-11-18 15:44:54,391 DDP_Script [Rank 0] [INFO] epoch 16 시작
2025-11-18 15:44:54,400 DDP_Script [Rank 0] [INFO] DataLoader created with batch_size=32, num_workers=4
2025-11-18 15:44:54,401 DDP_Script [Rank 0] [INFO] 모든 노드 중 max_steps = 2105
2025-11-18 15:44:54,401 DDP_Script [Rank 0] [INFO] local_steps=2105, global_steps=2105
2025-11-18 15:47:41,919 DDP_Script [Rank 0] [INFO] epoch 16 train step time: 167.52 seconds
2025-11-18 15:47:41,921 DDP_Script [Rank 0] [INFO] epoch 16 끝 (local_steps=2105, global_steps=2105)
2025-11-18 15:47:42,450 DDP_Script [Rank 0] [INFO] val acc 89.33%
2025-11-18 15:47:42,484 DDP_Script [Rank 0] [INFO] Saving checkpoint to ./checkpoints/job-eaa88324d95e/latest_checkpoint.pth ...
2025-11-18 15:47:44,732 DDP_Script [Rank 0] [INFO] Successfully reported epoch 16/20 (Acc: 89.33%) to global server.
2025-11-18 15:47:44,733 DDP_Script [Rank 0] [INFO] epoch 17 시작
2025-11-18 15:47:44,744 DDP_Script [Rank 0] [INFO] DataLoader created with batch_size=32, num_workers=4
2025-11-18 15:47:44,746 DDP_Script [Rank 0] [INFO] 모든 노드 중 max_steps = 2105
2025-11-18 15:47:44,746 DDP_Script [Rank 0] [INFO] local_steps=2105, global_steps=2105
2025-11-18 15:50:32,079 DDP_Script [Rank 0] [INFO] epoch 17 train step time: 167.33 seconds
2025-11-18 15:50:32,081 DDP_Script [Rank 0] [INFO] epoch 17 끝 (local_steps=2105, global_steps=2105)
2025-11-18 15:50:32,616 DDP_Script [Rank 0] [INFO] val acc 89.91%
2025-11-18 15:50:32,635 DDP_Script [Rank 0] [INFO] Saving checkpoint to ./checkpoints/job-eaa88324d95e/latest_checkpoint.pth ...
2025-11-18 15:50:34,830 DDP_Script [Rank 0] [INFO] Successfully reported epoch 17/20 (Acc: 89.91%) to global server.
2025-11-18 15:50:34,832 DDP_Script [Rank 0] [INFO] epoch 18 시작
2025-11-18 15:50:34,851 DDP_Script [Rank 0] [INFO] DataLoader created with batch_size=32, num_workers=4
2025-11-18 15:50:34,853 DDP_Script [Rank 0] [INFO] 모든 노드 중 max_steps = 2105
2025-11-18 15:50:34,853 DDP_Script [Rank 0] [INFO] local_steps=2105, global_steps=2105
2025-11-18 15:53:15,461 DDP_Script [Rank 0] [INFO] epoch 18 train step time: 160.61 seconds
2025-11-18 15:53:15,462 DDP_Script [Rank 0] [INFO] epoch 18 끝 (local_steps=2105, global_steps=2105)
2025-11-18 15:53:16,002 DDP_Script [Rank 0] [INFO] val acc 89.56%
2025-11-18 15:53:16,013 DDP_Script [Rank 0] [INFO] Saving checkpoint to ./checkpoints/job-eaa88324d95e/latest_checkpoint.pth ...
2025-11-18 15:53:18,161 DDP_Script [Rank 0] [INFO] Successfully reported epoch 18/20 (Acc: 89.56%) to global server.
2025-11-18 15:53:18,162 DDP_Script [Rank 0] [INFO] epoch 19 시작
2025-11-18 15:53:18,172 DDP_Script [Rank 0] [INFO] DataLoader created with batch_size=32, num_workers=4
2025-11-18 15:53:18,173 DDP_Script [Rank 0] [INFO] 모든 노드 중 max_steps = 2105
2025-11-18 15:53:18,173 DDP_Script [Rank 0] [INFO] local_steps=2105, global_steps=2105
2025-11-18 15:56:05,410 DDP_Script [Rank 0] [INFO] epoch 19 train step time: 167.24 seconds
2025-11-18 15:56:05,412 DDP_Script [Rank 0] [INFO] epoch 19 끝 (local_steps=2105, global_steps=2105)
2025-11-18 15:56:05,928 DDP_Script [Rank 0] [INFO] val acc 89.68%
2025-11-18 15:56:05,939 DDP_Script [Rank 0] [INFO] Saving checkpoint to ./checkpoints/job-eaa88324d95e/latest_checkpoint.pth ...
2025-11-18 15:56:07,975 DDP_Script [Rank 0] [INFO] Successfully reported epoch 19/20 (Acc: 89.68%) to global server.
2025-11-18 15:56:07,976 DDP_Script [Rank 0] [INFO] epoch 20 시작
2025-11-18 15:56:07,987 DDP_Script [Rank 0] [INFO] DataLoader created with batch_size=32, num_workers=4
2025-11-18 15:56:07,989 DDP_Script [Rank 0] [INFO] 모든 노드 중 max_steps = 2105
2025-11-18 15:56:07,989 DDP_Script [Rank 0] [INFO] local_steps=2105, global_steps=2105
2025-11-18 15:58:54,016 DDP_Script [Rank 0] [INFO] epoch 20 train step time: 166.03 seconds
2025-11-18 15:58:54,017 DDP_Script [Rank 0] [INFO] epoch 20 끝 (local_steps=2105, global_steps=2105)
2025-11-18 15:58:54,649 DDP_Script [Rank 0] [INFO] val acc 89.68%
2025-11-18 15:58:54,673 DDP_Script [Rank 0] [INFO] Saving checkpoint to ./checkpoints/job-eaa88324d95e/latest_checkpoint.pth ...
2025-11-18 15:58:56,852 DDP_Script [Rank 0] [INFO] Successfully reported epoch 20/20 (Acc: 89.68%) to global server.
2025-11-18 15:58:56,853 DDP_Script [Rank 0] [INFO] Training completed successfully.
2025-11-18 15:58:56,869 DDP_Script [Rank 0] [INFO] Reported job completion to global server.
2025-11-18 15:58:56,870 DDP_Script [Rank 0] [INFO] Training loop finished.
