Current CUDA device index: 0
Current CUDA device name: NVIDIA GeForce RTX 5070 Ti
Master address: 163.180.117.216, port: 29515
2025-11-19 16:54:16,997 DDP_Script [Rank 0] [INFO] Node rank: 0, world size: 1
[Gloo] Rank 0 is connected to 0 peer ranks. Expected number of connected peer ranks is : 0
2025-11-19 16:54:17,053 DDP_Script [Rank 0] [INFO] Process group initialized: 163.180.117.216:29515
2025-11-19 16:54:17,053 DDP_Script [Rank 0] [INFO] Rank 0/1 initialized
2025-11-19 16:54:17,053 DDP_Script [Rank 0] [INFO] Rank 0 downloading tokenizer: distilbert-base-uncased
2025-11-19 16:54:17,811 DDP_Script [Rank 0] [INFO] Rank 0 downloading dataset: glue/sst2
2025-11-19 16:54:22,625 DDP_Script [Rank 0] [INFO] Tokenizing datasets...
2025-11-19 16:54:22,672 DDP_Script [Rank 0] [INFO] SST-2 Dataset and Tokenizer loaded.
2025-11-19 16:54:22,673 DDP_Script [Rank 0] [INFO] Rank 0 downloading model: distilbert-base-uncased
Some weights of DistilBertForSequenceClassification were not initialized from the model checkpoint at distilbert-base-uncased and are newly initialized: ['classifier.bias', 'classifier.weight', 'pre_classifier.bias', 'pre_classifier.weight']
You should probably TRAIN this model on a down-stream task to be able to use it for predictions and inference.
2025-11-19 16:54:23,586 DDP_Script [Rank 0] [INFO] Model (DistilBert), DDP, optimizer (AdamW) initialized
2025-11-19 16:54:23,592 DDP_Script [Rank 0] [INFO] Modules initialized
2025-11-19 16:54:23,593 DDP_Script [Rank 0] [INFO] Checkpoint directory created: ./checkpoints/job-32a6cac12b26
2025-11-19 16:54:23,593 DDP_Script [Rank 0] [INFO] Starting training from scratch (epoch 1).
2025-11-19 16:54:23,594 DDP_Script [Rank 0] [INFO] epoch 1 시작
2025-11-19 16:54:23,643 DDP_Script [Rank 0] [INFO] DataLoader created with batch_size=16, num_workers=4
2025-11-19 16:54:23,647 DDP_Script [Rank 0] [INFO] 모든 노드 중 max_steps = 4210
2025-11-19 16:54:23,647 DDP_Script [Rank 0] [INFO] local_steps=4210, global_steps=4210
2025-11-19 17:00:53,555 DDP_Script [Rank 0] [INFO] epoch 1 train step time: 389.91 seconds
2025-11-19 17:00:53,557 DDP_Script [Rank 0] [INFO] epoch 1 끝 (local_steps=4210, global_steps=4210)
2025-11-19 17:00:54,129 DDP_Script [Rank 0] [INFO] val acc 92.09%
2025-11-19 17:00:54,151 DDP_Script [Rank 0] [INFO] Saving checkpoint to ./checkpoints/job-32a6cac12b26/latest_checkpoint.pth ...
2025-11-19 17:00:55,583 DDP_Script [Rank 0] [INFO] Successfully reported epoch 1/20 (Acc: 92.09%) to global server.
2025-11-19 17:00:55,585 DDP_Script [Rank 0] [INFO] epoch 2 시작
2025-11-19 17:00:55,597 DDP_Script [Rank 0] [INFO] DataLoader created with batch_size=16, num_workers=4
2025-11-19 17:00:55,599 DDP_Script [Rank 0] [INFO] 모든 노드 중 max_steps = 4210
2025-11-19 17:00:55,599 DDP_Script [Rank 0] [INFO] local_steps=4210, global_steps=4210
2025-11-19 17:07:22,455 DDP_Script [Rank 0] [INFO] epoch 2 train step time: 386.85 seconds
2025-11-19 17:07:22,456 DDP_Script [Rank 0] [INFO] epoch 2 끝 (local_steps=4210, global_steps=4210)
2025-11-19 17:07:23,036 DDP_Script [Rank 0] [INFO] val acc 91.17%
2025-11-19 17:07:23,045 DDP_Script [Rank 0] [INFO] Saving checkpoint to ./checkpoints/job-32a6cac12b26/latest_checkpoint.pth ...
2025-11-19 17:07:26,261 DDP_Script [Rank 0] [INFO] Successfully reported epoch 2/20 (Acc: 91.17%) to global server.
2025-11-19 17:07:26,265 DDP_Script [Rank 0] [INFO] epoch 3 시작
2025-11-19 17:07:26,289 DDP_Script [Rank 0] [INFO] DataLoader created with batch_size=16, num_workers=4
2025-11-19 17:07:26,294 DDP_Script [Rank 0] [INFO] 모든 노드 중 max_steps = 4210
2025-11-19 17:07:26,294 DDP_Script [Rank 0] [INFO] local_steps=4210, global_steps=4210
2025-11-19 17:13:46,387 DDP_Script [Rank 0] [INFO] epoch 3 train step time: 380.09 seconds
2025-11-19 17:13:46,389 DDP_Script [Rank 0] [INFO] epoch 3 끝 (local_steps=4210, global_steps=4210)
2025-11-19 17:13:46,980 DDP_Script [Rank 0] [INFO] val acc 91.28%
2025-11-19 17:13:46,988 DDP_Script [Rank 0] [INFO] Saving checkpoint to ./checkpoints/job-32a6cac12b26/latest_checkpoint.pth ...
2025-11-19 17:13:50,018 DDP_Script [Rank 0] [INFO] Successfully reported epoch 3/20 (Acc: 91.28%) to global server.
2025-11-19 17:13:50,021 DDP_Script [Rank 0] [INFO] epoch 4 시작
2025-11-19 17:13:50,037 DDP_Script [Rank 0] [INFO] DataLoader created with batch_size=16, num_workers=4
2025-11-19 17:13:50,040 DDP_Script [Rank 0] [INFO] 모든 노드 중 max_steps = 4210
2025-11-19 17:13:50,040 DDP_Script [Rank 0] [INFO] local_steps=4210, global_steps=4210
2025-11-19 17:20:20,445 DDP_Script [Rank 0] [INFO] epoch 4 train step time: 390.40 seconds
2025-11-19 17:20:20,446 DDP_Script [Rank 0] [INFO] epoch 4 끝 (local_steps=4210, global_steps=4210)
2025-11-19 17:20:21,026 DDP_Script [Rank 0] [INFO] val acc 90.48%
2025-11-19 17:20:21,035 DDP_Script [Rank 0] [INFO] Saving checkpoint to ./checkpoints/job-32a6cac12b26/latest_checkpoint.pth ...
2025-11-19 17:20:23,976 DDP_Script [Rank 0] [INFO] Successfully reported epoch 4/20 (Acc: 90.48%) to global server.
2025-11-19 17:20:23,978 DDP_Script [Rank 0] [INFO] epoch 5 시작
2025-11-19 17:20:23,991 DDP_Script [Rank 0] [INFO] DataLoader created with batch_size=16, num_workers=4
2025-11-19 17:20:23,993 DDP_Script [Rank 0] [INFO] 모든 노드 중 max_steps = 4210
2025-11-19 17:20:23,994 DDP_Script [Rank 0] [INFO] local_steps=4210, global_steps=4210
2025-11-19 17:26:49,139 DDP_Script [Rank 0] [INFO] epoch 5 train step time: 385.14 seconds
2025-11-19 17:26:49,141 DDP_Script [Rank 0] [INFO] epoch 5 끝 (local_steps=4210, global_steps=4210)
2025-11-19 17:26:49,712 DDP_Script [Rank 0] [INFO] val acc 88.99%
2025-11-19 17:26:49,722 DDP_Script [Rank 0] [INFO] Saving checkpoint to ./checkpoints/job-32a6cac12b26/latest_checkpoint.pth ...
2025-11-19 17:26:52,729 DDP_Script [Rank 0] [INFO] Successfully reported epoch 5/20 (Acc: 88.99%) to global server.
2025-11-19 17:26:52,731 DDP_Script [Rank 0] [INFO] epoch 6 시작
2025-11-19 17:26:52,747 DDP_Script [Rank 0] [INFO] DataLoader created with batch_size=16, num_workers=4
2025-11-19 17:26:52,750 DDP_Script [Rank 0] [INFO] 모든 노드 중 max_steps = 4210
2025-11-19 17:26:52,751 DDP_Script [Rank 0] [INFO] local_steps=4210, global_steps=4210
2025-11-19 17:33:23,521 DDP_Script [Rank 0] [INFO] epoch 6 train step time: 390.77 seconds
2025-11-19 17:33:23,523 DDP_Script [Rank 0] [INFO] epoch 6 끝 (local_steps=4210, global_steps=4210)
2025-11-19 17:33:24,163 DDP_Script [Rank 0] [INFO] val acc 90.60%
2025-11-19 17:33:24,178 DDP_Script [Rank 0] [INFO] Saving checkpoint to ./checkpoints/job-32a6cac12b26/latest_checkpoint.pth ...
2025-11-19 17:33:27,371 DDP_Script [Rank 0] [INFO] Successfully reported epoch 6/20 (Acc: 90.60%) to global server.
2025-11-19 17:33:27,374 DDP_Script [Rank 0] [INFO] epoch 7 시작
2025-11-19 17:33:27,395 DDP_Script [Rank 0] [INFO] DataLoader created with batch_size=16, num_workers=4
2025-11-19 17:33:27,399 DDP_Script [Rank 0] [INFO] 모든 노드 중 max_steps = 4210
2025-11-19 17:33:27,399 DDP_Script [Rank 0] [INFO] local_steps=4210, global_steps=4210
2025-11-19 17:39:53,512 DDP_Script [Rank 0] [INFO] epoch 7 train step time: 386.11 seconds
2025-11-19 17:39:53,514 DDP_Script [Rank 0] [INFO] epoch 7 끝 (local_steps=4210, global_steps=4210)
2025-11-19 17:39:54,085 DDP_Script [Rank 0] [INFO] val acc 90.37%
2025-11-19 17:39:54,094 DDP_Script [Rank 0] [INFO] Saving checkpoint to ./checkpoints/job-32a6cac12b26/latest_checkpoint.pth ...
2025-11-19 17:39:57,134 DDP_Script [Rank 0] [INFO] Successfully reported epoch 7/20 (Acc: 90.37%) to global server.
2025-11-19 17:39:57,136 DDP_Script [Rank 0] [INFO] epoch 8 시작
2025-11-19 17:39:57,150 DDP_Script [Rank 0] [INFO] DataLoader created with batch_size=16, num_workers=4
2025-11-19 17:39:57,152 DDP_Script [Rank 0] [INFO] 모든 노드 중 max_steps = 4210
2025-11-19 17:39:57,152 DDP_Script [Rank 0] [INFO] local_steps=4210, global_steps=4210
2025-11-19 17:46:29,556 DDP_Script [Rank 0] [INFO] epoch 8 train step time: 392.40 seconds
2025-11-19 17:46:29,558 DDP_Script [Rank 0] [INFO] epoch 8 끝 (local_steps=4210, global_steps=4210)
2025-11-19 17:46:30,194 DDP_Script [Rank 0] [INFO] val acc 89.91%
2025-11-19 17:46:30,204 DDP_Script [Rank 0] [INFO] Saving checkpoint to ./checkpoints/job-32a6cac12b26/latest_checkpoint.pth ...
2025-11-19 17:46:33,350 DDP_Script [Rank 0] [INFO] Successfully reported epoch 8/20 (Acc: 89.91%) to global server.
2025-11-19 17:46:33,352 DDP_Script [Rank 0] [INFO] epoch 9 시작
2025-11-19 17:46:33,367 DDP_Script [Rank 0] [INFO] DataLoader created with batch_size=16, num_workers=4
2025-11-19 17:46:33,370 DDP_Script [Rank 0] [INFO] 모든 노드 중 max_steps = 4210
2025-11-19 17:46:33,370 DDP_Script [Rank 0] [INFO] local_steps=4210, global_steps=4210
2025-11-19 17:53:09,038 DDP_Script [Rank 0] [INFO] epoch 9 train step time: 395.67 seconds
2025-11-19 17:53:09,040 DDP_Script [Rank 0] [INFO] epoch 9 끝 (local_steps=4210, global_steps=4210)
2025-11-19 17:53:09,644 DDP_Script [Rank 0] [INFO] val acc 89.56%
2025-11-19 17:53:09,655 DDP_Script [Rank 0] [INFO] Saving checkpoint to ./checkpoints/job-32a6cac12b26/latest_checkpoint.pth ...
2025-11-19 17:53:12,756 DDP_Script [Rank 0] [INFO] Successfully reported epoch 9/20 (Acc: 89.56%) to global server.
2025-11-19 17:53:12,827 DDP_Script [Rank 0] [INFO] epoch 10 시작
2025-11-19 17:53:12,852 DDP_Script [Rank 0] [INFO] DataLoader created with batch_size=16, num_workers=4
2025-11-19 17:53:12,857 DDP_Script [Rank 0] [INFO] 모든 노드 중 max_steps = 4210
2025-11-19 17:53:12,858 DDP_Script [Rank 0] [INFO] local_steps=4210, global_steps=4210
2025-11-19 17:59:35,993 DDP_Script [Rank 0] [INFO] epoch 10 train step time: 383.13 seconds
2025-11-19 17:59:35,995 DDP_Script [Rank 0] [INFO] epoch 10 끝 (local_steps=4210, global_steps=4210)
2025-11-19 17:59:36,555 DDP_Script [Rank 0] [INFO] val acc 88.76%
2025-11-19 17:59:36,565 DDP_Script [Rank 0] [INFO] Saving checkpoint to ./checkpoints/job-32a6cac12b26/latest_checkpoint.pth ...
2025-11-19 17:59:39,508 DDP_Script [Rank 0] [INFO] Successfully reported epoch 10/20 (Acc: 88.76%) to global server.
2025-11-19 17:59:39,510 DDP_Script [Rank 0] [INFO] epoch 11 시작
2025-11-19 17:59:39,527 DDP_Script [Rank 0] [INFO] DataLoader created with batch_size=16, num_workers=4
2025-11-19 17:59:39,530 DDP_Script [Rank 0] [INFO] 모든 노드 중 max_steps = 4210
2025-11-19 17:59:39,530 DDP_Script [Rank 0] [INFO] local_steps=4210, global_steps=4210
2025-11-19 18:06:03,414 DDP_Script [Rank 0] [INFO] epoch 11 train step time: 383.88 seconds
2025-11-19 18:06:03,416 DDP_Script [Rank 0] [INFO] epoch 11 끝 (local_steps=4210, global_steps=4210)
2025-11-19 18:06:04,105 DDP_Script [Rank 0] [INFO] val acc 87.96%
2025-11-19 18:06:04,114 DDP_Script [Rank 0] [INFO] Saving checkpoint to ./checkpoints/job-32a6cac12b26/latest_checkpoint.pth ...
2025-11-19 18:06:07,180 DDP_Script [Rank 0] [INFO] Successfully reported epoch 11/20 (Acc: 87.96%) to global server.
2025-11-19 18:06:07,182 DDP_Script [Rank 0] [INFO] epoch 12 시작
2025-11-19 18:06:07,201 DDP_Script [Rank 0] [INFO] DataLoader created with batch_size=16, num_workers=4
2025-11-19 18:06:07,204 DDP_Script [Rank 0] [INFO] 모든 노드 중 max_steps = 4210
2025-11-19 18:06:07,204 DDP_Script [Rank 0] [INFO] local_steps=4210, global_steps=4210
2025-11-19 18:12:29,978 DDP_Script [Rank 0] [INFO] epoch 12 train step time: 382.77 seconds
2025-11-19 18:12:29,980 DDP_Script [Rank 0] [INFO] epoch 12 끝 (local_steps=4210, global_steps=4210)
2025-11-19 18:12:30,532 DDP_Script [Rank 0] [INFO] val acc 89.79%
2025-11-19 18:12:30,542 DDP_Script [Rank 0] [INFO] Saving checkpoint to ./checkpoints/job-32a6cac12b26/latest_checkpoint.pth ...
2025-11-19 18:12:33,651 DDP_Script [Rank 0] [INFO] Successfully reported epoch 12/20 (Acc: 89.79%) to global server.
2025-11-19 18:12:33,653 DDP_Script [Rank 0] [INFO] epoch 13 시작
2025-11-19 18:12:33,665 DDP_Script [Rank 0] [INFO] DataLoader created with batch_size=16, num_workers=4
2025-11-19 18:12:33,668 DDP_Script [Rank 0] [INFO] 모든 노드 중 max_steps = 4210
2025-11-19 18:12:33,668 DDP_Script [Rank 0] [INFO] local_steps=4210, global_steps=4210
2025-11-19 18:19:01,768 DDP_Script [Rank 0] [INFO] epoch 13 train step time: 388.10 seconds
2025-11-19 18:19:01,769 DDP_Script [Rank 0] [INFO] epoch 13 끝 (local_steps=4210, global_steps=4210)
2025-11-19 18:19:02,349 DDP_Script [Rank 0] [INFO] val acc 89.68%
2025-11-19 18:19:02,358 DDP_Script [Rank 0] [INFO] Saving checkpoint to ./checkpoints/job-32a6cac12b26/latest_checkpoint.pth ...
2025-11-19 18:19:05,492 DDP_Script [Rank 0] [INFO] Successfully reported epoch 13/20 (Acc: 89.68%) to global server.
2025-11-19 18:19:05,496 DDP_Script [Rank 0] [INFO] epoch 14 시작
2025-11-19 18:19:05,522 DDP_Script [Rank 0] [INFO] DataLoader created with batch_size=16, num_workers=4
2025-11-19 18:19:05,527 DDP_Script [Rank 0] [INFO] 모든 노드 중 max_steps = 4210
2025-11-19 18:19:05,527 DDP_Script [Rank 0] [INFO] local_steps=4210, global_steps=4210
2025-11-19 18:25:32,763 DDP_Script [Rank 0] [INFO] epoch 14 train step time: 387.24 seconds
2025-11-19 18:25:32,765 DDP_Script [Rank 0] [INFO] epoch 14 끝 (local_steps=4210, global_steps=4210)
2025-11-19 18:25:33,336 DDP_Script [Rank 0] [INFO] val acc 88.53%
2025-11-19 18:25:33,345 DDP_Script [Rank 0] [INFO] Saving checkpoint to ./checkpoints/job-32a6cac12b26/latest_checkpoint.pth ...
2025-11-19 18:25:36,389 DDP_Script [Rank 0] [INFO] Successfully reported epoch 14/20 (Acc: 88.53%) to global server.
2025-11-19 18:25:36,392 DDP_Script [Rank 0] [INFO] epoch 15 시작
2025-11-19 18:25:36,406 DDP_Script [Rank 0] [INFO] DataLoader created with batch_size=16, num_workers=4
2025-11-19 18:25:36,409 DDP_Script [Rank 0] [INFO] 모든 노드 중 max_steps = 4210
2025-11-19 18:25:36,409 DDP_Script [Rank 0] [INFO] local_steps=4210, global_steps=4210
2025-11-19 18:32:01,849 DDP_Script [Rank 0] [INFO] epoch 15 train step time: 385.44 seconds
2025-11-19 18:32:01,854 DDP_Script [Rank 0] [INFO] epoch 15 끝 (local_steps=4210, global_steps=4210)
2025-11-19 18:32:02,415 DDP_Script [Rank 0] [INFO] val acc 88.76%
2025-11-19 18:32:02,423 DDP_Script [Rank 0] [INFO] Saving checkpoint to ./checkpoints/job-32a6cac12b26/latest_checkpoint.pth ...
2025-11-19 18:32:05,550 DDP_Script [Rank 0] [INFO] Successfully reported epoch 15/20 (Acc: 88.76%) to global server.
2025-11-19 18:32:05,552 DDP_Script [Rank 0] [INFO] epoch 16 시작
2025-11-19 18:32:05,566 DDP_Script [Rank 0] [INFO] DataLoader created with batch_size=16, num_workers=4
2025-11-19 18:32:05,571 DDP_Script [Rank 0] [INFO] 모든 노드 중 max_steps = 4210
2025-11-19 18:32:05,571 DDP_Script [Rank 0] [INFO] local_steps=4210, global_steps=4210
2025-11-19 18:38:29,199 DDP_Script [Rank 0] [INFO] epoch 16 train step time: 383.63 seconds
2025-11-19 18:38:29,201 DDP_Script [Rank 0] [INFO] epoch 16 끝 (local_steps=4210, global_steps=4210)
2025-11-19 18:38:29,866 DDP_Script [Rank 0] [INFO] val acc 88.76%
2025-11-19 18:38:29,880 DDP_Script [Rank 0] [INFO] Saving checkpoint to ./checkpoints/job-32a6cac12b26/latest_checkpoint.pth ...
2025-11-19 18:38:32,941 DDP_Script [Rank 0] [INFO] Successfully reported epoch 16/20 (Acc: 88.76%) to global server.
2025-11-19 18:38:32,943 DDP_Script [Rank 0] [INFO] epoch 17 시작
2025-11-19 18:38:32,957 DDP_Script [Rank 0] [INFO] DataLoader created with batch_size=16, num_workers=4
2025-11-19 18:38:32,960 DDP_Script [Rank 0] [INFO] 모든 노드 중 max_steps = 4210
2025-11-19 18:38:32,961 DDP_Script [Rank 0] [INFO] local_steps=4210, global_steps=4210
2025-11-19 18:44:59,652 DDP_Script [Rank 0] [INFO] epoch 17 train step time: 386.69 seconds
2025-11-19 18:44:59,653 DDP_Script [Rank 0] [INFO] epoch 17 끝 (local_steps=4210, global_steps=4210)
2025-11-19 18:45:00,224 DDP_Script [Rank 0] [INFO] val acc 89.22%
2025-11-19 18:45:00,236 DDP_Script [Rank 0] [INFO] Saving checkpoint to ./checkpoints/job-32a6cac12b26/latest_checkpoint.pth ...
2025-11-19 18:45:03,420 DDP_Script [Rank 0] [INFO] Successfully reported epoch 17/20 (Acc: 89.22%) to global server.
2025-11-19 18:45:03,424 DDP_Script [Rank 0] [INFO] epoch 18 시작
2025-11-19 18:45:03,447 DDP_Script [Rank 0] [INFO] DataLoader created with batch_size=16, num_workers=4
2025-11-19 18:45:03,451 DDP_Script [Rank 0] [INFO] 모든 노드 중 max_steps = 4210
2025-11-19 18:45:03,451 DDP_Script [Rank 0] [INFO] local_steps=4210, global_steps=4210
2025-11-19 18:51:19,231 DDP_Script [Rank 0] [INFO] epoch 18 train step time: 375.78 seconds
2025-11-19 18:51:19,232 DDP_Script [Rank 0] [INFO] epoch 18 끝 (local_steps=4210, global_steps=4210)
2025-11-19 18:51:19,787 DDP_Script [Rank 0] [INFO] val acc 89.68%
2025-11-19 18:51:19,796 DDP_Script [Rank 0] [INFO] Saving checkpoint to ./checkpoints/job-32a6cac12b26/latest_checkpoint.pth ...
2025-11-19 18:51:22,739 DDP_Script [Rank 0] [INFO] Successfully reported epoch 18/20 (Acc: 89.68%) to global server.
2025-11-19 18:51:22,740 DDP_Script [Rank 0] [INFO] epoch 19 시작
2025-11-19 18:51:22,754 DDP_Script [Rank 0] [INFO] DataLoader created with batch_size=16, num_workers=4
2025-11-19 18:51:22,756 DDP_Script [Rank 0] [INFO] 모든 노드 중 max_steps = 4210
2025-11-19 18:51:22,756 DDP_Script [Rank 0] [INFO] local_steps=4210, global_steps=4210
2025-11-19 18:57:51,693 DDP_Script [Rank 0] [INFO] epoch 19 train step time: 388.94 seconds
2025-11-19 18:57:51,695 DDP_Script [Rank 0] [INFO] epoch 19 끝 (local_steps=4210, global_steps=4210)
2025-11-19 18:57:52,388 DDP_Script [Rank 0] [INFO] val acc 89.11%
2025-11-19 18:57:52,397 DDP_Script [Rank 0] [INFO] Saving checkpoint to ./checkpoints/job-32a6cac12b26/latest_checkpoint.pth ...
2025-11-19 18:57:55,408 DDP_Script [Rank 0] [INFO] Successfully reported epoch 19/20 (Acc: 89.11%) to global server.
2025-11-19 18:57:55,410 DDP_Script [Rank 0] [INFO] epoch 20 시작
2025-11-19 18:57:55,422 DDP_Script [Rank 0] [INFO] DataLoader created with batch_size=16, num_workers=4
2025-11-19 18:57:55,424 DDP_Script [Rank 0] [INFO] 모든 노드 중 max_steps = 4210
2025-11-19 18:57:55,425 DDP_Script [Rank 0] [INFO] local_steps=4210, global_steps=4210
2025-11-19 19:04:16,524 DDP_Script [Rank 0] [INFO] epoch 20 train step time: 381.10 seconds
2025-11-19 19:04:16,526 DDP_Script [Rank 0] [INFO] epoch 20 끝 (local_steps=4210, global_steps=4210)
2025-11-19 19:04:17,066 DDP_Script [Rank 0] [INFO] val acc 87.16%
2025-11-19 19:04:17,078 DDP_Script [Rank 0] [INFO] Saving checkpoint to ./checkpoints/job-32a6cac12b26/latest_checkpoint.pth ...
2025-11-19 19:04:20,076 DDP_Script [Rank 0] [INFO] Successfully reported epoch 20/20 (Acc: 87.16%) to global server.
2025-11-19 19:04:20,080 DDP_Script [Rank 0] [INFO] Training completed successfully.
2025-11-19 19:04:20,096 DDP_Script [Rank 0] [INFO] Reported job completion to global server.
2025-11-19 19:04:20,096 DDP_Script [Rank 0] [INFO] Training loop finished.
