Current CUDA device index: 0
Current CUDA device name: NVIDIA GeForce RTX 5070 Ti
Master address: 163.180.117.216, port: 29583
2025-11-19 23:59:21,323 DDP_Script [Rank 1] [INFO] Node rank: 1, world size: 2
[Gloo] Rank 1 is connected to 1 peer ranks. Expected number of connected peer ranks is : 1
2025-11-19 23:59:21,358 DDP_Script [Rank 1] [INFO] Process group initialized: 163.180.117.216:29583
2025-11-19 23:59:21,358 DDP_Script [Rank 1] [INFO] Rank 1/2 initialized
/home/ubuntu216/anaconda3/envs/Dist3/lib/python3.9/site-packages/torchvision/models/_utils.py:208: UserWarning: The parameter 'pretrained' is deprecated since 0.13 and may be removed in the future, please use 'weights' instead.
  warnings.warn(
/home/ubuntu216/anaconda3/envs/Dist3/lib/python3.9/site-packages/torchvision/models/_utils.py:223: UserWarning: Arguments other than a weight enum or `None` for 'weights' are deprecated since 0.13 and may be removed in the future. The current behavior is equivalent to passing `weights=None`.
  warnings.warn(msg)
2025-11-19 23:59:22,103 DDP_Script [Rank 1] [INFO] Model, DDP, criterion, optimizer initialized
2025-11-19 23:59:22,107 DDP_Script [Rank 1] [INFO] Modules initialized
2025-11-19 23:59:22,107 DDP_Script [Rank 1] [INFO] Starting training from scratch (epoch 1).
2025-11-19 23:59:22,108 DDP_Script [Rank 1] [INFO] epoch 1 시작
2025-11-19 23:59:22,147 DDP_Script [Rank 1] [INFO] DataLoader created with batch_size=64, num_workers=4
2025-11-19 23:59:22,152 DDP_Script [Rank 1] [INFO] local_steps=469, global_steps=469
2025-11-20 00:01:10,660 DDP_Script [Rank 1] [INFO] epoch 1 train step time: 108.51 seconds
2025-11-20 00:01:10,663 DDP_Script [Rank 1] [INFO] epoch 1 끝 (local_steps=469, global_steps=469)
2025-11-20 00:01:15,991 DDP_Script [Rank 1] [INFO] val acc 98.88%
2025-11-20 00:01:16,517 DDP_Script [Rank 1] [INFO] epoch 2 시작
2025-11-20 00:01:16,534 DDP_Script [Rank 1] [INFO] DataLoader created with batch_size=64, num_workers=4
2025-11-20 00:01:16,545 DDP_Script [Rank 1] [INFO] local_steps=469, global_steps=469
2025-11-20 00:03:13,871 DDP_Script [Rank 1] [INFO] epoch 2 train step time: 117.32 seconds
2025-11-20 00:03:13,874 DDP_Script [Rank 1] [INFO] epoch 2 끝 (local_steps=469, global_steps=469)
2025-11-20 00:03:19,083 DDP_Script [Rank 1] [INFO] val acc 98.78%
2025-11-20 00:03:20,138 DDP_Script [Rank 1] [INFO] epoch 3 시작
2025-11-20 00:03:20,153 DDP_Script [Rank 1] [INFO] DataLoader created with batch_size=64, num_workers=4
2025-11-20 00:03:20,162 DDP_Script [Rank 1] [INFO] local_steps=469, global_steps=469
2025-11-20 00:05:19,065 DDP_Script [Rank 1] [INFO] epoch 3 train step time: 118.90 seconds
2025-11-20 00:05:19,068 DDP_Script [Rank 1] [INFO] epoch 3 끝 (local_steps=469, global_steps=469)
2025-11-20 00:05:24,229 DDP_Script [Rank 1] [INFO] val acc 99.38%
2025-11-20 00:05:25,381 DDP_Script [Rank 1] [INFO] epoch 4 시작
2025-11-20 00:05:25,396 DDP_Script [Rank 1] [INFO] DataLoader created with batch_size=64, num_workers=4
2025-11-20 00:05:25,406 DDP_Script [Rank 1] [INFO] local_steps=469, global_steps=469
2025-11-20 00:07:24,585 DDP_Script [Rank 1] [INFO] epoch 4 train step time: 119.18 seconds
2025-11-20 00:07:24,597 DDP_Script [Rank 1] [INFO] epoch 4 끝 (local_steps=469, global_steps=469)
2025-11-20 00:07:29,758 DDP_Script [Rank 1] [INFO] val acc 99.19%
2025-11-20 00:07:30,775 DDP_Script [Rank 1] [INFO] epoch 5 시작
2025-11-20 00:07:30,787 DDP_Script [Rank 1] [INFO] DataLoader created with batch_size=64, num_workers=4
2025-11-20 00:07:30,794 DDP_Script [Rank 1] [INFO] local_steps=469, global_steps=469
2025-11-20 00:09:31,211 DDP_Script [Rank 1] [INFO] epoch 5 train step time: 120.42 seconds
2025-11-20 00:09:31,215 DDP_Script [Rank 1] [INFO] epoch 5 끝 (local_steps=469, global_steps=469)
2025-11-20 00:09:36,260 DDP_Script [Rank 1] [INFO] val acc 99.01%
2025-11-20 00:09:37,293 DDP_Script [Rank 1] [INFO] epoch 6 시작
2025-11-20 00:09:37,308 DDP_Script [Rank 1] [INFO] DataLoader created with batch_size=64, num_workers=4
2025-11-20 00:09:37,315 DDP_Script [Rank 1] [INFO] local_steps=469, global_steps=469
2025-11-20 00:11:39,259 DDP_Script [Rank 1] [INFO] epoch 6 train step time: 121.94 seconds
2025-11-20 00:11:39,296 DDP_Script [Rank 1] [INFO] epoch 6 끝 (local_steps=469, global_steps=469)
2025-11-20 00:11:44,580 DDP_Script [Rank 1] [INFO] val acc 98.73%
2025-11-20 00:11:45,623 DDP_Script [Rank 1] [INFO] epoch 7 시작
2025-11-20 00:11:45,635 DDP_Script [Rank 1] [INFO] DataLoader created with batch_size=64, num_workers=4
2025-11-20 00:11:45,644 DDP_Script [Rank 1] [INFO] local_steps=469, global_steps=469
2025-11-20 00:13:46,506 DDP_Script [Rank 1] [INFO] epoch 7 train step time: 120.86 seconds
2025-11-20 00:13:46,508 DDP_Script [Rank 1] [INFO] epoch 7 끝 (local_steps=469, global_steps=469)
2025-11-20 00:13:52,074 DDP_Script [Rank 1] [INFO] val acc 98.94%
2025-11-20 00:13:53,269 DDP_Script [Rank 1] [INFO] epoch 8 시작
2025-11-20 00:13:53,284 DDP_Script [Rank 1] [INFO] DataLoader created with batch_size=64, num_workers=4
2025-11-20 00:13:53,300 DDP_Script [Rank 1] [INFO] local_steps=469, global_steps=469
2025-11-20 00:15:52,889 DDP_Script [Rank 1] [INFO] epoch 8 train step time: 119.59 seconds
2025-11-20 00:15:52,892 DDP_Script [Rank 1] [INFO] epoch 8 끝 (local_steps=469, global_steps=469)
2025-11-20 00:15:58,048 DDP_Script [Rank 1] [INFO] val acc 99.37%
2025-11-20 00:15:59,050 DDP_Script [Rank 1] [INFO] epoch 9 시작
2025-11-20 00:15:59,063 DDP_Script [Rank 1] [INFO] DataLoader created with batch_size=64, num_workers=4
2025-11-20 00:15:59,072 DDP_Script [Rank 1] [INFO] local_steps=469, global_steps=469
2025-11-20 00:17:57,847 DDP_Script [Rank 1] [INFO] epoch 9 train step time: 118.77 seconds
2025-11-20 00:17:57,850 DDP_Script [Rank 1] [INFO] epoch 9 끝 (local_steps=469, global_steps=469)
2025-11-20 00:18:02,872 DDP_Script [Rank 1] [INFO] val acc 99.47%
2025-11-20 00:18:03,888 DDP_Script [Rank 1] [INFO] epoch 10 시작
2025-11-20 00:18:03,905 DDP_Script [Rank 1] [INFO] DataLoader created with batch_size=64, num_workers=4
2025-11-20 00:18:03,914 DDP_Script [Rank 1] [INFO] local_steps=469, global_steps=469
2025-11-20 00:20:03,179 DDP_Script [Rank 1] [INFO] epoch 10 train step time: 119.26 seconds
2025-11-20 00:20:03,182 DDP_Script [Rank 1] [INFO] epoch 10 끝 (local_steps=469, global_steps=469)
2025-11-20 00:20:08,271 DDP_Script [Rank 1] [INFO] val acc 99.46%
2025-11-20 00:20:09,270 DDP_Script [Rank 1] [INFO] epoch 11 시작
2025-11-20 00:20:09,282 DDP_Script [Rank 1] [INFO] DataLoader created with batch_size=64, num_workers=4
2025-11-20 00:20:09,291 DDP_Script [Rank 1] [INFO] local_steps=469, global_steps=469
2025-11-20 00:22:08,419 DDP_Script [Rank 1] [INFO] epoch 11 train step time: 119.13 seconds
2025-11-20 00:22:08,422 DDP_Script [Rank 1] [INFO] epoch 11 끝 (local_steps=469, global_steps=469)
2025-11-20 00:22:13,493 DDP_Script [Rank 1] [INFO] val acc 99.32%
2025-11-20 00:22:14,625 DDP_Script [Rank 1] [INFO] epoch 12 시작
2025-11-20 00:22:14,637 DDP_Script [Rank 1] [INFO] DataLoader created with batch_size=64, num_workers=4
2025-11-20 00:22:14,658 DDP_Script [Rank 1] [INFO] local_steps=469, global_steps=469
2025-11-20 00:24:08,190 DDP_Script [Rank 1] [INFO] epoch 12 train step time: 113.53 seconds
2025-11-20 00:24:08,209 DDP_Script [Rank 1] [INFO] epoch 12 끝 (local_steps=469, global_steps=469)
2025-11-20 00:24:13,168 DDP_Script [Rank 1] [INFO] val acc 99.37%
2025-11-20 00:24:14,362 DDP_Script [Rank 1] [INFO] epoch 13 시작
2025-11-20 00:24:14,378 DDP_Script [Rank 1] [INFO] DataLoader created with batch_size=64, num_workers=4
2025-11-20 00:24:14,387 DDP_Script [Rank 1] [INFO] local_steps=469, global_steps=469
2025-11-20 00:26:13,913 DDP_Script [Rank 1] [INFO] epoch 13 train step time: 119.53 seconds
2025-11-20 00:26:13,916 DDP_Script [Rank 1] [INFO] epoch 13 끝 (local_steps=469, global_steps=469)
2025-11-20 00:26:18,992 DDP_Script [Rank 1] [INFO] val acc 99.16%
2025-11-20 00:26:20,025 DDP_Script [Rank 1] [INFO] epoch 14 시작
2025-11-20 00:26:20,040 DDP_Script [Rank 1] [INFO] DataLoader created with batch_size=64, num_workers=4
2025-11-20 00:26:20,049 DDP_Script [Rank 1] [INFO] local_steps=469, global_steps=469
2025-11-20 00:28:19,525 DDP_Script [Rank 1] [INFO] epoch 14 train step time: 119.48 seconds
2025-11-20 00:28:19,534 DDP_Script [Rank 1] [INFO] epoch 14 끝 (local_steps=469, global_steps=469)
2025-11-20 00:28:24,572 DDP_Script [Rank 1] [INFO] val acc 99.13%
2025-11-20 00:28:25,717 DDP_Script [Rank 1] [INFO] epoch 15 시작
2025-11-20 00:28:25,731 DDP_Script [Rank 1] [INFO] DataLoader created with batch_size=64, num_workers=4
2025-11-20 00:28:25,740 DDP_Script [Rank 1] [INFO] local_steps=469, global_steps=469
2025-11-20 00:30:25,259 DDP_Script [Rank 1] [INFO] epoch 15 train step time: 119.52 seconds
2025-11-20 00:30:25,262 DDP_Script [Rank 1] [INFO] epoch 15 끝 (local_steps=469, global_steps=469)
2025-11-20 00:30:30,284 DDP_Script [Rank 1] [INFO] val acc 99.39%
2025-11-20 00:30:31,269 DDP_Script [Rank 1] [INFO] epoch 16 시작
2025-11-20 00:30:31,282 DDP_Script [Rank 1] [INFO] DataLoader created with batch_size=64, num_workers=4
2025-11-20 00:30:31,290 DDP_Script [Rank 1] [INFO] local_steps=469, global_steps=469
2025-11-20 00:32:29,277 DDP_Script [Rank 1] [INFO] epoch 16 train step time: 117.99 seconds
2025-11-20 00:32:29,280 DDP_Script [Rank 1] [INFO] epoch 16 끝 (local_steps=469, global_steps=469)
2025-11-20 00:32:34,356 DDP_Script [Rank 1] [INFO] val acc 98.62%
2025-11-20 00:32:35,328 DDP_Script [Rank 1] [INFO] epoch 17 시작
2025-11-20 00:32:35,340 DDP_Script [Rank 1] [INFO] DataLoader created with batch_size=64, num_workers=4
2025-11-20 00:32:35,350 DDP_Script [Rank 1] [INFO] local_steps=469, global_steps=469
2025-11-20 00:34:33,469 DDP_Script [Rank 1] [INFO] epoch 17 train step time: 118.12 seconds
2025-11-20 00:34:33,530 DDP_Script [Rank 1] [INFO] epoch 17 끝 (local_steps=469, global_steps=469)
2025-11-20 00:34:38,922 DDP_Script [Rank 1] [INFO] val acc 99.47%
2025-11-20 00:34:40,137 DDP_Script [Rank 1] [INFO] epoch 18 시작
2025-11-20 00:34:40,151 DDP_Script [Rank 1] [INFO] DataLoader created with batch_size=64, num_workers=4
2025-11-20 00:34:40,160 DDP_Script [Rank 1] [INFO] local_steps=469, global_steps=469
2025-11-20 00:36:39,891 DDP_Script [Rank 1] [INFO] epoch 18 train step time: 119.73 seconds
2025-11-20 00:36:39,894 DDP_Script [Rank 1] [INFO] epoch 18 끝 (local_steps=469, global_steps=469)
2025-11-20 00:36:45,078 DDP_Script [Rank 1] [INFO] val acc 99.45%
2025-11-20 00:36:46,182 DDP_Script [Rank 1] [INFO] epoch 19 시작
2025-11-20 00:36:46,196 DDP_Script [Rank 1] [INFO] DataLoader created with batch_size=64, num_workers=4
2025-11-20 00:36:46,215 DDP_Script [Rank 1] [INFO] local_steps=469, global_steps=469
2025-11-20 00:38:40,776 DDP_Script [Rank 1] [INFO] epoch 19 train step time: 114.56 seconds
2025-11-20 00:38:40,779 DDP_Script [Rank 1] [INFO] epoch 19 끝 (local_steps=469, global_steps=469)
2025-11-20 00:38:45,910 DDP_Script [Rank 1] [INFO] val acc 99.29%
2025-11-20 00:38:46,948 DDP_Script [Rank 1] [INFO] epoch 20 시작
2025-11-20 00:38:46,966 DDP_Script [Rank 1] [INFO] DataLoader created with batch_size=64, num_workers=4
2025-11-20 00:38:46,975 DDP_Script [Rank 1] [INFO] local_steps=469, global_steps=469
2025-11-20 00:40:44,851 DDP_Script [Rank 1] [INFO] epoch 20 train step time: 117.87 seconds
2025-11-20 00:40:44,854 DDP_Script [Rank 1] [INFO] epoch 20 끝 (local_steps=469, global_steps=469)
2025-11-20 00:40:49,843 DDP_Script [Rank 1] [INFO] val acc 99.48%
2025-11-20 00:40:50,859 DDP_Script [Rank 1] [INFO] Training loop finished.
