Current CUDA device index: 0
Current CUDA device name: NVIDIA GeForce RTX 5070 Ti
Master address: 163.180.117.216, port: 29595
2025-11-20 01:52:37,556 DDP_Script [Rank 1] [INFO] Node rank: 1, world size: 4
[Gloo] Rank 1 is connected to 3 peer ranks. Expected number of connected peer ranks is : 3
2025-11-20 01:52:37,605 DDP_Script [Rank 1] [INFO] Process group initialized: 163.180.117.216:29595
2025-11-20 01:52:37,605 DDP_Script [Rank 1] [INFO] Rank 1/4 initialized
/home/ubuntu216/anaconda3/envs/Dist2/lib/python3.9/site-packages/torchvision/models/_utils.py:208: UserWarning: The parameter 'pretrained' is deprecated since 0.13 and may be removed in the future, please use 'weights' instead.
  warnings.warn(
/home/ubuntu216/anaconda3/envs/Dist2/lib/python3.9/site-packages/torchvision/models/_utils.py:223: UserWarning: Arguments other than a weight enum or `None` for 'weights' are deprecated since 0.13 and may be removed in the future. The current behavior is equivalent to passing `weights=None`.
  warnings.warn(msg)
2025-11-20 01:52:40,001 DDP_Script [Rank 1] [INFO] Model, DDP, criterion, optimizer initialized
2025-11-20 01:52:40,005 DDP_Script [Rank 1] [INFO] Modules initialized
2025-11-20 01:52:40,006 DDP_Script [Rank 1] [INFO] Starting training from scratch (epoch 1).
2025-11-20 01:52:40,037 DDP_Script [Rank 1] [INFO] epoch 1 시작
2025-11-20 01:52:40,050 DDP_Script [Rank 1] [INFO] DataLoader created with batch_size=32, num_workers=4
2025-11-20 01:52:40,095 DDP_Script [Rank 1] [INFO] local_steps=391, global_steps=391
2025-11-20 01:54:09,032 DDP_Script [Rank 1] [INFO] epoch 1 train step time: 88.94 seconds
2025-11-20 01:54:09,072 DDP_Script [Rank 1] [INFO] epoch 1 끝 (local_steps=391, global_steps=391)
2025-11-20 01:54:12,078 DDP_Script [Rank 1] [INFO] val acc 40.03%
2025-11-20 01:54:12,473 DDP_Script [Rank 1] [INFO] epoch 2 시작
2025-11-20 01:54:12,484 DDP_Script [Rank 1] [INFO] DataLoader created with batch_size=32, num_workers=4
2025-11-20 01:54:12,487 DDP_Script [Rank 1] [INFO] local_steps=391, global_steps=391
2025-11-20 01:55:41,319 DDP_Script [Rank 1] [INFO] epoch 2 train step time: 88.83 seconds
2025-11-20 01:55:41,324 DDP_Script [Rank 1] [INFO] epoch 2 끝 (local_steps=391, global_steps=391)
2025-11-20 01:55:43,994 DDP_Script [Rank 1] [INFO] val acc 55.09%
2025-11-20 01:55:45,014 DDP_Script [Rank 1] [INFO] epoch 3 시작
2025-11-20 01:55:45,028 DDP_Script [Rank 1] [INFO] DataLoader created with batch_size=32, num_workers=4
2025-11-20 01:55:45,031 DDP_Script [Rank 1] [INFO] local_steps=391, global_steps=391
2025-11-20 01:57:15,104 DDP_Script [Rank 1] [INFO] epoch 3 train step time: 90.07 seconds
2025-11-20 01:57:15,113 DDP_Script [Rank 1] [INFO] epoch 3 끝 (local_steps=391, global_steps=391)
2025-11-20 01:57:17,925 DDP_Script [Rank 1] [INFO] val acc 58.97%
2025-11-20 01:57:18,934 DDP_Script [Rank 1] [INFO] epoch 4 시작
2025-11-20 01:57:18,947 DDP_Script [Rank 1] [INFO] DataLoader created with batch_size=32, num_workers=4
2025-11-20 01:57:18,950 DDP_Script [Rank 1] [INFO] local_steps=391, global_steps=391
2025-11-20 01:58:48,807 DDP_Script [Rank 1] [INFO] epoch 4 train step time: 89.86 seconds
2025-11-20 01:58:48,812 DDP_Script [Rank 1] [INFO] epoch 4 끝 (local_steps=391, global_steps=391)
2025-11-20 01:58:51,715 DDP_Script [Rank 1] [INFO] val acc 59.73%
2025-11-20 01:58:52,725 DDP_Script [Rank 1] [INFO] epoch 5 시작
2025-11-20 01:58:52,739 DDP_Script [Rank 1] [INFO] DataLoader created with batch_size=32, num_workers=4
2025-11-20 01:58:52,742 DDP_Script [Rank 1] [INFO] local_steps=391, global_steps=391
2025-11-20 02:00:23,119 DDP_Script [Rank 1] [INFO] epoch 5 train step time: 90.38 seconds
2025-11-20 02:00:23,136 DDP_Script [Rank 1] [INFO] epoch 5 끝 (local_steps=391, global_steps=391)
2025-11-20 02:00:25,808 DDP_Script [Rank 1] [INFO] val acc 68.72%
2025-11-20 02:00:27,015 DDP_Script [Rank 1] [INFO] epoch 6 시작
2025-11-20 02:00:27,026 DDP_Script [Rank 1] [INFO] DataLoader created with batch_size=32, num_workers=4
2025-11-20 02:00:27,033 DDP_Script [Rank 1] [INFO] local_steps=391, global_steps=391
2025-11-20 02:01:56,447 DDP_Script [Rank 1] [INFO] epoch 6 train step time: 89.41 seconds
2025-11-20 02:01:56,455 DDP_Script [Rank 1] [INFO] epoch 6 끝 (local_steps=391, global_steps=391)
2025-11-20 02:01:59,247 DDP_Script [Rank 1] [INFO] val acc 69.96%
2025-11-20 02:02:00,386 DDP_Script [Rank 1] [INFO] epoch 7 시작
2025-11-20 02:02:00,398 DDP_Script [Rank 1] [INFO] DataLoader created with batch_size=32, num_workers=4
2025-11-20 02:02:00,404 DDP_Script [Rank 1] [INFO] local_steps=391, global_steps=391
2025-11-20 02:03:31,361 DDP_Script [Rank 1] [INFO] epoch 7 train step time: 90.96 seconds
2025-11-20 02:03:31,365 DDP_Script [Rank 1] [INFO] epoch 7 끝 (local_steps=391, global_steps=391)
2025-11-20 02:03:34,208 DDP_Script [Rank 1] [INFO] val acc 75.57%
2025-11-20 02:03:35,363 DDP_Script [Rank 1] [INFO] epoch 8 시작
2025-11-20 02:03:35,379 DDP_Script [Rank 1] [INFO] DataLoader created with batch_size=32, num_workers=4
2025-11-20 02:03:35,385 DDP_Script [Rank 1] [INFO] local_steps=391, global_steps=391
2025-11-20 02:05:08,006 DDP_Script [Rank 1] [INFO] epoch 8 train step time: 92.62 seconds
2025-11-20 02:05:08,012 DDP_Script [Rank 1] [INFO] epoch 8 끝 (local_steps=391, global_steps=391)
2025-11-20 02:05:10,838 DDP_Script [Rank 1] [INFO] val acc 74.40%
2025-11-20 02:05:11,845 DDP_Script [Rank 1] [INFO] epoch 9 시작
2025-11-20 02:05:11,858 DDP_Script [Rank 1] [INFO] DataLoader created with batch_size=32, num_workers=4
2025-11-20 02:05:11,862 DDP_Script [Rank 1] [INFO] local_steps=391, global_steps=391
2025-11-20 02:06:43,203 DDP_Script [Rank 1] [INFO] epoch 9 train step time: 91.34 seconds
2025-11-20 02:06:43,223 DDP_Script [Rank 1] [INFO] epoch 9 끝 (local_steps=391, global_steps=391)
2025-11-20 02:06:46,065 DDP_Script [Rank 1] [INFO] val acc 74.72%
2025-11-20 02:06:47,077 DDP_Script [Rank 1] [INFO] epoch 10 시작
2025-11-20 02:06:47,092 DDP_Script [Rank 1] [INFO] DataLoader created with batch_size=32, num_workers=4
2025-11-20 02:06:47,095 DDP_Script [Rank 1] [INFO] local_steps=391, global_steps=391
2025-11-20 02:08:17,957 DDP_Script [Rank 1] [INFO] epoch 10 train step time: 90.86 seconds
2025-11-20 02:08:17,963 DDP_Script [Rank 1] [INFO] epoch 10 끝 (local_steps=391, global_steps=391)
2025-11-20 02:08:20,740 DDP_Script [Rank 1] [INFO] val acc 78.38%
2025-11-20 02:08:21,811 DDP_Script [Rank 1] [INFO] epoch 11 시작
2025-11-20 02:08:21,826 DDP_Script [Rank 1] [INFO] DataLoader created with batch_size=32, num_workers=4
2025-11-20 02:08:21,835 DDP_Script [Rank 1] [INFO] local_steps=391, global_steps=391
2025-11-20 02:09:49,003 DDP_Script [Rank 1] [INFO] epoch 11 train step time: 87.17 seconds
2025-11-20 02:09:49,008 DDP_Script [Rank 1] [INFO] epoch 11 끝 (local_steps=391, global_steps=391)
2025-11-20 02:09:51,865 DDP_Script [Rank 1] [INFO] val acc 78.32%
2025-11-20 02:09:52,862 DDP_Script [Rank 1] [INFO] epoch 12 시작
2025-11-20 02:09:52,874 DDP_Script [Rank 1] [INFO] DataLoader created with batch_size=32, num_workers=4
2025-11-20 02:09:52,877 DDP_Script [Rank 1] [INFO] local_steps=391, global_steps=391
2025-11-20 02:11:24,542 DDP_Script [Rank 1] [INFO] epoch 12 train step time: 91.66 seconds
2025-11-20 02:11:24,565 DDP_Script [Rank 1] [INFO] epoch 12 끝 (local_steps=391, global_steps=391)
2025-11-20 02:11:27,363 DDP_Script [Rank 1] [INFO] val acc 82.65%
2025-11-20 02:11:28,379 DDP_Script [Rank 1] [INFO] epoch 13 시작
2025-11-20 02:11:28,392 DDP_Script [Rank 1] [INFO] DataLoader created with batch_size=32, num_workers=4
2025-11-20 02:11:28,396 DDP_Script [Rank 1] [INFO] local_steps=391, global_steps=391
2025-11-20 02:13:00,656 DDP_Script [Rank 1] [INFO] epoch 13 train step time: 92.26 seconds
2025-11-20 02:13:00,667 DDP_Script [Rank 1] [INFO] epoch 13 끝 (local_steps=391, global_steps=391)
2025-11-20 02:13:03,546 DDP_Script [Rank 1] [INFO] val acc 82.95%
2025-11-20 02:13:04,674 DDP_Script [Rank 1] [INFO] epoch 14 시작
2025-11-20 02:13:04,686 DDP_Script [Rank 1] [INFO] DataLoader created with batch_size=32, num_workers=4
2025-11-20 02:13:04,692 DDP_Script [Rank 1] [INFO] local_steps=391, global_steps=391
2025-11-20 02:14:37,237 DDP_Script [Rank 1] [INFO] epoch 14 train step time: 92.54 seconds
2025-11-20 02:14:37,248 DDP_Script [Rank 1] [INFO] epoch 14 끝 (local_steps=391, global_steps=391)
2025-11-20 02:14:39,982 DDP_Script [Rank 1] [INFO] val acc 81.16%
2025-11-20 02:14:41,196 DDP_Script [Rank 1] [INFO] epoch 15 시작
2025-11-20 02:14:41,209 DDP_Script [Rank 1] [INFO] DataLoader created with batch_size=32, num_workers=4
2025-11-20 02:14:41,218 DDP_Script [Rank 1] [INFO] local_steps=391, global_steps=391
2025-11-20 02:16:12,567 DDP_Script [Rank 1] [INFO] epoch 15 train step time: 91.35 seconds
2025-11-20 02:16:12,573 DDP_Script [Rank 1] [INFO] epoch 15 끝 (local_steps=391, global_steps=391)
2025-11-20 02:16:15,374 DDP_Script [Rank 1] [INFO] val acc 83.14%
2025-11-20 02:16:16,360 DDP_Script [Rank 1] [INFO] epoch 16 시작
2025-11-20 02:16:16,372 DDP_Script [Rank 1] [INFO] DataLoader created with batch_size=32, num_workers=4
2025-11-20 02:16:16,381 DDP_Script [Rank 1] [INFO] local_steps=391, global_steps=391
2025-11-20 02:17:48,185 DDP_Script [Rank 1] [INFO] epoch 16 train step time: 91.80 seconds
2025-11-20 02:17:48,191 DDP_Script [Rank 1] [INFO] epoch 16 끝 (local_steps=391, global_steps=391)
2025-11-20 02:17:50,936 DDP_Script [Rank 1] [INFO] val acc 83.34%
2025-11-20 02:17:51,938 DDP_Script [Rank 1] [INFO] epoch 17 시작
2025-11-20 02:17:51,952 DDP_Script [Rank 1] [INFO] DataLoader created with batch_size=32, num_workers=4
2025-11-20 02:17:51,956 DDP_Script [Rank 1] [INFO] local_steps=391, global_steps=391
2025-11-20 02:19:23,243 DDP_Script [Rank 1] [INFO] epoch 17 train step time: 91.29 seconds
2025-11-20 02:19:23,257 DDP_Script [Rank 1] [INFO] epoch 17 끝 (local_steps=391, global_steps=391)
2025-11-20 02:19:26,018 DDP_Script [Rank 1] [INFO] val acc 84.64%
2025-11-20 02:19:27,008 DDP_Script [Rank 1] [INFO] epoch 18 시작
2025-11-20 02:19:27,024 DDP_Script [Rank 1] [INFO] DataLoader created with batch_size=32, num_workers=4
2025-11-20 02:19:27,028 DDP_Script [Rank 1] [INFO] local_steps=391, global_steps=391
2025-11-20 02:20:59,195 DDP_Script [Rank 1] [INFO] epoch 18 train step time: 92.17 seconds
2025-11-20 02:20:59,200 DDP_Script [Rank 1] [INFO] epoch 18 끝 (local_steps=391, global_steps=391)
2025-11-20 02:21:02,042 DDP_Script [Rank 1] [INFO] val acc 84.89%
2025-11-20 02:21:03,024 DDP_Script [Rank 1] [INFO] epoch 19 시작
2025-11-20 02:21:03,036 DDP_Script [Rank 1] [INFO] DataLoader created with batch_size=32, num_workers=4
2025-11-20 02:21:03,045 DDP_Script [Rank 1] [INFO] local_steps=391, global_steps=391
2025-11-20 02:22:35,342 DDP_Script [Rank 1] [INFO] epoch 19 train step time: 92.30 seconds
2025-11-20 02:22:35,348 DDP_Script [Rank 1] [INFO] epoch 19 끝 (local_steps=391, global_steps=391)
2025-11-20 02:22:38,133 DDP_Script [Rank 1] [INFO] val acc 84.14%
2025-11-20 02:22:39,103 DDP_Script [Rank 1] [INFO] epoch 20 시작
2025-11-20 02:22:39,115 DDP_Script [Rank 1] [INFO] DataLoader created with batch_size=32, num_workers=4
2025-11-20 02:22:39,120 DDP_Script [Rank 1] [INFO] local_steps=391, global_steps=391
2025-11-20 02:24:11,509 DDP_Script [Rank 1] [INFO] epoch 20 train step time: 92.39 seconds
2025-11-20 02:24:11,513 DDP_Script [Rank 1] [INFO] epoch 20 끝 (local_steps=391, global_steps=391)
2025-11-20 02:24:14,324 DDP_Script [Rank 1] [INFO] val acc 85.50%
2025-11-20 02:24:15,315 DDP_Script [Rank 1] [INFO] Training loop finished.
