/data/breath12/anaconda3/envs/Dist1/lib/python3.9/site-packages/torch/cuda/__init__.py:63: FutureWarning: The pynvml package is deprecated. Please install nvidia-ml-py instead. If you did not install pynvml directly, please report this to the maintainers of the package that installed pynvml for you.
  import pynvml  # type: ignore[import]
Current CUDA device index: 0
Current CUDA device name: NVIDIA RTX A5000
Master address: 163.180.160.62, port: 29509
2025-11-19 16:28:00,492 DDP_Script [Rank 0] [INFO] Node rank: 0, world size: 2
[Gloo] Rank 0 is connected to 1 peer ranks. Expected number of connected peer ranks is : 1
2025-11-19 16:28:00,533 DDP_Script [Rank 0] [INFO] Process group initialized: 163.180.160.62:29509
2025-11-19 16:28:00,533 DDP_Script [Rank 0] [INFO] Rank 0/2 initialized
Val sample labels: tensor([  2,   3,  13,  15,  41,  43,  64,  81,  91, 102, 117, 124, 129, 132,
        133, 135, 136, 151, 161, 162, 163, 168, 173, 174, 179, 180, 186, 197,
        199])
Train samples: 100000
Val   samples: 10000
/data/breath12/anaconda3/envs/Dist1/lib/python3.9/site-packages/torchvision/models/_utils.py:208: UserWarning: The parameter 'pretrained' is deprecated since 0.13 and may be removed in the future, please use 'weights' instead.
  warnings.warn(
/data/breath12/anaconda3/envs/Dist1/lib/python3.9/site-packages/torchvision/models/_utils.py:223: UserWarning: Arguments other than a weight enum or `None` for 'weights' are deprecated since 0.13 and may be removed in the future. The current behavior is equivalent to passing `weights=None`.
  warnings.warn(msg)
2025-11-19 16:28:02,058 DDP_Script [Rank 0] [INFO] Model, DDP, criterion, optimizer initialized
2025-11-19 16:28:02,078 DDP_Script [Rank 0] [INFO] Modules initialized
2025-11-19 16:28:02,080 DDP_Script [Rank 0] [INFO] Checkpoint directory created: ./checkpoints/job-5cfb700fd1fd
2025-11-19 16:28:02,080 DDP_Script [Rank 0] [INFO] Starting training from scratch (epoch 1).
2025-11-19 16:28:02,089 DDP_Script [Rank 0] [INFO] epoch 1 시작
2025-11-19 16:28:02,095 DDP_Script [Rank 0] [INFO] DataLoader created with batch_size=64, num_workers=4
2025-11-19 16:28:02,103 DDP_Script [Rank 0] [INFO] 모든 노드 중 max_steps = 782
2025-11-19 16:28:02,103 DDP_Script [Rank 0] [INFO] local_steps=782, global_steps=782
2025-11-19 16:30:39,903 DDP_Script [Rank 0] [INFO] epoch 1 train step time: 157.80 seconds
2025-11-19 16:30:39,905 DDP_Script [Rank 0] [INFO] epoch 1 끝 (local_steps=782, global_steps=782)
2025-11-19 16:30:45,325 DDP_Script [Rank 0] [INFO] val acc 9.75%
2025-11-19 16:30:45,363 DDP_Script [Rank 0] [INFO] Saving checkpoint to ./checkpoints/job-5cfb700fd1fd/latest_checkpoint.pth ...
2025-11-19 16:30:45,751 DDP_Script [Rank 0] [INFO] Successfully reported epoch 1/20 (Acc: 9.75%) to global server.
2025-11-19 16:30:45,753 DDP_Script [Rank 0] [INFO] epoch 2 시작
2025-11-19 16:30:45,767 DDP_Script [Rank 0] [INFO] DataLoader created with batch_size=64, num_workers=4
2025-11-19 16:30:45,772 DDP_Script [Rank 0] [INFO] 모든 노드 중 max_steps = 782
2025-11-19 16:30:45,772 DDP_Script [Rank 0] [INFO] local_steps=782, global_steps=782
2025-11-19 16:33:26,430 DDP_Script [Rank 0] [INFO] epoch 2 train step time: 160.66 seconds
2025-11-19 16:33:26,433 DDP_Script [Rank 0] [INFO] epoch 2 끝 (local_steps=782, global_steps=782)
2025-11-19 16:33:31,426 DDP_Script [Rank 0] [INFO] val acc 18.07%
2025-11-19 16:33:31,489 DDP_Script [Rank 0] [INFO] Saving checkpoint to ./checkpoints/job-5cfb700fd1fd/latest_checkpoint.pth ...
2025-11-19 16:33:31,855 DDP_Script [Rank 0] [INFO] Successfully reported epoch 2/20 (Acc: 18.07%) to global server.
2025-11-19 16:33:31,857 DDP_Script [Rank 0] [INFO] epoch 3 시작
2025-11-19 16:33:31,870 DDP_Script [Rank 0] [INFO] DataLoader created with batch_size=64, num_workers=4
2025-11-19 16:33:31,876 DDP_Script [Rank 0] [INFO] 모든 노드 중 max_steps = 782
2025-11-19 16:33:31,876 DDP_Script [Rank 0] [INFO] local_steps=782, global_steps=782
2025-11-19 16:36:12,246 DDP_Script [Rank 0] [INFO] epoch 3 train step time: 160.37 seconds
2025-11-19 16:36:12,248 DDP_Script [Rank 0] [INFO] epoch 3 끝 (local_steps=782, global_steps=782)
2025-11-19 16:36:17,280 DDP_Script [Rank 0] [INFO] val acc 25.34%
2025-11-19 16:36:17,329 DDP_Script [Rank 0] [INFO] Saving checkpoint to ./checkpoints/job-5cfb700fd1fd/latest_checkpoint.pth ...
2025-11-19 16:36:17,665 DDP_Script [Rank 0] [INFO] Successfully reported epoch 3/20 (Acc: 25.34%) to global server.
2025-11-19 16:36:17,667 DDP_Script [Rank 0] [INFO] epoch 4 시작
2025-11-19 16:36:17,680 DDP_Script [Rank 0] [INFO] DataLoader created with batch_size=64, num_workers=4
2025-11-19 16:36:17,687 DDP_Script [Rank 0] [INFO] 모든 노드 중 max_steps = 782
2025-11-19 16:36:17,687 DDP_Script [Rank 0] [INFO] local_steps=782, global_steps=782
2025-11-19 16:38:58,087 DDP_Script [Rank 0] [INFO] epoch 4 train step time: 160.40 seconds
2025-11-19 16:38:58,089 DDP_Script [Rank 0] [INFO] epoch 4 끝 (local_steps=782, global_steps=782)
2025-11-19 16:39:03,064 DDP_Script [Rank 0] [INFO] val acc 29.49%
2025-11-19 16:39:03,087 DDP_Script [Rank 0] [INFO] Saving checkpoint to ./checkpoints/job-5cfb700fd1fd/latest_checkpoint.pth ...
2025-11-19 16:39:03,388 DDP_Script [Rank 0] [INFO] Successfully reported epoch 4/20 (Acc: 29.49%) to global server.
2025-11-19 16:39:03,390 DDP_Script [Rank 0] [INFO] epoch 5 시작
2025-11-19 16:39:03,403 DDP_Script [Rank 0] [INFO] DataLoader created with batch_size=64, num_workers=4
2025-11-19 16:39:03,409 DDP_Script [Rank 0] [INFO] 모든 노드 중 max_steps = 782
2025-11-19 16:39:03,409 DDP_Script [Rank 0] [INFO] local_steps=782, global_steps=782
2025-11-19 16:41:43,767 DDP_Script [Rank 0] [INFO] epoch 5 train step time: 160.36 seconds
2025-11-19 16:41:43,769 DDP_Script [Rank 0] [INFO] epoch 5 끝 (local_steps=782, global_steps=782)
2025-11-19 16:41:48,778 DDP_Script [Rank 0] [INFO] val acc 35.06%
2025-11-19 16:41:48,797 DDP_Script [Rank 0] [INFO] Saving checkpoint to ./checkpoints/job-5cfb700fd1fd/latest_checkpoint.pth ...
2025-11-19 16:41:49,148 DDP_Script [Rank 0] [INFO] Successfully reported epoch 5/20 (Acc: 35.06%) to global server.
2025-11-19 16:41:49,150 DDP_Script [Rank 0] [INFO] epoch 6 시작
2025-11-19 16:41:49,164 DDP_Script [Rank 0] [INFO] DataLoader created with batch_size=64, num_workers=4
2025-11-19 16:41:49,169 DDP_Script [Rank 0] [INFO] 모든 노드 중 max_steps = 782
2025-11-19 16:41:49,169 DDP_Script [Rank 0] [INFO] local_steps=782, global_steps=782
2025-11-19 16:44:29,290 DDP_Script [Rank 0] [INFO] epoch 6 train step time: 160.12 seconds
2025-11-19 16:44:29,312 DDP_Script [Rank 0] [INFO] epoch 6 끝 (local_steps=782, global_steps=782)
2025-11-19 16:44:34,497 DDP_Script [Rank 0] [INFO] val acc 37.51%
2025-11-19 16:44:34,543 DDP_Script [Rank 0] [INFO] Saving checkpoint to ./checkpoints/job-5cfb700fd1fd/latest_checkpoint.pth ...
2025-11-19 16:44:34,898 DDP_Script [Rank 0] [INFO] Successfully reported epoch 6/20 (Acc: 37.51%) to global server.
2025-11-19 16:44:34,900 DDP_Script [Rank 0] [INFO] epoch 7 시작
2025-11-19 16:44:34,912 DDP_Script [Rank 0] [INFO] DataLoader created with batch_size=64, num_workers=4
2025-11-19 16:44:34,919 DDP_Script [Rank 0] [INFO] 모든 노드 중 max_steps = 782
2025-11-19 16:44:34,919 DDP_Script [Rank 0] [INFO] local_steps=782, global_steps=782
2025-11-19 16:47:16,139 DDP_Script [Rank 0] [INFO] epoch 7 train step time: 161.22 seconds
2025-11-19 16:47:16,144 DDP_Script [Rank 0] [INFO] epoch 7 끝 (local_steps=782, global_steps=782)
2025-11-19 16:47:21,132 DDP_Script [Rank 0] [INFO] val acc 41.38%
2025-11-19 16:47:21,174 DDP_Script [Rank 0] [INFO] Saving checkpoint to ./checkpoints/job-5cfb700fd1fd/latest_checkpoint.pth ...
2025-11-19 16:47:21,548 DDP_Script [Rank 0] [INFO] Successfully reported epoch 7/20 (Acc: 41.38%) to global server.
2025-11-19 16:47:21,549 DDP_Script [Rank 0] [INFO] epoch 8 시작
2025-11-19 16:47:21,561 DDP_Script [Rank 0] [INFO] DataLoader created with batch_size=64, num_workers=4
2025-11-19 16:47:21,569 DDP_Script [Rank 0] [INFO] 모든 노드 중 max_steps = 782
2025-11-19 16:47:21,569 DDP_Script [Rank 0] [INFO] local_steps=782, global_steps=782
2025-11-19 16:50:01,869 DDP_Script [Rank 0] [INFO] epoch 8 train step time: 160.30 seconds
2025-11-19 16:50:01,877 DDP_Script [Rank 0] [INFO] epoch 8 끝 (local_steps=782, global_steps=782)
2025-11-19 16:50:06,888 DDP_Script [Rank 0] [INFO] val acc 42.83%
2025-11-19 16:50:06,939 DDP_Script [Rank 0] [INFO] Saving checkpoint to ./checkpoints/job-5cfb700fd1fd/latest_checkpoint.pth ...
2025-11-19 16:50:07,302 DDP_Script [Rank 0] [INFO] Successfully reported epoch 8/20 (Acc: 42.83%) to global server.
2025-11-19 16:50:07,304 DDP_Script [Rank 0] [INFO] epoch 9 시작
2025-11-19 16:50:07,318 DDP_Script [Rank 0] [INFO] DataLoader created with batch_size=64, num_workers=4
2025-11-19 16:50:07,323 DDP_Script [Rank 0] [INFO] 모든 노드 중 max_steps = 782
2025-11-19 16:50:07,323 DDP_Script [Rank 0] [INFO] local_steps=782, global_steps=782
2025-11-19 16:52:46,899 DDP_Script [Rank 0] [INFO] epoch 9 train step time: 159.58 seconds
2025-11-19 16:52:46,904 DDP_Script [Rank 0] [INFO] epoch 9 끝 (local_steps=782, global_steps=782)
2025-11-19 16:52:51,918 DDP_Script [Rank 0] [INFO] val acc 45.24%
2025-11-19 16:52:51,970 DDP_Script [Rank 0] [INFO] Saving checkpoint to ./checkpoints/job-5cfb700fd1fd/latest_checkpoint.pth ...
2025-11-19 16:52:52,323 DDP_Script [Rank 0] [INFO] Successfully reported epoch 9/20 (Acc: 45.24%) to global server.
2025-11-19 16:52:52,325 DDP_Script [Rank 0] [INFO] epoch 10 시작
2025-11-19 16:52:52,337 DDP_Script [Rank 0] [INFO] DataLoader created with batch_size=64, num_workers=4
2025-11-19 16:52:52,342 DDP_Script [Rank 0] [INFO] 모든 노드 중 max_steps = 782
2025-11-19 16:52:52,343 DDP_Script [Rank 0] [INFO] local_steps=782, global_steps=782
2025-11-19 16:55:33,027 DDP_Script [Rank 0] [INFO] epoch 10 train step time: 160.68 seconds
2025-11-19 16:55:33,033 DDP_Script [Rank 0] [INFO] epoch 10 끝 (local_steps=782, global_steps=782)
2025-11-19 16:55:38,029 DDP_Script [Rank 0] [INFO] val acc 45.85%
2025-11-19 16:55:38,059 DDP_Script [Rank 0] [INFO] Saving checkpoint to ./checkpoints/job-5cfb700fd1fd/latest_checkpoint.pth ...
2025-11-19 16:55:38,406 DDP_Script [Rank 0] [INFO] Successfully reported epoch 10/20 (Acc: 45.85%) to global server.
2025-11-19 16:55:38,408 DDP_Script [Rank 0] [INFO] epoch 11 시작
2025-11-19 16:55:38,421 DDP_Script [Rank 0] [INFO] DataLoader created with batch_size=64, num_workers=4
2025-11-19 16:55:38,426 DDP_Script [Rank 0] [INFO] 모든 노드 중 max_steps = 782
2025-11-19 16:55:38,426 DDP_Script [Rank 0] [INFO] local_steps=782, global_steps=782
2025-11-19 16:58:19,265 DDP_Script [Rank 0] [INFO] epoch 11 train step time: 160.84 seconds
2025-11-19 16:58:19,267 DDP_Script [Rank 0] [INFO] epoch 11 끝 (local_steps=782, global_steps=782)
2025-11-19 16:58:24,266 DDP_Script [Rank 0] [INFO] val acc 47.60%
2025-11-19 16:58:24,300 DDP_Script [Rank 0] [INFO] Saving checkpoint to ./checkpoints/job-5cfb700fd1fd/latest_checkpoint.pth ...
2025-11-19 16:58:24,602 DDP_Script [Rank 0] [INFO] Successfully reported epoch 11/20 (Acc: 47.60%) to global server.
2025-11-19 16:58:24,604 DDP_Script [Rank 0] [INFO] epoch 12 시작
2025-11-19 16:58:24,613 DDP_Script [Rank 0] [INFO] DataLoader created with batch_size=64, num_workers=4
2025-11-19 16:58:24,623 DDP_Script [Rank 0] [INFO] 모든 노드 중 max_steps = 782
2025-11-19 16:58:24,623 DDP_Script [Rank 0] [INFO] local_steps=782, global_steps=782
2025-11-19 17:01:03,733 DDP_Script [Rank 0] [INFO] epoch 12 train step time: 159.11 seconds
2025-11-19 17:01:03,736 DDP_Script [Rank 0] [INFO] epoch 12 끝 (local_steps=782, global_steps=782)
2025-11-19 17:01:08,697 DDP_Script [Rank 0] [INFO] val acc 48.17%
2025-11-19 17:01:08,741 DDP_Script [Rank 0] [INFO] Saving checkpoint to ./checkpoints/job-5cfb700fd1fd/latest_checkpoint.pth ...
2025-11-19 17:01:09,140 DDP_Script [Rank 0] [INFO] Successfully reported epoch 12/20 (Acc: 48.17%) to global server.
2025-11-19 17:01:09,142 DDP_Script [Rank 0] [INFO] epoch 13 시작
2025-11-19 17:01:09,154 DDP_Script [Rank 0] [INFO] DataLoader created with batch_size=64, num_workers=4
2025-11-19 17:01:09,162 DDP_Script [Rank 0] [INFO] 모든 노드 중 max_steps = 782
2025-11-19 17:01:09,162 DDP_Script [Rank 0] [INFO] local_steps=782, global_steps=782
2025-11-19 17:03:50,080 DDP_Script [Rank 0] [INFO] epoch 13 train step time: 160.92 seconds
2025-11-19 17:03:50,082 DDP_Script [Rank 0] [INFO] epoch 13 끝 (local_steps=782, global_steps=782)
2025-11-19 17:03:55,104 DDP_Script [Rank 0] [INFO] val acc 48.46%
2025-11-19 17:03:55,132 DDP_Script [Rank 0] [INFO] Saving checkpoint to ./checkpoints/job-5cfb700fd1fd/latest_checkpoint.pth ...
2025-11-19 17:03:55,501 DDP_Script [Rank 0] [INFO] Successfully reported epoch 13/20 (Acc: 48.46%) to global server.
2025-11-19 17:03:55,502 DDP_Script [Rank 0] [INFO] epoch 14 시작
2025-11-19 17:03:55,516 DDP_Script [Rank 0] [INFO] DataLoader created with batch_size=64, num_workers=4
2025-11-19 17:03:55,522 DDP_Script [Rank 0] [INFO] 모든 노드 중 max_steps = 782
2025-11-19 17:03:55,522 DDP_Script [Rank 0] [INFO] local_steps=782, global_steps=782
2025-11-19 17:06:34,609 DDP_Script [Rank 0] [INFO] epoch 14 train step time: 159.09 seconds
2025-11-19 17:06:34,611 DDP_Script [Rank 0] [INFO] epoch 14 끝 (local_steps=782, global_steps=782)
2025-11-19 17:06:39,615 DDP_Script [Rank 0] [INFO] val acc 51.38%
2025-11-19 17:06:39,642 DDP_Script [Rank 0] [INFO] Saving checkpoint to ./checkpoints/job-5cfb700fd1fd/latest_checkpoint.pth ...
2025-11-19 17:06:39,939 DDP_Script [Rank 0] [INFO] Successfully reported epoch 14/20 (Acc: 51.38%) to global server.
2025-11-19 17:06:39,941 DDP_Script [Rank 0] [INFO] epoch 15 시작
2025-11-19 17:06:39,953 DDP_Script [Rank 0] [INFO] DataLoader created with batch_size=64, num_workers=4
2025-11-19 17:06:39,960 DDP_Script [Rank 0] [INFO] 모든 노드 중 max_steps = 782
2025-11-19 17:06:39,960 DDP_Script [Rank 0] [INFO] local_steps=782, global_steps=782
2025-11-19 17:09:20,496 DDP_Script [Rank 0] [INFO] epoch 15 train step time: 160.54 seconds
2025-11-19 17:09:20,498 DDP_Script [Rank 0] [INFO] epoch 15 끝 (local_steps=782, global_steps=782)
2025-11-19 17:09:25,424 DDP_Script [Rank 0] [INFO] val acc 53.11%
2025-11-19 17:09:25,470 DDP_Script [Rank 0] [INFO] Saving checkpoint to ./checkpoints/job-5cfb700fd1fd/latest_checkpoint.pth ...
2025-11-19 17:09:25,820 DDP_Script [Rank 0] [INFO] Successfully reported epoch 15/20 (Acc: 53.11%) to global server.
2025-11-19 17:09:25,822 DDP_Script [Rank 0] [INFO] epoch 16 시작
2025-11-19 17:09:25,839 DDP_Script [Rank 0] [INFO] DataLoader created with batch_size=64, num_workers=4
2025-11-19 17:09:25,843 DDP_Script [Rank 0] [INFO] 모든 노드 중 max_steps = 782
2025-11-19 17:09:25,844 DDP_Script [Rank 0] [INFO] local_steps=782, global_steps=782
2025-11-19 17:12:05,724 DDP_Script [Rank 0] [INFO] epoch 16 train step time: 159.88 seconds
2025-11-19 17:12:05,726 DDP_Script [Rank 0] [INFO] epoch 16 끝 (local_steps=782, global_steps=782)
2025-11-19 17:12:10,706 DDP_Script [Rank 0] [INFO] val acc 53.01%
2025-11-19 17:12:10,759 DDP_Script [Rank 0] [INFO] Saving checkpoint to ./checkpoints/job-5cfb700fd1fd/latest_checkpoint.pth ...
2025-11-19 17:12:11,097 DDP_Script [Rank 0] [INFO] Successfully reported epoch 16/20 (Acc: 53.01%) to global server.
2025-11-19 17:12:11,099 DDP_Script [Rank 0] [INFO] epoch 17 시작
2025-11-19 17:12:11,112 DDP_Script [Rank 0] [INFO] DataLoader created with batch_size=64, num_workers=4
2025-11-19 17:12:11,117 DDP_Script [Rank 0] [INFO] 모든 노드 중 max_steps = 782
2025-11-19 17:12:11,117 DDP_Script [Rank 0] [INFO] local_steps=782, global_steps=782
2025-11-19 17:14:51,501 DDP_Script [Rank 0] [INFO] epoch 17 train step time: 160.38 seconds
2025-11-19 17:14:51,508 DDP_Script [Rank 0] [INFO] epoch 17 끝 (local_steps=782, global_steps=782)
2025-11-19 17:14:56,475 DDP_Script [Rank 0] [INFO] val acc 53.01%
2025-11-19 17:14:56,522 DDP_Script [Rank 0] [INFO] Saving checkpoint to ./checkpoints/job-5cfb700fd1fd/latest_checkpoint.pth ...
2025-11-19 17:14:56,854 DDP_Script [Rank 0] [INFO] Successfully reported epoch 17/20 (Acc: 53.01%) to global server.
2025-11-19 17:14:56,855 DDP_Script [Rank 0] [INFO] epoch 18 시작
2025-11-19 17:14:56,868 DDP_Script [Rank 0] [INFO] DataLoader created with batch_size=64, num_workers=4
2025-11-19 17:14:56,874 DDP_Script [Rank 0] [INFO] 모든 노드 중 max_steps = 782
2025-11-19 17:14:56,875 DDP_Script [Rank 0] [INFO] local_steps=782, global_steps=782
2025-11-19 17:17:36,067 DDP_Script [Rank 0] [INFO] epoch 18 train step time: 159.19 seconds
2025-11-19 17:17:36,076 DDP_Script [Rank 0] [INFO] epoch 18 끝 (local_steps=782, global_steps=782)
2025-11-19 17:17:41,073 DDP_Script [Rank 0] [INFO] val acc 54.79%
2025-11-19 17:17:41,119 DDP_Script [Rank 0] [INFO] Saving checkpoint to ./checkpoints/job-5cfb700fd1fd/latest_checkpoint.pth ...
2025-11-19 17:17:41,471 DDP_Script [Rank 0] [INFO] Successfully reported epoch 18/20 (Acc: 54.79%) to global server.
2025-11-19 17:17:41,473 DDP_Script [Rank 0] [INFO] epoch 19 시작
2025-11-19 17:17:41,486 DDP_Script [Rank 0] [INFO] DataLoader created with batch_size=64, num_workers=4
2025-11-19 17:17:41,491 DDP_Script [Rank 0] [INFO] 모든 노드 중 max_steps = 782
2025-11-19 17:17:41,491 DDP_Script [Rank 0] [INFO] local_steps=782, global_steps=782
2025-11-19 17:20:21,638 DDP_Script [Rank 0] [INFO] epoch 19 train step time: 160.15 seconds
2025-11-19 17:20:21,640 DDP_Script [Rank 0] [INFO] epoch 19 끝 (local_steps=782, global_steps=782)
2025-11-19 17:20:26,635 DDP_Script [Rank 0] [INFO] val acc 55.12%
2025-11-19 17:20:26,687 DDP_Script [Rank 0] [INFO] Saving checkpoint to ./checkpoints/job-5cfb700fd1fd/latest_checkpoint.pth ...
2025-11-19 17:20:27,037 DDP_Script [Rank 0] [INFO] Successfully reported epoch 19/20 (Acc: 55.12%) to global server.
2025-11-19 17:20:27,038 DDP_Script [Rank 0] [INFO] epoch 20 시작
2025-11-19 17:20:27,051 DDP_Script [Rank 0] [INFO] DataLoader created with batch_size=64, num_workers=4
2025-11-19 17:20:27,057 DDP_Script [Rank 0] [INFO] 모든 노드 중 max_steps = 782
2025-11-19 17:20:27,057 DDP_Script [Rank 0] [INFO] local_steps=782, global_steps=782
2025-11-19 17:23:06,952 DDP_Script [Rank 0] [INFO] epoch 20 train step time: 159.89 seconds
2025-11-19 17:23:06,957 DDP_Script [Rank 0] [INFO] epoch 20 끝 (local_steps=782, global_steps=782)
2025-11-19 17:23:11,952 DDP_Script [Rank 0] [INFO] val acc 53.74%
2025-11-19 17:23:12,018 DDP_Script [Rank 0] [INFO] Saving checkpoint to ./checkpoints/job-5cfb700fd1fd/latest_checkpoint.pth ...
2025-11-19 17:23:12,362 DDP_Script [Rank 0] [INFO] Successfully reported epoch 20/20 (Acc: 53.74%) to global server.
2025-11-19 17:23:12,364 DDP_Script [Rank 0] [INFO] Training completed successfully.
2025-11-19 17:23:12,364 DDP_Script [Rank 0] [INFO] Training loop finished.
