Current CUDA device index: 0
Current CUDA device name: NVIDIA RTX A5000
Master address: 163.180.160.61, port: 29527
2025-11-16 20:44:49,032 DDP_Script [Rank 1] [INFO] Node rank: 1, world size: 4
[Gloo] Rank 1 is connected to 3 peer ranks. Expected number of connected peer ranks is : 3
2025-11-16 20:44:52,514 DDP_Script [Rank 1] [INFO] Process group initialized: 163.180.160.61:29527
2025-11-16 20:44:52,514 DDP_Script [Rank 1] [INFO] Rank 1/4 initialized
/nas2/data/dlwmznzl1/anaconda3/envs/Dist2/lib/python3.9/site-packages/torchvision/models/_utils.py:208: UserWarning: The parameter 'pretrained' is deprecated since 0.13 and may be removed in the future, please use 'weights' instead.
  warnings.warn(
/nas2/data/dlwmznzl1/anaconda3/envs/Dist2/lib/python3.9/site-packages/torchvision/models/_utils.py:223: UserWarning: Arguments other than a weight enum or `None` for 'weights' are deprecated since 0.13 and may be removed in the future. The current behavior is equivalent to passing `weights=None`.
  warnings.warn(msg)
2025-11-16 20:44:54,906 DDP_Script [Rank 1] [INFO] Model, DDP, criterion, optimizer initialized
2025-11-16 20:44:54,913 DDP_Script [Rank 1] [INFO] Modules initialized
2025-11-16 20:44:54,913 DDP_Script [Rank 1] [INFO] Starting training from scratch (epoch 1).
2025-11-16 20:44:54,931 DDP_Script [Rank 1] [INFO] epoch 1 시작
2025-11-16 20:44:54,949 DDP_Script [Rank 1] [INFO] DataLoader created with batch_size=32, num_workers=4
2025-11-16 20:44:54,977 DDP_Script [Rank 1] [INFO] local_steps=391, global_steps=391
2025-11-16 20:45:28,324 DDP_Script [Rank 1] [INFO] epoch 1 train step time: 33.35 seconds
2025-11-16 20:45:28,326 DDP_Script [Rank 1] [INFO] epoch 1 끝 (local_steps=391, global_steps=391)
2025-11-16 20:45:30,341 DDP_Script [Rank 1] [INFO] val acc 12.41%
2025-11-16 20:45:30,734 DDP_Script [Rank 1] [INFO] epoch 2 시작
2025-11-16 20:45:30,744 DDP_Script [Rank 1] [INFO] DataLoader created with batch_size=32, num_workers=4
2025-11-16 20:45:30,751 DDP_Script [Rank 1] [INFO] local_steps=391, global_steps=391
2025-11-16 20:46:03,387 DDP_Script [Rank 1] [INFO] epoch 2 train step time: 32.64 seconds
2025-11-16 20:46:03,400 DDP_Script [Rank 1] [INFO] epoch 2 끝 (local_steps=391, global_steps=391)
2025-11-16 20:46:05,115 DDP_Script [Rank 1] [INFO] val acc 18.90%
2025-11-16 20:46:05,577 DDP_Script [Rank 1] [INFO] epoch 3 시작
2025-11-16 20:46:05,590 DDP_Script [Rank 1] [INFO] DataLoader created with batch_size=32, num_workers=4
2025-11-16 20:46:05,598 DDP_Script [Rank 1] [INFO] local_steps=391, global_steps=391
2025-11-16 20:46:38,573 DDP_Script [Rank 1] [INFO] epoch 3 train step time: 32.97 seconds
2025-11-16 20:46:38,577 DDP_Script [Rank 1] [INFO] epoch 3 끝 (local_steps=391, global_steps=391)
2025-11-16 20:46:40,276 DDP_Script [Rank 1] [INFO] val acc 27.50%
2025-11-16 20:46:40,678 DDP_Script [Rank 1] [INFO] epoch 4 시작
2025-11-16 20:46:40,687 DDP_Script [Rank 1] [INFO] DataLoader created with batch_size=32, num_workers=4
2025-11-16 20:46:40,691 DDP_Script [Rank 1] [INFO] local_steps=391, global_steps=391
2025-11-16 20:47:13,310 DDP_Script [Rank 1] [INFO] epoch 4 train step time: 32.62 seconds
2025-11-16 20:47:13,323 DDP_Script [Rank 1] [INFO] epoch 4 끝 (local_steps=391, global_steps=391)
2025-11-16 20:47:15,054 DDP_Script [Rank 1] [INFO] val acc 31.59%
2025-11-16 20:47:15,450 DDP_Script [Rank 1] [INFO] epoch 5 시작
2025-11-16 20:47:15,459 DDP_Script [Rank 1] [INFO] DataLoader created with batch_size=32, num_workers=4
2025-11-16 20:47:15,468 DDP_Script [Rank 1] [INFO] local_steps=391, global_steps=391
2025-11-16 20:47:48,125 DDP_Script [Rank 1] [INFO] epoch 5 train step time: 32.66 seconds
2025-11-16 20:47:48,128 DDP_Script [Rank 1] [INFO] epoch 5 끝 (local_steps=391, global_steps=391)
2025-11-16 20:47:49,861 DDP_Script [Rank 1] [INFO] val acc 37.33%
2025-11-16 20:47:50,280 DDP_Script [Rank 1] [INFO] epoch 6 시작
2025-11-16 20:47:50,290 DDP_Script [Rank 1] [INFO] DataLoader created with batch_size=32, num_workers=4
2025-11-16 20:47:50,305 DDP_Script [Rank 1] [INFO] local_steps=391, global_steps=391
2025-11-16 20:48:22,995 DDP_Script [Rank 1] [INFO] epoch 6 train step time: 32.69 seconds
2025-11-16 20:48:23,007 DDP_Script [Rank 1] [INFO] epoch 6 끝 (local_steps=391, global_steps=391)
2025-11-16 20:48:24,765 DDP_Script [Rank 1] [INFO] val acc 42.90%
2025-11-16 20:48:25,156 DDP_Script [Rank 1] [INFO] epoch 7 시작
2025-11-16 20:48:25,166 DDP_Script [Rank 1] [INFO] DataLoader created with batch_size=32, num_workers=4
2025-11-16 20:48:25,169 DDP_Script [Rank 1] [INFO] local_steps=391, global_steps=391
2025-11-16 20:48:58,110 DDP_Script [Rank 1] [INFO] epoch 7 train step time: 32.94 seconds
2025-11-16 20:48:58,117 DDP_Script [Rank 1] [INFO] epoch 7 끝 (local_steps=391, global_steps=391)
2025-11-16 20:48:59,772 DDP_Script [Rank 1] [INFO] val acc 47.81%
2025-11-16 20:49:00,173 DDP_Script [Rank 1] [INFO] epoch 8 시작
2025-11-16 20:49:00,182 DDP_Script [Rank 1] [INFO] DataLoader created with batch_size=32, num_workers=4
2025-11-16 20:49:00,194 DDP_Script [Rank 1] [INFO] local_steps=391, global_steps=391
2025-11-16 20:49:33,060 DDP_Script [Rank 1] [INFO] epoch 8 train step time: 32.87 seconds
2025-11-16 20:49:33,065 DDP_Script [Rank 1] [INFO] epoch 8 끝 (local_steps=391, global_steps=391)
2025-11-16 20:49:34,900 DDP_Script [Rank 1] [INFO] val acc 49.52%
2025-11-16 20:49:35,341 DDP_Script [Rank 1] [INFO] epoch 9 시작
2025-11-16 20:49:35,350 DDP_Script [Rank 1] [INFO] DataLoader created with batch_size=32, num_workers=4
2025-11-16 20:49:35,360 DDP_Script [Rank 1] [INFO] local_steps=391, global_steps=391
2025-11-16 20:50:08,614 DDP_Script [Rank 1] [INFO] epoch 9 train step time: 33.25 seconds
2025-11-16 20:50:08,627 DDP_Script [Rank 1] [INFO] epoch 9 끝 (local_steps=391, global_steps=391)
2025-11-16 20:50:10,350 DDP_Script [Rank 1] [INFO] val acc 52.83%
2025-11-16 20:50:10,768 DDP_Script [Rank 1] [INFO] epoch 10 시작
2025-11-16 20:50:10,778 DDP_Script [Rank 1] [INFO] DataLoader created with batch_size=32, num_workers=4
2025-11-16 20:50:10,787 DDP_Script [Rank 1] [INFO] local_steps=391, global_steps=391
2025-11-16 20:50:43,957 DDP_Script [Rank 1] [INFO] epoch 10 train step time: 33.17 seconds
2025-11-16 20:50:43,963 DDP_Script [Rank 1] [INFO] epoch 10 끝 (local_steps=391, global_steps=391)
2025-11-16 20:50:45,741 DDP_Script [Rank 1] [INFO] val acc 56.02%
2025-11-16 20:50:46,166 DDP_Script [Rank 1] [INFO] epoch 11 시작
2025-11-16 20:50:46,176 DDP_Script [Rank 1] [INFO] DataLoader created with batch_size=32, num_workers=4
2025-11-16 20:50:46,184 DDP_Script [Rank 1] [INFO] local_steps=391, global_steps=391
2025-11-16 20:51:19,157 DDP_Script [Rank 1] [INFO] epoch 11 train step time: 32.97 seconds
2025-11-16 20:51:19,160 DDP_Script [Rank 1] [INFO] epoch 11 끝 (local_steps=391, global_steps=391)
2025-11-16 20:51:20,877 DDP_Script [Rank 1] [INFO] val acc 55.45%
2025-11-16 20:51:21,326 DDP_Script [Rank 1] [INFO] epoch 12 시작
2025-11-16 20:51:21,335 DDP_Script [Rank 1] [INFO] DataLoader created with batch_size=32, num_workers=4
2025-11-16 20:51:21,346 DDP_Script [Rank 1] [INFO] local_steps=391, global_steps=391
2025-11-16 20:51:54,350 DDP_Script [Rank 1] [INFO] epoch 12 train step time: 33.00 seconds
2025-11-16 20:51:54,361 DDP_Script [Rank 1] [INFO] epoch 12 끝 (local_steps=391, global_steps=391)
2025-11-16 20:51:56,043 DDP_Script [Rank 1] [INFO] val acc 57.94%
2025-11-16 20:51:56,456 DDP_Script [Rank 1] [INFO] epoch 13 시작
2025-11-16 20:51:56,465 DDP_Script [Rank 1] [INFO] DataLoader created with batch_size=32, num_workers=4
2025-11-16 20:51:56,470 DDP_Script [Rank 1] [INFO] local_steps=391, global_steps=391
2025-11-16 20:52:29,600 DDP_Script [Rank 1] [INFO] epoch 13 train step time: 33.13 seconds
2025-11-16 20:52:29,614 DDP_Script [Rank 1] [INFO] epoch 13 끝 (local_steps=391, global_steps=391)
2025-11-16 20:52:31,312 DDP_Script [Rank 1] [INFO] val acc 59.01%
2025-11-16 20:52:31,712 DDP_Script [Rank 1] [INFO] epoch 14 시작
2025-11-16 20:52:31,727 DDP_Script [Rank 1] [INFO] DataLoader created with batch_size=32, num_workers=4
2025-11-16 20:52:31,741 DDP_Script [Rank 1] [INFO] local_steps=391, global_steps=391
2025-11-16 20:53:04,587 DDP_Script [Rank 1] [INFO] epoch 14 train step time: 32.85 seconds
2025-11-16 20:53:04,621 DDP_Script [Rank 1] [INFO] epoch 14 끝 (local_steps=391, global_steps=391)
2025-11-16 20:53:06,400 DDP_Script [Rank 1] [INFO] val acc 60.57%
2025-11-16 20:53:06,806 DDP_Script [Rank 1] [INFO] epoch 15 시작
2025-11-16 20:53:06,815 DDP_Script [Rank 1] [INFO] DataLoader created with batch_size=32, num_workers=4
2025-11-16 20:53:06,821 DDP_Script [Rank 1] [INFO] local_steps=391, global_steps=391
2025-11-16 20:53:39,759 DDP_Script [Rank 1] [INFO] epoch 15 train step time: 32.94 seconds
2025-11-16 20:53:39,763 DDP_Script [Rank 1] [INFO] epoch 15 끝 (local_steps=391, global_steps=391)
2025-11-16 20:53:41,588 DDP_Script [Rank 1] [INFO] val acc 60.85%
2025-11-16 20:53:42,049 DDP_Script [Rank 1] [INFO] epoch 16 시작
2025-11-16 20:53:42,058 DDP_Script [Rank 1] [INFO] DataLoader created with batch_size=32, num_workers=4
2025-11-16 20:53:42,070 DDP_Script [Rank 1] [INFO] local_steps=391, global_steps=391
2025-11-16 20:54:15,093 DDP_Script [Rank 1] [INFO] epoch 16 train step time: 33.02 seconds
2025-11-16 20:54:15,095 DDP_Script [Rank 1] [INFO] epoch 16 끝 (local_steps=391, global_steps=391)
2025-11-16 20:54:16,815 DDP_Script [Rank 1] [INFO] val acc 60.67%
2025-11-16 20:54:17,239 DDP_Script [Rank 1] [INFO] epoch 17 시작
2025-11-16 20:54:17,249 DDP_Script [Rank 1] [INFO] DataLoader created with batch_size=32, num_workers=4
2025-11-16 20:54:17,264 DDP_Script [Rank 1] [INFO] local_steps=391, global_steps=391
2025-11-16 20:54:50,544 DDP_Script [Rank 1] [INFO] epoch 17 train step time: 33.28 seconds
2025-11-16 20:54:50,550 DDP_Script [Rank 1] [INFO] epoch 17 끝 (local_steps=391, global_steps=391)
2025-11-16 20:54:52,260 DDP_Script [Rank 1] [INFO] val acc 63.97%
2025-11-16 20:54:52,660 DDP_Script [Rank 1] [INFO] epoch 18 시작
2025-11-16 20:54:52,669 DDP_Script [Rank 1] [INFO] DataLoader created with batch_size=32, num_workers=4
2025-11-16 20:54:52,677 DDP_Script [Rank 1] [INFO] local_steps=391, global_steps=391
2025-11-16 20:55:25,630 DDP_Script [Rank 1] [INFO] epoch 18 train step time: 32.95 seconds
2025-11-16 20:55:25,645 DDP_Script [Rank 1] [INFO] epoch 18 끝 (local_steps=391, global_steps=391)
2025-11-16 20:55:27,348 DDP_Script [Rank 1] [INFO] val acc 62.93%
2025-11-16 20:55:27,753 DDP_Script [Rank 1] [INFO] epoch 19 시작
2025-11-16 20:55:27,762 DDP_Script [Rank 1] [INFO] DataLoader created with batch_size=32, num_workers=4
2025-11-16 20:55:27,767 DDP_Script [Rank 1] [INFO] local_steps=391, global_steps=391
2025-11-16 20:56:00,919 DDP_Script [Rank 1] [INFO] epoch 19 train step time: 33.15 seconds
2025-11-16 20:56:00,924 DDP_Script [Rank 1] [INFO] epoch 19 끝 (local_steps=391, global_steps=391)
2025-11-16 20:56:02,637 DDP_Script [Rank 1] [INFO] val acc 65.01%
2025-11-16 20:56:03,214 DDP_Script [Rank 1] [INFO] epoch 20 시작
2025-11-16 20:56:03,223 DDP_Script [Rank 1] [INFO] DataLoader created with batch_size=32, num_workers=4
2025-11-16 20:56:03,233 DDP_Script [Rank 1] [INFO] local_steps=391, global_steps=391
2025-11-16 20:56:36,100 DDP_Script [Rank 1] [INFO] epoch 20 train step time: 32.87 seconds
2025-11-16 20:56:36,103 DDP_Script [Rank 1] [INFO] epoch 20 끝 (local_steps=391, global_steps=391)
2025-11-16 20:56:37,867 DDP_Script [Rank 1] [INFO] val acc 65.87%
2025-11-16 20:56:38,262 DDP_Script [Rank 1] [INFO] Training loop finished.
