Current CUDA device index: 0
Current CUDA device name: NVIDIA RTX A5000
Master address: 163.180.160.62, port: 29515
2025-11-18 21:31:30,267 DDP_Script [Rank 1] [INFO] Node rank: 1, world size: 4
[Gloo] Rank 1 is connected to 3 peer ranks. Expected number of connected peer ranks is : 3
2025-11-18 21:31:30,879 DDP_Script [Rank 1] [INFO] Process group initialized: 163.180.160.62:29515
2025-11-18 21:31:30,879 DDP_Script [Rank 1] [INFO] Rank 1/4 initialized
Val sample labels: tensor([  1,  14,  30,  38,  51,  54,  61,  76,  77,  79,  98, 102, 103, 109,
        116, 118, 127, 135, 143, 144, 150, 153, 160, 164, 180, 181, 186, 190])
Train samples: 100000
Val   samples: 10000
/nas2/data/dlwmznzl1/anaconda3/envs/Dist2/lib/python3.9/site-packages/torchvision/models/_utils.py:208: UserWarning: The parameter 'pretrained' is deprecated since 0.13 and may be removed in the future, please use 'weights' instead.
  warnings.warn(
/nas2/data/dlwmznzl1/anaconda3/envs/Dist2/lib/python3.9/site-packages/torchvision/models/_utils.py:223: UserWarning: Arguments other than a weight enum or `None` for 'weights' are deprecated since 0.13 and may be removed in the future. The current behavior is equivalent to passing `weights=None`.
  warnings.warn(msg)
2025-11-18 21:31:32,536 DDP_Script [Rank 1] [INFO] Model, DDP, criterion, optimizer initialized
2025-11-18 21:31:32,562 DDP_Script [Rank 1] [INFO] Modules initialized
2025-11-18 21:31:32,562 DDP_Script [Rank 1] [INFO] Starting training from scratch (epoch 1).
2025-11-18 21:31:32,586 DDP_Script [Rank 1] [INFO] epoch 1 시작
2025-11-18 21:31:32,614 DDP_Script [Rank 1] [INFO] DataLoader created with batch_size=32, num_workers=4
2025-11-18 21:31:32,628 DDP_Script [Rank 1] [INFO] local_steps=782, global_steps=782
2025-11-18 21:33:28,896 DDP_Script [Rank 1] [INFO] epoch 1 train step time: 116.27 seconds
2025-11-18 21:33:28,911 DDP_Script [Rank 1] [INFO] epoch 1 끝 (local_steps=782, global_steps=782)
2025-11-18 21:33:32,022 DDP_Script [Rank 1] [INFO] val acc 11.46%
2025-11-18 21:33:33,315 DDP_Script [Rank 1] [INFO] epoch 2 시작
2025-11-18 21:33:33,330 DDP_Script [Rank 1] [INFO] DataLoader created with batch_size=32, num_workers=4
2025-11-18 21:33:33,335 DDP_Script [Rank 1] [INFO] local_steps=782, global_steps=782
2025-11-18 21:35:28,407 DDP_Script [Rank 1] [INFO] epoch 2 train step time: 115.07 seconds
2025-11-18 21:35:28,410 DDP_Script [Rank 1] [INFO] epoch 2 끝 (local_steps=782, global_steps=782)
2025-11-18 21:35:31,226 DDP_Script [Rank 1] [INFO] val acc 19.09%
2025-11-18 21:35:33,222 DDP_Script [Rank 1] [INFO] epoch 3 시작
2025-11-18 21:35:33,237 DDP_Script [Rank 1] [INFO] DataLoader created with batch_size=32, num_workers=4
2025-11-18 21:35:33,242 DDP_Script [Rank 1] [INFO] local_steps=782, global_steps=782
2025-11-18 21:37:29,686 DDP_Script [Rank 1] [INFO] epoch 3 train step time: 116.44 seconds
2025-11-18 21:37:29,690 DDP_Script [Rank 1] [INFO] epoch 3 끝 (local_steps=782, global_steps=782)
2025-11-18 21:37:32,933 DDP_Script [Rank 1] [INFO] val acc 26.10%
2025-11-18 21:37:33,885 DDP_Script [Rank 1] [INFO] epoch 4 시작
2025-11-18 21:37:33,901 DDP_Script [Rank 1] [INFO] DataLoader created with batch_size=32, num_workers=4
2025-11-18 21:37:33,906 DDP_Script [Rank 1] [INFO] local_steps=782, global_steps=782
2025-11-18 21:39:31,040 DDP_Script [Rank 1] [INFO] epoch 4 train step time: 117.13 seconds
2025-11-18 21:39:31,043 DDP_Script [Rank 1] [INFO] epoch 4 끝 (local_steps=782, global_steps=782)
2025-11-18 21:39:34,781 DDP_Script [Rank 1] [INFO] val acc 30.16%
2025-11-18 21:39:36,369 DDP_Script [Rank 1] [INFO] epoch 5 시작
2025-11-18 21:39:36,384 DDP_Script [Rank 1] [INFO] DataLoader created with batch_size=32, num_workers=4
2025-11-18 21:39:36,389 DDP_Script [Rank 1] [INFO] local_steps=782, global_steps=782
2025-11-18 21:41:32,039 DDP_Script [Rank 1] [INFO] epoch 5 train step time: 115.65 seconds
2025-11-18 21:41:32,044 DDP_Script [Rank 1] [INFO] epoch 5 끝 (local_steps=782, global_steps=782)
2025-11-18 21:41:35,033 DDP_Script [Rank 1] [INFO] val acc 34.22%
2025-11-18 21:41:36,743 DDP_Script [Rank 1] [INFO] epoch 6 시작
2025-11-18 21:41:36,758 DDP_Script [Rank 1] [INFO] DataLoader created with batch_size=32, num_workers=4
2025-11-18 21:41:36,764 DDP_Script [Rank 1] [INFO] local_steps=782, global_steps=782
2025-11-18 21:43:34,643 DDP_Script [Rank 1] [INFO] epoch 6 train step time: 117.88 seconds
2025-11-18 21:43:34,648 DDP_Script [Rank 1] [INFO] epoch 6 끝 (local_steps=782, global_steps=782)
2025-11-18 21:43:37,710 DDP_Script [Rank 1] [INFO] val acc 37.40%
2025-11-18 21:43:39,357 DDP_Script [Rank 1] [INFO] epoch 7 시작
2025-11-18 21:43:39,372 DDP_Script [Rank 1] [INFO] DataLoader created with batch_size=32, num_workers=4
2025-11-18 21:43:39,376 DDP_Script [Rank 1] [INFO] local_steps=782, global_steps=782
2025-11-18 21:45:36,130 DDP_Script [Rank 1] [INFO] epoch 7 train step time: 116.75 seconds
2025-11-18 21:45:36,146 DDP_Script [Rank 1] [INFO] epoch 7 끝 (local_steps=782, global_steps=782)
2025-11-18 21:45:39,510 DDP_Script [Rank 1] [INFO] val acc 40.47%
2025-11-18 21:45:41,443 DDP_Script [Rank 1] [INFO] epoch 8 시작
2025-11-18 21:45:41,458 DDP_Script [Rank 1] [INFO] DataLoader created with batch_size=32, num_workers=4
2025-11-18 21:45:41,464 DDP_Script [Rank 1] [INFO] local_steps=782, global_steps=782
2025-11-18 21:47:38,686 DDP_Script [Rank 1] [INFO] epoch 8 train step time: 117.22 seconds
2025-11-18 21:47:38,698 DDP_Script [Rank 1] [INFO] epoch 8 끝 (local_steps=782, global_steps=782)
2025-11-18 21:47:41,656 DDP_Script [Rank 1] [INFO] val acc 42.17%
2025-11-18 21:47:43,340 DDP_Script [Rank 1] [INFO] epoch 9 시작
2025-11-18 21:47:43,354 DDP_Script [Rank 1] [INFO] DataLoader created with batch_size=32, num_workers=4
2025-11-18 21:47:43,360 DDP_Script [Rank 1] [INFO] local_steps=782, global_steps=782
2025-11-18 21:49:39,532 DDP_Script [Rank 1] [INFO] epoch 9 train step time: 116.17 seconds
2025-11-18 21:49:39,548 DDP_Script [Rank 1] [INFO] epoch 9 끝 (local_steps=782, global_steps=782)
2025-11-18 21:49:42,301 DDP_Script [Rank 1] [INFO] val acc 45.36%
2025-11-18 21:49:44,770 DDP_Script [Rank 1] [INFO] epoch 10 시작
2025-11-18 21:49:44,785 DDP_Script [Rank 1] [INFO] DataLoader created with batch_size=32, num_workers=4
2025-11-18 21:49:44,790 DDP_Script [Rank 1] [INFO] local_steps=782, global_steps=782
2025-11-18 21:51:41,700 DDP_Script [Rank 1] [INFO] epoch 10 train step time: 116.91 seconds
2025-11-18 21:51:41,709 DDP_Script [Rank 1] [INFO] epoch 10 끝 (local_steps=782, global_steps=782)
2025-11-18 21:51:44,781 DDP_Script [Rank 1] [INFO] val acc 47.06%
2025-11-18 21:51:46,863 DDP_Script [Rank 1] [INFO] epoch 11 시작
2025-11-18 21:51:46,878 DDP_Script [Rank 1] [INFO] DataLoader created with batch_size=32, num_workers=4
2025-11-18 21:51:46,883 DDP_Script [Rank 1] [INFO] local_steps=782, global_steps=782
2025-11-18 21:53:45,745 DDP_Script [Rank 1] [INFO] epoch 11 train step time: 118.86 seconds
2025-11-18 21:53:45,755 DDP_Script [Rank 1] [INFO] epoch 11 끝 (local_steps=782, global_steps=782)
2025-11-18 21:53:49,098 DDP_Script [Rank 1] [INFO] val acc 48.29%
2025-11-18 21:53:51,228 DDP_Script [Rank 1] [INFO] epoch 12 시작
2025-11-18 21:53:51,243 DDP_Script [Rank 1] [INFO] DataLoader created with batch_size=32, num_workers=4
2025-11-18 21:53:51,286 DDP_Script [Rank 1] [INFO] local_steps=782, global_steps=782
2025-11-18 21:55:48,454 DDP_Script [Rank 1] [INFO] epoch 12 train step time: 117.17 seconds
2025-11-18 21:55:48,458 DDP_Script [Rank 1] [INFO] epoch 12 끝 (local_steps=782, global_steps=782)
2025-11-18 21:55:51,579 DDP_Script [Rank 1] [INFO] val acc 49.03%
2025-11-18 21:55:53,258 DDP_Script [Rank 1] [INFO] epoch 13 시작
2025-11-18 21:55:53,272 DDP_Script [Rank 1] [INFO] DataLoader created with batch_size=32, num_workers=4
2025-11-18 21:55:53,277 DDP_Script [Rank 1] [INFO] local_steps=782, global_steps=782
2025-11-18 21:57:51,212 DDP_Script [Rank 1] [INFO] epoch 13 train step time: 117.93 seconds
2025-11-18 21:57:51,225 DDP_Script [Rank 1] [INFO] epoch 13 끝 (local_steps=782, global_steps=782)
2025-11-18 21:57:54,178 DDP_Script [Rank 1] [INFO] val acc 50.01%
2025-11-18 21:57:55,818 DDP_Script [Rank 1] [INFO] epoch 14 시작
2025-11-18 21:57:55,832 DDP_Script [Rank 1] [INFO] DataLoader created with batch_size=32, num_workers=4
2025-11-18 21:57:55,838 DDP_Script [Rank 1] [INFO] local_steps=782, global_steps=782
2025-11-18 21:59:53,692 DDP_Script [Rank 1] [INFO] epoch 14 train step time: 117.85 seconds
2025-11-18 21:59:53,695 DDP_Script [Rank 1] [INFO] epoch 14 끝 (local_steps=782, global_steps=782)
2025-11-18 21:59:56,622 DDP_Script [Rank 1] [INFO] val acc 50.97%
2025-11-18 22:00:02,384 DDP_Script [Rank 1] [INFO] epoch 15 시작
2025-11-18 22:00:02,398 DDP_Script [Rank 1] [INFO] DataLoader created with batch_size=32, num_workers=4
2025-11-18 22:00:02,403 DDP_Script [Rank 1] [INFO] local_steps=782, global_steps=782
2025-11-18 22:02:02,450 DDP_Script [Rank 1] [INFO] epoch 15 train step time: 120.05 seconds
2025-11-18 22:02:02,455 DDP_Script [Rank 1] [INFO] epoch 15 끝 (local_steps=782, global_steps=782)
2025-11-18 22:02:05,719 DDP_Script [Rank 1] [INFO] val acc 51.51%
2025-11-18 22:02:06,513 DDP_Script [Rank 1] [INFO] epoch 16 시작
2025-11-18 22:02:06,528 DDP_Script [Rank 1] [INFO] DataLoader created with batch_size=32, num_workers=4
2025-11-18 22:02:06,533 DDP_Script [Rank 1] [INFO] local_steps=782, global_steps=782
2025-11-18 22:04:02,374 DDP_Script [Rank 1] [INFO] epoch 16 train step time: 115.84 seconds
2025-11-18 22:04:02,378 DDP_Script [Rank 1] [INFO] epoch 16 끝 (local_steps=782, global_steps=782)
2025-11-18 22:04:05,890 DDP_Script [Rank 1] [INFO] val acc 52.57%
2025-11-18 22:04:09,894 DDP_Script [Rank 1] [INFO] epoch 17 시작
2025-11-18 22:04:09,909 DDP_Script [Rank 1] [INFO] DataLoader created with batch_size=32, num_workers=4
2025-11-18 22:04:09,914 DDP_Script [Rank 1] [INFO] local_steps=782, global_steps=782
2025-11-18 22:06:06,888 DDP_Script [Rank 1] [INFO] epoch 17 train step time: 116.97 seconds
2025-11-18 22:06:06,894 DDP_Script [Rank 1] [INFO] epoch 17 끝 (local_steps=782, global_steps=782)
2025-11-18 22:06:09,818 DDP_Script [Rank 1] [INFO] val acc 53.82%
2025-11-18 22:06:11,800 DDP_Script [Rank 1] [INFO] epoch 18 시작
2025-11-18 22:06:11,815 DDP_Script [Rank 1] [INFO] DataLoader created with batch_size=32, num_workers=4
2025-11-18 22:06:11,820 DDP_Script [Rank 1] [INFO] local_steps=782, global_steps=782
2025-11-18 22:08:11,380 DDP_Script [Rank 1] [INFO] epoch 18 train step time: 119.56 seconds
2025-11-18 22:08:11,392 DDP_Script [Rank 1] [INFO] epoch 18 끝 (local_steps=782, global_steps=782)
2025-11-18 22:08:14,556 DDP_Script [Rank 1] [INFO] val acc 53.15%
2025-11-18 22:08:17,058 DDP_Script [Rank 1] [INFO] epoch 19 시작
2025-11-18 22:08:17,072 DDP_Script [Rank 1] [INFO] DataLoader created with batch_size=32, num_workers=4
2025-11-18 22:08:17,077 DDP_Script [Rank 1] [INFO] local_steps=782, global_steps=782
2025-11-18 22:10:14,349 DDP_Script [Rank 1] [INFO] epoch 19 train step time: 117.27 seconds
2025-11-18 22:10:14,360 DDP_Script [Rank 1] [INFO] epoch 19 끝 (local_steps=782, global_steps=782)
2025-11-18 22:10:17,333 DDP_Script [Rank 1] [INFO] val acc 53.73%
2025-11-18 22:10:18,971 DDP_Script [Rank 1] [INFO] epoch 20 시작
2025-11-18 22:10:18,979 DDP_Script [Rank 1] [INFO] DataLoader created with batch_size=32, num_workers=4
2025-11-18 22:10:18,992 DDP_Script [Rank 1] [INFO] local_steps=782, global_steps=782
2025-11-18 22:12:16,144 DDP_Script [Rank 1] [INFO] epoch 20 train step time: 117.15 seconds
2025-11-18 22:12:16,147 DDP_Script [Rank 1] [INFO] epoch 20 끝 (local_steps=782, global_steps=782)
2025-11-18 22:12:19,341 DDP_Script [Rank 1] [INFO] val acc 54.62%
2025-11-18 22:12:20,946 DDP_Script [Rank 1] [INFO] Training loop finished.
