Current CUDA device index: 0
Current CUDA device name: NVIDIA RTX A5000
Master address: 163.180.160.60, port: 29517
2025-11-14 21:29:10,927 DDP_Script [Rank 0] [INFO] Node rank: 0, world size: 1
[Gloo] Rank 0 is connected to 0 peer ranks. Expected number of connected peer ranks is : 0
2025-11-14 21:29:10,934 DDP_Script [Rank 0] [INFO] Process group initialized: 163.180.160.60:29517
2025-11-14 21:29:10,934 DDP_Script [Rank 0] [INFO] Rank 0/1 initialized
/nas2/data/dlwmznzl1/anaconda3/envs/Dist2/lib/python3.9/site-packages/torchvision/models/_utils.py:208: UserWarning: The parameter 'pretrained' is deprecated since 0.13 and may be removed in the future, please use 'weights' instead.
  warnings.warn(
/nas2/data/dlwmznzl1/anaconda3/envs/Dist2/lib/python3.9/site-packages/torchvision/models/_utils.py:223: UserWarning: Arguments other than a weight enum or `None` for 'weights' are deprecated since 0.13 and may be removed in the future. The current behavior is equivalent to passing `weights=None`.
  warnings.warn(msg)
2025-11-14 21:29:12,675 DDP_Script [Rank 0] [INFO] Model, DDP, criterion, optimizer initialized
2025-11-14 21:29:12,695 DDP_Script [Rank 0] [INFO] Modules initialized
2025-11-14 21:29:12,697 DDP_Script [Rank 0] [INFO] Checkpoint directory created: ./checkpoints/job-1701bf4b963a
2025-11-14 21:29:12,697 DDP_Script [Rank 0] [INFO] Starting training from scratch (epoch 1).
2025-11-14 21:29:12,697 DDP_Script [Rank 0] [INFO] epoch 1 시작
2025-11-14 21:29:12,740 DDP_Script [Rank 0] [INFO] DataLoader created with batch_size=128, num_workers=4
2025-11-14 21:29:12,743 DDP_Script [Rank 0] [INFO] 모든 노드 중 max_steps = 391
2025-11-14 21:29:12,743 DDP_Script [Rank 0] [INFO] local_steps=391, global_steps=391
2025-11-14 21:30:00,145 DDP_Script [Rank 0] [INFO] epoch 1 train step time: 47.40 seconds
2025-11-14 21:30:00,147 DDP_Script [Rank 0] [INFO] epoch 1 끝 (local_steps=391, global_steps=391)
2025-11-14 21:30:06,643 DDP_Script [Rank 0] [INFO] val acc 12.57%
2025-11-14 21:30:07,055 DDP_Script [Rank 0] [INFO] Saving checkpoint to ./checkpoints/job-1701bf4b963a/latest_checkpoint.pth ...
2025-11-14 21:30:13,270 DDP_Script [Rank 0] [INFO] Successfully reported epoch 1/20 (Acc: 12.57%) to global server.
2025-11-14 21:30:13,272 DDP_Script [Rank 0] [INFO] epoch 2 시작
2025-11-14 21:30:13,299 DDP_Script [Rank 0] [INFO] DataLoader created with batch_size=128, num_workers=4
2025-11-14 21:30:13,300 DDP_Script [Rank 0] [INFO] 모든 노드 중 max_steps = 391
2025-11-14 21:30:13,300 DDP_Script [Rank 0] [INFO] local_steps=391, global_steps=391
2025-11-14 21:31:01,743 DDP_Script [Rank 0] [INFO] epoch 2 train step time: 48.44 seconds
2025-11-14 21:31:01,744 DDP_Script [Rank 0] [INFO] epoch 2 끝 (local_steps=391, global_steps=391)
2025-11-14 21:31:08,332 DDP_Script [Rank 0] [INFO] val acc 17.14%
2025-11-14 21:31:08,348 DDP_Script [Rank 0] [INFO] Saving checkpoint to ./checkpoints/job-1701bf4b963a/latest_checkpoint.pth ...
2025-11-14 21:31:10,269 DDP_Script [Rank 0] [INFO] Successfully reported epoch 2/20 (Acc: 17.14%) to global server.
2025-11-14 21:31:10,270 DDP_Script [Rank 0] [INFO] epoch 3 시작
2025-11-14 21:31:10,300 DDP_Script [Rank 0] [INFO] DataLoader created with batch_size=128, num_workers=4
2025-11-14 21:31:10,301 DDP_Script [Rank 0] [INFO] 모든 노드 중 max_steps = 391
2025-11-14 21:31:10,301 DDP_Script [Rank 0] [INFO] local_steps=391, global_steps=391
2025-11-14 21:31:59,015 DDP_Script [Rank 0] [INFO] epoch 3 train step time: 48.71 seconds
2025-11-14 21:31:59,016 DDP_Script [Rank 0] [INFO] epoch 3 끝 (local_steps=391, global_steps=391)
2025-11-14 21:32:05,816 DDP_Script [Rank 0] [INFO] val acc 24.04%
2025-11-14 21:32:05,852 DDP_Script [Rank 0] [INFO] Saving checkpoint to ./checkpoints/job-1701bf4b963a/latest_checkpoint.pth ...
2025-11-14 21:32:12,748 DDP_Script [Rank 0] [INFO] Successfully reported epoch 3/20 (Acc: 24.04%) to global server.
2025-11-14 21:32:12,751 DDP_Script [Rank 0] [INFO] epoch 4 시작
2025-11-14 21:32:12,774 DDP_Script [Rank 0] [INFO] DataLoader created with batch_size=128, num_workers=4
2025-11-14 21:32:12,777 DDP_Script [Rank 0] [INFO] 모든 노드 중 max_steps = 391
2025-11-14 21:32:12,777 DDP_Script [Rank 0] [INFO] local_steps=391, global_steps=391
2025-11-14 21:33:01,051 DDP_Script [Rank 0] [INFO] epoch 4 train step time: 48.27 seconds
2025-11-14 21:33:01,052 DDP_Script [Rank 0] [INFO] epoch 4 끝 (local_steps=391, global_steps=391)
2025-11-14 21:33:08,595 DDP_Script [Rank 0] [INFO] val acc 29.82%
2025-11-14 21:33:08,622 DDP_Script [Rank 0] [INFO] Saving checkpoint to ./checkpoints/job-1701bf4b963a/latest_checkpoint.pth ...
2025-11-14 21:33:13,411 DDP_Script [Rank 0] [INFO] Successfully reported epoch 4/20 (Acc: 29.82%) to global server.
2025-11-14 21:33:13,413 DDP_Script [Rank 0] [INFO] epoch 5 시작
2025-11-14 21:33:13,434 DDP_Script [Rank 0] [INFO] DataLoader created with batch_size=128, num_workers=4
2025-11-14 21:33:13,441 DDP_Script [Rank 0] [INFO] 모든 노드 중 max_steps = 391
2025-11-14 21:33:13,441 DDP_Script [Rank 0] [INFO] local_steps=391, global_steps=391
2025-11-14 21:34:02,249 DDP_Script [Rank 0] [INFO] epoch 5 train step time: 48.81 seconds
2025-11-14 21:34:02,250 DDP_Script [Rank 0] [INFO] epoch 5 끝 (local_steps=391, global_steps=391)
2025-11-14 21:34:09,317 DDP_Script [Rank 0] [INFO] val acc 35.79%
2025-11-14 21:34:09,780 DDP_Script [Rank 0] [INFO] Saving checkpoint to ./checkpoints/job-1701bf4b963a/latest_checkpoint.pth ...
2025-11-14 21:34:15,378 DDP_Script [Rank 0] [INFO] Successfully reported epoch 5/20 (Acc: 35.79%) to global server.
2025-11-14 21:34:15,380 DDP_Script [Rank 0] [INFO] epoch 6 시작
2025-11-14 21:34:15,403 DDP_Script [Rank 0] [INFO] DataLoader created with batch_size=128, num_workers=4
2025-11-14 21:34:15,405 DDP_Script [Rank 0] [INFO] 모든 노드 중 max_steps = 391
2025-11-14 21:34:15,405 DDP_Script [Rank 0] [INFO] local_steps=391, global_steps=391
2025-11-14 21:35:04,113 DDP_Script [Rank 0] [INFO] epoch 6 train step time: 48.71 seconds
2025-11-14 21:35:04,114 DDP_Script [Rank 0] [INFO] epoch 6 끝 (local_steps=391, global_steps=391)
2025-11-14 21:35:10,522 DDP_Script [Rank 0] [INFO] val acc 39.49%
2025-11-14 21:35:10,538 DDP_Script [Rank 0] [INFO] Saving checkpoint to ./checkpoints/job-1701bf4b963a/latest_checkpoint.pth ...
2025-11-14 21:35:12,590 DDP_Script [Rank 0] [INFO] Successfully reported epoch 6/20 (Acc: 39.49%) to global server.
2025-11-14 21:35:12,593 DDP_Script [Rank 0] [INFO] epoch 7 시작
2025-11-14 21:35:12,614 DDP_Script [Rank 0] [INFO] DataLoader created with batch_size=128, num_workers=4
2025-11-14 21:35:12,616 DDP_Script [Rank 0] [INFO] 모든 노드 중 max_steps = 391
2025-11-14 21:35:12,616 DDP_Script [Rank 0] [INFO] local_steps=391, global_steps=391
2025-11-14 21:36:00,563 DDP_Script [Rank 0] [INFO] epoch 7 train step time: 47.95 seconds
2025-11-14 21:36:00,565 DDP_Script [Rank 0] [INFO] epoch 7 끝 (local_steps=391, global_steps=391)
2025-11-14 21:36:06,898 DDP_Script [Rank 0] [INFO] val acc 44.52%
2025-11-14 21:36:08,404 DDP_Script [Rank 0] [INFO] Saving checkpoint to ./checkpoints/job-1701bf4b963a/latest_checkpoint.pth ...
2025-11-14 21:36:14,729 DDP_Script [Rank 0] [INFO] Successfully reported epoch 7/20 (Acc: 44.52%) to global server.
2025-11-14 21:36:14,730 DDP_Script [Rank 0] [INFO] epoch 8 시작
2025-11-14 21:36:14,766 DDP_Script [Rank 0] [INFO] DataLoader created with batch_size=128, num_workers=4
2025-11-14 21:36:14,768 DDP_Script [Rank 0] [INFO] 모든 노드 중 max_steps = 391
2025-11-14 21:36:14,768 DDP_Script [Rank 0] [INFO] local_steps=391, global_steps=391
2025-11-14 21:37:03,437 DDP_Script [Rank 0] [INFO] epoch 8 train step time: 48.67 seconds
2025-11-14 21:37:03,438 DDP_Script [Rank 0] [INFO] epoch 8 끝 (local_steps=391, global_steps=391)
2025-11-14 21:37:09,848 DDP_Script [Rank 0] [INFO] val acc 47.53%
2025-11-14 21:37:09,883 DDP_Script [Rank 0] [INFO] Saving checkpoint to ./checkpoints/job-1701bf4b963a/latest_checkpoint.pth ...
2025-11-14 21:37:17,705 DDP_Script [Rank 0] [INFO] Successfully reported epoch 8/20 (Acc: 47.53%) to global server.
2025-11-14 21:37:17,706 DDP_Script [Rank 0] [INFO] epoch 9 시작
2025-11-14 21:37:17,734 DDP_Script [Rank 0] [INFO] DataLoader created with batch_size=128, num_workers=4
2025-11-14 21:37:17,736 DDP_Script [Rank 0] [INFO] 모든 노드 중 max_steps = 391
2025-11-14 21:37:17,736 DDP_Script [Rank 0] [INFO] local_steps=391, global_steps=391
2025-11-14 21:38:06,077 DDP_Script [Rank 0] [INFO] epoch 9 train step time: 48.34 seconds
2025-11-14 21:38:06,079 DDP_Script [Rank 0] [INFO] epoch 9 끝 (local_steps=391, global_steps=391)
2025-11-14 21:38:12,684 DDP_Script [Rank 0] [INFO] val acc 49.29%
2025-11-14 21:38:12,864 DDP_Script [Rank 0] [INFO] Saving checkpoint to ./checkpoints/job-1701bf4b963a/latest_checkpoint.pth ...
2025-11-14 21:38:26,015 DDP_Script [Rank 0] [INFO] Successfully reported epoch 9/20 (Acc: 49.29%) to global server.
2025-11-14 21:38:26,017 DDP_Script [Rank 0] [INFO] epoch 10 시작
2025-11-14 21:38:26,043 DDP_Script [Rank 0] [INFO] DataLoader created with batch_size=128, num_workers=4
2025-11-14 21:38:26,045 DDP_Script [Rank 0] [INFO] 모든 노드 중 max_steps = 391
2025-11-14 21:38:26,045 DDP_Script [Rank 0] [INFO] local_steps=391, global_steps=391
2025-11-14 21:39:14,821 DDP_Script [Rank 0] [INFO] epoch 10 train step time: 48.78 seconds
2025-11-14 21:39:14,823 DDP_Script [Rank 0] [INFO] epoch 10 끝 (local_steps=391, global_steps=391)
2025-11-14 21:39:21,577 DDP_Script [Rank 0] [INFO] val acc 53.08%
2025-11-14 21:39:21,600 DDP_Script [Rank 0] [INFO] Saving checkpoint to ./checkpoints/job-1701bf4b963a/latest_checkpoint.pth ...
2025-11-14 21:39:24,093 DDP_Script [Rank 0] [INFO] Successfully reported epoch 10/20 (Acc: 53.08%) to global server.
2025-11-14 21:39:24,100 DDP_Script [Rank 0] [INFO] epoch 11 시작
2025-11-14 21:39:24,138 DDP_Script [Rank 0] [INFO] DataLoader created with batch_size=128, num_workers=4
2025-11-14 21:39:24,169 DDP_Script [Rank 0] [INFO] 모든 노드 중 max_steps = 391
2025-11-14 21:39:24,170 DDP_Script [Rank 0] [INFO] local_steps=391, global_steps=391
2025-11-14 21:40:12,304 DDP_Script [Rank 0] [INFO] epoch 11 train step time: 48.13 seconds
2025-11-14 21:40:12,305 DDP_Script [Rank 0] [INFO] epoch 11 끝 (local_steps=391, global_steps=391)
2025-11-14 21:40:18,734 DDP_Script [Rank 0] [INFO] val acc 54.85%
2025-11-14 21:40:18,760 DDP_Script [Rank 0] [INFO] Saving checkpoint to ./checkpoints/job-1701bf4b963a/latest_checkpoint.pth ...
2025-11-14 21:40:21,009 DDP_Script [Rank 0] [INFO] Successfully reported epoch 11/20 (Acc: 54.85%) to global server.
2025-11-14 21:40:21,011 DDP_Script [Rank 0] [INFO] epoch 12 시작
2025-11-14 21:40:21,029 DDP_Script [Rank 0] [INFO] DataLoader created with batch_size=128, num_workers=4
2025-11-14 21:40:21,031 DDP_Script [Rank 0] [INFO] 모든 노드 중 max_steps = 391
2025-11-14 21:40:21,031 DDP_Script [Rank 0] [INFO] local_steps=391, global_steps=391
2025-11-14 21:41:09,935 DDP_Script [Rank 0] [INFO] epoch 12 train step time: 48.90 seconds
2025-11-14 21:41:09,936 DDP_Script [Rank 0] [INFO] epoch 12 끝 (local_steps=391, global_steps=391)
2025-11-14 21:41:16,501 DDP_Script [Rank 0] [INFO] val acc 57.18%
2025-11-14 21:41:16,523 DDP_Script [Rank 0] [INFO] Saving checkpoint to ./checkpoints/job-1701bf4b963a/latest_checkpoint.pth ...
2025-11-14 21:41:17,880 DDP_Script [Rank 0] [INFO] Successfully reported epoch 12/20 (Acc: 57.18%) to global server.
2025-11-14 21:41:17,882 DDP_Script [Rank 0] [INFO] epoch 13 시작
2025-11-14 21:41:17,901 DDP_Script [Rank 0] [INFO] DataLoader created with batch_size=128, num_workers=4
2025-11-14 21:41:17,903 DDP_Script [Rank 0] [INFO] 모든 노드 중 max_steps = 391
2025-11-14 21:41:17,903 DDP_Script [Rank 0] [INFO] local_steps=391, global_steps=391
2025-11-14 21:42:06,838 DDP_Script [Rank 0] [INFO] epoch 13 train step time: 48.93 seconds
2025-11-14 21:42:06,840 DDP_Script [Rank 0] [INFO] epoch 13 끝 (local_steps=391, global_steps=391)
2025-11-14 21:42:13,380 DDP_Script [Rank 0] [INFO] val acc 57.35%
2025-11-14 21:42:14,565 DDP_Script [Rank 0] [INFO] Saving checkpoint to ./checkpoints/job-1701bf4b963a/latest_checkpoint.pth ...
2025-11-14 21:42:17,548 DDP_Script [Rank 0] [INFO] Successfully reported epoch 13/20 (Acc: 57.35%) to global server.
2025-11-14 21:42:17,550 DDP_Script [Rank 0] [INFO] epoch 14 시작
2025-11-14 21:42:17,578 DDP_Script [Rank 0] [INFO] DataLoader created with batch_size=128, num_workers=4
2025-11-14 21:42:17,580 DDP_Script [Rank 0] [INFO] 모든 노드 중 max_steps = 391
2025-11-14 21:42:17,580 DDP_Script [Rank 0] [INFO] local_steps=391, global_steps=391
2025-11-14 21:43:05,181 DDP_Script [Rank 0] [INFO] epoch 14 train step time: 47.60 seconds
2025-11-14 21:43:05,182 DDP_Script [Rank 0] [INFO] epoch 14 끝 (local_steps=391, global_steps=391)
2025-11-14 21:43:11,832 DDP_Script [Rank 0] [INFO] val acc 60.37%
2025-11-14 21:43:11,925 DDP_Script [Rank 0] [INFO] Saving checkpoint to ./checkpoints/job-1701bf4b963a/latest_checkpoint.pth ...
2025-11-14 21:43:13,709 DDP_Script [Rank 0] [INFO] Successfully reported epoch 14/20 (Acc: 60.37%) to global server.
2025-11-14 21:43:13,710 DDP_Script [Rank 0] [INFO] epoch 15 시작
2025-11-14 21:43:13,740 DDP_Script [Rank 0] [INFO] DataLoader created with batch_size=128, num_workers=4
2025-11-14 21:43:13,742 DDP_Script [Rank 0] [INFO] 모든 노드 중 max_steps = 391
2025-11-14 21:43:13,742 DDP_Script [Rank 0] [INFO] local_steps=391, global_steps=391
2025-11-14 21:44:02,589 DDP_Script [Rank 0] [INFO] epoch 15 train step time: 48.85 seconds
2025-11-14 21:44:02,590 DDP_Script [Rank 0] [INFO] epoch 15 끝 (local_steps=391, global_steps=391)
2025-11-14 21:44:08,968 DDP_Script [Rank 0] [INFO] val acc 58.67%
2025-11-14 21:44:08,997 DDP_Script [Rank 0] [INFO] Saving checkpoint to ./checkpoints/job-1701bf4b963a/latest_checkpoint.pth ...
2025-11-14 21:44:16,889 DDP_Script [Rank 0] [INFO] Successfully reported epoch 15/20 (Acc: 58.67%) to global server.
2025-11-14 21:44:16,891 DDP_Script [Rank 0] [INFO] epoch 16 시작
2025-11-14 21:44:16,913 DDP_Script [Rank 0] [INFO] DataLoader created with batch_size=128, num_workers=4
2025-11-14 21:44:16,916 DDP_Script [Rank 0] [INFO] 모든 노드 중 max_steps = 391
2025-11-14 21:44:16,916 DDP_Script [Rank 0] [INFO] local_steps=391, global_steps=391
2025-11-14 21:45:05,745 DDP_Script [Rank 0] [INFO] epoch 16 train step time: 48.83 seconds
2025-11-14 21:45:05,746 DDP_Script [Rank 0] [INFO] epoch 16 끝 (local_steps=391, global_steps=391)
2025-11-14 21:45:12,561 DDP_Script [Rank 0] [INFO] val acc 61.70%
2025-11-14 21:45:12,582 DDP_Script [Rank 0] [INFO] Saving checkpoint to ./checkpoints/job-1701bf4b963a/latest_checkpoint.pth ...
2025-11-14 21:45:15,240 DDP_Script [Rank 0] [INFO] Successfully reported epoch 16/20 (Acc: 61.70%) to global server.
2025-11-14 21:45:15,242 DDP_Script [Rank 0] [INFO] epoch 17 시작
2025-11-14 21:45:15,266 DDP_Script [Rank 0] [INFO] DataLoader created with batch_size=128, num_workers=4
2025-11-14 21:45:15,267 DDP_Script [Rank 0] [INFO] 모든 노드 중 max_steps = 391
2025-11-14 21:45:15,268 DDP_Script [Rank 0] [INFO] local_steps=391, global_steps=391
2025-11-14 21:46:04,112 DDP_Script [Rank 0] [INFO] epoch 17 train step time: 48.84 seconds
2025-11-14 21:46:04,113 DDP_Script [Rank 0] [INFO] epoch 17 끝 (local_steps=391, global_steps=391)
2025-11-14 21:46:10,488 DDP_Script [Rank 0] [INFO] val acc 62.51%
2025-11-14 21:46:10,523 DDP_Script [Rank 0] [INFO] Saving checkpoint to ./checkpoints/job-1701bf4b963a/latest_checkpoint.pth ...
2025-11-14 21:46:12,591 DDP_Script [Rank 0] [INFO] Successfully reported epoch 17/20 (Acc: 62.51%) to global server.
2025-11-14 21:46:12,592 DDP_Script [Rank 0] [INFO] epoch 18 시작
2025-11-14 21:46:12,614 DDP_Script [Rank 0] [INFO] DataLoader created with batch_size=128, num_workers=4
2025-11-14 21:46:12,616 DDP_Script [Rank 0] [INFO] 모든 노드 중 max_steps = 391
2025-11-14 21:46:12,616 DDP_Script [Rank 0] [INFO] local_steps=391, global_steps=391
2025-11-14 21:47:01,595 DDP_Script [Rank 0] [INFO] epoch 18 train step time: 48.98 seconds
2025-11-14 21:47:01,597 DDP_Script [Rank 0] [INFO] epoch 18 끝 (local_steps=391, global_steps=391)
2025-11-14 21:47:08,103 DDP_Script [Rank 0] [INFO] val acc 62.33%
2025-11-14 21:47:08,125 DDP_Script [Rank 0] [INFO] Saving checkpoint to ./checkpoints/job-1701bf4b963a/latest_checkpoint.pth ...
2025-11-14 21:47:10,233 DDP_Script [Rank 0] [INFO] Successfully reported epoch 18/20 (Acc: 62.33%) to global server.
2025-11-14 21:47:10,235 DDP_Script [Rank 0] [INFO] epoch 19 시작
2025-11-14 21:47:10,255 DDP_Script [Rank 0] [INFO] DataLoader created with batch_size=128, num_workers=4
2025-11-14 21:47:10,257 DDP_Script [Rank 0] [INFO] 모든 노드 중 max_steps = 391
2025-11-14 21:47:10,258 DDP_Script [Rank 0] [INFO] local_steps=391, global_steps=391
2025-11-14 21:47:58,753 DDP_Script [Rank 0] [INFO] epoch 19 train step time: 48.50 seconds
2025-11-14 21:47:58,755 DDP_Script [Rank 0] [INFO] epoch 19 끝 (local_steps=391, global_steps=391)
2025-11-14 21:48:05,115 DDP_Script [Rank 0] [INFO] val acc 63.15%
2025-11-14 21:48:05,141 DDP_Script [Rank 0] [INFO] Saving checkpoint to ./checkpoints/job-1701bf4b963a/latest_checkpoint.pth ...
2025-11-14 21:48:07,618 DDP_Script [Rank 0] [INFO] Successfully reported epoch 19/20 (Acc: 63.15%) to global server.
2025-11-14 21:48:07,619 DDP_Script [Rank 0] [INFO] epoch 20 시작
2025-11-14 21:48:07,642 DDP_Script [Rank 0] [INFO] DataLoader created with batch_size=128, num_workers=4
2025-11-14 21:48:07,644 DDP_Script [Rank 0] [INFO] 모든 노드 중 max_steps = 391
2025-11-14 21:48:07,644 DDP_Script [Rank 0] [INFO] local_steps=391, global_steps=391
2025-11-14 21:48:55,766 DDP_Script [Rank 0] [INFO] epoch 20 train step time: 48.12 seconds
2025-11-14 21:48:55,768 DDP_Script [Rank 0] [INFO] epoch 20 끝 (local_steps=391, global_steps=391)
2025-11-14 21:49:02,513 DDP_Script [Rank 0] [INFO] val acc 64.55%
2025-11-14 21:49:02,540 DDP_Script [Rank 0] [INFO] Saving checkpoint to ./checkpoints/job-1701bf4b963a/latest_checkpoint.pth ...
2025-11-14 21:49:05,042 DDP_Script [Rank 0] [INFO] Successfully reported epoch 20/20 (Acc: 64.55%) to global server.
2025-11-14 21:49:05,044 DDP_Script [Rank 0] [INFO] Training completed successfully.
2025-11-14 21:49:05,045 DDP_Script [Rank 0] [INFO] Training loop finished.
