Current CUDA device index: 0
Current CUDA device name: NVIDIA RTX A5000
Master address: 163.180.160.62, port: 29517
2025-11-19 00:31:57,786 DDP_Script [Rank 1] [INFO] Node rank: 1, world size: 4
[Gloo] Rank 1 is connected to 3 peer ranks. Expected number of connected peer ranks is : 3
2025-11-19 00:32:00,845 DDP_Script [Rank 1] [INFO] Process group initialized: 163.180.160.62:29517
2025-11-19 00:32:00,846 DDP_Script [Rank 1] [INFO] Rank 1/4 initialized
Val sample labels: tensor([  1,  14,  30,  38,  51,  54,  61,  76,  77,  79,  98, 102, 103, 109,
        116, 118, 127, 135, 143, 144, 150, 153, 160, 164, 180, 181, 186, 190])
Train samples: 100000
Val   samples: 10000
/nas2/data/dlwmznzl1/anaconda3/envs/Dist2/lib/python3.9/site-packages/torchvision/models/_utils.py:208: UserWarning: The parameter 'pretrained' is deprecated since 0.13 and may be removed in the future, please use 'weights' instead.
  warnings.warn(
/nas2/data/dlwmznzl1/anaconda3/envs/Dist2/lib/python3.9/site-packages/torchvision/models/_utils.py:223: UserWarning: Arguments other than a weight enum or `None` for 'weights' are deprecated since 0.13 and may be removed in the future. The current behavior is equivalent to passing `weights=None`.
  warnings.warn(msg)
2025-11-19 00:32:04,440 DDP_Script [Rank 1] [INFO] Model, DDP, criterion, optimizer initialized
2025-11-19 00:32:04,467 DDP_Script [Rank 1] [INFO] Modules initialized
2025-11-19 00:32:04,467 DDP_Script [Rank 1] [INFO] Starting training from scratch (epoch 1).
2025-11-19 00:32:04,484 DDP_Script [Rank 1] [INFO] epoch 1 시작
2025-11-19 00:32:04,494 DDP_Script [Rank 1] [INFO] DataLoader created with batch_size=32, num_workers=4
2025-11-19 00:32:04,521 DDP_Script [Rank 1] [INFO] local_steps=782, global_steps=782
2025-11-19 00:34:03,036 DDP_Script [Rank 1] [INFO] epoch 1 train step time: 118.51 seconds
2025-11-19 00:34:03,048 DDP_Script [Rank 1] [INFO] epoch 1 끝 (local_steps=782, global_steps=782)
2025-11-19 00:34:06,263 DDP_Script [Rank 1] [INFO] val acc 8.90%
2025-11-19 00:34:07,836 DDP_Script [Rank 1] [INFO] epoch 2 시작
2025-11-19 00:34:07,852 DDP_Script [Rank 1] [INFO] DataLoader created with batch_size=32, num_workers=4
2025-11-19 00:34:07,861 DDP_Script [Rank 1] [INFO] local_steps=782, global_steps=782
2025-11-19 00:36:03,159 DDP_Script [Rank 1] [INFO] epoch 2 train step time: 115.30 seconds
2025-11-19 00:36:03,164 DDP_Script [Rank 1] [INFO] epoch 2 끝 (local_steps=782, global_steps=782)
2025-11-19 00:36:06,212 DDP_Script [Rank 1] [INFO] val acc 18.02%
2025-11-19 00:36:08,275 DDP_Script [Rank 1] [INFO] epoch 3 시작
2025-11-19 00:36:08,290 DDP_Script [Rank 1] [INFO] DataLoader created with batch_size=32, num_workers=4
2025-11-19 00:36:08,295 DDP_Script [Rank 1] [INFO] local_steps=782, global_steps=782
2025-11-19 00:38:07,958 DDP_Script [Rank 1] [INFO] epoch 3 train step time: 119.66 seconds
2025-11-19 00:38:07,969 DDP_Script [Rank 1] [INFO] epoch 3 끝 (local_steps=782, global_steps=782)
2025-11-19 00:38:10,790 DDP_Script [Rank 1] [INFO] val acc 24.76%
2025-11-19 00:38:11,796 DDP_Script [Rank 1] [INFO] epoch 4 시작
2025-11-19 00:38:11,812 DDP_Script [Rank 1] [INFO] DataLoader created with batch_size=32, num_workers=4
2025-11-19 00:38:11,817 DDP_Script [Rank 1] [INFO] local_steps=782, global_steps=782
2025-11-19 00:40:07,407 DDP_Script [Rank 1] [INFO] epoch 4 train step time: 115.59 seconds
2025-11-19 00:40:07,419 DDP_Script [Rank 1] [INFO] epoch 4 끝 (local_steps=782, global_steps=782)
2025-11-19 00:40:10,152 DDP_Script [Rank 1] [INFO] val acc 29.31%
2025-11-19 00:40:19,493 DDP_Script [Rank 1] [INFO] epoch 5 시작
2025-11-19 00:40:19,509 DDP_Script [Rank 1] [INFO] DataLoader created with batch_size=32, num_workers=4
2025-11-19 00:40:19,513 DDP_Script [Rank 1] [INFO] local_steps=782, global_steps=782
2025-11-19 00:42:17,658 DDP_Script [Rank 1] [INFO] epoch 5 train step time: 118.14 seconds
2025-11-19 00:42:17,661 DDP_Script [Rank 1] [INFO] epoch 5 끝 (local_steps=782, global_steps=782)
2025-11-19 00:42:20,744 DDP_Script [Rank 1] [INFO] val acc 33.80%
2025-11-19 00:42:21,733 DDP_Script [Rank 1] [INFO] epoch 6 시작
2025-11-19 00:42:21,748 DDP_Script [Rank 1] [INFO] DataLoader created with batch_size=32, num_workers=4
2025-11-19 00:42:21,774 DDP_Script [Rank 1] [INFO] local_steps=782, global_steps=782
2025-11-19 00:44:21,057 DDP_Script [Rank 1] [INFO] epoch 6 train step time: 119.28 seconds
2025-11-19 00:44:21,065 DDP_Script [Rank 1] [INFO] epoch 6 끝 (local_steps=782, global_steps=782)
2025-11-19 00:44:23,873 DDP_Script [Rank 1] [INFO] val acc 38.81%
2025-11-19 00:44:25,149 DDP_Script [Rank 1] [INFO] epoch 7 시작
2025-11-19 00:44:25,163 DDP_Script [Rank 1] [INFO] DataLoader created with batch_size=32, num_workers=4
2025-11-19 00:44:25,169 DDP_Script [Rank 1] [INFO] local_steps=782, global_steps=782
2025-11-19 00:46:24,726 DDP_Script [Rank 1] [INFO] epoch 7 train step time: 119.56 seconds
2025-11-19 00:46:24,729 DDP_Script [Rank 1] [INFO] epoch 7 끝 (local_steps=782, global_steps=782)
2025-11-19 00:46:27,797 DDP_Script [Rank 1] [INFO] val acc 39.63%
2025-11-19 00:46:29,796 DDP_Script [Rank 1] [INFO] epoch 8 시작
2025-11-19 00:46:29,812 DDP_Script [Rank 1] [INFO] DataLoader created with batch_size=32, num_workers=4
2025-11-19 00:46:29,817 DDP_Script [Rank 1] [INFO] local_steps=782, global_steps=782
2025-11-19 00:48:25,104 DDP_Script [Rank 1] [INFO] epoch 8 train step time: 115.29 seconds
2025-11-19 00:48:25,107 DDP_Script [Rank 1] [INFO] epoch 8 끝 (local_steps=782, global_steps=782)
2025-11-19 00:48:28,003 DDP_Script [Rank 1] [INFO] val acc 42.19%
2025-11-19 00:48:29,852 DDP_Script [Rank 1] [INFO] epoch 9 시작
2025-11-19 00:48:29,867 DDP_Script [Rank 1] [INFO] DataLoader created with batch_size=32, num_workers=4
2025-11-19 00:48:29,871 DDP_Script [Rank 1] [INFO] local_steps=782, global_steps=782
2025-11-19 00:50:29,727 DDP_Script [Rank 1] [INFO] epoch 9 train step time: 119.85 seconds
2025-11-19 00:50:29,733 DDP_Script [Rank 1] [INFO] epoch 9 끝 (local_steps=782, global_steps=782)
2025-11-19 00:50:33,094 DDP_Script [Rank 1] [INFO] val acc 44.44%
2025-11-19 00:50:34,809 DDP_Script [Rank 1] [INFO] epoch 10 시작
2025-11-19 00:50:34,823 DDP_Script [Rank 1] [INFO] DataLoader created with batch_size=32, num_workers=4
2025-11-19 00:50:34,829 DDP_Script [Rank 1] [INFO] local_steps=782, global_steps=782
2025-11-19 00:52:33,785 DDP_Script [Rank 1] [INFO] epoch 10 train step time: 118.96 seconds
2025-11-19 00:52:33,789 DDP_Script [Rank 1] [INFO] epoch 10 끝 (local_steps=782, global_steps=782)
2025-11-19 00:52:36,613 DDP_Script [Rank 1] [INFO] val acc 46.66%
2025-11-19 00:52:38,458 DDP_Script [Rank 1] [INFO] epoch 11 시작
2025-11-19 00:52:38,472 DDP_Script [Rank 1] [INFO] DataLoader created with batch_size=32, num_workers=4
2025-11-19 00:52:38,477 DDP_Script [Rank 1] [INFO] local_steps=782, global_steps=782
2025-11-19 00:54:35,097 DDP_Script [Rank 1] [INFO] epoch 11 train step time: 116.62 seconds
2025-11-19 00:54:35,105 DDP_Script [Rank 1] [INFO] epoch 11 끝 (local_steps=782, global_steps=782)
2025-11-19 00:54:38,248 DDP_Script [Rank 1] [INFO] val acc 47.29%
2025-11-19 00:54:39,346 DDP_Script [Rank 1] [INFO] epoch 12 시작
2025-11-19 00:54:39,362 DDP_Script [Rank 1] [INFO] DataLoader created with batch_size=32, num_workers=4
2025-11-19 00:54:39,368 DDP_Script [Rank 1] [INFO] local_steps=782, global_steps=782
2025-11-19 00:56:36,339 DDP_Script [Rank 1] [INFO] epoch 12 train step time: 116.97 seconds
2025-11-19 00:56:36,350 DDP_Script [Rank 1] [INFO] epoch 12 끝 (local_steps=782, global_steps=782)
2025-11-19 00:56:40,764 DDP_Script [Rank 1] [INFO] val acc 49.08%
2025-11-19 00:56:42,409 DDP_Script [Rank 1] [INFO] epoch 13 시작
2025-11-19 00:56:42,425 DDP_Script [Rank 1] [INFO] DataLoader created with batch_size=32, num_workers=4
2025-11-19 00:56:42,429 DDP_Script [Rank 1] [INFO] local_steps=782, global_steps=782
2025-11-19 00:58:40,428 DDP_Script [Rank 1] [INFO] epoch 13 train step time: 118.00 seconds
2025-11-19 00:58:40,433 DDP_Script [Rank 1] [INFO] epoch 13 끝 (local_steps=782, global_steps=782)
2025-11-19 00:58:43,753 DDP_Script [Rank 1] [INFO] val acc 50.39%
2025-11-19 00:58:45,581 DDP_Script [Rank 1] [INFO] epoch 14 시작
2025-11-19 00:58:45,597 DDP_Script [Rank 1] [INFO] DataLoader created with batch_size=32, num_workers=4
2025-11-19 00:58:45,601 DDP_Script [Rank 1] [INFO] local_steps=782, global_steps=782
2025-11-19 01:00:41,291 DDP_Script [Rank 1] [INFO] epoch 14 train step time: 115.69 seconds
2025-11-19 01:00:41,296 DDP_Script [Rank 1] [INFO] epoch 14 끝 (local_steps=782, global_steps=782)
2025-11-19 01:00:44,940 DDP_Script [Rank 1] [INFO] val acc 50.60%
2025-11-19 01:00:47,124 DDP_Script [Rank 1] [INFO] epoch 15 시작
2025-11-19 01:00:47,139 DDP_Script [Rank 1] [INFO] DataLoader created with batch_size=32, num_workers=4
2025-11-19 01:00:47,144 DDP_Script [Rank 1] [INFO] local_steps=782, global_steps=782
2025-11-19 01:02:44,422 DDP_Script [Rank 1] [INFO] epoch 15 train step time: 117.28 seconds
2025-11-19 01:02:44,445 DDP_Script [Rank 1] [INFO] epoch 15 끝 (local_steps=782, global_steps=782)
2025-11-19 01:02:47,580 DDP_Script [Rank 1] [INFO] val acc 51.96%
2025-11-19 01:02:48,794 DDP_Script [Rank 1] [INFO] epoch 16 시작
2025-11-19 01:02:48,810 DDP_Script [Rank 1] [INFO] DataLoader created with batch_size=32, num_workers=4
2025-11-19 01:02:48,815 DDP_Script [Rank 1] [INFO] local_steps=782, global_steps=782
2025-11-19 01:04:46,078 DDP_Script [Rank 1] [INFO] epoch 16 train step time: 117.26 seconds
2025-11-19 01:04:46,103 DDP_Script [Rank 1] [INFO] epoch 16 끝 (local_steps=782, global_steps=782)
2025-11-19 01:04:49,526 DDP_Script [Rank 1] [INFO] val acc 53.10%
2025-11-19 01:04:50,995 DDP_Script [Rank 1] [INFO] epoch 17 시작
2025-11-19 01:04:51,012 DDP_Script [Rank 1] [INFO] DataLoader created with batch_size=32, num_workers=4
2025-11-19 01:04:51,016 DDP_Script [Rank 1] [INFO] local_steps=782, global_steps=782
2025-11-19 01:06:48,273 DDP_Script [Rank 1] [INFO] epoch 17 train step time: 117.26 seconds
2025-11-19 01:06:48,282 DDP_Script [Rank 1] [INFO] epoch 17 끝 (local_steps=782, global_steps=782)
2025-11-19 01:06:51,079 DDP_Script [Rank 1] [INFO] val acc 54.38%
2025-11-19 01:06:53,095 DDP_Script [Rank 1] [INFO] epoch 18 시작
2025-11-19 01:06:53,110 DDP_Script [Rank 1] [INFO] DataLoader created with batch_size=32, num_workers=4
2025-11-19 01:06:53,115 DDP_Script [Rank 1] [INFO] local_steps=782, global_steps=782
2025-11-19 01:08:52,117 DDP_Script [Rank 1] [INFO] epoch 18 train step time: 119.00 seconds
2025-11-19 01:08:52,120 DDP_Script [Rank 1] [INFO] epoch 18 끝 (local_steps=782, global_steps=782)
2025-11-19 01:08:55,112 DDP_Script [Rank 1] [INFO] val acc 54.84%
2025-11-19 01:08:58,769 DDP_Script [Rank 1] [INFO] epoch 19 시작
2025-11-19 01:08:58,783 DDP_Script [Rank 1] [INFO] DataLoader created with batch_size=32, num_workers=4
2025-11-19 01:08:58,789 DDP_Script [Rank 1] [INFO] local_steps=782, global_steps=782
2025-11-19 01:10:55,669 DDP_Script [Rank 1] [INFO] epoch 19 train step time: 116.88 seconds
2025-11-19 01:10:55,673 DDP_Script [Rank 1] [INFO] epoch 19 끝 (local_steps=782, global_steps=782)
2025-11-19 01:10:58,439 DDP_Script [Rank 1] [INFO] val acc 55.31%
2025-11-19 01:11:00,414 DDP_Script [Rank 1] [INFO] epoch 20 시작
2025-11-19 01:11:00,429 DDP_Script [Rank 1] [INFO] DataLoader created with batch_size=32, num_workers=4
2025-11-19 01:11:00,435 DDP_Script [Rank 1] [INFO] local_steps=782, global_steps=782
2025-11-19 01:12:58,604 DDP_Script [Rank 1] [INFO] epoch 20 train step time: 118.17 seconds
2025-11-19 01:12:58,617 DDP_Script [Rank 1] [INFO] epoch 20 끝 (local_steps=782, global_steps=782)
2025-11-19 01:13:02,152 DDP_Script [Rank 1] [INFO] val acc 54.76%
2025-11-19 01:13:03,739 DDP_Script [Rank 1] [INFO] Training loop finished.
