2025-11-18 22:52:42,976 [INFO] FIFO scheduler loop started (global queue)
2025-11-18 22:52:42,977 [INFO] CSP sampler loop started
2025-11-18 22:52:42,977 [INFO] startup complete | log_dir=/home/ubuntu216/sumin/CCGRID/global_scheduler/FIFO_log/FIFO-20251118-225242
2025-11-18 23:01:07,001 [INFO] [SUBMIT] job-6f629c04d7cc g=4, model=ResNet-18, dataset=CIFAR-100, epochs=20, batch=128
2025-11-18 23:01:07,658 [INFO] [START] job-6f629c04d7cc | started_on=clusterA, g=4, nodes=['node_a', 'node_b', 'node_c', 'node_d'], queued_sec=0.6578030586242676
2025-11-18 23:04:23,866 [INFO] [SUBMIT] job-ca2f165af851 g=2, model=ResNet-50, dataset=CIFAR-10, epochs=20, batch=128
2025-11-18 23:04:24,961 [INFO] [START] job-ca2f165af851 | started_on=clusterB, g=2, nodes=['node_e', 'node_f'], queued_sec=1.094874620437622
2025-11-18 23:07:24,975 [INFO] [DONE] job-6f629c04d7cc | finished_at=2025-11-18 23:07:24, cluster=clusterA, exit=0, jct_sec=377.317218542099, queued_sec=0.6578030586242676
2025-11-18 23:09:25,254 [INFO] [SUBMIT] job-d1c88f69332e g=2, model=DistilBERT, dataset=SST-2, epochs=20, batch=64
2025-11-18 23:09:25,312 [INFO] [START] job-d1c88f69332e | started_on=clusterA, g=2, nodes=['node_a', 'node_b'], queued_sec=0.05782604217529297
2025-11-18 23:13:13,933 [INFO] [SUBMIT] job-ee9d4afd8320 g=1, model=ResNet-18, dataset=CIFAR-100, epochs=20, batch=32
2025-11-18 23:13:14,443 [INFO] [SUBMIT] job-fee4457ed8be g=2, model=DenseNet-121, dataset=TinyImageNet, epochs=20, batch=64
2025-11-18 23:13:14,587 [INFO] [START] job-ee9d4afd8320 | started_on=clusterA, g=1, nodes=['node_c'], queued_sec=0.6532042026519775
2025-11-18 23:13:14,636 [INFO] [START] job-fee4457ed8be | started_on=clusterB, g=2, nodes=['node_g', 'node_h'], queued_sec=0.19362783432006836
2025-11-18 23:18:57,582 [INFO] [SUBMIT] job-4015dded961c g=4, model=ResNet-50, dataset=CIFAR-10, epochs=20, batch=32
2025-11-18 23:22:34,451 [INFO] [SUBMIT] job-9121b6eb21d5 g=2, model=EfficientNetV2-S, dataset=MNIST, epochs=20, batch=64
2025-11-18 23:24:00,309 [INFO] [SUBMIT] job-19ec5d8f9974 g=1, model=EfficientNetV2-S, dataset=MNIST, epochs=20, batch=64
2025-11-18 23:25:33,130 [INFO] [SUBMIT] job-e834ec257f4f g=4, model=DenseNet-121, dataset=TinyImageNet, epochs=20, batch=32
2025-11-18 23:28:36,334 [INFO] [DONE] job-ca2f165af851 | finished_at=2025-11-18 23:28:36, cluster=clusterB, exit=0, jct_sec=1451.3740231990814, queued_sec=1.094874620437622
2025-11-18 23:35:02,804 [INFO] [SUBMIT] job-1f44efa0f22b g=2, model=DistilBERT, dataset=SST-2, epochs=20, batch=16
2025-11-18 23:36:35,669 [INFO] [SUBMIT] job-7a7622e05d1a g=1, model=DistilBERT, dataset=SST-2, epochs=20, batch=16
2025-11-18 23:37:30,371 [INFO] [SUBMIT] job-90df451b95f0 g=1, model=DistilBERT, dataset=SST-2, epochs=20, batch=16
2025-11-18 23:38:55,255 [INFO] [DONE] job-ee9d4afd8320 | finished_at=2025-11-18 23:38:55, cluster=clusterA, exit=0, jct_sec=1540.668939113617, queued_sec=0.6532042026519775
2025-11-18 23:48:15,486 [INFO] [SUBMIT] job-2d4dabde4d2d g=2, model=EfficientNetV2-S, dataset=MNIST, epochs=20, batch=64
2025-11-18 23:54:49,603 [INFO] [SUBMIT] job-d1d756ea9ece g=4, model=ResNet-18, dataset=CIFAR-100, epochs=20, batch=32
2025-11-18 23:57:46,644 [INFO] [SUBMIT] job-35e59f038d19 g=2, model=DenseNet-121, dataset=TinyImageNet, epochs=20, batch=32
2025-11-18 23:58:29,272 [INFO] [SUBMIT] job-9b302132f812 g=1, model=EfficientNetV2-S, dataset=MNIST, epochs=20, batch=64
2025-11-19 00:08:09,606 [INFO] [DONE] job-fee4457ed8be | finished_at=2025-11-19 00:08:09, cluster=clusterB, exit=0, jct_sec=3294.9696345329285, queued_sec=0.19362783432006836
2025-11-19 00:08:10,562 [INFO] [START] job-4015dded961c | started_on=clusterB, g=4, nodes=['node_e', 'node_f', 'node_g', 'node_h'], queued_sec=2952.97926735878
2025-11-19 00:08:10,609 [INFO] [START] job-9121b6eb21d5 | started_on=clusterA, g=2, nodes=['node_c', 'node_d'], queued_sec=2736.157218694687
2025-11-19 00:09:12,905 [INFO] [DONE] job-d1c88f69332e | finished_at=2025-11-19 00:09:12, cluster=clusterA, exit=0, jct_sec=3587.5926036834717, queued_sec=0.05782604217529297
2025-11-19 00:09:13,702 [INFO] [START] job-19ec5d8f9974 | started_on=clusterA, g=1, nodes=['node_a'], queued_sec=2713.392721414566
2025-11-19 00:10:46,227 [INFO] [SUBMIT] job-25c2f5490a06 g=4, model=DeepSpeech2, dataset=ARCTIC, epochs=20, batch=8
2025-11-19 00:12:24,563 [INFO] [SUBMIT] job-ff9420a3efeb g=1, model=DenseNet-121, dataset=TinyImageNet, epochs=20, batch=32
2025-11-19 00:20:36,960 [INFO] [SUBMIT] job-59aafe3914ff g=1, model=EfficientNetV2-S, dataset=MNIST, epochs=20, batch=64
2025-11-19 00:26:50,009 [INFO] [SUBMIT] job-c6e3c0052139 g=1, model=ResNet-18, dataset=CIFAR-100, epochs=20, batch=64
2025-11-19 00:31:24,893 [INFO] [DONE] job-4015dded961c | finished_at=2025-11-19 00:31:24, cluster=clusterB, exit=0, jct_sec=1394.331958770752, queued_sec=2952.97926735878
2025-11-19 00:31:25,431 [INFO] [START] job-e834ec257f4f | started_on=clusterB, g=4, nodes=['node_e', 'node_f', 'node_g', 'node_h'], queued_sec=3952.3016362190247
2025-11-19 00:48:27,403 [INFO] [SUBMIT] job-722e99f338a9 g=1, model=ResNet-50, dataset=CIFAR-10, epochs=20, batch=64
2025-11-19 00:49:16,362 [INFO] [SUBMIT] job-2064572d9166 g=1, model=DeepSpeech2, dataset=ARCTIC, epochs=20, batch=8
2025-11-19 00:49:54,142 [INFO] [DONE] job-9121b6eb21d5 | finished_at=2025-11-19 00:49:54, cluster=clusterA, exit=0, jct_sec=2503.5333473682404, queued_sec=2736.157218694687
2025-11-19 00:49:54,762 [INFO] [START] job-1f44efa0f22b | started_on=clusterA, g=2, nodes=['node_b', 'node_c'], queued_sec=4491.957838058472
2025-11-19 00:49:54,787 [INFO] [START] job-7a7622e05d1a | started_on=clusterA, g=1, nodes=['node_d'], queued_sec=4399.118404388428
2025-11-19 01:01:53,221 [INFO] [SUBMIT] job-573972db6da2 g=1, model=DistilBERT, dataset=SST-2, epochs=20, batch=32
2025-11-19 01:03:05,692 [INFO] [SUBMIT] job-068677de41f8 g=2, model=DeepSpeech2, dataset=ARCTIC, epochs=20, batch=8
2025-11-19 01:05:59,133 [INFO] [SUBMIT] job-22de28aadea9 g=2, model=DistilBERT, dataset=SST-2, epochs=20, batch=32
2025-11-19 01:09:41,061 [INFO] [DONE] job-19ec5d8f9974 | finished_at=2025-11-19 01:09:41, cluster=clusterA, exit=0, jct_sec=3627.359544992447, queued_sec=2713.392721414566
2025-11-19 01:09:41,133 [INFO] [START] job-90df451b95f0 | started_on=clusterA, g=1, nodes=['node_a'], queued_sec=5530.762379646301
2025-11-19 01:10:51,339 [INFO] [SUBMIT] job-9ad5dfe4f64f g=2, model=DistilBERT, dataset=SST-2, epochs=20, batch=16
2025-11-19 01:12:23,326 [INFO] [SUBMIT] job-90badb15bed9 g=2, model=DeepSpeech2, dataset=ARCTIC, epochs=20, batch=16
2025-11-19 01:13:07,118 [INFO] [DONE] job-e834ec257f4f | finished_at=2025-11-19 01:13:07, cluster=clusterB, exit=0, jct_sec=2501.6871004104614, queued_sec=3952.3016362190247
2025-11-19 01:13:07,500 [INFO] [START] job-2d4dabde4d2d | started_on=clusterB, g=2, nodes=['node_e', 'node_f'], queued_sec=5092.014456033707
2025-11-19 01:22:20,477 [INFO] [SUBMIT] job-4ab0fa14efdb g=2, model=DeepSpeech2, dataset=ARCTIC, epochs=20, batch=32
2025-11-19 01:23:22,542 [INFO] [SUBMIT] job-2b6d0923985c g=1, model=DistilBERT, dataset=SST-2, epochs=20, batch=64
2025-11-19 01:28:20,194 [INFO] [SUBMIT] job-d4d2944f52aa g=2, model=DistilBERT, dataset=SST-2, epochs=20, batch=64
2025-11-19 01:51:29,850 [INFO] [SUBMIT] job-07e3d09a9436 g=1, model=DeepSpeech2, dataset=ARCTIC, epochs=20, batch=32
2025-11-19 01:51:38,194 [INFO] [SUBMIT] job-9d21c74b9679 g=1, model=ResNet-18, dataset=CIFAR-100, epochs=20, batch=128
2025-11-19 01:55:40,459 [INFO] [DONE] job-2d4dabde4d2d | finished_at=2025-11-19 01:55:40, cluster=clusterB, exit=0, jct_sec=2552.9585695266724, queued_sec=5092.014456033707
2025-11-19 01:55:41,587 [INFO] [START] job-d1d756ea9ece | started_on=clusterB, g=4, nodes=['node_e', 'node_f', 'node_g', 'node_h'], queued_sec=7251.983780860901
2025-11-19 01:59:47,768 [INFO] [SUBMIT] job-7af7af3a176b g=4, model=DeepSpeech2, dataset=ARCTIC, epochs=20, batch=16
2025-11-19 02:08:55,231 [INFO] [DONE] job-d1d756ea9ece | finished_at=2025-11-19 02:08:55, cluster=clusterB, exit=0, jct_sec=793.6443226337433, queued_sec=7251.983780860901
2025-11-19 02:08:55,984 [INFO] [START] job-35e59f038d19 | started_on=clusterB, g=2, nodes=['node_e', 'node_f'], queued_sec=7869.338976144791
2025-11-19 02:08:56,011 [INFO] [START] job-9b302132f812 | started_on=clusterB, g=1, nodes=['node_g'], queued_sec=7826.739089727402
2025-11-19 02:17:26,364 [INFO] [SUBMIT] job-5159a589bccc g=2, model=DistilBERT, dataset=SST-2, epochs=20, batch=16
2025-11-19 02:26:30,355 [INFO] [SUBMIT] job-927122577ccd g=1, model=DenseNet-121, dataset=TinyImageNet, epochs=20, batch=16
2025-11-19 02:33:21,354 [INFO] [SUBMIT] job-b7ab45eecf05 g=1, model=DistilBERT, dataset=SST-2, epochs=20, batch=32
2025-11-19 02:35:53,058 [INFO] [DONE] job-7a7622e05d1a | finished_at=2025-11-19 02:35:53, cluster=clusterA, exit=0, jct_sec=6358.270703554153, queued_sec=4399.118404388428
2025-11-19 02:38:23,841 [INFO] [SUBMIT] job-ca431e7bd3f6 g=1, model=DeepSpeech2, dataset=ARCTIC, epochs=20, batch=16
2025-11-19 02:39:08,565 [INFO] [SUBMIT] job-059ce15e7f87 g=2, model=EfficientNetV2-S, dataset=MNIST, epochs=20, batch=64
2025-11-19 02:40:02,349 [INFO] [SUBMIT] job-5c8277534b02 g=1, model=DenseNet-121, dataset=TinyImageNet, epochs=20, batch=16
2025-11-19 02:40:34,686 [INFO] [SUBMIT] job-c6aaa0d5dce8 g=4, model=DenseNet-121, dataset=TinyImageNet, epochs=20, batch=64
2025-11-19 02:48:46,668 [INFO] [SUBMIT] job-0d869b4fd666 g=2, model=ResNet-18, dataset=CIFAR-100, epochs=20, batch=64
2025-11-19 02:48:55,879 [INFO] [SUBMIT] job-aa530d7d982e g=1, model=EfficientNetV2-S, dataset=MNIST, epochs=20, batch=64
2025-11-19 02:52:19,878 [INFO] [DONE] job-90df451b95f0 | finished_at=2025-11-19 02:52:19, cluster=clusterA, exit=0, jct_sec=6158.74528169632, queued_sec=5530.762379646301
2025-11-19 02:53:32,347 [INFO] [SUBMIT] job-98d0283b376b g=4, model=DeepSpeech2, dataset=ARCTIC, epochs=20, batch=32
2025-11-19 02:53:37,301 [INFO] [SUBMIT] job-f23acd42074b g=2, model=DistilBERT, dataset=SST-2, epochs=20, batch=64
2025-11-19 02:53:44,217 [INFO] [SUBMIT] job-cb69326130c3 g=1, model=DeepSpeech2, dataset=ARCTIC, epochs=20, batch=32
2025-11-19 03:01:08,795 [INFO] [SUBMIT] job-188262f92604 g=2, model=DistilBERT, dataset=SST-2, epochs=20, batch=32
2025-11-19 03:17:09,953 [INFO] [SUBMIT] job-2720edebd74d g=2, model=ResNet-50, dataset=CIFAR-10, epochs=20, batch=128
2025-11-19 03:19:01,050 [INFO] [SUBMIT] job-bd348cbbeb29 g=1, model=DistilBERT, dataset=SST-2, epochs=20, batch=64
2025-11-19 03:19:54,012 [INFO] [DONE] job-35e59f038d19 | finished_at=2025-11-19 03:19:54, cluster=clusterB, exit=0, jct_sec=4258.028866052628, queued_sec=7869.338976144791
2025-11-19 03:22:24,475 [INFO] [DONE] job-9b302132f812 | finished_at=2025-11-19 03:22:24, cluster=clusterB, exit=0, jct_sec=4408.464851617813, queued_sec=7826.739089727402
2025-11-19 03:22:25,090 [INFO] [START] job-25c2f5490a06 | started_on=clusterB, g=4, nodes=['node_e', 'node_f', 'node_g', 'node_h'], queued_sec=11498.862422466278
2025-11-19 03:22:25,114 [INFO] [START] job-ff9420a3efeb | started_on=clusterA, g=1, nodes=['node_a'], queued_sec=11400.550632238388
2025-11-19 03:22:25,136 [INFO] [START] job-59aafe3914ff | started_on=clusterA, g=1, nodes=['node_d'], queued_sec=10908.176249027252
2025-11-19 03:25:32,220 [INFO] [SUBMIT] job-bcecf5cd3e92 g=1, model=DenseNet-121, dataset=TinyImageNet, epochs=20, batch=64
2025-11-19 03:26:18,154 [INFO] [SUBMIT] job-fb0fd8c4b738 g=1, model=DistilBERT, dataset=SST-2, epochs=20, batch=32
2025-11-19 03:28:20,558 [INFO] [DONE] job-25c2f5490a06 | finished_at=2025-11-19 03:28:20, cluster=clusterB, exit=0, jct_sec=355.4686939716339, queued_sec=11498.862422466278
2025-11-19 03:28:21,558 [INFO] [START] job-c6e3c0052139 | started_on=clusterB, g=1, nodes=['node_e'], queued_sec=10891.549436330795
2025-11-19 03:28:21,583 [INFO] [START] job-722e99f338a9 | started_on=clusterB, g=1, nodes=['node_f'], queued_sec=9594.180291175842
2025-11-19 03:28:21,607 [INFO] [START] job-2064572d9166 | started_on=clusterB, g=1, nodes=['node_g'], queued_sec=9545.245401859283
2025-11-19 03:28:21,632 [INFO] [START] job-573972db6da2 | started_on=clusterB, g=1, nodes=['node_h'], queued_sec=8788.410988092422
2025-11-19 03:33:06,013 [INFO] [DONE] job-2064572d9166 | finished_at=2025-11-19 03:33:06, cluster=clusterB, exit=0, jct_sec=284.4056804180145, queued_sec=9545.245401859283
2025-11-19 03:47:30,508 [INFO] [DONE] job-c6e3c0052139 | finished_at=2025-11-19 03:47:30, cluster=clusterB, exit=0, jct_sec=1148.9504563808441, queued_sec=10891.549436330795
2025-11-19 03:47:30,973 [INFO] [START] job-068677de41f8 | started_on=clusterB, g=2, nodes=['node_e', 'node_g'], queued_sec=9865.281238794327
2025-11-19 03:54:37,987 [INFO] [DONE] job-068677de41f8 | finished_at=2025-11-19 03:54:37, cluster=clusterB, exit=0, jct_sec=427.01427149772644, queued_sec=9865.281238794327
2025-11-19 03:54:39,037 [INFO] [START] job-22de28aadea9 | started_on=clusterB, g=2, nodes=['node_e', 'node_g'], queued_sec=10119.904100894928
2025-11-19 04:15:51,873 [INFO] [DONE] job-722e99f338a9 | finished_at=2025-11-19 04:15:51, cluster=clusterB, exit=0, jct_sec=2850.2897052764893, queued_sec=9594.180291175842
2025-11-19 04:18:23,612 [INFO] [DONE] job-573972db6da2 | finished_at=2025-11-19 04:18:23, cluster=clusterB, exit=0, jct_sec=3001.980399608612, queued_sec=8788.410988092422
2025-11-19 04:18:23,761 [INFO] [START] job-9ad5dfe4f64f | started_on=clusterB, g=2, nodes=['node_f', 'node_h'], queued_sec=11252.421143770218
2025-11-19 04:24:09,361 [INFO] [DONE] job-59aafe3914ff | finished_at=2025-11-19 04:24:09, cluster=clusterA, exit=0, jct_sec=3704.2251782417297, queued_sec=10908.176249027252
2025-11-19 05:04:20,304 [INFO] [DONE] job-1f44efa0f22b | finished_at=2025-11-19 05:04:20, cluster=clusterA, exit=0, jct_sec=15265.542000293732, queued_sec=4491.957838058472
2025-11-19 05:04:20,950 [INFO] [START] job-90badb15bed9 | started_on=clusterA, g=2, nodes=['node_b', 'node_c'], queued_sec=13917.623666286469
2025-11-19 05:08:26,086 [INFO] [DONE] job-90badb15bed9 | finished_at=2025-11-19 05:08:26, cluster=clusterA, exit=0, jct_sec=245.13680958747864, queued_sec=13917.623666286469
2025-11-19 05:08:26,273 [INFO] [START] job-4ab0fa14efdb | started_on=clusterA, g=2, nodes=['node_b', 'node_c'], queued_sec=13565.795985221863
2025-11-19 05:08:26,296 [INFO] [START] job-2b6d0923985c | started_on=clusterA, g=1, nodes=['node_d'], queued_sec=13503.754148244858
2025-11-19 05:11:04,645 [INFO] [DONE] job-4ab0fa14efdb | finished_at=2025-11-19 05:11:04, cluster=clusterA, exit=0, jct_sec=158.37255835533142, queued_sec=13565.795985221863
2025-11-19 05:11:05,519 [INFO] [START] job-d4d2944f52aa | started_on=clusterA, g=2, nodes=['node_b', 'node_c'], queued_sec=13365.325246810913
2025-11-19 05:36:26,897 [INFO] [DONE] job-2b6d0923985c | finished_at=2025-11-19 05:36:26, cluster=clusterA, exit=0, jct_sec=1680.6016035079956, queued_sec=13503.754148244858
2025-11-19 05:36:27,266 [INFO] [START] job-07e3d09a9436 | started_on=clusterA, g=1, nodes=['node_d'], queued_sec=13497.416432619095
2025-11-19 05:39:13,617 [INFO] [DONE] job-07e3d09a9436 | finished_at=2025-11-19 05:39:13, cluster=clusterA, exit=0, jct_sec=166.35140180587769, queued_sec=13497.416432619095
2025-11-19 05:39:14,483 [INFO] [START] job-9d21c74b9679 | started_on=clusterA, g=1, nodes=['node_d'], queued_sec=13656.289519309998
2025-11-19 05:43:03,673 [INFO] [DONE] job-ff9420a3efeb | finished_at=2025-11-19 05:43:03, cluster=clusterA, exit=0, jct_sec=8438.558765411377, queued_sec=11400.550632238388
2025-11-19 05:46:19,777 [INFO] [DONE] job-22de28aadea9 | finished_at=2025-11-19 05:46:19, cluster=clusterB, exit=0, jct_sec=6700.739505290985, queued_sec=10119.904100894928
2025-11-19 05:53:59,470 [INFO] [DONE] job-9d21c74b9679 | finished_at=2025-11-19 05:53:59, cluster=clusterA, exit=0, jct_sec=884.9870421886444, queued_sec=13656.289519309998
2025-11-19 06:14:30,073 [INFO] [DONE] job-d4d2944f52aa | finished_at=2025-11-19 06:14:30, cluster=clusterA, exit=0, jct_sec=3804.5537304878235, queued_sec=13365.325246810913
2025-11-19 06:14:30,921 [INFO] [START] job-7af7af3a176b | started_on=clusterA, g=4, nodes=['node_a', 'node_b', 'node_c', 'node_d'], queued_sec=15283.153609752655
2025-11-19 06:14:31,006 [INFO] [START] job-5159a589bccc | started_on=clusterB, g=2, nodes=['node_e', 'node_g'], queued_sec=14224.642206192017
2025-11-19 06:17:31,980 [INFO] [DONE] job-7af7af3a176b | finished_at=2025-11-19 06:17:31, cluster=clusterA, exit=0, jct_sec=181.0591733455658, queued_sec=15283.153609752655
2025-11-19 06:17:32,237 [INFO] [START] job-927122577ccd | started_on=clusterA, g=1, nodes=['node_a'], queued_sec=13861.881280183792
2025-11-19 06:17:32,259 [INFO] [START] job-b7ab45eecf05 | started_on=clusterA, g=1, nodes=['node_b'], queued_sec=13450.904757499695
2025-11-19 06:17:32,280 [INFO] [START] job-ca431e7bd3f6 | started_on=clusterA, g=1, nodes=['node_c'], queued_sec=13148.439368963242
2025-11-19 06:21:32,166 [INFO] [DONE] job-ca431e7bd3f6 | finished_at=2025-11-19 06:21:32, cluster=clusterA, exit=0, jct_sec=239.8862862586975, queued_sec=13148.439368963242
2025-11-19 06:21:32,591 [INFO] [START] job-059ce15e7f87 | started_on=clusterA, g=2, nodes=['node_c', 'node_d'], queued_sec=13344.025846004486
2025-11-19 07:02:51,167 [INFO] [DONE] job-059ce15e7f87 | finished_at=2025-11-19 07:02:51, cluster=clusterA, exit=0, jct_sec=2478.57599902153, queued_sec=13344.025846004486
2025-11-19 07:02:51,368 [INFO] [START] job-5c8277534b02 | started_on=clusterA, g=1, nodes=['node_c'], queued_sec=15769.019220590591
2025-11-19 07:10:52,716 [INFO] [DONE] job-b7ab45eecf05 | finished_at=2025-11-19 07:10:52, cluster=clusterA, exit=0, jct_sec=3200.4572150707245, queued_sec=13450.904757499695
2025-11-19 07:55:12,130 [INFO] [DONE] job-9ad5dfe4f64f | finished_at=2025-11-19 07:55:12, cluster=clusterB, exit=0, jct_sec=13008.369994401932, queued_sec=11252.421143770218
2025-11-19 09:50:11,499 [INFO] [DONE] job-5159a589bccc | finished_at=2025-11-19 09:50:11, cluster=clusterB, exit=0, jct_sec=12940.493069887161, queued_sec=14224.642206192017
2025-11-19 09:50:12,104 [INFO] [START] job-c6aaa0d5dce8 | started_on=clusterB, g=4, nodes=['node_e', 'node_f', 'node_g', 'node_h'], queued_sec=25777.41823554039
2025-11-19 09:50:12,142 [INFO] [START] job-0d869b4fd666 | started_on=clusterA, g=2, nodes=['node_b', 'node_d'], queued_sec=25285.47461748123
2025-11-19 10:03:20,894 [INFO] [DONE] job-0d869b4fd666 | finished_at=2025-11-19 10:03:20, cluster=clusterA, exit=0, jct_sec=788.7515316009521, queued_sec=25285.47461748123
2025-11-19 10:03:21,030 [INFO] [START] job-aa530d7d982e | started_on=clusterA, g=1, nodes=['node_b'], queued_sec=26065.15094614029
2025-11-19 10:04:04,262 [INFO] [DONE] job-927122577ccd | finished_at=2025-11-19 10:04:04, cluster=clusterA, exit=0, jct_sec=13592.0259912014, queued_sec=13861.881280183792
2025-11-19 10:19:52,480 [INFO] [DONE] job-c6aaa0d5dce8 | finished_at=2025-11-19 10:19:52, cluster=clusterB, exit=0, jct_sec=1780.3754189014435, queued_sec=25777.41823554039
2025-11-19 10:19:53,325 [INFO] [START] job-98d0283b376b | started_on=clusterB, g=4, nodes=['node_e', 'node_f', 'node_g', 'node_h'], queued_sec=26780.97767353058
2025-11-19 10:19:53,364 [INFO] [START] job-f23acd42074b | started_on=clusterA, g=2, nodes=['node_a', 'node_d'], queued_sec=26776.063074350357
2025-11-19 10:23:33,600 [INFO] [DONE] job-98d0283b376b | finished_at=2025-11-19 10:23:33, cluster=clusterB, exit=0, jct_sec=220.27462601661682, queued_sec=26780.97767353058
2025-11-19 10:23:33,740 [INFO] [START] job-cb69326130c3 | started_on=clusterB, g=1, nodes=['node_e'], queued_sec=26989.523003578186
2025-11-19 10:23:33,978 [INFO] [START] job-188262f92604 | started_on=clusterB, g=2, nodes=['node_f', 'node_g'], queued_sec=26545.183035612106
2025-11-19 10:27:45,140 [INFO] [DONE] job-cb69326130c3 | finished_at=2025-11-19 10:27:45, cluster=clusterB, exit=0, jct_sec=251.400160074234, queued_sec=26989.523003578186
2025-11-19 10:27:45,361 [INFO] [START] job-2720edebd74d | started_on=clusterB, g=2, nodes=['node_e', 'node_h'], queued_sec=25835.40740466118
2025-11-19 10:52:14,384 [INFO] [DONE] job-2720edebd74d | finished_at=2025-11-19 10:52:14, cluster=clusterB, exit=0, jct_sec=1469.0238990783691, queued_sec=25835.40740466118
2025-11-19 10:52:15,144 [INFO] [START] job-bd348cbbeb29 | started_on=clusterB, g=1, nodes=['node_e'], queued_sec=27194.09418773651
2025-11-19 10:52:15,171 [INFO] [START] job-bcecf5cd3e92 | started_on=clusterB, g=1, nodes=['node_h'], queued_sec=26802.9507291317
2025-11-19 10:53:45,460 [INFO] [DONE] job-5c8277534b02 | finished_at=2025-11-19 10:53:45, cluster=clusterA, exit=0, jct_sec=13854.092270374298, queued_sec=15769.019220590591
2025-11-19 10:53:46,298 [INFO] [START] job-fb0fd8c4b738 | started_on=clusterA, g=1, nodes=['node_c'], queued_sec=26848.143879652023
2025-11-19 11:04:17,846 [INFO] [DONE] job-aa530d7d982e | finished_at=2025-11-19 11:04:17, cluster=clusterA, exit=0, jct_sec=3656.815940618515, queued_sec=26065.15094614029
2025-11-19 11:22:56,224 [INFO] [DONE] job-f23acd42074b | finished_at=2025-11-19 11:22:56, cluster=clusterA, exit=0, jct_sec=3782.860603094101, queued_sec=26776.063074350357
2025-11-19 11:31:34,441 [INFO] [DONE] job-bd348cbbeb29 | finished_at=2025-11-19 11:31:34, cluster=clusterB, exit=0, jct_sec=2359.297383069992, queued_sec=27194.09418773651
2025-11-19 11:57:39,884 [INFO] [DONE] job-fb0fd8c4b738 | finished_at=2025-11-19 11:57:39, cluster=clusterA, exit=0, jct_sec=3833.5860075950623, queued_sec=26848.143879652023
2025-11-19 12:11:48,542 [INFO] [DONE] job-188262f92604 | finished_at=2025-11-19 12:11:48, cluster=clusterB, exit=0, jct_sec=6494.564812660217, queued_sec=26545.183035612106
2025-11-19 12:39:18,135 [INFO] [DONE] job-bcecf5cd3e92 | finished_at=2025-11-19 12:39:18, cluster=clusterB, exit=0, jct_sec=6422.963845014572, queued_sec=26802.9507291317
2025-11-19 12:39:18,135 [INFO] [EXP] 50/50 jobs finished. Scheduling self-shutdown in 60s...
2025-11-19 12:40:18,136 [INFO] [EXP] Self-shutdown now.
