/nas2/data/dlwmznzl1/anaconda3/envs/Dist1/lib/python3.9/site-packages/torch/cuda/__init__.py:63: FutureWarning: The pynvml package is deprecated. Please install nvidia-ml-py instead. If you did not install pynvml directly, please report this to the maintainers of the package that installed pynvml for you.
  import pynvml  # type: ignore[import]
Current CUDA device index: 0
Current CUDA device name: NVIDIA RTX A5000
Master address: 163.180.160.62, port: 29579
2025-11-18 17:51:33,087 DDP_Script [Rank 0] [INFO] Node rank: 0, world size: 2
[Gloo] Rank 0 is connected to 1 peer ranks. Expected number of connected peer ranks is : 1
2025-11-18 17:51:55,940 DDP_Script [Rank 0] [INFO] Process group initialized: 163.180.160.62:29579
2025-11-18 17:51:55,940 DDP_Script [Rank 0] [INFO] Rank 0/2 initialized
2025-11-18 17:51:55,941 DDP_Script [Rank 0] [INFO] Rank 0 downloading tokenizer: distilbert-base-uncased
2025-11-18 17:51:56,717 DDP_Script [Rank 0] [INFO] Rank 0 downloading dataset: glue/sst2
2025-11-18 17:52:01,760 DDP_Script [Rank 0] [INFO] Tokenizing datasets...
2025-11-18 17:52:01,786 DDP_Script [Rank 0] [INFO] SST-2 Dataset and Tokenizer loaded.
2025-11-18 17:52:01,786 DDP_Script [Rank 0] [INFO] Rank 0 downloading model: distilbert-base-uncased
Some weights of DistilBertForSequenceClassification were not initialized from the model checkpoint at distilbert-base-uncased and are newly initialized: ['classifier.bias', 'classifier.weight', 'pre_classifier.bias', 'pre_classifier.weight']
You should probably TRAIN this model on a down-stream task to be able to use it for predictions and inference.
2025-11-18 17:52:07,229 DDP_Script [Rank 0] [INFO] Model (DistilBert), DDP, optimizer (AdamW) initialized
2025-11-18 17:52:07,254 DDP_Script [Rank 0] [INFO] Modules initialized
2025-11-18 17:52:07,259 DDP_Script [Rank 0] [INFO] Checkpoint directory created: ./checkpoints/job-4257a1fef862
2025-11-18 17:52:07,259 DDP_Script [Rank 0] [INFO] Starting training from scratch (epoch 1).
2025-11-18 17:52:07,260 DDP_Script [Rank 0] [INFO] epoch 1 시작
2025-11-18 17:52:07,284 DDP_Script [Rank 0] [INFO] DataLoader created with batch_size=64, num_workers=4
2025-11-18 17:52:07,304 DDP_Script [Rank 0] [INFO] 모든 노드 중 max_steps = 527
2025-11-18 17:52:07,305 DDP_Script [Rank 0] [INFO] local_steps=527, global_steps=527
2025-11-18 17:54:44,611 DDP_Script [Rank 0] [INFO] epoch 1 train step time: 157.31 seconds
2025-11-18 17:54:44,613 DDP_Script [Rank 0] [INFO] epoch 1 끝 (local_steps=527, global_steps=527)
2025-11-18 17:54:45,479 DDP_Script [Rank 0] [INFO] val acc 88.99%
2025-11-18 17:54:45,520 DDP_Script [Rank 0] [INFO] Saving checkpoint to ./checkpoints/job-4257a1fef862/latest_checkpoint.pth ...
2025-11-18 17:55:00,438 DDP_Script [Rank 0] [INFO] Successfully reported epoch 1/20 (Acc: 88.99%) to global server.
2025-11-18 17:55:00,441 DDP_Script [Rank 0] [INFO] epoch 2 시작
2025-11-18 17:55:00,455 DDP_Script [Rank 0] [INFO] DataLoader created with batch_size=64, num_workers=4
2025-11-18 17:55:00,457 DDP_Script [Rank 0] [INFO] 모든 노드 중 max_steps = 527
2025-11-18 17:55:00,457 DDP_Script [Rank 0] [INFO] local_steps=527, global_steps=527
2025-11-18 17:57:37,825 DDP_Script [Rank 0] [INFO] epoch 2 train step time: 157.37 seconds
2025-11-18 17:57:37,828 DDP_Script [Rank 0] [INFO] epoch 2 끝 (local_steps=527, global_steps=527)
2025-11-18 17:57:38,640 DDP_Script [Rank 0] [INFO] val acc 89.79%
2025-11-18 17:57:38,704 DDP_Script [Rank 0] [INFO] Saving checkpoint to ./checkpoints/job-4257a1fef862/latest_checkpoint.pth ...
2025-11-18 17:58:02,562 DDP_Script [Rank 0] [INFO] Successfully reported epoch 2/20 (Acc: 89.79%) to global server.
2025-11-18 17:58:02,626 DDP_Script [Rank 0] [INFO] epoch 3 시작
2025-11-18 17:58:02,646 DDP_Script [Rank 0] [INFO] DataLoader created with batch_size=64, num_workers=4
2025-11-18 17:58:02,648 DDP_Script [Rank 0] [INFO] 모든 노드 중 max_steps = 527
2025-11-18 17:58:02,648 DDP_Script [Rank 0] [INFO] local_steps=527, global_steps=527
2025-11-18 18:00:39,017 DDP_Script [Rank 0] [INFO] epoch 3 train step time: 156.37 seconds
2025-11-18 18:00:39,020 DDP_Script [Rank 0] [INFO] epoch 3 끝 (local_steps=527, global_steps=527)
2025-11-18 18:00:39,702 DDP_Script [Rank 0] [INFO] val acc 90.25%
2025-11-18 18:00:39,801 DDP_Script [Rank 0] [INFO] Saving checkpoint to ./checkpoints/job-4257a1fef862/latest_checkpoint.pth ...
2025-11-18 18:00:58,334 DDP_Script [Rank 0] [INFO] Successfully reported epoch 3/20 (Acc: 90.25%) to global server.
2025-11-18 18:00:58,353 DDP_Script [Rank 0] [INFO] epoch 4 시작
2025-11-18 18:00:58,366 DDP_Script [Rank 0] [INFO] DataLoader created with batch_size=64, num_workers=4
2025-11-18 18:00:58,369 DDP_Script [Rank 0] [INFO] 모든 노드 중 max_steps = 527
2025-11-18 18:00:58,369 DDP_Script [Rank 0] [INFO] local_steps=527, global_steps=527
2025-11-18 18:03:35,748 DDP_Script [Rank 0] [INFO] epoch 4 train step time: 157.38 seconds
2025-11-18 18:03:35,750 DDP_Script [Rank 0] [INFO] epoch 4 끝 (local_steps=527, global_steps=527)
2025-11-18 18:03:36,318 DDP_Script [Rank 0] [INFO] val acc 89.91%
2025-11-18 18:03:36,352 DDP_Script [Rank 0] [INFO] Saving checkpoint to ./checkpoints/job-4257a1fef862/latest_checkpoint.pth ...
2025-11-18 18:03:55,096 DDP_Script [Rank 0] [INFO] Successfully reported epoch 4/20 (Acc: 89.91%) to global server.
2025-11-18 18:03:55,115 DDP_Script [Rank 0] [INFO] epoch 5 시작
2025-11-18 18:03:55,127 DDP_Script [Rank 0] [INFO] DataLoader created with batch_size=64, num_workers=4
2025-11-18 18:03:55,129 DDP_Script [Rank 0] [INFO] 모든 노드 중 max_steps = 527
2025-11-18 18:03:55,129 DDP_Script [Rank 0] [INFO] local_steps=527, global_steps=527
2025-11-18 18:06:32,477 DDP_Script [Rank 0] [INFO] epoch 5 train step time: 157.35 seconds
2025-11-18 18:06:32,479 DDP_Script [Rank 0] [INFO] epoch 5 끝 (local_steps=527, global_steps=527)
2025-11-18 18:06:32,869 DDP_Script [Rank 0] [INFO] val acc 91.28%
2025-11-18 18:06:32,901 DDP_Script [Rank 0] [INFO] Saving checkpoint to ./checkpoints/job-4257a1fef862/latest_checkpoint.pth ...
2025-11-18 18:06:46,617 DDP_Script [Rank 0] [INFO] Successfully reported epoch 5/20 (Acc: 91.28%) to global server.
2025-11-18 18:06:46,619 DDP_Script [Rank 0] [INFO] epoch 6 시작
2025-11-18 18:06:46,632 DDP_Script [Rank 0] [INFO] DataLoader created with batch_size=64, num_workers=4
2025-11-18 18:06:46,635 DDP_Script [Rank 0] [INFO] 모든 노드 중 max_steps = 527
2025-11-18 18:06:46,636 DDP_Script [Rank 0] [INFO] local_steps=527, global_steps=527
2025-11-18 18:09:26,209 DDP_Script [Rank 0] [INFO] epoch 6 train step time: 159.57 seconds
2025-11-18 18:09:26,210 DDP_Script [Rank 0] [INFO] epoch 6 끝 (local_steps=527, global_steps=527)
2025-11-18 18:09:26,573 DDP_Script [Rank 0] [INFO] val acc 90.37%
2025-11-18 18:09:26,606 DDP_Script [Rank 0] [INFO] Saving checkpoint to ./checkpoints/job-4257a1fef862/latest_checkpoint.pth ...
2025-11-18 18:09:42,358 DDP_Script [Rank 0] [INFO] Successfully reported epoch 6/20 (Acc: 90.37%) to global server.
2025-11-18 18:09:42,362 DDP_Script [Rank 0] [INFO] epoch 7 시작
2025-11-18 18:09:42,374 DDP_Script [Rank 0] [INFO] DataLoader created with batch_size=64, num_workers=4
2025-11-18 18:09:42,378 DDP_Script [Rank 0] [INFO] 모든 노드 중 max_steps = 527
2025-11-18 18:09:42,378 DDP_Script [Rank 0] [INFO] local_steps=527, global_steps=527
2025-11-18 18:12:21,391 DDP_Script [Rank 0] [INFO] epoch 7 train step time: 159.01 seconds
2025-11-18 18:12:21,393 DDP_Script [Rank 0] [INFO] epoch 7 끝 (local_steps=527, global_steps=527)
2025-11-18 18:12:21,873 DDP_Script [Rank 0] [INFO] val acc 91.28%
2025-11-18 18:12:21,995 DDP_Script [Rank 0] [INFO] Saving checkpoint to ./checkpoints/job-4257a1fef862/latest_checkpoint.pth ...
2025-11-18 18:12:37,411 DDP_Script [Rank 0] [INFO] Successfully reported epoch 7/20 (Acc: 91.28%) to global server.
2025-11-18 18:12:37,415 DDP_Script [Rank 0] [INFO] epoch 8 시작
2025-11-18 18:12:37,428 DDP_Script [Rank 0] [INFO] DataLoader created with batch_size=64, num_workers=4
2025-11-18 18:12:37,430 DDP_Script [Rank 0] [INFO] 모든 노드 중 max_steps = 527
2025-11-18 18:12:37,431 DDP_Script [Rank 0] [INFO] local_steps=527, global_steps=527
2025-11-18 18:15:16,327 DDP_Script [Rank 0] [INFO] epoch 8 train step time: 158.90 seconds
2025-11-18 18:15:16,330 DDP_Script [Rank 0] [INFO] epoch 8 끝 (local_steps=527, global_steps=527)
2025-11-18 18:15:16,776 DDP_Script [Rank 0] [INFO] val acc 89.56%
2025-11-18 18:15:16,795 DDP_Script [Rank 0] [INFO] Saving checkpoint to ./checkpoints/job-4257a1fef862/latest_checkpoint.pth ...
2025-11-18 18:15:32,079 DDP_Script [Rank 0] [INFO] Successfully reported epoch 8/20 (Acc: 89.56%) to global server.
2025-11-18 18:15:32,083 DDP_Script [Rank 0] [INFO] epoch 9 시작
2025-11-18 18:15:32,095 DDP_Script [Rank 0] [INFO] DataLoader created with batch_size=64, num_workers=4
2025-11-18 18:15:32,098 DDP_Script [Rank 0] [INFO] 모든 노드 중 max_steps = 527
2025-11-18 18:15:32,098 DDP_Script [Rank 0] [INFO] local_steps=527, global_steps=527
2025-11-18 18:18:11,954 DDP_Script [Rank 0] [INFO] epoch 9 train step time: 159.86 seconds
2025-11-18 18:18:11,958 DDP_Script [Rank 0] [INFO] epoch 9 끝 (local_steps=527, global_steps=527)
2025-11-18 18:18:12,562 DDP_Script [Rank 0] [INFO] val acc 89.56%
2025-11-18 18:18:12,583 DDP_Script [Rank 0] [INFO] Saving checkpoint to ./checkpoints/job-4257a1fef862/latest_checkpoint.pth ...
2025-11-18 18:18:19,537 DDP_Script [Rank 0] [INFO] Successfully reported epoch 9/20 (Acc: 89.56%) to global server.
2025-11-18 18:18:19,540 DDP_Script [Rank 0] [INFO] epoch 10 시작
2025-11-18 18:18:19,557 DDP_Script [Rank 0] [INFO] DataLoader created with batch_size=64, num_workers=4
2025-11-18 18:18:19,559 DDP_Script [Rank 0] [INFO] 모든 노드 중 max_steps = 527
2025-11-18 18:18:19,560 DDP_Script [Rank 0] [INFO] local_steps=527, global_steps=527
2025-11-18 18:20:59,881 DDP_Script [Rank 0] [INFO] epoch 10 train step time: 160.32 seconds
2025-11-18 18:20:59,883 DDP_Script [Rank 0] [INFO] epoch 10 끝 (local_steps=527, global_steps=527)
2025-11-18 18:21:00,614 DDP_Script [Rank 0] [INFO] val acc 90.02%
2025-11-18 18:21:00,646 DDP_Script [Rank 0] [INFO] Saving checkpoint to ./checkpoints/job-4257a1fef862/latest_checkpoint.pth ...
2025-11-18 18:21:20,521 DDP_Script [Rank 0] [INFO] Successfully reported epoch 10/20 (Acc: 90.02%) to global server.
2025-11-18 18:21:20,542 DDP_Script [Rank 0] [INFO] epoch 11 시작
2025-11-18 18:21:20,557 DDP_Script [Rank 0] [INFO] DataLoader created with batch_size=64, num_workers=4
2025-11-18 18:21:20,578 DDP_Script [Rank 0] [INFO] 모든 노드 중 max_steps = 527
2025-11-18 18:21:20,578 DDP_Script [Rank 0] [INFO] local_steps=527, global_steps=527
2025-11-18 18:24:00,365 DDP_Script [Rank 0] [INFO] epoch 11 train step time: 159.79 seconds
2025-11-18 18:24:00,367 DDP_Script [Rank 0] [INFO] epoch 11 끝 (local_steps=527, global_steps=527)
2025-11-18 18:24:00,903 DDP_Script [Rank 0] [INFO] val acc 91.17%
2025-11-18 18:24:00,934 DDP_Script [Rank 0] [INFO] Saving checkpoint to ./checkpoints/job-4257a1fef862/latest_checkpoint.pth ...
2025-11-18 18:24:18,463 DDP_Script [Rank 0] [INFO] Successfully reported epoch 11/20 (Acc: 91.17%) to global server.
2025-11-18 18:24:18,482 DDP_Script [Rank 0] [INFO] epoch 12 시작
2025-11-18 18:24:18,500 DDP_Script [Rank 0] [INFO] DataLoader created with batch_size=64, num_workers=4
2025-11-18 18:24:18,502 DDP_Script [Rank 0] [INFO] 모든 노드 중 max_steps = 527
2025-11-18 18:24:18,503 DDP_Script [Rank 0] [INFO] local_steps=527, global_steps=527
2025-11-18 18:26:58,825 DDP_Script [Rank 0] [INFO] epoch 12 train step time: 160.32 seconds
2025-11-18 18:26:58,827 DDP_Script [Rank 0] [INFO] epoch 12 끝 (local_steps=527, global_steps=527)
2025-11-18 18:26:59,297 DDP_Script [Rank 0] [INFO] val acc 89.68%
2025-11-18 18:26:59,317 DDP_Script [Rank 0] [INFO] Saving checkpoint to ./checkpoints/job-4257a1fef862/latest_checkpoint.pth ...
2025-11-18 18:27:20,871 DDP_Script [Rank 0] [INFO] Successfully reported epoch 12/20 (Acc: 89.68%) to global server.
2025-11-18 18:27:20,935 DDP_Script [Rank 0] [INFO] epoch 13 시작
2025-11-18 18:27:20,951 DDP_Script [Rank 0] [INFO] DataLoader created with batch_size=64, num_workers=4
2025-11-18 18:27:20,953 DDP_Script [Rank 0] [INFO] 모든 노드 중 max_steps = 527
2025-11-18 18:27:20,953 DDP_Script [Rank 0] [INFO] local_steps=527, global_steps=527
2025-11-18 18:30:00,945 DDP_Script [Rank 0] [INFO] epoch 13 train step time: 159.99 seconds
2025-11-18 18:30:00,949 DDP_Script [Rank 0] [INFO] epoch 13 끝 (local_steps=527, global_steps=527)
2025-11-18 18:30:01,784 DDP_Script [Rank 0] [INFO] val acc 89.91%
2025-11-18 18:30:01,829 DDP_Script [Rank 0] [INFO] Saving checkpoint to ./checkpoints/job-4257a1fef862/latest_checkpoint.pth ...
2025-11-18 18:30:16,326 DDP_Script [Rank 0] [INFO] Successfully reported epoch 13/20 (Acc: 89.91%) to global server.
2025-11-18 18:30:18,868 DDP_Script [Rank 0] [INFO] epoch 14 시작
2025-11-18 18:30:18,891 DDP_Script [Rank 0] [INFO] DataLoader created with batch_size=64, num_workers=4
2025-11-18 18:30:18,894 DDP_Script [Rank 0] [INFO] 모든 노드 중 max_steps = 527
2025-11-18 18:30:18,894 DDP_Script [Rank 0] [INFO] local_steps=527, global_steps=527
2025-11-18 18:32:59,169 DDP_Script [Rank 0] [INFO] epoch 14 train step time: 160.27 seconds
2025-11-18 18:32:59,171 DDP_Script [Rank 0] [INFO] epoch 14 끝 (local_steps=527, global_steps=527)
2025-11-18 18:32:59,668 DDP_Script [Rank 0] [INFO] val acc 90.02%
2025-11-18 18:32:59,690 DDP_Script [Rank 0] [INFO] Saving checkpoint to ./checkpoints/job-4257a1fef862/latest_checkpoint.pth ...
2025-11-18 18:33:17,183 DDP_Script [Rank 0] [INFO] Successfully reported epoch 14/20 (Acc: 90.02%) to global server.
2025-11-18 18:33:17,201 DDP_Script [Rank 0] [INFO] epoch 15 시작
2025-11-18 18:33:17,219 DDP_Script [Rank 0] [INFO] DataLoader created with batch_size=64, num_workers=4
2025-11-18 18:33:17,221 DDP_Script [Rank 0] [INFO] 모든 노드 중 max_steps = 527
2025-11-18 18:33:17,221 DDP_Script [Rank 0] [INFO] local_steps=527, global_steps=527
2025-11-18 18:35:57,502 DDP_Script [Rank 0] [INFO] epoch 15 train step time: 160.28 seconds
2025-11-18 18:35:57,504 DDP_Script [Rank 0] [INFO] epoch 15 끝 (local_steps=527, global_steps=527)
2025-11-18 18:35:58,148 DDP_Script [Rank 0] [INFO] val acc 89.22%
2025-11-18 18:35:58,168 DDP_Script [Rank 0] [INFO] Saving checkpoint to ./checkpoints/job-4257a1fef862/latest_checkpoint.pth ...
2025-11-18 18:36:12,915 DDP_Script [Rank 0] [INFO] Successfully reported epoch 15/20 (Acc: 89.22%) to global server.
2025-11-18 18:36:12,918 DDP_Script [Rank 0] [INFO] epoch 16 시작
2025-11-18 18:36:12,936 DDP_Script [Rank 0] [INFO] DataLoader created with batch_size=64, num_workers=4
2025-11-18 18:36:12,938 DDP_Script [Rank 0] [INFO] 모든 노드 중 max_steps = 527
2025-11-18 18:36:12,938 DDP_Script [Rank 0] [INFO] local_steps=527, global_steps=527
2025-11-18 18:38:52,820 DDP_Script [Rank 0] [INFO] epoch 16 train step time: 159.88 seconds
2025-11-18 18:38:52,822 DDP_Script [Rank 0] [INFO] epoch 16 끝 (local_steps=527, global_steps=527)
2025-11-18 18:38:53,241 DDP_Script [Rank 0] [INFO] val acc 90.71%
2025-11-18 18:38:53,379 DDP_Script [Rank 0] [INFO] Saving checkpoint to ./checkpoints/job-4257a1fef862/latest_checkpoint.pth ...
2025-11-18 18:39:08,647 DDP_Script [Rank 0] [INFO] Successfully reported epoch 16/20 (Acc: 90.71%) to global server.
2025-11-18 18:39:08,652 DDP_Script [Rank 0] [INFO] epoch 17 시작
2025-11-18 18:39:08,670 DDP_Script [Rank 0] [INFO] DataLoader created with batch_size=64, num_workers=4
2025-11-18 18:39:08,672 DDP_Script [Rank 0] [INFO] 모든 노드 중 max_steps = 527
2025-11-18 18:39:08,672 DDP_Script [Rank 0] [INFO] local_steps=527, global_steps=527
2025-11-18 18:41:48,559 DDP_Script [Rank 0] [INFO] epoch 17 train step time: 159.89 seconds
2025-11-18 18:41:48,561 DDP_Script [Rank 0] [INFO] epoch 17 끝 (local_steps=527, global_steps=527)
2025-11-18 18:41:48,938 DDP_Script [Rank 0] [INFO] val acc 90.14%
2025-11-18 18:41:49,082 DDP_Script [Rank 0] [INFO] Saving checkpoint to ./checkpoints/job-4257a1fef862/latest_checkpoint.pth ...
2025-11-18 18:42:06,538 DDP_Script [Rank 0] [INFO] Successfully reported epoch 17/20 (Acc: 90.14%) to global server.
2025-11-18 18:42:06,555 DDP_Script [Rank 0] [INFO] epoch 18 시작
2025-11-18 18:42:06,569 DDP_Script [Rank 0] [INFO] DataLoader created with batch_size=64, num_workers=4
2025-11-18 18:42:06,571 DDP_Script [Rank 0] [INFO] 모든 노드 중 max_steps = 527
2025-11-18 18:42:06,571 DDP_Script [Rank 0] [INFO] local_steps=527, global_steps=527
2025-11-18 18:44:45,655 DDP_Script [Rank 0] [INFO] epoch 18 train step time: 159.08 seconds
2025-11-18 18:44:45,665 DDP_Script [Rank 0] [INFO] epoch 18 끝 (local_steps=527, global_steps=527)
2025-11-18 18:44:46,011 DDP_Script [Rank 0] [INFO] val acc 90.83%
2025-11-18 18:44:46,023 DDP_Script [Rank 0] [INFO] Saving checkpoint to ./checkpoints/job-4257a1fef862/latest_checkpoint.pth ...
2025-11-18 18:45:06,768 DDP_Script [Rank 0] [INFO] Successfully reported epoch 18/20 (Acc: 90.83%) to global server.
2025-11-18 18:45:06,825 DDP_Script [Rank 0] [INFO] epoch 19 시작
2025-11-18 18:45:06,843 DDP_Script [Rank 0] [INFO] DataLoader created with batch_size=64, num_workers=4
2025-11-18 18:45:06,846 DDP_Script [Rank 0] [INFO] 모든 노드 중 max_steps = 527
2025-11-18 18:45:06,846 DDP_Script [Rank 0] [INFO] local_steps=527, global_steps=527
2025-11-18 18:47:46,085 DDP_Script [Rank 0] [INFO] epoch 19 train step time: 159.24 seconds
2025-11-18 18:47:46,087 DDP_Script [Rank 0] [INFO] epoch 19 끝 (local_steps=527, global_steps=527)
2025-11-18 18:47:46,651 DDP_Script [Rank 0] [INFO] val acc 90.48%
2025-11-18 18:47:46,681 DDP_Script [Rank 0] [INFO] Saving checkpoint to ./checkpoints/job-4257a1fef862/latest_checkpoint.pth ...
2025-11-18 18:48:01,594 DDP_Script [Rank 0] [INFO] Successfully reported epoch 19/20 (Acc: 90.48%) to global server.
2025-11-18 18:48:01,597 DDP_Script [Rank 0] [INFO] epoch 20 시작
2025-11-18 18:48:01,612 DDP_Script [Rank 0] [INFO] DataLoader created with batch_size=64, num_workers=4
2025-11-18 18:48:01,614 DDP_Script [Rank 0] [INFO] 모든 노드 중 max_steps = 527
2025-11-18 18:48:01,614 DDP_Script [Rank 0] [INFO] local_steps=527, global_steps=527
2025-11-18 18:50:40,896 DDP_Script [Rank 0] [INFO] epoch 20 train step time: 159.28 seconds
2025-11-18 18:50:40,898 DDP_Script [Rank 0] [INFO] epoch 20 끝 (local_steps=527, global_steps=527)
2025-11-18 18:50:41,589 DDP_Script [Rank 0] [INFO] val acc 89.79%
2025-11-18 18:50:41,698 DDP_Script [Rank 0] [INFO] Saving checkpoint to ./checkpoints/job-4257a1fef862/latest_checkpoint.pth ...
2025-11-18 18:51:04,246 DDP_Script [Rank 0] [INFO] Successfully reported epoch 20/20 (Acc: 89.79%) to global server.
2025-11-18 18:51:04,302 DDP_Script [Rank 0] [INFO] Training completed successfully.
2025-11-18 18:51:04,324 DDP_Script [Rank 0] [INFO] Reported job completion to global server.
2025-11-18 18:51:04,324 DDP_Script [Rank 0] [INFO] Training loop finished.
