/nas2/data/dlwmznzl1/anaconda3/envs/Dist1/lib/python3.9/site-packages/torch/cuda/__init__.py:63: FutureWarning: The pynvml package is deprecated. Please install nvidia-ml-py instead. If you did not install pynvml directly, please report this to the maintainers of the package that installed pynvml for you.
  import pynvml  # type: ignore[import]
Current CUDA device index: 0
Current CUDA device name: NVIDIA RTX A5000
Master address: 163.180.160.62, port: 29593
2025-11-20 01:51:59,516 DDP_Script [Rank 0] [INFO] Node rank: 0, world size: 4
[Gloo] Rank 0 is connected to 3 peer ranks. Expected number of connected peer ranks is : 3
2025-11-20 01:52:07,785 DDP_Script [Rank 0] [INFO] Process group initialized: 163.180.160.62:29593
2025-11-20 01:52:07,786 DDP_Script [Rank 0] [INFO] Rank 0/4 initialized
/nas2/data/dlwmznzl1/anaconda3/envs/Dist1/lib/python3.9/site-packages/torchvision/models/_utils.py:208: UserWarning: The parameter 'pretrained' is deprecated since 0.13 and may be removed in the future, please use 'weights' instead.
  warnings.warn(
/nas2/data/dlwmznzl1/anaconda3/envs/Dist1/lib/python3.9/site-packages/torchvision/models/_utils.py:223: UserWarning: Arguments other than a weight enum or `None` for 'weights' are deprecated since 0.13 and may be removed in the future. The current behavior is equivalent to passing `weights=None`.
  warnings.warn(msg)
2025-11-20 01:52:09,690 DDP_Script [Rank 0] [INFO] Model, DDP, criterion, optimizer initialized
2025-11-20 01:52:09,733 DDP_Script [Rank 0] [INFO] Modules initialized
2025-11-20 01:52:09,739 DDP_Script [Rank 0] [INFO] Checkpoint directory created: ./checkpoints/job-44aae1286451
2025-11-20 01:52:09,739 DDP_Script [Rank 0] [INFO] Starting training from scratch (epoch 1).
2025-11-20 01:52:09,740 DDP_Script [Rank 0] [INFO] epoch 1 시작
2025-11-20 01:52:09,770 DDP_Script [Rank 0] [INFO] DataLoader created with batch_size=32, num_workers=4
2025-11-20 01:52:09,778 DDP_Script [Rank 0] [INFO] 모든 노드 중 max_steps = 391
2025-11-20 01:52:09,778 DDP_Script [Rank 0] [INFO] local_steps=391, global_steps=391
2025-11-20 01:52:43,250 DDP_Script [Rank 0] [INFO] epoch 1 train step time: 33.47 seconds
2025-11-20 01:52:43,258 DDP_Script [Rank 0] [INFO] epoch 1 끝 (local_steps=391, global_steps=391)
2025-11-20 01:52:44,973 DDP_Script [Rank 0] [INFO] val acc 13.18%
2025-11-20 01:52:45,031 DDP_Script [Rank 0] [INFO] Saving checkpoint to ./checkpoints/job-44aae1286451/latest_checkpoint.pth ...
2025-11-20 01:52:46,848 DDP_Script [Rank 0] [INFO] Successfully reported epoch 1/20 (Acc: 13.18%) to global server.
2025-11-20 01:52:46,851 DDP_Script [Rank 0] [INFO] epoch 2 시작
2025-11-20 01:52:46,891 DDP_Script [Rank 0] [INFO] DataLoader created with batch_size=32, num_workers=4
2025-11-20 01:52:46,894 DDP_Script [Rank 0] [INFO] 모든 노드 중 max_steps = 391
2025-11-20 01:52:46,894 DDP_Script [Rank 0] [INFO] local_steps=391, global_steps=391
2025-11-20 01:53:19,663 DDP_Script [Rank 0] [INFO] epoch 2 train step time: 32.77 seconds
2025-11-20 01:53:19,665 DDP_Script [Rank 0] [INFO] epoch 2 끝 (local_steps=391, global_steps=391)
2025-11-20 01:53:21,248 DDP_Script [Rank 0] [INFO] val acc 18.07%
2025-11-20 01:53:21,297 DDP_Script [Rank 0] [INFO] Saving checkpoint to ./checkpoints/job-44aae1286451/latest_checkpoint.pth ...
2025-11-20 01:53:23,367 DDP_Script [Rank 0] [INFO] Successfully reported epoch 2/20 (Acc: 18.07%) to global server.
2025-11-20 01:53:23,370 DDP_Script [Rank 0] [INFO] epoch 3 시작
2025-11-20 01:53:23,393 DDP_Script [Rank 0] [INFO] DataLoader created with batch_size=32, num_workers=4
2025-11-20 01:53:23,394 DDP_Script [Rank 0] [INFO] 모든 노드 중 max_steps = 391
2025-11-20 01:53:23,394 DDP_Script [Rank 0] [INFO] local_steps=391, global_steps=391
2025-11-20 01:53:55,751 DDP_Script [Rank 0] [INFO] epoch 3 train step time: 32.36 seconds
2025-11-20 01:53:55,761 DDP_Script [Rank 0] [INFO] epoch 3 끝 (local_steps=391, global_steps=391)
2025-11-20 01:53:57,324 DDP_Script [Rank 0] [INFO] val acc 25.63%
2025-11-20 01:53:57,363 DDP_Script [Rank 0] [INFO] Saving checkpoint to ./checkpoints/job-44aae1286451/latest_checkpoint.pth ...
2025-11-20 01:53:59,338 DDP_Script [Rank 0] [INFO] Successfully reported epoch 3/20 (Acc: 25.63%) to global server.
2025-11-20 01:53:59,341 DDP_Script [Rank 0] [INFO] epoch 4 시작
2025-11-20 01:53:59,351 DDP_Script [Rank 0] [INFO] DataLoader created with batch_size=32, num_workers=4
2025-11-20 01:53:59,355 DDP_Script [Rank 0] [INFO] 모든 노드 중 max_steps = 391
2025-11-20 01:53:59,355 DDP_Script [Rank 0] [INFO] local_steps=391, global_steps=391
2025-11-20 01:54:32,111 DDP_Script [Rank 0] [INFO] epoch 4 train step time: 32.76 seconds
2025-11-20 01:54:32,116 DDP_Script [Rank 0] [INFO] epoch 4 끝 (local_steps=391, global_steps=391)
2025-11-20 01:54:33,741 DDP_Script [Rank 0] [INFO] val acc 29.41%
2025-11-20 01:54:33,777 DDP_Script [Rank 0] [INFO] Saving checkpoint to ./checkpoints/job-44aae1286451/latest_checkpoint.pth ...
2025-11-20 01:54:37,983 DDP_Script [Rank 0] [INFO] Successfully reported epoch 4/20 (Acc: 29.41%) to global server.
2025-11-20 01:54:37,986 DDP_Script [Rank 0] [INFO] epoch 5 시작
2025-11-20 01:54:37,997 DDP_Script [Rank 0] [INFO] DataLoader created with batch_size=32, num_workers=4
2025-11-20 01:54:38,000 DDP_Script [Rank 0] [INFO] 모든 노드 중 max_steps = 391
2025-11-20 01:54:38,000 DDP_Script [Rank 0] [INFO] local_steps=391, global_steps=391
2025-11-20 01:55:10,563 DDP_Script [Rank 0] [INFO] epoch 5 train step time: 32.56 seconds
2025-11-20 01:55:10,572 DDP_Script [Rank 0] [INFO] epoch 5 끝 (local_steps=391, global_steps=391)
2025-11-20 01:55:12,171 DDP_Script [Rank 0] [INFO] val acc 38.09%
2025-11-20 01:55:12,220 DDP_Script [Rank 0] [INFO] Saving checkpoint to ./checkpoints/job-44aae1286451/latest_checkpoint.pth ...
2025-11-20 01:55:14,503 DDP_Script [Rank 0] [INFO] Successfully reported epoch 5/20 (Acc: 38.09%) to global server.
2025-11-20 01:55:14,505 DDP_Script [Rank 0] [INFO] epoch 6 시작
2025-11-20 01:55:14,515 DDP_Script [Rank 0] [INFO] DataLoader created with batch_size=32, num_workers=4
2025-11-20 01:55:14,518 DDP_Script [Rank 0] [INFO] 모든 노드 중 max_steps = 391
2025-11-20 01:55:14,518 DDP_Script [Rank 0] [INFO] local_steps=391, global_steps=391
2025-11-20 01:55:47,295 DDP_Script [Rank 0] [INFO] epoch 6 train step time: 32.78 seconds
2025-11-20 01:55:47,306 DDP_Script [Rank 0] [INFO] epoch 6 끝 (local_steps=391, global_steps=391)
2025-11-20 01:55:48,916 DDP_Script [Rank 0] [INFO] val acc 41.28%
2025-11-20 01:55:48,958 DDP_Script [Rank 0] [INFO] Saving checkpoint to ./checkpoints/job-44aae1286451/latest_checkpoint.pth ...
2025-11-20 01:55:51,245 DDP_Script [Rank 0] [INFO] Successfully reported epoch 6/20 (Acc: 41.28%) to global server.
2025-11-20 01:55:51,247 DDP_Script [Rank 0] [INFO] epoch 7 시작
2025-11-20 01:55:51,265 DDP_Script [Rank 0] [INFO] DataLoader created with batch_size=32, num_workers=4
2025-11-20 01:55:51,267 DDP_Script [Rank 0] [INFO] 모든 노드 중 max_steps = 391
2025-11-20 01:55:51,267 DDP_Script [Rank 0] [INFO] local_steps=391, global_steps=391
2025-11-20 01:56:23,845 DDP_Script [Rank 0] [INFO] epoch 7 train step time: 32.58 seconds
2025-11-20 01:56:23,848 DDP_Script [Rank 0] [INFO] epoch 7 끝 (local_steps=391, global_steps=391)
2025-11-20 01:56:25,459 DDP_Script [Rank 0] [INFO] val acc 43.62%
2025-11-20 01:56:25,497 DDP_Script [Rank 0] [INFO] Saving checkpoint to ./checkpoints/job-44aae1286451/latest_checkpoint.pth ...
2025-11-20 01:56:27,181 DDP_Script [Rank 0] [INFO] Successfully reported epoch 7/20 (Acc: 43.62%) to global server.
2025-11-20 01:56:27,184 DDP_Script [Rank 0] [INFO] epoch 8 시작
2025-11-20 01:56:27,193 DDP_Script [Rank 0] [INFO] DataLoader created with batch_size=32, num_workers=4
2025-11-20 01:56:27,198 DDP_Script [Rank 0] [INFO] 모든 노드 중 max_steps = 391
2025-11-20 01:56:27,198 DDP_Script [Rank 0] [INFO] local_steps=391, global_steps=391
2025-11-20 01:56:59,985 DDP_Script [Rank 0] [INFO] epoch 8 train step time: 32.79 seconds
2025-11-20 01:56:59,990 DDP_Script [Rank 0] [INFO] epoch 8 끝 (local_steps=391, global_steps=391)
2025-11-20 01:57:01,623 DDP_Script [Rank 0] [INFO] val acc 48.31%
2025-11-20 01:57:01,694 DDP_Script [Rank 0] [INFO] Saving checkpoint to ./checkpoints/job-44aae1286451/latest_checkpoint.pth ...
2025-11-20 01:57:03,151 DDP_Script [Rank 0] [INFO] Successfully reported epoch 8/20 (Acc: 48.31%) to global server.
2025-11-20 01:57:03,159 DDP_Script [Rank 0] [INFO] epoch 9 시작
2025-11-20 01:57:03,168 DDP_Script [Rank 0] [INFO] DataLoader created with batch_size=32, num_workers=4
2025-11-20 01:57:03,182 DDP_Script [Rank 0] [INFO] 모든 노드 중 max_steps = 391
2025-11-20 01:57:03,182 DDP_Script [Rank 0] [INFO] local_steps=391, global_steps=391
2025-11-20 01:57:35,858 DDP_Script [Rank 0] [INFO] epoch 9 train step time: 32.68 seconds
2025-11-20 01:57:35,864 DDP_Script [Rank 0] [INFO] epoch 9 끝 (local_steps=391, global_steps=391)
2025-11-20 01:57:38,149 DDP_Script [Rank 0] [INFO] val acc 50.68%
2025-11-20 01:57:38,197 DDP_Script [Rank 0] [INFO] Saving checkpoint to ./checkpoints/job-44aae1286451/latest_checkpoint.pth ...
2025-11-20 01:57:40,691 DDP_Script [Rank 0] [INFO] Successfully reported epoch 9/20 (Acc: 50.68%) to global server.
2025-11-20 01:57:40,694 DDP_Script [Rank 0] [INFO] epoch 10 시작
2025-11-20 01:57:40,712 DDP_Script [Rank 0] [INFO] DataLoader created with batch_size=32, num_workers=4
2025-11-20 01:57:40,714 DDP_Script [Rank 0] [INFO] 모든 노드 중 max_steps = 391
2025-11-20 01:57:40,714 DDP_Script [Rank 0] [INFO] local_steps=391, global_steps=391
2025-11-20 01:58:13,463 DDP_Script [Rank 0] [INFO] epoch 10 train step time: 32.75 seconds
2025-11-20 01:58:13,478 DDP_Script [Rank 0] [INFO] epoch 10 끝 (local_steps=391, global_steps=391)
2025-11-20 01:58:15,068 DDP_Script [Rank 0] [INFO] val acc 52.83%
2025-11-20 01:58:15,120 DDP_Script [Rank 0] [INFO] Saving checkpoint to ./checkpoints/job-44aae1286451/latest_checkpoint.pth ...
2025-11-20 01:58:16,994 DDP_Script [Rank 0] [INFO] Successfully reported epoch 10/20 (Acc: 52.83%) to global server.
2025-11-20 01:58:16,998 DDP_Script [Rank 0] [INFO] epoch 11 시작
2025-11-20 01:58:17,010 DDP_Script [Rank 0] [INFO] DataLoader created with batch_size=32, num_workers=4
2025-11-20 01:58:17,012 DDP_Script [Rank 0] [INFO] 모든 노드 중 max_steps = 391
2025-11-20 01:58:17,012 DDP_Script [Rank 0] [INFO] local_steps=391, global_steps=391
2025-11-20 01:58:49,952 DDP_Script [Rank 0] [INFO] epoch 11 train step time: 32.94 seconds
2025-11-20 01:58:49,958 DDP_Script [Rank 0] [INFO] epoch 11 끝 (local_steps=391, global_steps=391)
2025-11-20 01:58:51,663 DDP_Script [Rank 0] [INFO] val acc 53.30%
2025-11-20 01:58:51,699 DDP_Script [Rank 0] [INFO] Saving checkpoint to ./checkpoints/job-44aae1286451/latest_checkpoint.pth ...
2025-11-20 01:58:53,457 DDP_Script [Rank 0] [INFO] Successfully reported epoch 11/20 (Acc: 53.30%) to global server.
2025-11-20 01:58:53,460 DDP_Script [Rank 0] [INFO] epoch 12 시작
2025-11-20 01:58:53,483 DDP_Script [Rank 0] [INFO] DataLoader created with batch_size=32, num_workers=4
2025-11-20 01:58:53,485 DDP_Script [Rank 0] [INFO] 모든 노드 중 max_steps = 391
2025-11-20 01:58:53,485 DDP_Script [Rank 0] [INFO] local_steps=391, global_steps=391
2025-11-20 01:59:26,040 DDP_Script [Rank 0] [INFO] epoch 12 train step time: 32.55 seconds
2025-11-20 01:59:26,062 DDP_Script [Rank 0] [INFO] epoch 12 끝 (local_steps=391, global_steps=391)
2025-11-20 01:59:27,688 DDP_Script [Rank 0] [INFO] val acc 57.00%
2025-11-20 01:59:27,744 DDP_Script [Rank 0] [INFO] Saving checkpoint to ./checkpoints/job-44aae1286451/latest_checkpoint.pth ...
2025-11-20 01:59:29,048 DDP_Script [Rank 0] [INFO] Successfully reported epoch 12/20 (Acc: 57.00%) to global server.
2025-11-20 01:59:29,050 DDP_Script [Rank 0] [INFO] epoch 13 시작
2025-11-20 01:59:29,070 DDP_Script [Rank 0] [INFO] DataLoader created with batch_size=32, num_workers=4
2025-11-20 01:59:29,071 DDP_Script [Rank 0] [INFO] 모든 노드 중 max_steps = 391
2025-11-20 01:59:29,071 DDP_Script [Rank 0] [INFO] local_steps=391, global_steps=391
2025-11-20 02:00:01,787 DDP_Script [Rank 0] [INFO] epoch 13 train step time: 32.72 seconds
2025-11-20 02:00:01,791 DDP_Script [Rank 0] [INFO] epoch 13 끝 (local_steps=391, global_steps=391)
2025-11-20 02:00:03,429 DDP_Script [Rank 0] [INFO] val acc 59.07%
2025-11-20 02:00:03,468 DDP_Script [Rank 0] [INFO] Saving checkpoint to ./checkpoints/job-44aae1286451/latest_checkpoint.pth ...
2025-11-20 02:00:04,004 DDP_Script [Rank 0] [INFO] Successfully reported epoch 13/20 (Acc: 59.07%) to global server.
2025-11-20 02:00:04,006 DDP_Script [Rank 0] [INFO] epoch 14 시작
2025-11-20 02:00:04,015 DDP_Script [Rank 0] [INFO] DataLoader created with batch_size=32, num_workers=4
2025-11-20 02:00:04,021 DDP_Script [Rank 0] [INFO] 모든 노드 중 max_steps = 391
2025-11-20 02:00:04,021 DDP_Script [Rank 0] [INFO] local_steps=391, global_steps=391
2025-11-20 02:00:36,781 DDP_Script [Rank 0] [INFO] epoch 14 train step time: 32.76 seconds
2025-11-20 02:00:36,784 DDP_Script [Rank 0] [INFO] epoch 14 끝 (local_steps=391, global_steps=391)
2025-11-20 02:00:38,406 DDP_Script [Rank 0] [INFO] val acc 59.91%
2025-11-20 02:00:38,479 DDP_Script [Rank 0] [INFO] Saving checkpoint to ./checkpoints/job-44aae1286451/latest_checkpoint.pth ...
2025-11-20 02:00:39,478 DDP_Script [Rank 0] [INFO] Successfully reported epoch 14/20 (Acc: 59.91%) to global server.
2025-11-20 02:00:39,480 DDP_Script [Rank 0] [INFO] epoch 15 시작
2025-11-20 02:00:39,489 DDP_Script [Rank 0] [INFO] DataLoader created with batch_size=32, num_workers=4
2025-11-20 02:00:39,495 DDP_Script [Rank 0] [INFO] 모든 노드 중 max_steps = 391
2025-11-20 02:00:39,495 DDP_Script [Rank 0] [INFO] local_steps=391, global_steps=391
2025-11-20 02:01:12,330 DDP_Script [Rank 0] [INFO] epoch 15 train step time: 32.84 seconds
2025-11-20 02:01:12,337 DDP_Script [Rank 0] [INFO] epoch 15 끝 (local_steps=391, global_steps=391)
2025-11-20 02:01:13,930 DDP_Script [Rank 0] [INFO] val acc 62.18%
2025-11-20 02:01:13,967 DDP_Script [Rank 0] [INFO] Saving checkpoint to ./checkpoints/job-44aae1286451/latest_checkpoint.pth ...
2025-11-20 02:01:14,355 DDP_Script [Rank 0] [INFO] Successfully reported epoch 15/20 (Acc: 62.18%) to global server.
2025-11-20 02:01:14,358 DDP_Script [Rank 0] [INFO] epoch 16 시작
2025-11-20 02:01:14,366 DDP_Script [Rank 0] [INFO] DataLoader created with batch_size=32, num_workers=4
2025-11-20 02:01:14,371 DDP_Script [Rank 0] [INFO] 모든 노드 중 max_steps = 391
2025-11-20 02:01:14,371 DDP_Script [Rank 0] [INFO] local_steps=391, global_steps=391
2025-11-20 02:01:46,906 DDP_Script [Rank 0] [INFO] epoch 16 train step time: 32.53 seconds
2025-11-20 02:01:46,919 DDP_Script [Rank 0] [INFO] epoch 16 끝 (local_steps=391, global_steps=391)
2025-11-20 02:01:48,502 DDP_Script [Rank 0] [INFO] val acc 62.07%
2025-11-20 02:01:48,593 DDP_Script [Rank 0] [INFO] Saving checkpoint to ./checkpoints/job-44aae1286451/latest_checkpoint.pth ...
2025-11-20 02:01:51,028 DDP_Script [Rank 0] [INFO] Successfully reported epoch 16/20 (Acc: 62.07%) to global server.
2025-11-20 02:01:51,031 DDP_Script [Rank 0] [INFO] epoch 17 시작
2025-11-20 02:01:51,050 DDP_Script [Rank 0] [INFO] DataLoader created with batch_size=32, num_workers=4
2025-11-20 02:01:51,052 DDP_Script [Rank 0] [INFO] 모든 노드 중 max_steps = 391
2025-11-20 02:01:51,052 DDP_Script [Rank 0] [INFO] local_steps=391, global_steps=391
2025-11-20 02:02:23,775 DDP_Script [Rank 0] [INFO] epoch 17 train step time: 32.72 seconds
2025-11-20 02:02:23,784 DDP_Script [Rank 0] [INFO] epoch 17 끝 (local_steps=391, global_steps=391)
2025-11-20 02:02:25,406 DDP_Script [Rank 0] [INFO] val acc 62.36%
2025-11-20 02:02:25,555 DDP_Script [Rank 0] [INFO] Saving checkpoint to ./checkpoints/job-44aae1286451/latest_checkpoint.pth ...
2025-11-20 02:02:27,873 DDP_Script [Rank 0] [INFO] Successfully reported epoch 17/20 (Acc: 62.36%) to global server.
2025-11-20 02:02:27,877 DDP_Script [Rank 0] [INFO] epoch 18 시작
2025-11-20 02:02:27,892 DDP_Script [Rank 0] [INFO] DataLoader created with batch_size=32, num_workers=4
2025-11-20 02:02:27,893 DDP_Script [Rank 0] [INFO] 모든 노드 중 max_steps = 391
2025-11-20 02:02:27,894 DDP_Script [Rank 0] [INFO] local_steps=391, global_steps=391
2025-11-20 02:03:00,400 DDP_Script [Rank 0] [INFO] epoch 18 train step time: 32.51 seconds
2025-11-20 02:03:00,402 DDP_Script [Rank 0] [INFO] epoch 18 끝 (local_steps=391, global_steps=391)
2025-11-20 02:03:02,154 DDP_Script [Rank 0] [INFO] val acc 64.11%
2025-11-20 02:03:02,286 DDP_Script [Rank 0] [INFO] Saving checkpoint to ./checkpoints/job-44aae1286451/latest_checkpoint.pth ...
2025-11-20 02:03:04,689 DDP_Script [Rank 0] [INFO] Successfully reported epoch 18/20 (Acc: 64.11%) to global server.
2025-11-20 02:03:04,692 DDP_Script [Rank 0] [INFO] epoch 19 시작
2025-11-20 02:03:04,701 DDP_Script [Rank 0] [INFO] DataLoader created with batch_size=32, num_workers=4
2025-11-20 02:03:04,705 DDP_Script [Rank 0] [INFO] 모든 노드 중 max_steps = 391
2025-11-20 02:03:04,705 DDP_Script [Rank 0] [INFO] local_steps=391, global_steps=391
2025-11-20 02:03:37,767 DDP_Script [Rank 0] [INFO] epoch 19 train step time: 33.06 seconds
2025-11-20 02:03:37,782 DDP_Script [Rank 0] [INFO] epoch 19 끝 (local_steps=391, global_steps=391)
2025-11-20 02:03:39,405 DDP_Script [Rank 0] [INFO] val acc 63.94%
2025-11-20 02:03:42,049 DDP_Script [Rank 0] [INFO] Saving checkpoint to ./checkpoints/job-44aae1286451/latest_checkpoint.pth ...
2025-11-20 02:03:47,861 DDP_Script [Rank 0] [INFO] Successfully reported epoch 19/20 (Acc: 63.94%) to global server.
2025-11-20 02:03:47,865 DDP_Script [Rank 0] [INFO] epoch 20 시작
2025-11-20 02:03:47,874 DDP_Script [Rank 0] [INFO] DataLoader created with batch_size=32, num_workers=4
2025-11-20 02:03:47,879 DDP_Script [Rank 0] [INFO] 모든 노드 중 max_steps = 391
2025-11-20 02:03:47,880 DDP_Script [Rank 0] [INFO] local_steps=391, global_steps=391
2025-11-20 02:04:20,855 DDP_Script [Rank 0] [INFO] epoch 20 train step time: 32.97 seconds
2025-11-20 02:04:20,857 DDP_Script [Rank 0] [INFO] epoch 20 끝 (local_steps=391, global_steps=391)
2025-11-20 02:04:23,506 DDP_Script [Rank 0] [INFO] val acc 66.03%
2025-11-20 02:04:23,542 DDP_Script [Rank 0] [INFO] Saving checkpoint to ./checkpoints/job-44aae1286451/latest_checkpoint.pth ...
2025-11-20 02:04:25,720 DDP_Script [Rank 0] [INFO] Successfully reported epoch 20/20 (Acc: 66.03%) to global server.
2025-11-20 02:04:25,723 DDP_Script [Rank 0] [INFO] Training completed successfully.
2025-11-20 02:04:25,723 DDP_Script [Rank 0] [INFO] Training loop finished.
